2026-05-18 22:06:37  ---------------------------
2026-05-18 22:38:50  Prog : URUS_PA2_BC0_HGL Skid: 60 Calcul Vol : 223 Color: 5.
2026-05-18 22:38:50  ---------------------------
2026-05-18 22:42:22  TEMERARIO_BC_INT " Skid: 203 Paint : 288.
2026-05-18 22:48:55  TEMERARIO_BC_INT " Skid: 81 Paint : 249.
2026-05-18 22:49:38  Prog : URUS_PA2_PR0_INT_2025 Skid: 24 Calcul Vol : 513 Color: 1.
2026-05-18 22:49:38  ---------------------------
2026-05-18 22:52:31  TEMERARIO_PR_INT " Skid: 230 Paint : 265.
2026-05-18 22:53:56  Prog : URUS_PA2_BC0_R12_INT_2026 Skid: 48 Calcul Vol : 537 Color: 6.
2026-05-18 22:53:56  ---------------------------
2026-05-18 22:57:28  URUS_BC_INT " Skid: 60 Paint : 461.
2026-05-18 23:00:12  Prog : URUS_PA2_BC0_R12_INT_2026 Skid: 29 Calcul Vol : 485 Color: 35.
2026-05-18 23:00:12  ---------------------------
2026-05-18 23:11:56  URUS_PR_INT " Skid: 48 Paint : 460.
2026-05-18 23:15:09  Prog : URUS_PA2_PR0_INT_2025 Skid: 168 Calcul Vol : 513 Color: 1.
2026-05-18 23:15:09  ---------------------------
2026-05-18 23:16:50  URUS_BC_INT " Skid: 48 Paint : 485.
2026-05-18 23:22:54  Prog : TEM_BC0_R12_INT Skid: 152 Calcul Vol : 311 Color: 20.
2026-05-18 23:22:54  ---------------------------
2026-05-18 23:24:00  URUS_BC_INT " Skid: 29 Paint : 431.
2026-05-18 23:27:06  Prog : URUS_PA2_PR0_INT_2025 Skid: 167 Calcul Vol : 513 Color: 1.
2026-05-18 23:27:06  ---------------------------
2026-05-18 23:31:33  Prog : TEM_BC0_R12_INT Skid: 4 Calcul Vol : 325 Color: 65.
2026-05-18 23:31:33  ---------------------------
2026-05-18 23:32:53  URUS_PR_INT " Skid: 168 Paint : 460.
2026-05-18 23:41:46  Prog : TEM_BC0_R12_INT Skid: 148 Calcul Vol : 323 Color: 34.
2026-05-18 23:41:46  ---------------------------
2026-05-18 23:42:43  TEMERARIO_BC_INT " Skid: 167 Paint : 261.
2026-05-18 23:45:34  Prog : TEM_BC0_R12_INT Skid: 207 Calcul Vol : 299 Color: 8.
2026-05-18 23:45:34  ---------------------------
2026-05-18 23:47:37  URUS_PR_INT " Skid: 4 Paint : 460.
2026-05-18 23:50:22  Prog : URUS_PA2_BC0_R12_INT_2026 Skid: 66 Calcul Vol : 504 Color: 5.
2026-05-18 23:50:22  ---------------------------
2026-05-18 23:53:16  TEMERARIO_BC_INT " Skid: 4 Paint : 275.
2026-05-18 23:56:04  Prog : TEM_PRIM_R12_INT Skid: 56 Calcul Vol : 317 Color: 3.
2026-05-18 23:56:04  ---------------------------
