2026-05-14 19:48:48 Sequence: FillCart , Time: 22.119s
2026-05-14 19:49:00 StartA1Fluid: Start
2026-05-14 19:49:00 StartA1Fluid: End
2026-05-14 19:49:00 StartH1Fluid: Start
2026-05-14 19:49:00 StartH1Fluid: End
2026-05-14 19:49:08 POS DCU1 : 238.8, Target : 250.0.
2026-05-14 19:49:09 CloseA1Fluid: Start
2026-05-14 19:49:09 CloseA1Fluid: End
2026-05-14 19:49:10 FillDCU (Cycle) time: 10.984s
2026-05-14 19:49:10  mainFillDCU END
2026-05-14 20:00:42 Sequence: FillCart , Time: 23.214s
2026-05-14 20:00:53 StartA1Fluid: Start
2026-05-14 20:00:53 StartA1Fluid: End
2026-05-14 20:00:53 StartH1Fluid: Start
2026-05-14 20:00:53 StartH1Fluid: End
2026-05-14 20:01:01 POS DCU1 : 238.6, Target : 250.0.
2026-05-14 20:01:04 CloseA1Fluid: Start
2026-05-14 20:01:05 CloseA1Fluid: End
2026-05-14 20:01:05 FillDCU (Cycle) time: 13.294s
2026-05-14 20:01:05  mainFillDCU END
2026-05-14 20:04:59 --
2026-05-14 20:05:19 Sequence: FillCart , Time: 19.411s
2026-05-14 20:05:30 StartA1Fluid: Start
2026-05-14 20:05:31 StartA1Fluid: End
2026-05-14 20:05:31 StartH1Fluid: Start
2026-05-14 20:05:31 StartH1Fluid: End
2026-05-14 20:05:35 POS DCU1 : 240.2, Target : 250.0.
2026-05-14 20:05:36 CloseA1Fluid: Start
2026-05-14 20:05:37 CloseA1Fluid: End
2026-05-14 20:05:37 FillDCU (Cycle) time: 7.749s
2026-05-14 20:05:37  mainFillDCU END
2026-05-14 20:15:02 Sequence: FillCart , Time: 23.011s
2026-05-14 20:15:14 StartA1Fluid: Start
2026-05-14 20:15:14 StartA1Fluid: End
2026-05-14 20:15:14 StartH1Fluid: Start
2026-05-14 20:15:15 StartH1Fluid: End
2026-05-14 20:15:19 POS DCU1 : 240.0, Target : 250.0.
2026-05-14 20:15:26 CloseA1Fluid: Start
2026-05-14 20:15:26 CloseA1Fluid: End
2026-05-14 20:15:26 FillDCU (Cycle) time: 13.304s
2026-05-14 20:15:26  mainFillDCU END
2026-05-14 20:19:29 --
2026-05-14 20:19:54 Sequence: FillCart , Time: 23.845s
2026-05-14 20:20:17 StartA1Fluid: Start
2026-05-14 20:20:18 StartA1Fluid: End
2026-05-14 20:20:18 StartH1Fluid: Start
2026-05-14 20:20:18 StartH1Fluid: End
2026-05-14 20:20:23 POS DCU1 : 240.4, Target : 250.0.
2026-05-14 20:20:27 CloseA1Fluid: Start
2026-05-14 20:20:27 CloseA1Fluid: End
2026-05-14 20:20:27 FillDCU (Cycle) time: 11.167s
2026-05-14 20:20:27  mainFillDCU END
2026-05-14 20:33:29 Sequence: FillCart , Time: 21.311s
2026-05-14 20:33:40 StartA1Fluid: Start
2026-05-14 20:33:41 StartA1Fluid: End
2026-05-14 20:33:41 StartH1Fluid: Start
2026-05-14 20:33:41 StartH1Fluid: End
2026-05-14 20:33:49 POS DCU1 : 243.6, Target : 250.0.
2026-05-14 20:33:50 CloseA1Fluid: Start
2026-05-14 20:33:51 CloseA1Fluid: End
2026-05-14 20:33:51 FillDCU (Cycle) time: 11.494s
2026-05-14 20:33:51  mainFillDCU END
2026-05-14 20:41:45 Sequence: FillCart , Time: 25.01s
2026-05-14 20:41:55 StartA1Fluid: Start
2026-05-14 20:41:56 StartA1Fluid: End
2026-05-14 20:41:56 StartH1Fluid: Start
2026-05-14 20:41:56 StartH1Fluid: End
2026-05-14 20:42:05 POS DCU1 : 239.4, Target : 250.0.
2026-05-14 20:42:05 CloseA1Fluid: Start
2026-05-14 20:42:05 CloseA1Fluid: End
2026-05-14 20:42:05 FillDCU (Cycle) time: 11.139s
2026-05-14 20:42:05  mainFillDCU END
2026-05-14 20:47:11 Sequence: FillCart , Time: 21.817s
2026-05-14 20:47:23 StartA1Fluid: Start
2026-05-14 20:47:23 StartA1Fluid: End
2026-05-14 20:47:23 StartH1Fluid: Start
2026-05-14 20:47:23 StartH1Fluid: End
2026-05-14 20:47:31 POS DCU1 : 243.3, Target : 250.0.
2026-05-14 20:47:32 CloseA1Fluid: Start
2026-05-14 20:47:32 CloseA1Fluid: End
2026-05-14 20:47:32 FillDCU (Cycle) time: 10.508s
2026-05-14 20:47:32  mainFillDCU END
2026-05-14 20:55:41 Sequence: FillCart , Time: 23.015s
2026-05-14 20:55:52 StartA1Fluid: Start
2026-05-14 20:55:52 StartA1Fluid: End
2026-05-14 20:55:52 StartH1Fluid: Start
2026-05-14 20:55:52 StartH1Fluid: End
2026-05-14 20:56:00 POS DCU1 : 239.8, Target : 250.0.
2026-05-14 20:56:03 CloseA1Fluid: Start
2026-05-14 20:56:04 CloseA1Fluid: End
2026-05-14 20:56:04 FillDCU (Cycle) time: 13.31s
2026-05-14 20:56:04  mainFillDCU END
2026-05-14 21:07:45 Sequence: FillCart , Time: 18.615s
2026-05-14 21:07:56 StartA1Fluid: Start
2026-05-14 21:07:56 StartA1Fluid: End
2026-05-14 21:07:56 StartH1Fluid: Start
2026-05-14 21:07:57 StartH1Fluid: End
2026-05-14 21:08:01 POS DCU1 : 238.0, Target : 250.0.
2026-05-14 21:08:02 CloseA1Fluid: Start
2026-05-14 21:08:02 CloseA1Fluid: End
2026-05-14 21:08:02 FillDCU (Cycle) time: 7.753s
2026-05-14 21:08:02  mainFillDCU END
2026-05-14 21:16:00 Sequence: FillCart , Time: 20.311s
2026-05-14 21:16:10 StartA1Fluid: Start
2026-05-14 21:16:11 StartA1Fluid: End
2026-05-14 21:16:11 StartH1Fluid: Start
2026-05-14 21:16:11 StartH1Fluid: End
2026-05-14 21:16:15 POS DCU1 : 243.4, Target : 250.0.
2026-05-14 21:16:18 CloseA1Fluid: Start
2026-05-14 21:16:19 CloseA1Fluid: End
2026-05-14 21:16:19 FillDCU (Cycle) time: 9.461s
2026-05-14 21:16:19  mainFillDCU END
2026-05-14 21:23:59 Sequence: FillCart , Time: 28.815s
2026-05-14 21:24:09 StartA1Fluid: Start
2026-05-14 21:24:10 StartA1Fluid: End
2026-05-14 21:24:10 StartH1Fluid: Start
2026-05-14 21:24:10 StartH1Fluid: End
2026-05-14 21:24:16 POS DCU1 : 240.8, Target : 250.0.
2026-05-14 21:24:21 CloseA1Fluid: Start
2026-05-14 21:24:21 CloseA1Fluid: End
2026-05-14 21:24:21 FillDCU (Cycle) time: 13.189s
2026-05-14 21:24:21  mainFillDCU END
2026-05-14 21:33:52 Sequence: FillCart , Time: 23.01s
2026-05-14 21:34:03 StartA1Fluid: Start
2026-05-14 21:34:03 StartA1Fluid: End
2026-05-14 21:34:03 StartH1Fluid: Start
2026-05-14 21:34:03 StartH1Fluid: End
2026-05-14 21:34:11 POS DCU1 : 240.9, Target : 250.0.
2026-05-14 21:34:14 CloseA1Fluid: Start
2026-05-14 21:34:15 CloseA1Fluid: End
2026-05-14 21:34:15 FillDCU (Cycle) time: 13.192s
2026-05-14 21:34:15  mainFillDCU END
2026-05-14 21:38:47 Sequence: FillCart , Time: 23.514s
2026-05-14 21:38:57 StartA1Fluid: Start
2026-05-14 21:38:58 StartA1Fluid: End
2026-05-14 21:38:58 StartH1Fluid: Start
2026-05-14 21:38:58 StartH1Fluid: End
2026-05-14 21:39:03 POS DCU1 : 240.6, Target : 250.0.
2026-05-14 21:39:07 CloseA1Fluid: Start
2026-05-14 21:39:07 CloseA1Fluid: End
2026-05-14 21:39:07 FillDCU (Cycle) time: 11.103s
2026-05-14 21:39:07  mainFillDCU END
2026-05-14 22:00:25 Sequence: FillCart , Time: 22.311s
2026-05-14 22:00:35 StartA1Fluid: Start
2026-05-14 22:00:36 StartA1Fluid: End
2026-05-14 22:00:36 StartH1Fluid: Start
2026-05-14 22:00:36 StartH1Fluid: End
2026-05-14 22:00:44 POS DCU1 : 242.8, Target : 250.0.
2026-05-14 22:00:45 CloseA1Fluid: Start
2026-05-14 22:00:45 CloseA1Fluid: End
2026-05-14 22:00:45 FillDCU (Cycle) time: 10.89s
2026-05-14 22:00:45  mainFillDCU END
2026-05-14 22:08:19 Sequence: FillCart , Time: 19.015s
2026-05-14 22:08:29 StartA1Fluid: Start
2026-05-14 22:08:29 StartA1Fluid: End
2026-05-14 22:08:29 StartH1Fluid: Start
2026-05-14 22:08:30 StartH1Fluid: End
2026-05-14 22:08:38 POS DCU1 : 234.0, Target : 250.0.
2026-05-14 22:08:38 CloseA1Fluid: Start
2026-05-14 22:08:38 CloseA1Fluid: End
2026-05-14 22:08:38 FillDCU (Cycle) time: 10.491s
2026-05-14 22:08:38  mainFillDCU END
2026-05-14 22:14:59 StartA1Fluid: Start
2026-05-14 22:15:00 StartA1Fluid: End
2026-05-14 22:15:00 StartH1Fluid: Start
2026-05-14 22:15:04 POS DCU1 : 240.2, Target : 250.0.
2026-05-14 22:15:04 CloseA1Fluid: Start
2026-05-14 22:15:05 CloseA1Fluid: End
2026-05-14 22:15:05 FillDCU (Cycle) time: 7.004s
2026-05-14 22:15:05  mainFillDCU END
2026-05-14 22:42:49 Sequence: FillCart , Time: 19.716s
2026-05-14 22:43:00 StartA1Fluid: Start
2026-05-14 22:43:00 StartH1Fluid: Start
2026-05-14 22:43:00 StartH1Fluid: End
2026-05-14 22:43:05 CloseA1Fluid: Start
2026-05-14 22:43:06 CloseA1Fluid: End
2026-05-14 22:43:06 FillDCU (Cycle) time: 7.122s
2026-05-14 22:43:06  mainFillDCU END
2026-05-14 22:44:58 Sequence: FillCart , Time: 21.851s
2026-05-14 22:46:25 StartA1Fluid: Start
2026-05-14 22:46:26 StartA1Fluid: End
2026-05-14 22:46:26 StartH1Fluid: Start
2026-05-14 22:46:26 StartH1Fluid: End
2026-05-14 22:46:30 POS DCU1 : 241.1, Target : 250.0.
2026-05-14 22:46:35 CloseA1Fluid: Start
2026-05-14 22:46:35 CloseA1Fluid: End
2026-05-14 22:46:35 FillDCU (Cycle) time: 11.489s
2026-05-14 22:46:35  mainFillDCU END
2026-05-14 22:52:54 Sequence: FillCart , Time: 21.312s
2026-05-14 22:53:05 StartA1Fluid: Start
2026-05-14 22:53:05 StartA1Fluid: End
2026-05-14 22:53:05 StartH1Fluid: Start
2026-05-14 22:53:05 StartH1Fluid: End
2026-05-14 22:53:14 POS DCU1 : 238.6, Target : 250.0.
2026-05-14 22:53:14 CloseA1Fluid: Start
2026-05-14 22:53:15 CloseA1Fluid: End
2026-05-14 22:53:15 FillDCU (Cycle) time: 11.375s
2026-05-14 22:53:15  mainFillDCU END
2026-05-14 22:54:26 Sequence: FillCart , Time: 24.187s
2026-05-14 22:57:37 StartA1Fluid: Start
2026-05-14 22:57:37 StartA1Fluid: End
2026-05-14 22:57:37 StartH1Fluid: Start
2026-05-14 22:57:37 StartH1Fluid: End
2026-05-14 22:57:46 POS DCU1 : 241.6, Target : 250.0.
2026-05-14 22:57:46 CloseA1Fluid: Start
2026-05-14 22:57:47 CloseA1Fluid: End
2026-05-14 22:57:47 FillDCU (Cycle) time: 11.189s
2026-05-14 22:57:47  mainFillDCU END
2026-05-14 23:02:51 Sequence: FillCart , Time: 20.911s
2026-05-14 23:03:01 StartA1Fluid: Start
2026-05-14 23:03:02 StartA1Fluid: End
2026-05-14 23:03:02 StartH1Fluid: Start
2026-05-14 23:03:02 StartH1Fluid: End
2026-05-14 23:03:10 POS DCU1 : 238.9, Target : 250.0.
2026-05-14 23:03:11 CloseA1Fluid: Start
2026-05-14 23:03:12 CloseA1Fluid: End
2026-05-14 23:03:12 FillDCU (Cycle) time: 11.608s
2026-05-14 23:03:12  mainFillDCU END
2026-05-14 23:14:58 Sequence: FillCart , Time: 24.316s
2026-05-14 23:15:08 StartA1Fluid: Start
2026-05-14 23:15:09 StartA1Fluid: End
2026-05-14 23:15:09 StartH1Fluid: Start
2026-05-14 23:15:09 StartH1Fluid: End
2026-05-14 23:15:17 POS DCU1 : 238.2, Target : 250.0.
2026-05-14 23:15:20 CloseA1Fluid: Start
2026-05-14 23:15:20 CloseA1Fluid: End
2026-05-14 23:15:21 FillDCU (Cycle) time: 13.205s
2026-05-14 23:15:21  mainFillDCU END
2026-05-14 23:20:10 Sequence: FillCart , Time: 26.446s
2026-05-14 23:21:48 StartA1Fluid: Start
2026-05-14 23:21:49 StartA1Fluid: End
2026-05-14 23:21:49 StartH1Fluid: Start
2026-05-14 23:21:49 StartH1Fluid: End
2026-05-14 23:21:53 POS DCU1 : 243.6, Target : 250.0.
2026-05-14 23:21:57 CloseA1Fluid: Start
2026-05-14 23:21:58 CloseA1Fluid: End
2026-05-14 23:21:58 FillDCU (Cycle) time: 10.851s
2026-05-14 23:21:58  mainFillDCU END
2026-05-14 23:23:53 Sequence: FillCart , Time: 25.067s
2026-05-14 23:27:05 StartA1Fluid: Start
2026-05-14 23:27:05 StartA1Fluid: End
2026-05-14 23:27:05 StartH1Fluid: Start
2026-05-14 23:27:06 StartH1Fluid: End
2026-05-14 23:27:14 POS DCU1 : 226.8, Target : 250.0.
2026-05-14 23:27:14 CloseA1Fluid: Start
2026-05-14 23:27:14 CloseA1Fluid: End
2026-05-14 23:27:14 FillDCU (Cycle) time: 10.615s
2026-05-14 23:27:14  mainFillDCU END
2026-05-14 23:38:25 Sequence: FillCart , Time: 21.163s
2026-05-14 23:38:50 StartA1Fluid: Start
2026-05-14 23:38:50 StartA1Fluid: End
2026-05-14 23:38:50 StartH1Fluid: Start
2026-05-14 23:38:50 StartH1Fluid: End
2026-05-14 23:38:57 POS DCU1 : 241.4, Target : 250.0.
2026-05-14 23:38:59 CloseA1Fluid: Start
2026-05-14 23:38:59 CloseA1Fluid: End
2026-05-14 23:38:59 FillDCU (Cycle) time: 10.589s
2026-05-14 23:38:59  mainFillDCU END
2026-05-14 23:40:47 Sequence: FillCart , Time: 17.452s
2026-05-14 23:43:44 StartA1Fluid: Start
2026-05-14 23:43:44 StartA1Fluid: End
2026-05-14 23:43:44 StartH1Fluid: Start
2026-05-14 23:43:45 StartH1Fluid: End
2026-05-14 23:43:52 POS DCU1 : 239.7, Target : 250.0.
2026-05-14 23:43:52 CloseA1Fluid: Start
2026-05-14 23:43:52 CloseA1Fluid: End
2026-05-14 23:43:53 FillDCU (Cycle) time: 9.888s
2026-05-14 23:43:53  mainFillDCU END
2026-05-15 00:01:24 Sequence: FillCart , Time: 21.213s
2026-05-15 00:01:35 StartA1Fluid: Start
2026-05-15 00:01:35 StartA1Fluid: End
2026-05-15 00:01:35 StartH1Fluid: Start
2026-05-15 00:01:35 StartH1Fluid: End
2026-05-15 00:01:40 POS DCU1 : 240.2, Target : 250.0.
2026-05-15 00:01:44 CloseA1Fluid: Start
2026-05-15 00:01:45 CloseA1Fluid: End
2026-05-15 00:01:45 FillDCU (Cycle) time: 11.267s
2026-05-15 00:01:45  mainFillDCU END
2026-05-15 00:07:15 Sequence: FillCart , Time: 25.317s
2026-05-15 00:07:26 StartA1Fluid: Start
2026-05-15 00:07:26 StartA1Fluid: End
2026-05-15 00:07:26 StartH1Fluid: Start
2026-05-15 00:07:26 StartH1Fluid: End
2026-05-15 00:07:34 POS DCU1 : 242.8, Target : 250.0.
2026-05-15 00:07:35 CloseA1Fluid: Start
2026-05-15 00:07:35 CloseA1Fluid: End
2026-05-15 00:07:35 FillDCU (Cycle) time: 11.098s
2026-05-15 00:07:35  mainFillDCU END
2026-05-15 00:14:25 Sequence: FillCart , Time: 22.216s
2026-05-15 00:14:35 StartA1Fluid: Start
2026-05-15 00:14:36 StartA1Fluid: End
2026-05-15 00:14:36 StartH1Fluid: Start
2026-05-15 00:14:36 StartH1Fluid: End
2026-05-15 00:14:44 POS DCU1 : 242.1, Target : 250.0.
2026-05-15 00:14:46 CloseA1Fluid: Start
2026-05-15 00:14:46 CloseA1Fluid: End
2026-05-15 00:14:46 FillDCU (Cycle) time: 11.886s
2026-05-15 00:14:46  mainFillDCU END
2026-05-15 00:18:50 Sequence: FillCart , Time: 17.032s
2026-05-15 00:21:10 StartA1Fluid: Start
2026-05-15 00:21:10 StartA1Fluid: End
2026-05-15 00:21:10 StartH1Fluid: Start
2026-05-15 00:21:10 StartH1Fluid: End
2026-05-15 00:21:19 POS DCU1 : 241.8, Target : 250.0.
2026-05-15 00:21:19 CloseA1Fluid: Start
2026-05-15 00:21:19 CloseA1Fluid: End
2026-05-15 00:21:19 FillDCU (Cycle) time: 11.092s
2026-05-15 00:21:19  mainFillDCU END
2026-05-15 00:23:51 Sequence: FillCart , Time: 21.445s
2026-05-15 00:25:00 StartA1Fluid: Start
2026-05-15 00:25:01 StartA1Fluid: End
2026-05-15 00:25:01 StartH1Fluid: Start
2026-05-15 00:25:01 StartH1Fluid: End
2026-05-15 00:25:06 POS DCU1 : 242.1, Target : 250.0.
2026-05-15 00:25:10 CloseA1Fluid: Start
2026-05-15 00:25:10 CloseA1Fluid: End
2026-05-15 00:25:10 FillDCU (Cycle) time: 10.865s
2026-05-15 00:25:10  mainFillDCU END
2026-05-15 00:28:07 Sequence: FillCart , Time: 22.801s
2026-05-15 00:30:46 StartA1Fluid: Start
2026-05-15 00:30:46 StartA1Fluid: End
2026-05-15 00:30:46 StartH1Fluid: Start
2026-05-15 00:30:47 StartH1Fluid: End
2026-05-15 00:30:54 POS DCU1 : 241.5, Target : 250.0.
2026-05-15 00:30:58 CloseA1Fluid: Start
2026-05-15 00:30:58 CloseA1Fluid: End
2026-05-15 00:30:58 FillDCU (Cycle) time: 13.317s
2026-05-15 00:30:58  mainFillDCU END
2026-05-15 00:41:37 Sequence: FillCart , Time: 26.516s
2026-05-15 00:41:48 StartA1Fluid: Start
2026-05-15 00:41:49 StartA1Fluid: End
2026-05-15 00:41:49 StartH1Fluid: Start
2026-05-15 00:41:49 StartH1Fluid: End
2026-05-15 00:41:53 POS DCU1 : 241.9, Target : 250.0.
2026-05-15 00:41:58 CloseA1Fluid: Start
2026-05-15 00:41:58 CloseA1Fluid: End
2026-05-15 00:41:58 FillDCU (Cycle) time: 10.983s
2026-05-15 00:41:58  mainFillDCU END
2026-05-15 00:50:02 Sequence: FillCart , Time: 25.715s
2026-05-15 00:50:14 StartA1Fluid: Start
2026-05-15 00:50:14 StartA1Fluid: End
2026-05-15 00:50:14 StartH1Fluid: Start
2026-05-15 00:50:15 StartH1Fluid: End
2026-05-15 00:50:22 POS DCU1 : 240.5, Target : 250.0.
2026-05-15 00:50:23 CloseA1Fluid: Start
2026-05-15 00:50:24 CloseA1Fluid: End
2026-05-15 00:50:24 FillDCU (Cycle) time: 11.026s
2026-05-15 00:50:24  mainFillDCU END
2026-05-15 00:53:16 Sequence: FillCart , Time: 25.367s
2026-05-15 00:54:43 StartA1Fluid: Start
2026-05-15 00:54:43 StartA1Fluid: End
2026-05-15 00:54:43 StartH1Fluid: Start
2026-05-15 00:54:44 StartH1Fluid: End
2026-05-15 00:54:52 POS DCU1 : 242.3, Target : 250.0.
2026-05-15 00:54:55 CloseA1Fluid: Start
2026-05-15 00:54:55 CloseA1Fluid: End
2026-05-15 00:54:55 FillDCU (Cycle) time: 13.291s
2026-05-15 00:54:55  mainFillDCU END
2026-05-15 01:00:15 Sequence: FillCart , Time: 21.814s
2026-05-15 01:00:26 StartA1Fluid: Start
2026-05-15 01:00:26 StartA1Fluid: End
2026-05-15 01:00:26 StartH1Fluid: Start
2026-05-15 01:00:27 StartH1Fluid: End
2026-05-15 01:00:34 POS DCU1 : 242.1, Target : 250.0.
2026-05-15 01:00:36 CloseA1Fluid: Start
2026-05-15 01:00:37 CloseA1Fluid: End
2026-05-15 01:00:37 FillDCU (Cycle) time: 12.003s
2026-05-15 01:00:37  mainFillDCU END
2026-05-15 01:05:24 Sequence: FillCart , Time: 23.645s
2026-05-15 01:07:43 StartA1Fluid: Start
2026-05-15 01:07:43 StartA1Fluid: End
2026-05-15 01:07:43 StartH1Fluid: Start
2026-05-15 01:07:43 StartH1Fluid: End
2026-05-15 01:07:52 POS DCU1 : 241.5, Target : 250.0.
2026-05-15 01:07:54 CloseA1Fluid: Start
2026-05-15 01:07:54 CloseA1Fluid: End
2026-05-15 01:07:55 FillDCU (Cycle) time: 13.194s
2026-05-15 01:07:55  mainFillDCU END
2026-05-15 01:17:50 Sequence: FillCart , Time: 22.512s
2026-05-15 01:18:01 StartA1Fluid: Start
2026-05-15 01:18:02 StartA1Fluid: End
2026-05-15 01:18:02 StartH1Fluid: Start
2026-05-15 01:18:02 StartH1Fluid: End
2026-05-15 01:18:06 POS DCU1 : 239.4, Target : 250.0.
2026-05-15 01:18:10 CloseA1Fluid: Start
2026-05-15 01:18:10 CloseA1Fluid: End
2026-05-15 01:18:11 FillDCU (Cycle) time: 10.282s
2026-05-15 01:18:11  mainFillDCU END
2026-05-15 01:26:40 Sequence: FillCart , Time: 19.915s
2026-05-15 01:26:51 StartA1Fluid: Start
2026-05-15 01:26:51 StartA1Fluid: End
2026-05-15 01:26:51 StartH1Fluid: Start
2026-05-15 01:26:52 StartH1Fluid: End
2026-05-15 01:26:59 POS DCU1 : 243.0, Target : 250.0.
2026-05-15 01:26:59 CloseA1Fluid: Start
2026-05-15 01:26:59 CloseA1Fluid: End
2026-05-15 01:26:59 FillDCU (Cycle) time: 9.562s
2026-05-15 01:26:59  mainFillDCU END
2026-05-15 01:32:48 Sequence: FillCart , Time: 26.867s
2026-05-15 01:33:20 StartA1Fluid: Start
2026-05-15 01:33:20 StartA1Fluid: End
2026-05-15 01:33:20 StartH1Fluid: Start
2026-05-15 01:33:20 StartH1Fluid: End
2026-05-15 01:33:25 POS DCU1 : 238.0, Target : 250.0.
2026-05-15 01:33:31 CloseA1Fluid: Start
2026-05-15 01:33:32 CloseA1Fluid: End
2026-05-15 01:33:32 FillDCU (Cycle) time: 13.282s
2026-05-15 01:33:32  mainFillDCU END
2026-05-15 01:53:37 Sequence: FillCart , Time: 26.51s
2026-05-15 01:53:48 StartA1Fluid: Start
2026-05-15 01:53:49 StartA1Fluid: End
2026-05-15 01:53:49 StartH1Fluid: Start
2026-05-15 01:53:49 StartH1Fluid: End
2026-05-15 01:53:54 POS DCU1 : 243.2, Target : 250.0.
2026-05-15 01:53:57 CloseA1Fluid: Start
2026-05-15 01:53:58 CloseA1Fluid: End
2026-05-15 01:53:58 FillDCU (Cycle) time: 10.98s
2026-05-15 01:53:58  mainFillDCU END
2026-05-15 02:05:46 Sequence: FillCart , Time: 17.511s
2026-05-15 02:05:57 StartA1Fluid: Start
2026-05-15 02:05:58 StartA1Fluid: End
2026-05-15 02:05:58 StartH1Fluid: Start
2026-05-15 02:05:58 StartH1Fluid: End
2026-05-15 02:06:06 POS DCU1 : 242.5, Target : 250.0.
2026-05-15 02:06:06 CloseA1Fluid: Start
2026-05-15 02:06:06 CloseA1Fluid: End
2026-05-15 02:06:06 FillDCU (Cycle) time: 10.278s
2026-05-15 02:06:06  mainFillDCU END
2026-05-15 02:42:18 Sequence: FillCart , Time: 26.515s
2026-05-15 02:42:29 StartA1Fluid: Start
2026-05-15 02:42:29 StartA1Fluid: End
2026-05-15 02:42:29 StartH1Fluid: Start
2026-05-15 02:42:29 StartH1Fluid: End
2026-05-15 02:42:34 POS DCU1 : 238.3, Target : 250.0.
2026-05-15 02:42:38 CloseA1Fluid: Start
2026-05-15 02:42:38 CloseA1Fluid: End
2026-05-15 02:42:38 FillDCU (Cycle) time: 10.972s
2026-05-15 02:42:38  mainFillDCU END
2026-05-15 02:58:14 Sequence: FillCart , Time: 22.717s
2026-05-15 02:58:26 StartA1Fluid: Start
2026-05-15 02:58:26 StartA1Fluid: End
2026-05-15 02:58:26 StartH1Fluid: Start
2026-05-15 02:58:27 StartH1Fluid: End
2026-05-15 02:58:34 POS DCU1 : 238.2, Target : 250.0.
2026-05-15 02:58:35 CloseA1Fluid: Start
2026-05-15 02:58:35 CloseA1Fluid: End
2026-05-15 02:58:35 FillDCU (Cycle) time: 10.53s
2026-05-15 02:58:35  mainFillDCU END
2026-05-15 02:59:10 Sequence: FillCart , Time: 18.369s
2026-05-15 03:02:58 StartA1Fluid: Start
2026-05-15 03:02:58 StartA1Fluid: End
2026-05-15 03:02:58 StartH1Fluid: Start
2026-05-15 03:02:59 StartH1Fluid: End
2026-05-15 03:03:06 POS DCU1 : 241.4, Target : 250.0.
2026-05-15 03:03:06 CloseA1Fluid: Start
2026-05-15 03:03:06 CloseA1Fluid: End
2026-05-15 03:03:06 FillDCU (Cycle) time: 9.691s
2026-05-15 03:03:06  mainFillDCU END
2026-05-15 03:04:43 --
2026-05-15 03:05:19 Sequence: FillCart , Time: 33.771s
2026-05-15 03:06:40 StartA1Fluid: Start
2026-05-15 03:06:40 StartA1Fluid: End
2026-05-15 03:06:40 StartH1Fluid: Start
2026-05-15 03:06:41 StartH1Fluid: End
2026-05-15 03:06:45 POS DCU1 : 238.0, Target : 250.0.
2026-05-15 03:06:51 CloseA1Fluid: Start
2026-05-15 03:06:52 CloseA1Fluid: End
2026-05-15 03:06:52 FillDCU (Cycle) time: 13.178s
2026-05-15 03:06:52  mainFillDCU END
2026-05-15 03:34:30 Sequence: FillCart , Time: 27.014s
2026-05-15 03:34:42 StartA1Fluid: Start
2026-05-15 03:34:42 StartA1Fluid: End
2026-05-15 03:34:42 StartH1Fluid: Start
2026-05-15 03:34:43 StartH1Fluid: End
2026-05-15 03:34:50 POS DCU1 : 240.4, Target : 250.0.
2026-05-15 03:34:54 CloseA1Fluid: Start
2026-05-15 03:34:54 CloseA1Fluid: End
2026-05-15 03:34:54 FillDCU (Cycle) time: 13.303s
2026-05-15 03:34:54  mainFillDCU END
2026-05-15 03:48:29 Sequence: FillCart , Time: 18.812s
2026-05-15 03:48:40 StartA1Fluid: Start
2026-05-15 03:48:40 StartA1Fluid: End
2026-05-15 03:48:40 StartH1Fluid: Start
2026-05-15 03:48:40 StartH1Fluid: End
2026-05-15 03:48:44 POS DCU1 : 240.9, Target : 250.0.
2026-05-15 03:48:46 CloseA1Fluid: Start
2026-05-15 03:48:46 CloseA1Fluid: End
2026-05-15 03:48:46 FillDCU (Cycle) time: 7.863s
2026-05-15 03:48:46  mainFillDCU END
2026-05-15 03:58:26 Sequence: FillCart , Time: 23.714s
2026-05-15 03:58:37 StartA1Fluid: Start
2026-05-15 03:58:38 StartA1Fluid: End
2026-05-15 03:58:38 StartH1Fluid: Start
2026-05-15 03:58:38 StartH1Fluid: End
2026-05-15 03:58:42 POS DCU1 : 242.0, Target : 250.0.
2026-05-15 03:58:49 CloseA1Fluid: Start
2026-05-15 03:58:49 CloseA1Fluid: End
2026-05-15 03:58:49 FillDCU (Cycle) time: 13.205s
2026-05-15 03:58:49  mainFillDCU END
2026-05-15 04:04:00 Sequence: FillCart , Time: 23.48s
2026-05-15 04:05:18 StartA1Fluid: Start
2026-05-15 04:05:18 StartA1Fluid: End
2026-05-15 04:05:18 StartH1Fluid: Start
2026-05-15 04:05:19 StartH1Fluid: End
2026-05-15 04:05:23 POS DCU1 : 241.3, Target : 250.0.
2026-05-15 04:05:29 CloseA1Fluid: Start
2026-05-15 04:05:30 CloseA1Fluid: End
2026-05-15 04:05:30 FillDCU (Cycle) time: 12.969s
2026-05-15 04:05:30  mainFillDCU END
2026-05-15 04:07:32 Sequence: FillCart , Time: 19.049s
2026-05-15 04:10:09 StartA1Fluid: Start
2026-05-15 04:10:10 StartA1Fluid: End
2026-05-15 04:10:10 StartH1Fluid: Start
2026-05-15 04:10:10 StartH1Fluid: End
2026-05-15 04:10:15 POS DCU1 : 241.7, Target : 250.0.
2026-05-15 04:10:17 CloseA1Fluid: Start
2026-05-15 04:10:18 CloseA1Fluid: End
2026-05-15 04:10:18 FillDCU (Cycle) time: 9.472s
2026-05-15 04:10:18  mainFillDCU END
2026-05-15 04:13:15 Sequence: FillCart , Time: 20.633s
2026-05-15 04:15:10 StartA1Fluid: Start
2026-05-15 04:15:11 StartA1Fluid: End
2026-05-15 04:15:11 StartH1Fluid: Start
2026-05-15 04:15:11 StartH1Fluid: End
2026-05-15 04:15:17 POS DCU1 : 240.5, Target : 250.0.
2026-05-15 04:15:20 CloseA1Fluid: Start
2026-05-15 04:15:20 CloseA1Fluid: End
2026-05-15 04:15:20 FillDCU (Cycle) time: 10.971s
2026-05-15 04:15:20  mainFillDCU END
2026-05-15 04:20:54 StartA1Fluid: Start
2026-05-15 04:20:54 StartH1Fluid: Start
2026-05-15 04:20:54 CloseA1Fluid: Start
2026-05-15 04:20:55 CloseA1Fluid: End
2026-05-15 04:20:55 FillDCU (Cycle) time: 1.684s
2026-05-15 04:20:55  mainFillDCU END
2026-05-15 04:27:31 --
2026-05-15 04:29:16 --
2026-05-15 04:30:11 --
2026-05-15 05:31:22 Sequence: FillCart , Time: 23.911s
2026-05-15 05:31:33 StartA1Fluid: Start
2026-05-15 05:31:33 StartH1Fluid: Start
2026-05-15 05:31:33 StartH1Fluid: End
2026-05-15 05:31:44 CloseA1Fluid: Start
2026-05-15 05:31:44 CloseA1Fluid: End
2026-05-15 05:31:44 FillDCU (Cycle) time: 13.032s
2026-05-15 05:31:44  mainFillDCU END
2026-05-15 05:32:26 Sequence: FillCart , Time: 23.04s
2026-05-15 05:33:46 StartA1Fluid: Start
2026-05-15 05:33:46 StartA1Fluid: End
2026-05-15 05:33:46 StartH1Fluid: Start
2026-05-15 05:33:47 StartH1Fluid: End
2026-05-15 05:33:47 POS DCU1 : 240.9, Target : 250.0.
2026-05-15 05:33:58 CloseA1Fluid: Start
2026-05-15 05:33:58 CloseA1Fluid: End
2026-05-15 05:33:58 FillDCU (Cycle) time: 13.248s
2026-05-15 05:33:58  mainFillDCU END
2026-05-15 05:36:35 StartA1Fluid: Start
2026-05-15 05:36:35 StartH1Fluid: Start
2026-05-15 05:36:35 CloseA1Fluid: Start
2026-05-15 05:36:35 CloseA1Fluid: End
2026-05-15 05:36:36 FillDCU (Cycle) time: 1.697s
2026-05-15 05:36:36  mainFillDCU END
2026-05-15 05:43:21 --
2026-05-15 05:50:58 Sequence: FillCart , Time: 24.614s
2026-05-15 05:51:09 StartA1Fluid: Start
2026-05-15 05:51:09 StartH1Fluid: Start
2026-05-15 05:51:10 StartH1Fluid: End
2026-05-15 05:51:21 CloseA1Fluid: Start
2026-05-15 05:51:21 CloseA1Fluid: End
2026-05-15 05:51:21 FillDCU (Cycle) time: 12.837s
2026-05-15 05:51:21  mainFillDCU END
2026-05-15 05:57:13 Sequence: FillCart , Time: 25.314s
2026-05-15 05:57:23 StartA1Fluid: Start
2026-05-15 05:57:24 StartA1Fluid: End
2026-05-15 05:57:24 StartH1Fluid: Start
2026-05-15 05:57:24 StartH1Fluid: End
2026-05-15 05:57:32 POS DCU1 : 238.9, Target : 250.0.
2026-05-15 05:57:32 CloseA1Fluid: Start
2026-05-15 05:57:33 CloseA1Fluid: End
2026-05-15 05:57:33 FillDCU (Cycle) time: 10.906s
2026-05-15 05:57:33  mainFillDCU END
2026-05-15 06:11:27 Sequence: FillCart , Time: 12.317s
2026-05-15 06:11:37 StartA1Fluid: Start
2026-05-15 06:11:38 StartA1Fluid: End
2026-05-15 06:11:38 StartH1Fluid: Start
2026-05-15 06:11:38 StartH1Fluid: End
2026-05-15 06:11:46 POS DCU1 : 243.3, Target : 250.0.
2026-05-15 06:11:46 CloseA1Fluid: Start
2026-05-15 06:11:46 CloseA1Fluid: End
2026-05-15 06:11:46 FillDCU (Cycle) time: 10.363s
2026-05-15 06:11:46  mainFillDCU END
2026-05-15 06:17:27 Sequence: FillCart , Time: 15.109s
2026-05-15 06:17:38 StartA1Fluid: Start
2026-05-15 06:17:39 StartA1Fluid: End
2026-05-15 06:17:39 StartH1Fluid: Start
2026-05-15 06:17:39 StartH1Fluid: End
2026-05-15 06:17:40 POS DCU1 : 240.7, Target : 250.0.
2026-05-15 06:17:43 CloseA1Fluid: Start
2026-05-15 06:17:43 CloseA1Fluid: End
2026-05-15 06:17:43 FillDCU (Cycle) time: 6.44s
2026-05-15 06:17:43  mainFillDCU END
2026-05-15 06:43:01 Sequence: FillCart , Time: 23.011s
2026-05-15 06:43:12 StartA1Fluid: Start
2026-05-15 06:43:12 StartA1Fluid: End
2026-05-15 06:43:12 StartH1Fluid: Start
2026-05-15 06:43:13 StartH1Fluid: End
2026-05-15 06:43:14 POS DCU1 : 242.7, Target : 250.0.
2026-05-15 06:43:24 CloseA1Fluid: Start
2026-05-15 06:43:24 CloseA1Fluid: End
2026-05-15 06:43:24 FillDCU (Cycle) time: 13.29s
2026-05-15 06:43:24  mainFillDCU END
2026-05-15 06:48:55 Sequence: FillCart , Time: 25.514s
2026-05-15 06:49:05 StartA1Fluid: Start
2026-05-15 06:49:06 StartA1Fluid: End
2026-05-15 06:49:06 StartH1Fluid: Start
2026-05-15 06:49:06 StartH1Fluid: End
2026-05-15 06:49:10 POS DCU1 : 239.6, Target : 250.0.
2026-05-15 06:49:15 CloseA1Fluid: Start
2026-05-15 06:49:15 CloseA1Fluid: End
2026-05-15 06:49:15 FillDCU (Cycle) time: 10.886s
2026-05-15 06:49:15  mainFillDCU END
2026-05-15 07:13:47 Sequence: FillCart , Time: 23.813s
2026-05-15 07:13:59 StartA1Fluid: Start
2026-05-15 07:13:59 StartA1Fluid: End
2026-05-15 07:13:59 StartH1Fluid: Start
2026-05-15 07:13:59 StartH1Fluid: End
2026-05-15 07:14:07 POS DCU1 : 243.0, Target : 250.0.
2026-05-15 07:14:10 CloseA1Fluid: Start
2026-05-15 07:14:11 CloseA1Fluid: End
2026-05-15 07:14:11 FillDCU (Cycle) time: 13.404s
2026-05-15 07:14:11  mainFillDCU END
2026-05-15 07:18:40 Sequence: FillCart , Time: 17.298s
2026-05-15 07:18:51 StartA1Fluid: Start
2026-05-15 07:18:52 StartA1Fluid: End
2026-05-15 07:18:52 StartH1Fluid: Start
2026-05-15 07:18:52 StartH1Fluid: End
2026-05-15 07:18:56 POS DCU1 : 243.3, Target : 250.0.
2026-05-15 07:19:00 CloseA1Fluid: Start
2026-05-15 07:19:01 CloseA1Fluid: End
2026-05-15 07:19:01 FillDCU (Cycle) time: 10.799s
2026-05-15 07:19:01  mainFillDCU END
2026-05-15 07:22:04 --
2026-05-15 07:22:24 Sequence: FillCart , Time: 19.323s
2026-05-15 07:23:23 StartA1Fluid: Start
2026-05-15 07:23:23 StartA1Fluid: End
2026-05-15 07:23:23 StartH1Fluid: Start
2026-05-15 07:23:24 StartH1Fluid: End
2026-05-15 07:23:31 POS DCU1 : 241.0, Target : 250.0.
2026-05-15 07:23:31 CloseA1Fluid: Start
2026-05-15 07:23:32 CloseA1Fluid: End
2026-05-15 07:23:32 FillDCU (Cycle) time: 10.071s
2026-05-15 07:23:32  mainFillDCU END
2026-05-15 07:35:55 Sequence: FillCart , Time: 35.819s
2026-05-15 07:36:06 StartA1Fluid: Start
2026-05-15 07:36:07 StartA1Fluid: End
2026-05-15 07:36:07 StartH1Fluid: Start
2026-05-15 07:36:07 StartH1Fluid: End
2026-05-15 07:36:11 POS DCU1 : 240.2, Target : 250.0.
2026-05-15 07:36:18 CloseA1Fluid: Start
2026-05-15 07:36:18 CloseA1Fluid: End
2026-05-15 07:36:18 FillDCU (Cycle) time: 13.285s
2026-05-15 07:36:18  mainFillDCU END
2026-05-15 07:40:03 Sequence: FillCart , Time: 22.018s
2026-05-15 07:41:45 StartA1Fluid: Start
2026-05-15 07:41:45 StartA1Fluid: End
2026-05-15 07:41:45 StartH1Fluid: Start
2026-05-15 07:41:45 StartH1Fluid: End
2026-05-15 07:41:48 POS DCU1 : 240.5, Target : 250.0.
2026-05-15 07:41:54 CloseA1Fluid: Start
2026-05-15 07:41:55 CloseA1Fluid: End
2026-05-15 07:41:55 FillDCU (Cycle) time: 11.154s
2026-05-15 07:41:55  mainFillDCU END
2026-05-15 08:04:12 Sequence: FillCart , Time: 22.115s
2026-05-15 08:04:22 StartA1Fluid: Start
2026-05-15 08:04:23 StartA1Fluid: End
2026-05-15 08:04:23 StartH1Fluid: Start
2026-05-15 08:04:23 StartH1Fluid: End
2026-05-15 08:04:31 POS DCU1 : 241.3, Target : 250.0.
2026-05-15 08:04:33 CloseA1Fluid: Start
2026-05-15 08:04:33 CloseA1Fluid: End
2026-05-15 08:04:33 FillDCU (Cycle) time: 11.891s
2026-05-15 08:04:33  mainFillDCU END
2026-05-15 08:07:00 Sequence: FillCart , Time: 18.031s
2026-05-15 08:08:52 StartA1Fluid: Start
2026-05-15 08:08:53 StartA1Fluid: End
2026-05-15 08:08:53 StartH1Fluid: Start
2026-05-15 08:08:53 StartH1Fluid: End
2026-05-15 08:09:02 POS DCU1 : 238.2, Target : 250.0.
2026-05-15 08:09:02 CloseA1Fluid: Start
2026-05-15 08:09:02 CloseA1Fluid: End
2026-05-15 08:09:02 FillDCU (Cycle) time: 11.17s
2026-05-15 08:09:02  mainFillDCU END
2026-05-15 08:30:58 Sequence: FillCart , Time: 25.514s
2026-05-15 08:31:08 StartA1Fluid: Start
2026-05-15 08:31:09 StartA1Fluid: End
2026-05-15 08:31:09 StartH1Fluid: Start
2026-05-15 08:31:09 StartH1Fluid: End
2026-05-15 08:31:13 POS DCU1 : 238.8, Target : 250.0.
2026-05-15 08:31:18 CloseA1Fluid: Start
2026-05-15 08:31:18 CloseA1Fluid: End
2026-05-15 08:31:18 FillDCU (Cycle) time: 11.182s
2026-05-15 08:31:18  mainFillDCU END
2026-05-15 08:42:26 Sequence: FillCart , Time: 23.815s
2026-05-15 08:42:37 StartA1Fluid: Start
2026-05-15 08:42:37 StartA1Fluid: End
2026-05-15 08:42:37 StartH1Fluid: Start
2026-05-15 08:42:37 StartH1Fluid: End
2026-05-15 08:42:45 POS DCU1 : 241.1, Target : 250.0.
2026-05-15 08:42:48 CloseA1Fluid: Start
2026-05-15 08:42:48 CloseA1Fluid: End
2026-05-15 08:42:48 FillDCU (Cycle) time: 12.589s
2026-05-15 08:42:48  mainFillDCU END
2026-05-15 08:56:09 Sequence: FillCart , Time: 20.514s
2026-05-15 08:56:19 StartA1Fluid: Start
2026-05-15 08:56:20 StartA1Fluid: End
2026-05-15 08:56:20 StartH1Fluid: Start
2026-05-15 08:56:20 StartH1Fluid: End
2026-05-15 08:56:29 POS DCU1 : 238.3, Target : 250.0.
2026-05-15 08:56:30 CloseA1Fluid: Start
2026-05-15 08:56:30 CloseA1Fluid: End
2026-05-15 08:56:30 FillDCU (Cycle) time: 12.499s
2026-05-15 08:56:30  mainFillDCU END
2026-05-15 08:59:47 Sequence: FillCart , Time: 26.47s
2026-05-15 09:00:53 StartA1Fluid: Start
2026-05-15 09:00:53 StartA1Fluid: End
2026-05-15 09:00:53 StartH1Fluid: Start
2026-05-15 09:00:54 StartH1Fluid: End
2026-05-15 09:01:01 POS DCU1 : 241.0, Target : 250.0.
2026-05-15 09:01:02 CloseA1Fluid: Start
2026-05-15 09:01:03 CloseA1Fluid: End
2026-05-15 09:01:03 FillDCU (Cycle) time: 10.975s
2026-05-15 09:01:03  mainFillDCU END
2026-05-15 09:07:30 Sequence: FillCart , Time: 23.112s
2026-05-15 09:07:40 StartA1Fluid: Start
2026-05-15 09:07:41 StartA1Fluid: End
2026-05-15 09:07:41 StartH1Fluid: Start
2026-05-15 09:07:41 StartH1Fluid: End
2026-05-15 09:07:49 POS DCU1 : 241.7, Target : 250.0.
2026-05-15 09:07:52 CloseA1Fluid: Start
2026-05-15 09:07:52 CloseA1Fluid: End
2026-05-15 09:07:53 FillDCU (Cycle) time: 13.207s
2026-05-15 09:07:53  mainFillDCU END
2026-05-15 09:13:00 Sequence: FillCart , Time: 23.111s
2026-05-15 09:13:10 StartA1Fluid: Start
2026-05-15 09:13:11 StartA1Fluid: End
2026-05-15 09:13:11 StartH1Fluid: Start
2026-05-15 09:13:11 StartH1Fluid: End
2026-05-15 09:13:14 POS DCU1 : 242.4, Target : 250.0.
2026-05-15 09:13:22 CloseA1Fluid: Start
2026-05-15 09:13:22 CloseA1Fluid: End
2026-05-15 09:13:22 FillDCU (Cycle) time: 13.381s
2026-05-15 09:13:22  mainFillDCU END
2026-05-15 09:29:54 Sequence: FillCart , Time: 12.514s
2026-05-15 09:30:05 StartA1Fluid: Start
2026-05-15 09:30:06 StartA1Fluid: End
2026-05-15 09:30:06 StartH1Fluid: Start
2026-05-15 09:30:06 StartH1Fluid: End
2026-05-15 09:30:11 POS DCU1 : 239.3, Target : 250.0.
2026-05-15 09:30:11 CloseA1Fluid: Start
2026-05-15 09:30:11 CloseA1Fluid: End
2026-05-15 09:30:11 FillDCU (Cycle) time: 6.833s
2026-05-15 09:30:11  mainFillDCU END
2026-05-15 09:30:56 Sequence: FillCart , Time: 23.796s
2026-05-15 09:31:57 StartA1Fluid: Start
2026-05-15 09:31:58 StartA1Fluid: End
2026-05-15 09:31:58 StartH1Fluid: Start
2026-05-15 09:31:58 StartH1Fluid: End
2026-05-15 09:31:59 POS DCU1 : 239.3, Target : 250.0.
2026-05-15 09:32:07 CloseA1Fluid: Start
2026-05-15 09:32:07 CloseA1Fluid: End
2026-05-15 09:32:07 FillDCU (Cycle) time: 10.857s
2026-05-15 09:32:07  mainFillDCU END
2026-05-15 10:03:31 Sequence: FillCart , Time: 19.713s
2026-05-15 10:03:41 StartA1Fluid: Start
2026-05-15 10:03:42 StartA1Fluid: End
2026-05-15 10:03:42 StartH1Fluid: Start
2026-05-15 10:03:42 StartH1Fluid: End
2026-05-15 10:03:50 POS DCU1 : 238.2, Target : 250.0.
2026-05-15 10:03:50 CloseA1Fluid: Start
2026-05-15 10:03:51 CloseA1Fluid: End
2026-05-15 10:03:51 FillDCU (Cycle) time: 10.362s
2026-05-15 10:03:51  mainFillDCU END
2026-05-15 10:10:27 StartA1Fluid: Start
2026-05-15 10:10:28 StartA1Fluid: End
2026-05-15 10:10:28 StartH1Fluid: Start
2026-05-15 10:10:28 StartH1Fluid: End
2026-05-15 10:10:33 POS DCU1 : 238.1, Target : 250.0.
2026-05-15 10:10:33 CloseA1Fluid: Start
2026-05-15 10:10:33 CloseA1Fluid: End
2026-05-15 10:10:33 FillDCU (Cycle) time: 6.929s
2026-05-15 10:10:33  mainFillDCU END
2026-05-15 10:12:28 --
2026-05-15 10:16:35 --
2026-05-15 10:18:07 --
2026-05-15 10:18:48 --
2026-05-15 10:19:34 Sequence: FillCart , Time: 20.715s
2026-05-15 10:19:46 StartA1Fluid: Start
2026-05-15 10:19:46 StartH1Fluid: Start
2026-05-15 10:19:46 StartH1Fluid: End
2026-05-15 10:19:55 CloseA1Fluid: Start
2026-05-15 10:19:55 CloseA1Fluid: End
2026-05-15 10:19:55 FillDCU (Cycle) time: 10.261s
2026-05-15 10:19:55  mainFillDCU END
2026-05-15 10:48:44 Sequence: FillCart , Time: 21.51s
2026-05-15 10:48:55 StartA1Fluid: Start
2026-05-15 10:48:56 StartA1Fluid: End
2026-05-15 10:48:56 StartH1Fluid: Start
2026-05-15 10:48:56 StartH1Fluid: End
2026-05-15 10:49:03 POS DCU1 : 240.9, Target : 250.0.
2026-05-15 10:49:04 CloseA1Fluid: Start
2026-05-15 10:49:05 CloseA1Fluid: End
2026-05-15 10:49:05 FillDCU (Cycle) time: 10.595s
2026-05-15 10:49:05  mainFillDCU END
2026-05-15 11:03:58 Sequence: FillCart , Time: 26.414s
2026-05-15 11:04:09 StartA1Fluid: Start
2026-05-15 11:04:10 StartA1Fluid: End
2026-05-15 11:04:10 StartH1Fluid: Start
2026-05-15 11:04:10 StartH1Fluid: End
2026-05-15 11:04:17 POS DCU1 : 242.2, Target : 250.0.
2026-05-15 11:04:18 CloseA1Fluid: Start
2026-05-15 11:04:19 CloseA1Fluid: End
2026-05-15 11:04:19 FillDCU (Cycle) time: 10.802s
2026-05-15 11:04:19  mainFillDCU END
2026-05-15 11:18:12 Sequence: FillCart , Time: 27.216s
2026-05-15 11:18:22 StartA1Fluid: Start
2026-05-15 11:18:23 StartA1Fluid: End
2026-05-15 11:18:23 StartH1Fluid: Start
2026-05-15 11:18:23 StartH1Fluid: End
2026-05-15 11:18:31 POS DCU1 : 242.0, Target : 250.0.
2026-05-15 11:18:32 CloseA1Fluid: Start
2026-05-15 11:18:32 CloseA1Fluid: End
2026-05-15 11:18:32 FillDCU (Cycle) time: 10.89s
2026-05-15 11:18:32  mainFillDCU END
2026-05-15 11:23:13 Sequence: FillCart , Time: 20.716s
2026-05-15 11:23:24 StartA1Fluid: Start
2026-05-15 11:23:25 StartA1Fluid: End
2026-05-15 11:23:25 StartH1Fluid: Start
2026-05-15 11:23:25 StartH1Fluid: End
2026-05-15 11:23:33 POS DCU1 : 238.1, Target : 250.0.
2026-05-15 11:23:33 CloseA1Fluid: Start
2026-05-15 11:23:33 CloseA1Fluid: End
2026-05-15 11:23:33 FillDCU (Cycle) time: 10.49s
2026-05-15 11:23:33  mainFillDCU END
2026-05-15 11:25:04 Sequence: FillCart , Time: 14.447s
2026-05-15 11:28:26 StartA1Fluid: Start
2026-05-15 11:28:26 StartA1Fluid: End
2026-05-15 11:28:26 StartH1Fluid: Start
2026-05-15 11:28:26 StartH1Fluid: End
2026-05-15 11:28:34 POS DCU1 : 238.0, Target : 250.0.
2026-05-15 11:28:34 CloseA1Fluid: Start
2026-05-15 11:28:34 CloseA1Fluid: End
2026-05-15 11:28:34 FillDCU (Cycle) time: 9.856s
2026-05-15 11:28:34  mainFillDCU END
2026-05-15 11:32:07 Sequence: FillCart , Time: 19.018s
2026-05-15 11:32:18 StartA1Fluid: Start
2026-05-15 11:32:18 StartA1Fluid: End
2026-05-15 11:32:18 StartH1Fluid: Start
2026-05-15 11:32:19 StartH1Fluid: End
2026-05-15 11:32:22 POS DCU1 : 240.6, Target : 250.0.
2026-05-15 11:32:30 CloseA1Fluid: Start
2026-05-15 11:32:30 CloseA1Fluid: End
2026-05-15 11:32:30 FillDCU (Cycle) time: 13.303s
2026-05-15 11:32:30  mainFillDCU END
2026-05-15 11:35:42 --
2026-05-15 11:36:04 Sequence: FillCart , Time: 20.127s
2026-05-15 11:36:31 StartA1Fluid: Start
2026-05-15 11:36:31 StartA1Fluid: End
2026-05-15 11:36:31 StartH1Fluid: Start
2026-05-15 11:36:31 StartH1Fluid: End
2026-05-15 11:36:36 POS DCU1 : 239.9, Target : 250.0.
2026-05-15 11:36:37 CloseA1Fluid: Start
2026-05-15 11:36:37 CloseA1Fluid: End
2026-05-15 11:36:37 FillDCU (Cycle) time: 7.667s
2026-05-15 11:36:37  mainFillDCU END
2026-05-15 11:56:10 Sequence: FillCart , Time: 29.114s
2026-05-15 11:56:21 StartA1Fluid: Start
2026-05-15 11:56:22 StartA1Fluid: End
2026-05-15 11:56:22 StartH1Fluid: Start
2026-05-15 11:56:22 StartH1Fluid: End
2026-05-15 11:56:27 POS DCU1 : 239.4, Target : 250.0.
2026-05-15 11:56:33 CloseA1Fluid: Start
2026-05-15 11:56:33 CloseA1Fluid: End
2026-05-15 11:56:33 FillDCU (Cycle) time: 13.087s
2026-05-15 11:56:33  mainFillDCU END
2026-05-15 11:57:19 --
2026-05-15 11:57:47 Sequence: FillCart , Time: 26.75s
2026-05-15 11:58:16 StartA1Fluid: Start
2026-05-15 11:58:17 StartA1Fluid: End
2026-05-15 11:58:17 StartH1Fluid: Start
2026-05-15 11:58:17 StartH1Fluid: End
2026-05-15 11:58:19 POS DCU1 : 238.8, Target : 250.0.
2026-05-15 11:58:26 CloseA1Fluid: Start
2026-05-15 11:58:26 CloseA1Fluid: End
2026-05-15 11:58:26 FillDCU (Cycle) time: 10.975s
2026-05-15 11:58:26  mainFillDCU END
2026-05-15 12:10:26 Sequence: FillCart , Time: 24.917s
2026-05-15 12:10:37 StartA1Fluid: Start
2026-05-15 12:10:37 StartA1Fluid: End
2026-05-15 12:10:37 StartH1Fluid: Start
2026-05-15 12:10:38 StartH1Fluid: End
2026-05-15 12:10:45 POS DCU1 : 239.6, Target : 250.0.
2026-05-15 12:10:49 CloseA1Fluid: Start
2026-05-15 12:10:49 CloseA1Fluid: End
2026-05-15 12:10:49 FillDCU (Cycle) time: 13.39s
2026-05-15 12:10:49  mainFillDCU END
2026-05-15 12:37:37 Sequence: FillCart , Time: 26.311s
2026-05-15 12:37:48 StartA1Fluid: Start
2026-05-15 12:37:48 StartA1Fluid: End
2026-05-15 12:37:48 StartH1Fluid: Start
2026-05-15 12:37:48 StartH1Fluid: End
2026-05-15 12:37:54 POS DCU1 : 240.0, Target : 250.0.
2026-05-15 12:37:57 CloseA1Fluid: Start
2026-05-15 12:37:57 CloseA1Fluid: End
2026-05-15 12:37:57 FillDCU (Cycle) time: 10.988s
2026-05-15 12:37:57  mainFillDCU END
2026-05-15 12:44:55 Sequence: FillCart , Time: 20.111s
2026-05-15 12:45:05 StartA1Fluid: Start
2026-05-15 12:45:06 StartA1Fluid: End
2026-05-15 12:45:06 StartH1Fluid: Start
2026-05-15 12:45:06 StartH1Fluid: End
2026-05-15 12:45:14 POS DCU1 : 241.2, Target : 250.0.
2026-05-15 12:45:14 CloseA1Fluid: Start
2026-05-15 12:45:14 CloseA1Fluid: End
2026-05-15 12:45:14 FillDCU (Cycle) time: 10.272s
2026-05-15 12:45:14  mainFillDCU END
2026-05-15 13:05:46 Sequence: FillCart , Time: 26.917s
2026-05-15 13:05:57 StartA1Fluid: Start
2026-05-15 13:05:57 StartA1Fluid: End
2026-05-15 13:05:57 StartH1Fluid: Start
2026-05-15 13:05:58 StartH1Fluid: End
2026-05-15 13:06:02 POS DCU1 : 242.6, Target : 250.0.
2026-05-15 13:06:06 CloseA1Fluid: Start
2026-05-15 13:06:07 CloseA1Fluid: End
2026-05-15 13:06:07 FillDCU (Cycle) time: 11.089s
2026-05-15 13:06:07  mainFillDCU END
2026-05-15 13:11:46 StartA1Fluid: Start
2026-05-15 13:11:47 StartA1Fluid: End
2026-05-15 13:11:47 StartH1Fluid: Start
2026-05-15 13:11:55 POS DCU1 : 240.7, Target : 250.0.
2026-05-15 13:11:55 CloseA1Fluid: Start
2026-05-15 13:11:56 CloseA1Fluid: End
2026-05-15 13:11:56 FillDCU (Cycle) time: 10.326s
2026-05-15 13:11:56  mainFillDCU END
2026-05-15 13:17:17 --
2026-05-15 13:17:58 --
2026-05-15 13:18:56 --
2026-05-18 01:02:12 Sequence: FillCart , Time: 25.211s
2026-05-18 01:02:24 StartA1Fluid: Start
2026-05-18 01:02:24 StartH1Fluid: Start
2026-05-18 01:02:24 StartH1Fluid: End
2026-05-18 01:02:35 CloseA1Fluid: Start
2026-05-18 01:02:36 CloseA1Fluid: End
2026-05-18 01:02:36 FillDCU (Cycle) time: 13.147s
2026-05-18 01:02:36  mainFillDCU END
2026-05-18 03:53:26 Sequence: FillCart , Time: 24.111s
2026-05-18 03:53:38 StartA1Fluid: Start
2026-05-18 03:53:38 StartA1Fluid: End
2026-05-18 03:53:38 StartH1Fluid: Start
2026-05-18 03:53:38 StartH1Fluid: End
2026-05-18 03:53:39 POS DCU1 : 238.8, Target : 250.0.
2026-05-18 03:53:49 CloseA1Fluid: Start
2026-05-18 03:53:49 CloseA1Fluid: End
2026-05-18 03:53:50 FillDCU (Cycle) time: 13.169s
2026-05-18 03:53:50  mainFillDCU END
2026-05-18 03:55:53 --
2026-05-18 03:56:18 Sequence: FillCart , Time: 23.215s
2026-05-18 03:56:30 StartA1Fluid: Start
2026-05-18 03:56:30 StartA1Fluid: End
2026-05-18 03:56:30 StartH1Fluid: Start
2026-05-18 03:56:30 StartH1Fluid: End
2026-05-18 03:56:35 POS DCU1 : 239.4, Target : 250.0.
2026-05-18 03:56:41 CloseA1Fluid: Start
2026-05-18 03:56:42 CloseA1Fluid: End
2026-05-18 03:56:42 FillDCU (Cycle) time: 13.388s
2026-05-18 03:56:42  mainFillDCU END
2026-05-18 04:13:30 StartA1Fluid: Start
2026-05-18 04:13:30 StartH1Fluid: Start
2026-05-18 04:13:30 CloseA1Fluid: Start
2026-05-18 04:13:31 CloseA1Fluid: End
2026-05-18 04:13:31 FillDCU (Cycle) time: 1.783s
2026-05-18 04:13:31  mainFillDCU END
2026-05-18 04:16:05 --
2026-05-18 04:16:54 --
2026-05-18 04:19:15 --
2026-05-18 04:20:04 --
2026-05-18 04:20:54 --
2026-05-18 06:16:00 Sequence: FillCart , Time: 18.712s
2026-05-18 06:16:12 StartA1Fluid: Start
2026-05-18 06:16:12 StartA1Fluid: End
2026-05-18 06:16:12 StartH1Fluid: Start
2026-05-18 06:16:12 StartH1Fluid: End
2026-05-18 06:16:13 POS DCU1 : 225.4, Target : 250.0.
2026-05-18 06:16:20 CloseA1Fluid: Start
2026-05-18 06:16:20 CloseA1Fluid: End
2026-05-18 06:16:20 FillDCU (Cycle) time: 9.728s
2026-05-18 06:16:20  mainFillDCU END
2026-05-18 06:17:45 Sequence: FillCart , Time: 23.465s
2026-05-18 06:20:44 StartA1Fluid: Start
2026-05-18 06:20:45 StartA1Fluid: End
2026-05-18 06:20:45 StartH1Fluid: Start
2026-05-18 06:20:45 StartH1Fluid: End
2026-05-18 06:20:51 POS DCU1 : 241.1, Target : 250.0.
2026-05-18 06:20:56 CloseA1Fluid: Start
2026-05-18 06:20:56 CloseA1Fluid: End
2026-05-18 06:20:56 FillDCU (Cycle) time: 13.285s
2026-05-18 06:20:56  mainFillDCU END
2026-05-18 06:24:35 Sequence: FillCart , Time: 23.615s
2026-05-18 06:24:46 StartA1Fluid: Start
2026-05-18 06:24:47 StartA1Fluid: End
2026-05-18 06:24:47 StartH1Fluid: Start
2026-05-18 06:24:47 StartH1Fluid: End
2026-05-18 06:24:51 POS DCU1 : 237.8, Target : 250.0.
2026-05-18 06:24:55 CloseA1Fluid: Start
2026-05-18 06:24:55 CloseA1Fluid: End
2026-05-18 06:24:55 FillDCU (Cycle) time: 9.966s
2026-05-18 06:24:55  mainFillDCU END
2026-05-18 06:30:11 Sequence: FillCart , Time: 21.81s
2026-05-18 06:30:23 StartA1Fluid: Start
2026-05-18 06:30:23 StartA1Fluid: End
2026-05-18 06:30:23 StartH1Fluid: Start
2026-05-18 06:30:24 StartH1Fluid: End
2026-05-18 06:30:30 POS DCU1 : 240.3, Target : 250.0.
2026-05-18 06:30:32 CloseA1Fluid: Start
2026-05-18 06:30:32 CloseA1Fluid: End
2026-05-18 06:30:32 FillDCU (Cycle) time: 10.501s
2026-05-18 06:30:32  mainFillDCU END
2026-05-18 06:32:33 Sequence: FillCart , Time: 25.28s
2026-05-18 06:34:52 StartA1Fluid: Start
2026-05-18 06:34:52 StartA1Fluid: End
2026-05-18 06:34:52 StartH1Fluid: Start
2026-05-18 06:34:53 StartH1Fluid: End
2026-05-18 06:35:00 POS DCU1 : 243.4, Target : 250.0.
2026-05-18 06:35:01 CloseA1Fluid: Start
2026-05-18 06:35:02 CloseA1Fluid: End
2026-05-18 06:35:02 FillDCU (Cycle) time: 10.986s
2026-05-18 06:35:02  mainFillDCU END
2026-05-18 06:38:42 --
2026-05-18 06:39:04 Sequence: FillCart , Time: 20.342s
2026-05-18 06:40:14 StartA1Fluid: Start
2026-05-18 06:40:14 StartA1Fluid: End
2026-05-18 06:40:14 StartH1Fluid: Start
2026-05-18 06:40:15 StartH1Fluid: End
2026-05-18 06:40:23 POS DCU1 : 243.3, Target : 250.0.
2026-05-18 06:40:23 CloseA1Fluid: Start
2026-05-18 06:40:24 CloseA1Fluid: End
2026-05-18 06:40:24 FillDCU (Cycle) time: 10.905s
2026-05-18 06:40:24  mainFillDCU END
2026-05-18 07:03:19 Sequence: FillCart , Time: 17.409s
2026-05-18 07:03:30 StartA1Fluid: Start
2026-05-18 07:03:30 StartA1Fluid: End
2026-05-18 07:03:30 StartH1Fluid: Start
2026-05-18 07:03:30 StartH1Fluid: End
2026-05-18 07:03:38 POS DCU1 : 241.0, Target : 250.0.
2026-05-18 07:03:38 CloseA1Fluid: Start
2026-05-18 07:03:39 CloseA1Fluid: End
2026-05-18 07:03:39 FillDCU (Cycle) time: 10.191s
2026-05-18 07:03:39  mainFillDCU END
2026-05-18 07:22:29 --
2026-05-18 07:22:53 Sequence: FillCart , Time: 23.135s
2026-05-18 07:24:25 StartA1Fluid: Start
2026-05-18 07:24:25 StartA1Fluid: End
2026-05-18 07:24:25 StartH1Fluid: Start
2026-05-18 07:24:25 StartH1Fluid: End
2026-05-18 07:24:30 POS DCU1 : 241.8, Target : 250.0.
2026-05-18 07:24:36 CloseA1Fluid: Start
2026-05-18 07:24:37 CloseA1Fluid: End
2026-05-18 07:24:37 FillDCU (Cycle) time: 13.266s
2026-05-18 07:24:37  mainFillDCU END
2026-05-18 07:51:02 Sequence: FillCart , Time: 22.13s
2026-05-18 07:52:39 StartA1Fluid: Start
2026-05-18 07:52:39 StartA1Fluid: End
2026-05-18 07:52:39 StartH1Fluid: Start
2026-05-18 07:52:40 StartH1Fluid: End
2026-05-18 07:52:44 POS DCU1 : 243.5, Target : 250.0.
2026-05-18 07:52:49 CloseA1Fluid: Start
2026-05-18 07:52:49 CloseA1Fluid: End
2026-05-18 07:52:50 FillDCU (Cycle) time: 11.875s
2026-05-18 07:52:50  mainFillDCU END
2026-05-18 08:49:20 Sequence: FillCart , Time: 21.554s
2026-05-18 08:51:52 StartA1Fluid: Start
2026-05-18 08:51:52 StartA1Fluid: End
2026-05-18 08:51:52 StartH1Fluid: Start
2026-05-18 08:51:52 StartH1Fluid: End
2026-05-18 08:52:01 POS DCU1 : 227.1, Target : 250.0.
2026-05-18 08:52:01 CloseA1Fluid: Start
2026-05-18 08:52:02 CloseA1Fluid: End
2026-05-18 08:52:02 FillDCU (Cycle) time: 11.477s
2026-05-18 08:52:02  mainFillDCU END
2026-05-18 09:05:13 Sequence: FillCart , Time: 21.516s
2026-05-18 09:05:25 StartA1Fluid: Start
2026-05-18 09:05:25 StartA1Fluid: End
2026-05-18 09:05:25 StartH1Fluid: Start
2026-05-18 09:05:25 StartH1Fluid: End
2026-05-18 09:05:33 POS DCU1 : 238.1, Target : 250.0.
2026-05-18 09:05:34 CloseA1Fluid: Start
2026-05-18 09:05:34 CloseA1Fluid: End
2026-05-18 09:05:34 FillDCU (Cycle) time: 10.706s
2026-05-18 09:05:34  mainFillDCU END
2026-05-18 09:07:01 Sequence: FillCart , Time: 27.758s
2026-05-18 09:08:23 StartA1Fluid: Start
2026-05-18 09:08:24 StartA1Fluid: End
2026-05-18 09:08:24 StartH1Fluid: Start
2026-05-18 09:08:24 StartH1Fluid: End
2026-05-18 09:08:28 POS DCU1 : 241.3, Target : 250.0.
2026-05-18 09:08:33 CloseA1Fluid: Start
2026-05-18 09:08:33 CloseA1Fluid: End
2026-05-18 09:08:33 FillDCU (Cycle) time: 10.971s
2026-05-18 09:08:33  mainFillDCU END
2026-05-18 09:11:18 --
2026-05-18 09:11:43 Sequence: FillCart , Time: 23.222s
2026-05-18 09:13:42 StartA1Fluid: Start
2026-05-18 09:13:43 StartA1Fluid: End
2026-05-18 09:13:43 StartH1Fluid: Start
2026-05-18 09:13:43 StartH1Fluid: End
2026-05-18 09:13:51 POS DCU1 : 239.5, Target : 250.0.
2026-05-18 09:13:54 CloseA1Fluid: Start
2026-05-18 09:13:54 CloseA1Fluid: End
2026-05-18 09:13:55 FillDCU (Cycle) time: 13.294s
2026-05-18 09:13:55  mainFillDCU END
2026-05-18 09:15:40 Sequence: FillCart , Time: 20.423s
2026-05-18 09:18:40 StartA1Fluid: Start
2026-05-18 09:18:41 StartA1Fluid: End
2026-05-18 09:18:41 StartH1Fluid: Start
2026-05-18 09:18:41 StartH1Fluid: End
2026-05-18 09:18:44 POS DCU1 : 242.2, Target : 250.0.
2026-05-18 09:18:48 CloseA1Fluid: Start
2026-05-18 09:18:48 CloseA1Fluid: End
2026-05-18 09:18:48 FillDCU (Cycle) time: 9.367s
2026-05-18 09:18:48  mainFillDCU END
2026-05-18 09:20:59 Sequence: FillCart , Time: 24.041s
2026-05-18 09:23:22 StartA1Fluid: Start
2026-05-18 09:23:23 StartA1Fluid: End
2026-05-18 09:23:23 StartH1Fluid: Start
2026-05-18 09:23:23 StartH1Fluid: End
2026-05-18 09:23:30 POS DCU1 : 241.0, Target : 250.0.
2026-05-18 09:23:32 CloseA1Fluid: Start
2026-05-18 09:23:32 CloseA1Fluid: End
2026-05-18 09:23:32 FillDCU (Cycle) time: 10.99s
2026-05-18 09:23:32  mainFillDCU END
2026-05-18 09:26:14 Sequence: FillCart , Time: 23.379s
2026-05-18 09:28:23 StartA1Fluid: Start
2026-05-18 09:28:23 StartA1Fluid: End
2026-05-18 09:28:23 StartH1Fluid: Start
2026-05-18 09:28:24 StartH1Fluid: End
2026-05-18 09:28:31 POS DCU1 : 243.1, Target : 250.0.
2026-05-18 09:28:35 CloseA1Fluid: Start
2026-05-18 09:28:35 CloseA1Fluid: End
2026-05-18 09:28:35 FillDCU (Cycle) time: 13.393s
2026-05-18 09:28:35  mainFillDCU END
2026-05-18 09:41:27 Sequence: FillCart , Time: 25.214s
2026-05-18 09:41:37 StartA1Fluid: Start
2026-05-18 09:41:38 StartA1Fluid: End
2026-05-18 09:41:38 StartH1Fluid: Start
2026-05-18 09:41:38 StartH1Fluid: End
2026-05-18 09:41:43 POS DCU1 : 238.8, Target : 250.0.
2026-05-18 09:41:47 CloseA1Fluid: Start
2026-05-18 09:41:47 CloseA1Fluid: End
2026-05-18 09:41:47 FillDCU (Cycle) time: 11.17s
2026-05-18 09:41:47  mainFillDCU END
2026-05-18 09:48:00 Sequence: FillCart , Time: 17.711s
2026-05-18 09:48:10 StartA1Fluid: Start
2026-05-18 09:48:11 StartA1Fluid: End
2026-05-18 09:48:11 StartH1Fluid: Start
2026-05-18 09:48:11 StartH1Fluid: End
2026-05-18 09:48:19 POS DCU1 : 242.3, Target : 250.0.
2026-05-18 09:48:19 CloseA1Fluid: Start
2026-05-18 09:48:19 CloseA1Fluid: End
2026-05-18 09:48:20 FillDCU (Cycle) time: 10.266s
2026-05-18 09:48:20  mainFillDCU END
2026-05-18 10:07:44 Sequence: FillCart , Time: 16.62s
2026-05-18 10:08:29 StartA1Fluid: Start
2026-05-18 10:08:30 StartA1Fluid: End
2026-05-18 10:08:30 StartH1Fluid: Start
2026-05-18 10:08:30 StartH1Fluid: End
2026-05-18 10:08:34 POS DCU1 : 242.3, Target : 250.0.
2026-05-18 10:08:35 CloseA1Fluid: Start
2026-05-18 10:08:35 CloseA1Fluid: End
2026-05-18 10:08:36 FillDCU (Cycle) time: 7.461s
2026-05-18 10:08:36  mainFillDCU END
2026-05-18 10:10:28 Sequence: FillCart , Time: 19.589s
2026-05-18 10:12:24 StartA1Fluid: Start
2026-05-18 10:12:24 StartA1Fluid: End
2026-05-18 10:12:24 StartH1Fluid: Start
2026-05-18 10:12:25 StartH1Fluid: End
2026-05-18 10:12:29 POS DCU1 : 242.5, Target : 250.0.
2026-05-18 10:12:30 CloseA1Fluid: Start
2026-05-18 10:12:30 CloseA1Fluid: End
2026-05-18 10:12:30 FillDCU (Cycle) time: 7.662s
2026-05-18 10:12:30  mainFillDCU END
2026-05-18 10:29:26 Sequence: FillCart , Time: 18.216s
2026-05-18 10:29:37 StartA1Fluid: Start
2026-05-18 10:29:38 StartA1Fluid: End
2026-05-18 10:29:38 StartH1Fluid: Start
2026-05-18 10:29:38 StartH1Fluid: End
2026-05-18 10:29:42 POS DCU1 : 242.0, Target : 250.0.
2026-05-18 10:29:45 CloseA1Fluid: Start
2026-05-18 10:29:45 CloseA1Fluid: End
2026-05-18 10:29:45 FillDCU (Cycle) time: 8.97s
2026-05-18 10:29:45  mainFillDCU END
2026-05-18 10:33:52 Sequence: FillCart , Time: 26.317s
2026-05-18 10:34:28 StartA1Fluid: Start
2026-05-18 10:34:29 StartA1Fluid: End
2026-05-18 10:34:29 StartH1Fluid: Start
2026-05-18 10:34:29 StartH1Fluid: End
2026-05-18 10:34:35 POS DCU1 : 239.6, Target : 250.0.
2026-05-18 10:34:40 CloseA1Fluid: Start
2026-05-18 10:34:40 CloseA1Fluid: End
2026-05-18 10:34:40 FillDCU (Cycle) time: 13.183s
2026-05-18 10:34:40  mainFillDCU END
2026-05-18 10:55:55 Sequence: FillCart , Time: 25.611s
2026-05-18 10:56:06 StartA1Fluid: Start
2026-05-18 10:56:06 StartA1Fluid: End
2026-05-18 10:56:06 StartH1Fluid: Start
2026-05-18 10:56:07 StartH1Fluid: End
2026-05-18 10:56:17 POS DCU1 : 238.2, Target : 250.0.
2026-05-18 10:56:17 CloseA1Fluid: Start
2026-05-18 10:56:17 CloseA1Fluid: End
2026-05-18 10:56:17 FillDCU (Cycle) time: 12.502s
2026-05-18 10:56:17  mainFillDCU END
2026-05-18 11:22:38 Sequence: FillCart , Time: 21.915s
2026-05-18 11:22:50 StartA1Fluid: Start
2026-05-18 11:22:50 StartA1Fluid: End
2026-05-18 11:22:50 StartH1Fluid: Start
2026-05-18 11:22:50 StartH1Fluid: End
2026-05-18 11:22:58 POS DCU1 : 241.7, Target : 250.0.
2026-05-18 11:22:59 CloseA1Fluid: Start
2026-05-18 11:22:59 CloseA1Fluid: End
2026-05-18 11:22:59 FillDCU (Cycle) time: 10.92s
2026-05-18 11:22:59  mainFillDCU END
2026-05-18 11:27:11 Sequence: FillCart , Time: 16.338s
2026-05-18 11:27:22 StartA1Fluid: Start
2026-05-18 11:27:22 StartA1Fluid: End
2026-05-18 11:27:22 StartH1Fluid: Start
2026-05-18 11:27:22 StartH1Fluid: End
2026-05-18 11:27:30 POS DCU1 : 242.3, Target : 250.0.
2026-05-18 11:27:30 CloseA1Fluid: Start
2026-05-18 11:27:30 CloseA1Fluid: End
2026-05-18 11:27:31 FillDCU (Cycle) time: 10.074s
2026-05-18 11:27:31  mainFillDCU END
2026-05-18 11:32:33 Sequence: FillCart , Time: 21.213s
2026-05-18 11:32:45 StartA1Fluid: Start
2026-05-18 11:32:45 StartA1Fluid: End
2026-05-18 11:32:45 StartH1Fluid: Start
2026-05-18 11:32:45 StartH1Fluid: End
2026-05-18 11:32:50 POS DCU1 : 243.2, Target : 250.0.
2026-05-18 11:32:54 CloseA1Fluid: Start
2026-05-18 11:32:54 CloseA1Fluid: End
2026-05-18 11:32:54 FillDCU (Cycle) time: 10.691s
2026-05-18 11:32:54  mainFillDCU END
2026-05-18 11:36:10 --
2026-05-18 11:36:31 Sequence: FillCart , Time: 19.735s
2026-05-18 11:38:00 StartA1Fluid: Start
2026-05-18 11:38:01 StartA1Fluid: End
2026-05-18 11:38:01 StartH1Fluid: Start
2026-05-18 11:38:01 StartH1Fluid: End
2026-05-18 11:38:08 POS DCU1 : 243.0, Target : 250.0.
2026-05-18 11:38:08 CloseA1Fluid: Start
2026-05-18 11:38:09 CloseA1Fluid: End
2026-05-18 11:38:09 FillDCU (Cycle) time: 10.001s
2026-05-18 11:38:09  mainFillDCU END
2026-05-18 11:51:04 Sequence: FillCart , Time: 20.816s
2026-05-18 11:51:14 StartA1Fluid: Start
2026-05-18 11:51:15 StartA1Fluid: End
2026-05-18 11:51:15 StartH1Fluid: Start
2026-05-18 11:51:15 StartH1Fluid: End
2026-05-18 11:51:20 POS DCU1 : 242.9, Target : 250.0.
2026-05-18 11:51:23 CloseA1Fluid: Start
2026-05-18 11:51:23 CloseA1Fluid: End
2026-05-18 11:51:24 FillDCU (Cycle) time: 10.37s
2026-05-18 11:51:24  mainFillDCU END
2026-05-18 11:54:30 --
2026-05-18 11:54:45 Sequence: FillCart , Time: 14.468s
2026-05-18 11:55:28 StartA1Fluid: Start
2026-05-18 11:55:28 StartA1Fluid: End
2026-05-18 11:55:28 StartH1Fluid: Start
2026-05-18 11:55:29 StartH1Fluid: End
2026-05-18 11:55:36 POS DCU1 : 240.1, Target : 250.0.
2026-05-18 11:55:36 CloseA1Fluid: Start
2026-05-18 11:55:36 CloseA1Fluid: End
2026-05-18 11:55:36 FillDCU (Cycle) time: 9.576s
2026-05-18 11:55:36  mainFillDCU END
2026-05-18 12:09:03 Sequence: FillCart , Time: 25.821s
2026-05-18 12:09:14 StartA1Fluid: Start
2026-05-18 12:09:14 StartA1Fluid: End
2026-05-18 12:09:14 StartH1Fluid: Start
2026-05-18 12:09:15 StartH1Fluid: End
2026-05-18 12:09:18 POS DCU1 : 241.2, Target : 250.0.
2026-05-18 12:09:23 CloseA1Fluid: Start
2026-05-18 12:09:24 CloseA1Fluid: End
2026-05-18 12:09:24 FillDCU (Cycle) time: 10.972s
2026-05-18 12:09:24  mainFillDCU END
2026-05-18 12:19:09 Sequence: FillCart , Time: 19.313s
2026-05-18 12:19:21 StartA1Fluid: Start
2026-05-18 12:19:22 StartA1Fluid: End
2026-05-18 12:19:22 StartH1Fluid: Start
2026-05-18 12:19:22 StartH1Fluid: End
2026-05-18 12:19:30 POS DCU1 : 240.4, Target : 250.0.
2026-05-18 12:19:30 CloseA1Fluid: Start
2026-05-18 12:19:30 CloseA1Fluid: End
2026-05-18 12:19:30 FillDCU (Cycle) time: 10.292s
2026-05-18 12:19:30  mainFillDCU END
2026-05-18 12:33:43 Sequence: FillCart , Time: 18.812s
2026-05-18 12:33:53 StartA1Fluid: Start
2026-05-18 12:33:54 StartA1Fluid: End
2026-05-18 12:33:54 StartH1Fluid: Start
2026-05-18 12:33:54 StartH1Fluid: End
2026-05-18 12:33:57 POS DCU1 : 239.9, Target : 250.0.
2026-05-18 12:33:59 CloseA1Fluid: Start
2026-05-18 12:34:00 CloseA1Fluid: End
2026-05-18 12:34:00 FillDCU (Cycle) time: 7.662s
2026-05-18 12:34:00  mainFillDCU END
2026-05-18 12:47:52 Sequence: FillCart , Time: 24.012s
2026-05-18 12:48:03 StartA1Fluid: Start
2026-05-18 12:48:03 StartA1Fluid: End
2026-05-18 12:48:03 StartH1Fluid: Start
2026-05-18 12:48:03 StartH1Fluid: End
2026-05-18 12:48:08 POS DCU1 : 239.1, Target : 250.0.
2026-05-18 12:48:12 CloseA1Fluid: Start
2026-05-18 12:48:12 CloseA1Fluid: End
2026-05-18 12:48:13 FillDCU (Cycle) time: 10.994s
2026-05-18 12:48:13  mainFillDCU END
2026-05-18 12:56:54 Sequence: FillCart , Time: 20.637s
2026-05-18 12:57:09 StartA1Fluid: Start
2026-05-18 12:57:10 StartA1Fluid: End
2026-05-18 12:57:10 StartH1Fluid: Start
2026-05-18 12:57:10 StartH1Fluid: End
2026-05-18 12:57:18 POS DCU1 : 240.0, Target : 250.0.
2026-05-18 12:57:18 CloseA1Fluid: Start
2026-05-18 12:57:19 CloseA1Fluid: End
2026-05-18 12:57:19 FillDCU (Cycle) time: 10.879s
2026-05-18 12:57:19  mainFillDCU END
2026-05-18 13:03:56 Sequence: FillCart , Time: 25.715s
2026-05-18 13:04:06 StartA1Fluid: Start
2026-05-18 13:04:07 StartA1Fluid: End
2026-05-18 13:04:07 StartH1Fluid: Start
2026-05-18 13:04:07 StartH1Fluid: End
2026-05-18 13:04:15 POS DCU1 : 241.9, Target : 250.0.
2026-05-18 13:04:16 CloseA1Fluid: Start
2026-05-18 13:04:16 CloseA1Fluid: End
2026-05-18 13:04:16 FillDCU (Cycle) time: 11.093s
2026-05-18 13:04:16  mainFillDCU END
2026-05-18 13:19:41 StartA1Fluid: Start
2026-05-18 13:19:41 StartA1Fluid: End
2026-05-18 13:19:41 StartH1Fluid: Start
2026-05-18 13:19:49 POS DCU1 : 242.6, Target : 250.0.
2026-05-18 13:19:49 CloseA1Fluid: Start
2026-05-18 13:19:50 CloseA1Fluid: End
2026-05-18 13:19:50 FillDCU (Cycle) time: 10.41s
2026-05-18 13:19:50  mainFillDCU END
2026-05-18 13:57:18 Sequence: FillCart , Time: 22.713s
2026-05-18 13:57:30 StartA1Fluid: Start
2026-05-18 13:57:30 StartH1Fluid: Start
2026-05-18 13:57:30 StartH1Fluid: End
2026-05-18 13:57:40 CloseA1Fluid: Start
2026-05-18 13:57:41 CloseA1Fluid: End
2026-05-18 13:57:41 FillDCU (Cycle) time: 11.869s
2026-05-18 13:57:41  mainFillDCU END
2026-05-18 14:06:03 Sequence: FillCart , Time: 18.81s
2026-05-18 14:06:14 StartA1Fluid: Start
2026-05-18 14:06:14 StartA1Fluid: End
2026-05-18 14:06:14 StartH1Fluid: Start
2026-05-18 14:06:14 StartH1Fluid: End
2026-05-18 14:06:24 POS DCU1 : 240.2, Target : 250.0.
2026-05-18 14:06:24 CloseA1Fluid: Start
2026-05-18 14:06:24 CloseA1Fluid: End
2026-05-18 14:06:24 FillDCU (Cycle) time: 11.585s
2026-05-18 14:06:24  mainFillDCU END
2026-05-18 14:18:30 Sequence: FillCart , Time: 17.01s
2026-05-18 14:18:40 StartA1Fluid: Start
2026-05-18 14:18:41 StartA1Fluid: End
2026-05-18 14:18:41 StartH1Fluid: Start
2026-05-18 14:18:41 StartH1Fluid: End
2026-05-18 14:18:46 POS DCU1 : 238.3, Target : 250.0.
2026-05-18 14:18:47 CloseA1Fluid: Start
2026-05-18 14:18:47 CloseA1Fluid: End
2026-05-18 14:18:47 FillDCU (Cycle) time: 7.994s
2026-05-18 14:18:47  mainFillDCU END
2026-05-18 14:28:48 Sequence: FillCart , Time: 25.833s
2026-05-18 14:30:24 StartA1Fluid: Start
2026-05-18 14:30:24 StartA1Fluid: End
2026-05-18 14:30:24 StartH1Fluid: Start
2026-05-18 14:30:24 StartH1Fluid: End
2026-05-18 14:30:29 POS DCU1 : 239.4, Target : 250.0.
2026-05-18 14:30:33 CloseA1Fluid: Start
2026-05-18 14:30:34 CloseA1Fluid: End
2026-05-18 14:30:34 FillDCU (Cycle) time: 11.075s
2026-05-18 14:30:34  mainFillDCU END
2026-05-18 14:56:17 Sequence: FillCart , Time: 21.411s
2026-05-18 14:56:29 StartA1Fluid: Start
2026-05-18 14:56:30 StartA1Fluid: End
2026-05-18 14:56:30 StartH1Fluid: Start
2026-05-18 14:56:30 StartH1Fluid: End
2026-05-18 14:56:38 POS DCU1 : 241.9, Target : 250.0.
2026-05-18 14:56:39 CloseA1Fluid: Start
2026-05-18 14:56:39 CloseA1Fluid: End
2026-05-18 14:56:39 FillDCU (Cycle) time: 11.508s
2026-05-18 14:56:39  mainFillDCU END
2026-05-18 14:58:22 Sequence: FillCart , Time: 26.57s
2026-05-18 15:00:59 StartA1Fluid: Start
2026-05-18 15:01:00 StartA1Fluid: End
2026-05-18 15:01:00 StartH1Fluid: Start
2026-05-18 15:01:00 StartH1Fluid: End
2026-05-18 15:01:09 POS DCU1 : 243.0, Target : 250.0.
2026-05-18 15:01:09 CloseA1Fluid: Start
2026-05-18 15:01:09 CloseA1Fluid: End
2026-05-18 15:01:09 FillDCU (Cycle) time: 10.996s
2026-05-18 15:01:09  mainFillDCU END
2026-05-18 15:03:07 Sequence: FillCart , Time: 14.457s
2026-05-18 15:05:59 StartA1Fluid: Start
2026-05-18 15:06:00 StartA1Fluid: End
2026-05-18 15:06:00 StartH1Fluid: Start
2026-05-18 15:06:00 StartH1Fluid: End
2026-05-18 15:06:08 POS DCU1 : 238.9, Target : 250.0.
2026-05-18 15:06:08 CloseA1Fluid: Start
2026-05-18 15:06:08 CloseA1Fluid: End
2026-05-18 15:06:09 FillDCU (Cycle) time: 10.383s
2026-05-18 15:06:09  mainFillDCU END
2026-05-18 15:07:55 Sequence: FillCart , Time: 20.027s
2026-05-18 15:09:29 StartA1Fluid: Start
2026-05-18 15:09:30 StartA1Fluid: End
2026-05-18 15:09:30 StartH1Fluid: Start
2026-05-18 15:09:30 StartH1Fluid: End
2026-05-18 15:09:33 POS DCU1 : 240.8, Target : 250.0.
2026-05-18 15:09:38 CloseA1Fluid: Start
2026-05-18 15:09:38 CloseA1Fluid: End
2026-05-18 15:09:39 FillDCU (Cycle) time: 10.571s
2026-05-18 15:09:39  mainFillDCU END
2026-05-18 15:12:10 --
2026-05-18 15:12:30 Sequence: FillCart , Time: 18.132s
2026-05-18 15:14:57 StartA1Fluid: Start
2026-05-18 15:14:58 StartA1Fluid: End
2026-05-18 15:14:58 StartH1Fluid: Start
2026-05-18 15:14:58 StartH1Fluid: End
2026-05-18 15:15:06 POS DCU1 : 242.7, Target : 250.0.
2026-05-18 15:15:06 CloseA1Fluid: Start
2026-05-18 15:15:06 CloseA1Fluid: End
2026-05-18 15:15:06 FillDCU (Cycle) time: 9.885s
2026-05-18 15:15:06  mainFillDCU END
2026-05-18 15:17:14 Sequence: FillCart , Time: 17.04s
2026-05-18 15:18:39 StartA1Fluid: Start
2026-05-18 15:18:40 StartA1Fluid: End
2026-05-18 15:18:40 StartH1Fluid: Start
2026-05-18 15:18:40 StartH1Fluid: End
2026-05-18 15:18:45 POS DCU1 : 238.9, Target : 250.0.
2026-05-18 15:18:46 CloseA1Fluid: Start
2026-05-18 15:18:46 CloseA1Fluid: End
2026-05-18 15:18:46 FillDCU (Cycle) time: 7.755s
2026-05-18 15:18:46  mainFillDCU END
2026-05-18 15:21:01 Sequence: FillCart , Time: 20.51s
2026-05-18 15:22:53 StartA1Fluid: Start
2026-05-18 15:22:53 StartA1Fluid: End
2026-05-18 15:22:53 StartH1Fluid: Start
2026-05-18 15:22:53 StartH1Fluid: End
2026-05-18 15:22:58 POS DCU1 : 239.6, Target : 250.0.
2026-05-18 15:23:02 CloseA1Fluid: Start
2026-05-18 15:23:02 CloseA1Fluid: End
2026-05-18 15:23:03 FillDCU (Cycle) time: 11.065s
2026-05-18 15:23:03  mainFillDCU END
2026-05-18 15:24:59 Sequence: FillCart , Time: 25.143s
2026-05-18 15:27:40 StartA1Fluid: Start
2026-05-18 15:27:41 StartA1Fluid: End
2026-05-18 15:27:41 StartH1Fluid: Start
2026-05-18 15:27:41 StartH1Fluid: End
2026-05-18 15:27:49 POS DCU1 : 242.4, Target : 250.0.
2026-05-18 15:27:50 CloseA1Fluid: Start
2026-05-18 15:27:50 CloseA1Fluid: End
2026-05-18 15:27:50 FillDCU (Cycle) time: 11.299s
2026-05-18 15:27:50  mainFillDCU END
2026-05-18 15:30:22 Sequence: FillCart , Time: 22.269s
2026-05-18 15:32:48 StartA1Fluid: Start
2026-05-18 15:32:48 StartA1Fluid: End
2026-05-18 15:32:48 StartH1Fluid: Start
2026-05-18 15:32:49 StartH1Fluid: End
2026-05-18 15:32:57 POS DCU1 : 242.1, Target : 250.0.
2026-05-18 15:32:57 CloseA1Fluid: Start
2026-05-18 15:32:57 CloseA1Fluid: End
2026-05-18 15:32:57 FillDCU (Cycle) time: 10.694s
2026-05-18 15:32:57  mainFillDCU END
2026-05-18 15:41:28 Sequence: FillCart , Time: 18.111s
2026-05-18 15:41:39 StartA1Fluid: Start
2026-05-18 15:41:40 StartA1Fluid: End
2026-05-18 15:41:40 StartH1Fluid: Start
2026-05-18 15:41:40 StartH1Fluid: End
2026-05-18 15:41:47 POS DCU1 : 239.2, Target : 250.0.
2026-05-18 15:41:47 CloseA1Fluid: Start
2026-05-18 15:41:48 CloseA1Fluid: End
2026-05-18 15:41:48 FillDCU (Cycle) time: 9.88s
2026-05-18 15:41:48  mainFillDCU END
2026-05-18 15:46:01 Sequence: FillCart , Time: 16.224s
2026-05-18 15:46:13 StartA1Fluid: Start
2026-05-18 15:46:13 StartA1Fluid: End
2026-05-18 15:46:13 StartH1Fluid: Start
2026-05-18 15:46:13 StartH1Fluid: End
2026-05-18 15:46:15 POS DCU1 : 241.4, Target : 250.0.
2026-05-18 15:46:19 CloseA1Fluid: Start
2026-05-18 15:46:19 CloseA1Fluid: End
2026-05-18 15:46:19 FillDCU (Cycle) time: 7.662s
2026-05-18 15:46:19  mainFillDCU END
2026-05-18 15:52:23 Sequence: FillCart , Time: 14.31s
2026-05-18 15:52:34 StartA1Fluid: Start
2026-05-18 15:52:34 StartA1Fluid: End
2026-05-18 15:52:34 StartH1Fluid: Start
2026-05-18 15:52:34 StartH1Fluid: End
2026-05-18 15:52:36 POS DCU1 : 241.3, Target : 250.0.
2026-05-18 15:52:38 CloseA1Fluid: Start
2026-05-18 15:52:39 CloseA1Fluid: End
2026-05-18 15:52:39 FillDCU (Cycle) time: 6.141s
2026-05-18 15:52:39  mainFillDCU END
2026-05-18 15:54:19 Sequence: FillCart , Time: 25.839s
2026-05-18 15:55:38 StartA1Fluid: Start
2026-05-18 15:55:39 StartA1Fluid: End
2026-05-18 15:55:39 StartH1Fluid: Start
2026-05-18 15:55:39 StartH1Fluid: End
2026-05-18 15:55:42 POS DCU1 : 243.3, Target : 250.0.
2026-05-18 15:55:48 CloseA1Fluid: Start
2026-05-18 15:55:48 CloseA1Fluid: End
2026-05-18 15:55:48 FillDCU (Cycle) time: 11.161s
2026-05-18 15:55:48  mainFillDCU END
2026-05-18 16:06:25 Sequence: FillCart , Time: 24.21s
2026-05-18 16:06:35 StartA1Fluid: Start
2026-05-18 16:06:36 StartA1Fluid: End
2026-05-18 16:06:36 StartH1Fluid: Start
2026-05-18 16:06:36 StartH1Fluid: End
2026-05-18 16:06:44 POS DCU1 : 241.6, Target : 250.0.
2026-05-18 16:06:45 CloseA1Fluid: Start
2026-05-18 16:06:45 CloseA1Fluid: End
2026-05-18 16:06:45 FillDCU (Cycle) time: 11.205s
2026-05-18 16:06:45  mainFillDCU END
2026-05-18 16:21:42 Sequence: FillCart , Time: 20.155s
2026-05-18 16:24:10 StartA1Fluid: Start
2026-05-18 16:24:11 StartA1Fluid: End
2026-05-18 16:24:11 StartH1Fluid: Start
2026-05-18 16:24:11 StartH1Fluid: End
2026-05-18 16:24:19 POS DCU1 : 239.0, Target : 250.0.
2026-05-18 16:24:19 CloseA1Fluid: Start
2026-05-18 16:24:20 CloseA1Fluid: End
2026-05-18 16:24:20 FillDCU (Cycle) time: 10.885s
2026-05-18 16:24:20  mainFillDCU END
2026-05-18 16:46:03 Sequence: FillCart , Time: 19.811s
2026-05-18 16:46:14 StartA1Fluid: Start
2026-05-18 16:46:15 StartA1Fluid: End
2026-05-18 16:46:15 StartH1Fluid: Start
2026-05-18 16:46:15 StartH1Fluid: End
2026-05-18 16:46:22 POS DCU1 : 242.7, Target : 250.0.
2026-05-18 16:46:22 CloseA1Fluid: Start
2026-05-18 16:46:22 CloseA1Fluid: End
2026-05-18 16:46:23 FillDCU (Cycle) time: 9.668s
2026-05-18 16:46:23  mainFillDCU END
2026-05-18 17:19:14 Sequence: FillCart , Time: 17.115s
2026-05-18 17:19:26 StartA1Fluid: Start
2026-05-18 17:19:26 StartA1Fluid: End
2026-05-18 17:19:26 StartH1Fluid: Start
2026-05-18 17:19:27 StartH1Fluid: End
2026-05-18 17:19:31 POS DCU1 : 240.5, Target : 250.0.
2026-05-18 17:19:32 CloseA1Fluid: Start
2026-05-18 17:19:33 CloseA1Fluid: End
2026-05-18 17:19:33 FillDCU (Cycle) time: 7.968s
2026-05-18 17:19:33  mainFillDCU END
2026-05-18 17:27:07 Sequence: FillCart , Time: 14.446s
2026-05-18 17:29:38 StartA1Fluid: Start
2026-05-18 17:29:39 StartA1Fluid: End
2026-05-18 17:29:39 StartH1Fluid: Start
2026-05-18 17:29:39 StartH1Fluid: End
2026-05-18 17:29:43 POS DCU1 : 240.0, Target : 250.0.
2026-05-18 17:29:43 CloseA1Fluid: Start
2026-05-18 17:29:44 CloseA1Fluid: End
2026-05-18 17:29:44 FillDCU (Cycle) time: 7.161s
2026-05-18 17:29:44  mainFillDCU END
2026-05-18 17:39:28 Sequence: FillCart , Time: 18.339s
2026-05-18 17:40:49 StartA1Fluid: Start
2026-05-18 17:40:49 StartA1Fluid: End
2026-05-18 17:40:49 StartH1Fluid: Start
2026-05-18 17:40:50 StartH1Fluid: End
2026-05-18 17:40:52 POS DCU1 : 242.5, Target : 250.0.
2026-05-18 17:40:56 CloseA1Fluid: Start
2026-05-18 17:40:56 CloseA1Fluid: End
2026-05-18 17:40:57 FillDCU (Cycle) time: 8.953s
2026-05-18 17:40:57  mainFillDCU END
2026-05-18 17:44:53 --
2026-05-18 17:45:21 Sequence: FillCart , Time: 26.912s
2026-05-18 17:47:00 StartA1Fluid: Start
2026-05-18 17:47:01 StartA1Fluid: End
2026-05-18 17:47:01 StartH1Fluid: Start
2026-05-18 17:47:01 StartH1Fluid: End
2026-05-18 17:47:05 POS DCU1 : 241.4, Target : 250.0.
2026-05-18 17:47:09 CloseA1Fluid: Start
2026-05-18 17:47:10 CloseA1Fluid: End
2026-05-18 17:47:10 FillDCU (Cycle) time: 11.181s
2026-05-18 17:47:10  mainFillDCU END
2026-05-18 17:49:32 Sequence: FillCart , Time: 18.728s
2026-05-18 17:51:50 StartA1Fluid: Start
2026-05-18 17:51:50 StartA1Fluid: End
2026-05-18 17:51:50 StartH1Fluid: Start
2026-05-18 17:51:51 StartH1Fluid: End
2026-05-18 17:51:58 POS DCU1 : 238.1, Target : 250.0.
2026-05-18 17:51:58 CloseA1Fluid: Start
2026-05-18 17:51:59 CloseA1Fluid: End
2026-05-18 17:51:59 FillDCU (Cycle) time: 10.386s
2026-05-18 17:51:59  mainFillDCU END
2026-05-18 17:54:58 Sequence: FillCart , Time: 21.854s
2026-05-18 17:56:44 StartA1Fluid: Start
2026-05-18 17:56:45 StartA1Fluid: End
2026-05-18 17:56:45 StartH1Fluid: Start
2026-05-18 17:56:45 StartH1Fluid: End
2026-05-18 17:56:51 POS DCU1 : 242.2, Target : 250.0.
2026-05-18 17:56:53 CloseA1Fluid: Start
2026-05-18 17:56:54 CloseA1Fluid: End
2026-05-18 17:56:54 FillDCU (Cycle) time: 10.986s
2026-05-18 17:56:54  mainFillDCU END
2026-05-18 18:01:26 Sequence: FillCart , Time: 17.834s
2026-05-18 18:03:53 StartA1Fluid: Start
2026-05-18 18:03:54 StartA1Fluid: End
2026-05-18 18:03:54 StartH1Fluid: Start
2026-05-18 18:03:54 StartH1Fluid: End
2026-05-18 18:04:02 POS DCU1 : 243.1, Target : 250.0.
2026-05-18 18:04:02 CloseA1Fluid: Start
2026-05-18 18:04:02 CloseA1Fluid: End
2026-05-18 18:04:02 FillDCU (Cycle) time: 10.256s
2026-05-18 18:04:02  mainFillDCU END
2026-05-18 18:05:57 Sequence: FillCart , Time: 21.843s
2026-05-18 18:07:35 StartA1Fluid: Start
2026-05-18 18:07:36 StartA1Fluid: End
2026-05-18 18:07:36 StartH1Fluid: Start
2026-05-18 18:07:36 StartH1Fluid: End
2026-05-18 18:07:41 POS DCU1 : 238.3, Target : 250.0.
2026-05-18 18:07:46 CloseA1Fluid: Start
2026-05-18 18:07:46 CloseA1Fluid: End
2026-05-18 18:07:46 FillDCU (Cycle) time: 11.97s
2026-05-18 18:07:46  mainFillDCU END
2026-05-18 18:10:01 Sequence: FillCart , Time: 23.642s
2026-05-18 18:12:40 StartA1Fluid: Start
2026-05-18 18:12:41 StartA1Fluid: End
2026-05-18 18:12:41 StartH1Fluid: Start
2026-05-18 18:12:41 StartH1Fluid: End
2026-05-18 18:12:50 POS DCU1 : 240.2, Target : 250.0.
2026-05-18 18:12:50 CloseA1Fluid: Start
2026-05-18 18:12:50 CloseA1Fluid: End
2026-05-18 18:12:50 FillDCU (Cycle) time: 11.398s
2026-05-18 18:12:50  mainFillDCU END
2026-05-18 18:19:01 Sequence: FillCart , Time: 17.41s
2026-05-18 18:19:11 StartA1Fluid: Start
2026-05-18 18:19:12 StartA1Fluid: End
2026-05-18 18:19:12 StartH1Fluid: Start
2026-05-18 18:19:12 StartH1Fluid: End
2026-05-18 18:19:20 POS DCU1 : 239.2, Target : 250.0.
2026-05-18 18:19:20 CloseA1Fluid: Start
2026-05-18 18:19:20 CloseA1Fluid: End
2026-05-18 18:19:20 FillDCU (Cycle) time: 10.388s
2026-05-18 18:19:20  mainFillDCU END
2026-05-18 18:43:41 Sequence: FillCart , Time: 16.417s
2026-05-18 18:43:53 StartA1Fluid: Start
2026-05-18 18:43:54 StartA1Fluid: End
2026-05-18 18:43:54 StartH1Fluid: Start
2026-05-18 18:43:54 StartH1Fluid: End
2026-05-18 18:43:59 POS DCU1 : 236.1, Target : 250.0.
2026-05-18 18:43:59 CloseA1Fluid: Start
2026-05-18 18:44:00 CloseA1Fluid: End
2026-05-18 18:44:00 FillDCU (Cycle) time: 7.864s
2026-05-18 18:44:00  mainFillDCU END
2026-05-18 18:45:47 Sequence: FillCart , Time: 23.636s
2026-05-18 18:47:22 StartA1Fluid: Start
2026-05-18 18:47:22 StartA1Fluid: End
2026-05-18 18:47:22 StartH1Fluid: Start
2026-05-18 18:47:22 StartH1Fluid: End
2026-05-18 18:47:26 POS DCU1 : 238.4, Target : 250.0.
2026-05-18 18:47:31 CloseA1Fluid: Start
2026-05-18 18:47:32 CloseA1Fluid: End
2026-05-18 18:47:32 FillDCU (Cycle) time: 11.164s
2026-05-18 18:47:32  mainFillDCU END
2026-05-18 18:50:08 Sequence: FillCart , Time: 22.261s
2026-05-18 18:52:53 StartA1Fluid: Start
2026-05-18 18:52:53 StartA1Fluid: End
2026-05-18 18:52:53 StartH1Fluid: Start
2026-05-18 18:52:53 StartH1Fluid: End
2026-05-18 18:53:01 POS DCU1 : 242.7, Target : 250.0.
2026-05-18 18:53:03 CloseA1Fluid: Start
2026-05-18 18:53:03 CloseA1Fluid: End
2026-05-18 18:53:03 FillDCU (Cycle) time: 11.889s
2026-05-18 18:53:03  mainFillDCU END
2026-05-18 18:56:36 Sequence: FillCart , Time: 19.486s
2026-05-18 18:58:05 StartA1Fluid: Start
2026-05-18 18:58:06 StartA1Fluid: End
2026-05-18 18:58:06 StartH1Fluid: Start
2026-05-18 18:58:06 StartH1Fluid: End
2026-05-18 18:58:14 POS DCU1 : 239.3, Target : 250.0.
2026-05-18 18:58:15 CloseA1Fluid: Start
2026-05-18 18:58:15 CloseA1Fluid: End
2026-05-18 18:58:15 FillDCU (Cycle) time: 11.156s
2026-05-18 18:58:15  mainFillDCU END
2026-05-18 19:07:09 Sequence: FillCart , Time: 22.112s
2026-05-18 19:07:20 StartA1Fluid: Start
2026-05-18 19:07:21 StartA1Fluid: End
2026-05-18 19:07:21 StartH1Fluid: Start
2026-05-18 19:07:21 StartH1Fluid: End
2026-05-18 19:07:25 POS DCU1 : 239.3, Target : 250.0.
2026-05-18 19:07:30 CloseA1Fluid: Start
2026-05-18 19:07:30 CloseA1Fluid: End
2026-05-18 19:07:30 FillDCU (Cycle) time: 11.187s
2026-05-18 19:07:30  mainFillDCU END
2026-05-18 19:10:15 Sequence: FillCart , Time: 21.154s
2026-05-18 19:11:55 StartA1Fluid: Start
2026-05-18 19:11:55 StartA1Fluid: End
2026-05-18 19:11:55 StartH1Fluid: Start
2026-05-18 19:11:55 StartH1Fluid: End
2026-05-18 19:12:03 POS DCU1 : 243.1, Target : 250.0.
2026-05-18 19:12:03 CloseA1Fluid: Start
2026-05-18 19:12:04 CloseA1Fluid: End
2026-05-18 19:12:04 FillDCU (Cycle) time: 10.29s
2026-05-18 19:12:04  mainFillDCU END
2026-05-18 19:14:01 Sequence: FillCart , Time: 14.222s
2026-05-18 19:14:40 StartA1Fluid: Start
2026-05-18 19:14:40 StartA1Fluid: End
2026-05-18 19:14:40 StartH1Fluid: Start
2026-05-18 19:14:41 StartH1Fluid: End
2026-05-18 19:14:42 POS DCU1 : 240.0, Target : 250.0.
2026-05-18 19:14:44 CloseA1Fluid: Start
2026-05-18 19:14:45 CloseA1Fluid: End
2026-05-18 19:14:45 FillDCU (Cycle) time: 6.145s
2026-05-18 19:14:45  mainFillDCU END
2026-05-18 19:19:21 Sequence: FillCart , Time: 35.353s
2026-05-18 19:23:07 StartA1Fluid: Start
2026-05-18 19:23:08 StartA1Fluid: End
2026-05-18 19:23:08 StartH1Fluid: Start
2026-05-18 19:23:08 StartH1Fluid: End
2026-05-18 19:23:08 CheckA1Fluid Restart 458.2
2026-05-18 19:23:08 StartA1Fluid: Start
2026-05-18 19:23:09 StartA1Fluid: End
2026-05-18 19:23:12 POS DCU1 : 240.4, Target : 250.0.
2026-05-18 19:23:19 CloseA1Fluid: Start
2026-05-18 19:23:19 CloseA1Fluid: End
2026-05-18 19:23:19 FillDCU (Cycle) time: 13.17s
2026-05-18 19:23:19  mainFillDCU END
2026-05-18 19:30:35 --
2026-05-18 19:35:30 Sequence: FillCart , Time: 90.155s
2026-05-18 19:35:41 StartA1Fluid: Start
2026-05-18 19:35:41 StartA1Fluid: End
2026-05-18 19:35:41 StartH1Fluid: Start
2026-05-18 19:35:42 StartH1Fluid: End
2026-05-18 19:35:48 CheckA1Fluid Restart 260.7
2026-05-18 19:35:48 StartA1Fluid: Start
2026-05-18 19:35:49 StartA1Fluid: End
2026-05-18 19:35:49 POS DCU1 : 242.7, Target : 250.0.
2026-05-18 19:35:50 CloseA1Fluid: Start
2026-05-18 19:35:50 CloseA1Fluid: End
2026-05-18 19:35:50 FillDCU (Cycle) time: 10.233s
2026-05-18 19:35:50  mainFillDCU END
2026-05-18 19:41:48 Sequence: FillCart , Time: 23.616s
2026-05-18 19:41:58 StartA1Fluid: Start
2026-05-18 19:41:59 StartA1Fluid: End
2026-05-18 19:41:59 StartH1Fluid: Start
2026-05-18 19:41:59 StartH1Fluid: End
2026-05-18 19:42:08 POS DCU1 : 240.6, Target : 250.0.
2026-05-18 19:42:08 CloseA1Fluid: Start
2026-05-18 19:42:08 CloseA1Fluid: End
2026-05-18 19:42:08 FillDCU (Cycle) time: 11.31s
2026-05-18 19:42:08  mainFillDCU END
2026-05-18 19:47:35 Sequence: FillCart , Time: 18.461s
2026-05-18 19:49:51 StartA1Fluid: Start
2026-05-18 19:49:52 StartA1Fluid: End
2026-05-18 19:49:52 StartH1Fluid: Start
2026-05-18 19:49:52 StartH1Fluid: End
2026-05-18 19:50:00 POS DCU1 : 243.4, Target : 250.0.
2026-05-18 19:50:00 CloseA1Fluid: Start
2026-05-18 19:50:00 CloseA1Fluid: End
2026-05-18 19:50:00 FillDCU (Cycle) time: 10.386s
2026-05-18 19:50:00  mainFillDCU END
2026-05-18 20:01:57 Sequence: FillCart , Time: 25.913s
2026-05-18 20:02:08 StartA1Fluid: Start
2026-05-18 20:02:09 StartA1Fluid: End
2026-05-18 20:02:09 StartH1Fluid: Start
2026-05-18 20:02:09 StartH1Fluid: End
2026-05-18 20:02:16 POS DCU1 : 239.1, Target : 250.0.
2026-05-18 20:02:20 CloseA1Fluid: Start
2026-05-18 20:02:21 CloseA1Fluid: End
2026-05-18 20:02:21 FillDCU (Cycle) time: 13.417s
2026-05-18 20:02:21  mainFillDCU END
2026-05-18 20:04:42 Sequence: FillCart , Time: 14.821s
2026-05-18 20:07:40 StartA1Fluid: Start
2026-05-18 20:07:41 StartA1Fluid: End
2026-05-18 20:07:41 StartH1Fluid: Start
2026-05-18 20:07:41 StartH1Fluid: End
2026-05-18 20:07:47 POS DCU1 : 241.8, Target : 250.0.
2026-05-18 20:07:47 CloseA1Fluid: Start
2026-05-18 20:07:47 CloseA1Fluid: End
2026-05-18 20:07:47 FillDCU (Cycle) time: 8.485s
2026-05-18 20:07:47  mainFillDCU END
2026-05-18 20:16:22 Sequence: FillCart , Time: 21.011s
2026-05-18 20:16:34 StartA1Fluid: Start
2026-05-18 20:16:34 StartA1Fluid: End
2026-05-18 20:16:34 StartH1Fluid: Start
2026-05-18 20:16:34 StartH1Fluid: End
2026-05-18 20:16:39 POS DCU1 : 243.3, Target : 250.0.
2026-05-18 20:16:43 CloseA1Fluid: Start
2026-05-18 20:16:43 CloseA1Fluid: End
2026-05-18 20:16:43 FillDCU (Cycle) time: 10.813s
2026-05-18 20:16:43  mainFillDCU END
2026-05-18 20:29:26 Sequence: FillCart , Time: 18.114s
2026-05-18 20:29:37 StartA1Fluid: Start
2026-05-18 20:29:38 StartA1Fluid: End
2026-05-18 20:29:38 StartH1Fluid: Start
2026-05-18 20:29:38 StartH1Fluid: End
2026-05-18 20:29:45 POS DCU1 : 238.7, Target : 250.0.
2026-05-18 20:29:46 CloseA1Fluid: Start
2026-05-18 20:29:46 CloseA1Fluid: End
2026-05-18 20:29:46 FillDCU (Cycle) time: 10.08s
2026-05-18 20:29:46  mainFillDCU END
2026-05-18 20:39:03 Sequence: FillCart , Time: 22.111s
2026-05-18 20:39:15 StartA1Fluid: Start
2026-05-18 20:39:15 StartA1Fluid: End
2026-05-18 20:39:15 StartH1Fluid: Start
2026-05-18 20:39:16 StartH1Fluid: End
2026-05-18 20:39:20 POS DCU1 : 237.8, Target : 250.0.
2026-05-18 20:39:25 CloseA1Fluid: Start
2026-05-18 20:39:25 CloseA1Fluid: End
2026-05-18 20:39:25 FillDCU (Cycle) time: 11.529s
2026-05-18 20:39:25  mainFillDCU END
2026-05-18 20:42:54 --
2026-05-18 20:43:22 Sequence: FillCart , Time: 26.989s
2026-05-18 20:45:42 StartA1Fluid: Start
2026-05-18 20:45:43 StartA1Fluid: End
2026-05-18 20:45:43 StartH1Fluid: Start
2026-05-18 20:45:43 StartH1Fluid: End
2026-05-18 20:45:51 POS DCU1 : 242.0, Target : 250.0.
2026-05-18 20:45:52 CloseA1Fluid: Start
2026-05-18 20:45:52 CloseA1Fluid: End
2026-05-18 20:45:52 FillDCU (Cycle) time: 11.091s
2026-05-18 20:45:52  mainFillDCU END
2026-05-18 20:52:01 Sequence: FillCart , Time: 16.211s
2026-05-18 20:52:11 StartA1Fluid: Start
2026-05-18 20:52:12 StartA1Fluid: End
2026-05-18 20:52:12 StartH1Fluid: Start
2026-05-18 20:52:12 StartH1Fluid: End
2026-05-18 20:52:20 POS DCU1 : 243.1, Target : 250.0.
2026-05-18 20:52:20 CloseA1Fluid: Start
2026-05-18 20:52:20 CloseA1Fluid: End
2026-05-18 20:52:20 FillDCU (Cycle) time: 10.272s
2026-05-18 20:52:20  mainFillDCU END
2026-05-18 21:11:00 Sequence: FillCart , Time: 26.719s
2026-05-18 21:11:11 StartA1Fluid: Start
2026-05-18 21:11:11 StartA1Fluid: End
2026-05-18 21:11:11 StartH1Fluid: Start
2026-05-18 21:11:11 StartH1Fluid: End
2026-05-18 21:11:16 POS DCU1 : 241.8, Target : 250.0.
2026-05-18 21:11:20 CloseA1Fluid: Start
2026-05-18 21:11:20 CloseA1Fluid: End
2026-05-18 21:11:20 FillDCU (Cycle) time: 11.093s
2026-05-18 21:11:20  mainFillDCU END
2026-05-18 21:31:36 Sequence: FillCart , Time: 22.615s
2026-05-18 21:31:48 StartA1Fluid: Start
2026-05-18 21:31:49 StartA1Fluid: End
2026-05-18 21:31:49 StartH1Fluid: Start
2026-05-18 21:31:49 StartH1Fluid: End
2026-05-18 21:31:57 POS DCU1 : 242.1, Target : 250.0.
2026-05-18 21:31:58 CloseA1Fluid: Start
2026-05-18 21:31:58 CloseA1Fluid: End
2026-05-18 21:31:58 FillDCU (Cycle) time: 11.408s
2026-05-18 21:31:58  mainFillDCU END
2026-05-18 21:32:34 Sequence: FillCart , Time: 20.206s
2026-05-18 21:36:21 StartA1Fluid: Start
2026-05-18 21:36:21 StartA1Fluid: End
2026-05-18 21:36:21 StartH1Fluid: Start
2026-05-18 21:36:21 StartH1Fluid: End
2026-05-18 21:36:30 POS DCU1 : 239.7, Target : 250.0.
2026-05-18 21:36:30 CloseA1Fluid: Start
2026-05-18 21:36:30 CloseA1Fluid: End
2026-05-18 21:36:30 FillDCU (Cycle) time: 10.487s
2026-05-18 21:36:30  mainFillDCU END
2026-05-18 21:40:38 Sequence: FillCart , Time: 24.064s
2026-05-18 21:43:31 StartA1Fluid: Start
2026-05-18 21:43:31 StartA1Fluid: End
2026-05-18 21:43:31 StartH1Fluid: Start
2026-05-18 21:43:31 StartH1Fluid: End
2026-05-18 21:43:38 POS DCU1 : 243.0, Target : 250.0.
2026-05-18 21:43:40 CloseA1Fluid: Start
2026-05-18 21:43:40 CloseA1Fluid: End
2026-05-18 21:43:40 FillDCU (Cycle) time: 11.181s
2026-05-18 21:43:40  mainFillDCU END
2026-05-18 21:54:08 Sequence: FillCart , Time: 17.215s
2026-05-18 21:54:19 StartA1Fluid: Start
2026-05-18 21:54:19 StartA1Fluid: End
2026-05-18 21:54:19 StartH1Fluid: Start
2026-05-18 21:54:20 StartH1Fluid: End
2026-05-18 21:54:28 POS DCU1 : 239.8, Target : 250.0.
2026-05-18 21:54:28 CloseA1Fluid: Start
2026-05-18 21:54:28 CloseA1Fluid: End
2026-05-18 21:54:28 FillDCU (Cycle) time: 10.478s
2026-05-18 21:54:28  mainFillDCU END
2026-05-18 21:57:38 Sequence: FillCart , Time: 17.611s
2026-05-18 21:59:33 StartA1Fluid: Start
2026-05-18 21:59:33 StartA1Fluid: End
2026-05-18 21:59:33 StartH1Fluid: Start
2026-05-18 21:59:34 StartH1Fluid: End
2026-05-18 21:59:38 POS DCU1 : 241.0, Target : 250.0.
2026-05-18 21:59:39 CloseA1Fluid: Start
2026-05-18 21:59:39 CloseA1Fluid: End
2026-05-18 21:59:39 FillDCU (Cycle) time: 7.669s
2026-05-18 21:59:39  mainFillDCU END
2026-05-18 22:07:05 StartA1Fluid: Start
2026-05-18 22:07:05 StartA1Fluid: End
2026-05-18 22:07:05 StartH1Fluid: Start
2026-05-18 22:07:06 StartH1Fluid: End
2026-05-18 22:07:09 POS DCU1 : 239.9, Target : 250.0.
2026-05-18 22:07:09 CloseA1Fluid: Start
2026-05-18 22:07:10 CloseA1Fluid: End
2026-05-18 22:07:10 FillDCU (Cycle) time: 5.931s
2026-05-18 22:07:10  mainFillDCU END
2026-05-18 22:38:39 Sequence: FillCart , Time: 16.91s
2026-05-18 22:38:51 StartA1Fluid: Start
2026-05-18 22:38:51 StartH1Fluid: Start
2026-05-18 22:38:51 StartH1Fluid: End
2026-05-18 22:38:57 CloseA1Fluid: Start
2026-05-18 22:38:57 CloseA1Fluid: End
2026-05-18 22:38:57 FillDCU (Cycle) time: 7.358s
2026-05-18 22:38:57  mainFillDCU END
2026-05-18 22:39:34 Sequence: FillCart , Time: 16.033s
2026-05-18 22:42:27 StartA1Fluid: Start
2026-05-18 22:42:28 StartA1Fluid: End
2026-05-18 22:42:28 StartH1Fluid: Start
2026-05-18 22:42:28 StartH1Fluid: End
2026-05-18 22:42:33 POS DCU1 : 240.5, Target : 250.0.
2026-05-18 22:42:33 CloseA1Fluid: Start
2026-05-18 22:42:33 CloseA1Fluid: End
2026-05-18 22:42:34 FillDCU (Cycle) time: 7.57s
2026-05-18 22:42:34  mainFillDCU END
2026-05-18 22:46:57 --
2026-05-18 22:47:17 Sequence: FillCart , Time: 19.415s
2026-05-18 22:49:00 StartA1Fluid: Start
2026-05-18 22:49:01 StartA1Fluid: End
2026-05-18 22:49:01 StartH1Fluid: Start
2026-05-18 22:49:01 StartH1Fluid: End
2026-05-18 22:49:05 POS DCU1 : 238.3, Target : 250.0.
2026-05-18 22:49:07 CloseA1Fluid: Start
2026-05-18 22:49:07 CloseA1Fluid: End
2026-05-18 22:49:07 FillDCU (Cycle) time: 7.772s
2026-05-18 22:49:07  mainFillDCU END
2026-05-18 22:50:59 Sequence: FillCart , Time: 20.638s
2026-05-18 22:52:37 StartA1Fluid: Start
2026-05-18 22:52:37 StartA1Fluid: End
2026-05-18 22:52:37 StartH1Fluid: Start
2026-05-18 22:52:37 StartH1Fluid: End
2026-05-18 22:52:42 POS DCU1 : 239.5, Target : 250.0.
2026-05-18 22:52:46 CloseA1Fluid: Start
2026-05-18 22:52:46 CloseA1Fluid: End
2026-05-18 22:52:46 FillDCU (Cycle) time: 11.066s
2026-05-18 22:52:46  mainFillDCU END
2026-05-18 22:54:29 Sequence: FillCart , Time: 14.335s
2026-05-18 22:57:32 StartA1Fluid: Start
2026-05-18 22:57:32 StartA1Fluid: End
2026-05-18 22:57:32 StartH1Fluid: Start
2026-05-18 22:57:33 StartH1Fluid: End
2026-05-18 22:57:40 POS DCU1 : 238.2, Target : 250.0.
2026-05-18 22:57:41 CloseA1Fluid: Start
2026-05-18 22:57:41 CloseA1Fluid: End
2026-05-18 22:57:41 FillDCU (Cycle) time: 10.358s
2026-05-18 22:57:41  mainFillDCU END
2026-05-18 23:07:15 Sequence: FillCart , Time: 23.809s
2026-05-18 23:07:25 StartA1Fluid: Start
2026-05-18 23:07:26 StartA1Fluid: End
2026-05-18 23:07:26 StartH1Fluid: Start
2026-05-18 23:07:26 StartH1Fluid: End
2026-05-18 23:07:29 POS DCU1 : 239.1, Target : 250.0.
2026-05-18 23:07:35 CloseA1Fluid: Start
2026-05-18 23:07:35 CloseA1Fluid: End
2026-05-18 23:07:35 FillDCU (Cycle) time: 11.059s
2026-05-18 23:07:35  mainFillDCU END
2026-05-18 23:08:31 Sequence: FillCart , Time: 21.798s
2026-05-18 23:12:00 StartA1Fluid: Start
2026-05-18 23:12:00 StartA1Fluid: End
2026-05-18 23:12:00 StartH1Fluid: Start
2026-05-18 23:12:01 StartH1Fluid: End
2026-05-18 23:12:08 POS DCU1 : 240.7, Target : 250.0.
2026-05-18 23:12:09 CloseA1Fluid: Start
2026-05-18 23:12:10 CloseA1Fluid: End
2026-05-18 23:12:10 FillDCU (Cycle) time: 11.191s
2026-05-18 23:12:10  mainFillDCU END
2026-05-18 23:17:23 Sequence: FillCart , Time: 20.813s
2026-05-18 23:17:35 StartA1Fluid: Start
2026-05-18 23:17:35 StartA1Fluid: End
2026-05-18 23:17:35 StartH1Fluid: Start
2026-05-18 23:17:35 StartH1Fluid: End
2026-05-18 23:17:44 POS DCU1 : 232.8, Target : 250.0.
2026-05-18 23:17:44 CloseA1Fluid: Start
2026-05-18 23:17:44 CloseA1Fluid: End
2026-05-18 23:17:44 FillDCU (Cycle) time: 10.876s
2026-05-18 23:17:44  mainFillDCU END
2026-05-18 23:28:05 Sequence: FillCart , Time: 26.615s
2026-05-18 23:28:16 StartA1Fluid: Start
2026-05-18 23:28:17 StartA1Fluid: End
2026-05-18 23:28:17 StartH1Fluid: Start
2026-05-18 23:28:17 StartH1Fluid: End
2026-05-18 23:28:24 POS DCU1 : 241.2, Target : 250.0.
2026-05-18 23:28:26 CloseA1Fluid: Start
2026-05-18 23:28:26 CloseA1Fluid: End
2026-05-18 23:28:26 FillDCU (Cycle) time: 11.083s
2026-05-18 23:28:26  mainFillDCU END
2026-05-18 23:35:32 Sequence: FillCart , Time: 16.01s
2026-05-18 23:35:44 StartA1Fluid: Start
2026-05-18 23:35:44 StartA1Fluid: End
2026-05-18 23:35:44 StartH1Fluid: Start
2026-05-18 23:35:44 StartH1Fluid: End
2026-05-18 23:35:52 POS DCU1 : 242.2, Target : 250.0.
2026-05-18 23:35:52 CloseA1Fluid: Start
2026-05-18 23:35:53 CloseA1Fluid: End
2026-05-18 23:35:53 FillDCU (Cycle) time: 10.273s
2026-05-18 23:35:53  mainFillDCU END
2026-05-18 23:41:02 Sequence: FillCart , Time: 23.935s
2026-05-18 23:42:48 StartA1Fluid: Start
2026-05-18 23:42:49 StartA1Fluid: End
2026-05-18 23:42:49 StartH1Fluid: Start
2026-05-18 23:42:49 StartH1Fluid: End
2026-05-18 23:42:53 POS DCU1 : 238.0, Target : 250.0.
2026-05-18 23:42:58 CloseA1Fluid: Start
2026-05-18 23:42:58 CloseA1Fluid: End
2026-05-18 23:42:58 FillDCU (Cycle) time: 11.06s
2026-05-18 23:42:58  mainFillDCU END
2026-05-18 23:44:57 Sequence: FillCart , Time: 12.131s
2026-05-18 23:47:41 StartA1Fluid: Start
2026-05-18 23:47:41 StartA1Fluid: End
2026-05-18 23:47:41 StartH1Fluid: Start
2026-05-18 23:47:42 StartH1Fluid: End
2026-05-18 23:47:49 POS DCU1 : 240.3, Target : 250.0.
2026-05-18 23:47:50 CloseA1Fluid: Start
2026-05-18 23:47:50 CloseA1Fluid: End
2026-05-18 23:47:50 FillDCU (Cycle) time: 10.26s
2026-05-18 23:47:50  mainFillDCU END
2026-05-18 23:57:17 Sequence: FillCart , Time: 17.211s
2026-05-18 23:57:28 StartA1Fluid: Start
2026-05-18 23:57:29 StartA1Fluid: End
2026-05-18 23:57:29 StartH1Fluid: Start
2026-05-18 23:57:29 StartH1Fluid: End
2026-05-18 23:57:34 POS DCU1 : 239.7, Target : 250.0.
2026-05-18 23:57:35 CloseA1Fluid: Start
2026-05-18 23:57:35 CloseA1Fluid: End
2026-05-18 23:57:35 FillDCU (Cycle) time: 7.781s
2026-05-18 23:57:35  mainFillDCU END
2026-05-19 00:01:28 Sequence: FillCart , Time: 16.866s
2026-05-19 00:02:44 StartA1Fluid: Start
2026-05-19 00:02:44 StartA1Fluid: End
2026-05-19 00:02:44 StartH1Fluid: Start
2026-05-19 00:02:45 StartH1Fluid: End
2026-05-19 00:02:49 POS DCU1 : 240.4, Target : 250.0.
2026-05-19 00:02:49 CloseA1Fluid: Start
2026-05-19 00:02:50 CloseA1Fluid: End
2026-05-19 00:02:50 FillDCU (Cycle) time: 7.253s
2026-05-19 00:02:50  mainFillDCU END
