2026-05-14 20:18:05  Vol : URUS_PA2_BC2_R31_EXT_2026 Skid: 144 Calcul Vol : 445 Color: 55.
2026-05-14 20:18:05  ---------------------------
2026-05-14 20:29:22 --- Trajectory --- 
2026-05-14 20:29:22 Prog : HURACAN_BC2_R31_Plastic Skid: 111 Paint : 166.
2026-05-14 20:29:22 ------------------ 
2026-05-14 20:33:16 --- Trajectory INT --- 
2026-05-14 20:33:16  HURACAN_BC2_R31_INT " Skid: 131 Paint : 0.
2026-05-14 20:33:16 --- --- 
2026-05-14 20:33:18 --- Trajectory --- 
2026-05-14 20:33:18 Prog : TEM_bc2_r31_int Skid: 131 Paint : 22.
2026-05-14 20:33:18 ------------------ 
2026-05-14 20:35:41 --- Trajectory --- 
2026-05-14 20:35:42 Prog : tem_bc2_r31_ext_new Skid: 131 Paint : 254.
2026-05-14 20:35:42 ------------------ 
2026-05-14 20:53:09 --- Trajectory --- 
2026-05-14 20:53:09 Prog : URUS_PA2_BC2_R31_EXT_2026 Skid: 144 Paint : 402.
2026-05-14 20:53:09 ------------------ 
2026-05-14 20:53:55  Vol : URUS_PA2_R31_Plastic Skid: 67 Calcul Vol : 156 Color: 32.
2026-05-14 20:53:55  ---------------------------
2026-05-14 21:14:45 --- Trajectory --- 
2026-05-14 21:14:45 Prog : URUS_PA2_R31_Plastic Skid: 67 Paint : 153.
2026-05-14 21:14:45 ------------------ 
2026-05-14 22:08:48  Vol : URUS_PA2_R31_Plastic Skid: 192 Calcul Vol : 120 Color: 35.
2026-05-14 22:08:48  ---------------------------
2026-05-14 22:54:14 --- Trajectory --- 
2026-05-14 22:54:14 Prog : URUS_PA2_R31_Plastic Skid: 192 Paint : 114.
2026-05-14 22:54:14 ------------------ 
2026-05-14 23:18:17  Vol : URUS_PA2_BC2_R31_EXT_2026 Skid: 57 Calcul Vol : 571 Color: 11.
2026-05-14 23:18:17  ---------------------------
2026-05-14 23:22:45  Vol : URUS_PA2_BC2_R31_EXT_2026 Skid: 168 Calcul Vol : 545 Color: 35.
2026-05-14 23:22:45  ---------------------------
2026-05-14 23:52:50 --- Trajectory --- 
2026-05-14 23:52:50 Prog : URUS_PA2_BC2_R31_EXT_2026 Skid: 57 Paint : 511.
2026-05-14 23:52:50 ------------------ 
2026-05-14 23:55:22  Vol : URUS_PA2_BC2_R31_EXT_2026 Skid: 144 Calcul Vol : 516 Color: 56.
2026-05-14 23:55:22  ---------------------------
2026-05-14 23:57:47 --- Trajectory --- 
2026-05-14 23:57:47 Prog : URUS_PA2_BC2_R31_EXT_2026 Skid: 168 Paint : 528.
2026-05-14 23:57:47 ------------------ 
2026-05-15 00:04:44  Vol : URUS_PA2_R31_Plastic Skid: 102 Calcul Vol : 330 Color: 26.
2026-05-15 00:04:44  ---------------------------
2026-05-15 00:18:08  Vol : URUS_PA2_BC2_R31_EXT_2026 Skid: 138 Calcul Vol : 586 Color: 16.
2026-05-15 00:18:08  ---------------------------
2026-05-15 00:21:26 --- Trajectory --- 
2026-05-15 00:21:26 Prog : URUS_PA2_BC2_R31_EXT_2026 Skid: 144 Paint : 461.
2026-05-15 00:21:26 ------------------ 
2026-05-15 00:31:45 --- Trajectory --- 
2026-05-15 00:31:45 Prog : URUS_PA2_R31_Plastic Skid: 102 Paint : 320.
2026-05-15 00:31:46 ------------------ 
2026-05-15 00:42:11  Vol : URUS_PA2_BC2_R31_EXT_2026 Skid: 119 Calcul Vol : 498 Color: 32.
2026-05-15 00:42:11  ---------------------------
2026-05-15 00:44:48 --- Trajectory --- 
2026-05-15 00:44:48 Prog : URUS_PA2_BC2_R31_EXT_2026 Skid: 138 Paint : 569.
2026-05-15 00:44:48 ------------------ 
2026-05-15 00:52:42  Vol : URUS_PA2_R31_Plastic Skid: 113 Calcul Vol : 102 Color: 85.
2026-05-15 00:52:42  ---------------------------
2026-05-15 00:55:22  Vol : URUS_PA2_BC2_R31_EXT_2026 Skid: 68 Calcul Vol : 534 Color: 85.
2026-05-15 00:55:22  ---------------------------
2026-05-15 00:59:29  Default Volume : TEM_bc2_r31_int Skid: 60.
2026-05-15 00:59:31  Vol : TEM_bc2_r31_int Skid: 60 Calcul Vol : 600 Color: 13.
2026-05-15 00:59:31  ---------------------------
2026-05-15 00:59:36  Default Volume : tem_bc2_r31_ext_new Skid: 60.
2026-05-15 00:59:37  Vol : tem_bc2_r31_ext_new Skid: 60 Calcul Vol : 600 Color: 13.
2026-05-15 00:59:37  ---------------------------
2026-05-15 01:03:54  Vol : URUS_PA2_R31_Plastic Skid: 67 Calcul Vol : 143 Color: 33.
2026-05-15 01:03:54  ---------------------------
2026-05-15 01:07:34  Vol : URUS_PA2_BC2_R31_EXT_2026 Skid: 133 Calcul Vol : 576 Color: 11.
2026-05-15 01:07:34  ---------------------------
2026-05-15 01:08:45 --- Trajectory --- 
2026-05-15 01:08:45 Prog : URUS_PA2_BC2_R31_EXT_2026 Skid: 119 Paint : 480.
2026-05-15 01:08:45 ------------------ 
2026-05-15 01:12:11  Vol : HURACAN_BC2_R31_Plastic Skid: 155 Calcul Vol : 362 Color: 62.
2026-05-15 01:12:11  ---------------------------
2026-05-15 01:14:34 --- Trajectory --- 
2026-05-15 01:14:34 Prog : URUS_PA2_R31_Plastic Skid: 113 Paint : 98.
2026-05-15 01:14:34 ------------------ 
2026-05-15 01:22:54  Default Volume : TEM_bc2_r31_int Skid: 86.
2026-05-15 01:22:55  Vol : TEM_bc2_r31_int Skid: 86 Calcul Vol : 600 Color: 62.
2026-05-15 01:22:55  ---------------------------
2026-05-15 01:23:00  Default Volume : tem_bc2_r31_ext_new Skid: 86.
2026-05-15 01:23:02  Vol : tem_bc2_r31_ext_new Skid: 86 Calcul Vol : 600 Color: 62.
2026-05-15 01:23:02  ---------------------------
2026-05-15 01:26:10 --- Trajectory --- 
2026-05-15 01:26:10 Prog : URUS_PA2_BC2_R31_EXT_2026 Skid: 68 Paint : 527.
2026-05-15 01:26:10 ------------------ 
2026-05-15 01:27:51 --- Trajectory INT --- 
2026-05-15 01:27:51  HURACAN_BC2_R31_INT " Skid: 60 Paint : 0.
2026-05-15 01:27:51 --- --- 
2026-05-15 01:27:53 --- Trajectory --- 
2026-05-15 01:27:53 Prog : TEM_bc2_r31_int Skid: 60 Paint : 30.
2026-05-15 01:27:53 ------------------ 
2026-05-15 01:29:45 --- Trajectory --- 
2026-05-15 01:29:45 Prog : tem_bc2_r31_ext_new Skid: 60 Paint : 229.
2026-05-15 01:29:45 ------------------ 
2026-05-15 01:33:33 --- Trajectory --- 
2026-05-15 01:33:33 Prog : URUS_PA2_R31_Plastic Skid: 67 Paint : 140.
2026-05-15 01:33:34 ------------------ 
2026-05-15 01:39:45 --- Trajectory --- 
2026-05-15 01:39:45 Prog : URUS_PA2_BC2_R31_EXT_2026 Skid: 133 Paint : 559.
2026-05-15 01:39:45 ------------------ 
2026-05-15 01:55:05 --- Trajectory --- 
2026-05-15 01:55:05 Prog : HURACAN_BC2_R31_Plastic Skid: 155 Paint : 293.
2026-05-15 01:55:05 ------------------ 
2026-05-15 02:02:52 --- Trajectory INT --- 
2026-05-15 02:02:52  HURACAN_BC2_R31_INT " Skid: 86 Paint : 0.
2026-05-15 02:02:52 --- --- 
2026-05-15 02:02:55 --- Trajectory --- 
2026-05-15 02:02:55 Prog : TEM_bc2_r31_int Skid: 86 Paint : 38.
2026-05-15 02:02:55 ------------------ 
2026-05-15 02:05:18 --- Trajectory --- 
2026-05-15 02:05:18 Prog : tem_bc2_r31_ext_new Skid: 86 Paint : 403.
2026-05-15 02:05:18 ------------------ 
2026-05-15 02:42:40  Vol : HURACAN_BC2_R31_Plastic Skid: 110 Calcul Vol : 167 Color: 53.
2026-05-15 02:42:40  ---------------------------
2026-05-15 02:46:17  Vol : URUS_PA2_BC2_R31_EXT_2026 Skid: 103 Calcul Vol : 576 Color: 11.
2026-05-15 02:46:17  ---------------------------
2026-05-15 03:02:53 --- Trajectory --- 
2026-05-15 03:02:53 Prog : HURACAN_BC2_R31_Plastic Skid: 110 Paint : 132.
2026-05-15 03:02:53 ------------------ 
2026-05-15 03:13:16  Vol : HURACAN_BC2_R31_Plastic Skid: 45 Calcul Vol : 218 Color: 112.
2026-05-15 03:13:16  ---------------------------
2026-05-15 03:17:00 --- Trajectory --- 
2026-05-15 03:17:00 Prog : URUS_PA2_BC2_R31_EXT_2026 Skid: 103 Paint : 559.
2026-05-15 03:17:00 ------------------ 
2026-05-15 03:23:58  Default Volume : TEM_bc2_r31_int Skid: 237.
2026-05-15 03:24:00  Vol : TEM_bc2_r31_int Skid: 237 Calcul Vol : 600 Color: 112.
2026-05-15 03:24:00  ---------------------------
2026-05-15 03:24:05  Default Volume : tem_bc2_r31_ext_new Skid: 237.
2026-05-15 03:24:06  Vol : tem_bc2_r31_ext_new Skid: 237 Calcul Vol : 600 Color: 112.
2026-05-15 03:24:06  ---------------------------
2026-05-15 03:32:49 --- Trajectory --- 
2026-05-15 03:32:49 Prog : HURACAN_BC2_R31_Plastic Skid: 45 Paint : 159.
2026-05-15 03:32:49 ------------------ 
2026-05-15 03:33:20  Vol : HURACAN_BC2_R31_Plastic Skid: 111 Calcul Vol : 147 Color: 53.
2026-05-15 03:33:20  ---------------------------
2026-05-15 03:50:47  Default Volume : TEM_bc2_r31_int Skid: 207.
2026-05-15 03:50:49  Vol : TEM_bc2_r31_int Skid: 207 Calcul Vol : 600 Color: 53.
2026-05-15 03:50:49  ---------------------------
2026-05-15 03:50:54  Default Volume : tem_bc2_r31_ext_new Skid: 207.
2026-05-15 03:50:55  Vol : tem_bc2_r31_ext_new Skid: 207 Calcul Vol : 600 Color: 53.
2026-05-15 03:50:55  ---------------------------
2026-05-15 03:51:16 --- Trajectory INT --- 
2026-05-15 03:51:16  HURACAN_BC2_R31_INT " Skid: 237 Paint : 0.
2026-05-15 03:51:16 --- --- 
2026-05-15 03:51:19 --- Trajectory --- 
2026-05-15 03:51:19 Prog : TEM_bc2_r31_int Skid: 237 Paint : 28.
2026-05-15 03:51:19 ------------------ 
2026-05-15 03:53:42 --- Trajectory --- 
2026-05-15 03:53:42 Prog : tem_bc2_r31_ext_new Skid: 237 Paint : 335.
2026-05-15 03:53:42 ------------------ 
2026-05-15 03:56:12 --- Trajectory --- 
2026-05-15 03:56:12 Prog : HURACAN_BC2_R31_Plastic Skid: 111 Paint : 102.
2026-05-15 03:56:12 ------------------ 
2026-05-15 04:02:06  Vol : URUS_PA2_BC2_R31_EXT_2026 Skid: 119 Calcul Vol : 621 Color: 33.
2026-05-15 04:02:06  ---------------------------
2026-05-15 04:05:43  Vol : URUS_PA2_BC2_R31_EXT_2026 Skid: 50 Calcul Vol : 480 Color: 26.
2026-05-15 04:05:43  ---------------------------
2026-05-15 04:11:37  Vol : HURACAN_BC2_R31_Plastic Skid: 46 Calcul Vol : 237 Color: 106.
2026-05-15 04:11:37  ---------------------------
2026-05-15 04:17:21 --- Trajectory INT --- 
2026-05-15 04:17:21  HURACAN_BC2_R31_INT " Skid: 207 Paint : 0.
2026-05-15 04:17:21 --- --- 
2026-05-15 04:17:24 --- Trajectory --- 
2026-05-15 04:17:24 Prog : TEM_bc2_r31_int Skid: 207 Paint : 22.
2026-05-15 04:17:24 ------------------ 
2026-05-15 04:19:47 --- Trajectory --- 
2026-05-15 04:19:47 Prog : tem_bc2_r31_ext_new Skid: 207 Paint : 254.
2026-05-15 04:19:47 ------------------ 
2026-05-15 04:29:34 --- Trajectory --- 
2026-05-15 04:29:34 Prog : URUS_PA2_BC2_R31_EXT_2026 Skid: 119 Paint : 604.
2026-05-15 04:29:34 ------------------ 
2026-05-15 05:41:18 --- Trajectory --- 
2026-05-15 05:41:18 Prog : HURACAN_BC2_R31_Plastic Skid: 15652 Paint : 202.
2026-05-15 05:41:18 ------------------ 
2026-05-15 06:09:44 --- Trajectory --- 
2026-05-15 06:09:44 Prog : URUS_PA2_BC2_R31_EXT_2026 Skid: 50 Paint : 462.
2026-05-15 06:09:44 ------------------ 
2026-05-15 06:13:11 --- Trajectory --- 
2026-05-15 06:13:11 Prog : HURACAN_BC2_R31_Plastic Skid: 46 Paint : 182.
2026-05-15 06:13:11 ------------------ 
2026-05-15 07:07:08  Default Volume : TEM_bc2_r31_int Skid: 230.
2026-05-15 07:07:09  Vol : TEM_bc2_r31_int Skid: 230 Calcul Vol : 600 Color: 106.
2026-05-15 07:07:09  ---------------------------
2026-05-15 07:07:14  Default Volume : tem_bc2_r31_ext_new Skid: 230.
2026-05-15 07:07:16  Vol : tem_bc2_r31_ext_new Skid: 230 Calcul Vol : 600 Color: 106.
2026-05-15 07:07:16  ---------------------------
2026-05-15 07:22:43  Vol : HURACAN_BC2_R31_Plastic Skid: 45 Calcul Vol : 301 Color: 113.
2026-05-15 07:22:43  ---------------------------
2026-05-15 07:26:17  Default Volume : TEM_bc2_r31_int Skid: 237.
2026-05-15 07:26:18  Vol : TEM_bc2_r31_int Skid: 237 Calcul Vol : 600 Color: 113.
2026-05-15 07:26:18  ---------------------------
2026-05-15 07:26:23  Default Volume : tem_bc2_r31_ext_new Skid: 237.
2026-05-15 07:26:25  Vol : tem_bc2_r31_ext_new Skid: 237 Calcul Vol : 600 Color: 113.
2026-05-15 07:26:25  ---------------------------
2026-05-15 07:29:51 --- Trajectory INT --- 
2026-05-15 07:29:51  HURACAN_BC2_R31_INT " Skid: 230 Paint : 0.
2026-05-15 07:29:51 --- --- 
2026-05-15 07:29:53 --- Trajectory --- 
2026-05-15 07:29:53 Prog : TEM_bc2_r31_int Skid: 230 Paint : 28.
2026-05-15 07:29:53 ------------------ 
2026-05-15 07:32:17 --- Trajectory --- 
2026-05-15 07:32:17 Prog : tem_bc2_r31_ext_new Skid: 230 Paint : 331.
2026-05-15 07:32:17 ------------------ 
2026-05-15 07:55:35  Vol : URUS_PA2_R31_Plastic Skid: 175 Calcul Vol : 208 Color: 9.
2026-05-15 07:55:35  ---------------------------
2026-05-15 07:56:44 --- Trajectory --- 
2026-05-15 07:56:44 Prog : HURACAN_BC2_R31_Plastic Skid: 45 Paint : 224.
2026-05-15 07:56:44 ------------------ 
2026-05-15 08:00:43 --- Trajectory INT --- 
2026-05-15 08:00:43  HURACAN_BC2_R31_INT " Skid: 237 Paint : 0.
2026-05-15 08:00:43 --- --- 
2026-05-15 08:00:46 --- Trajectory --- 
2026-05-15 08:00:46 Prog : TEM_bc2_r31_int Skid: 237 Paint : 37.
2026-05-15 08:00:46 ------------------ 
2026-05-15 08:03:09 --- Trajectory --- 
2026-05-15 08:03:09 Prog : tem_bc2_r31_ext_new Skid: 237 Paint : 454.
2026-05-15 08:03:09 ------------------ 
2026-05-15 08:10:26  Vol : URUS_PA2_R31_Plastic Skid: 101 Calcul Vol : 122 Color: 20.
2026-05-15 08:10:26  ---------------------------
2026-05-15 08:13:03 --- Trajectory --- 
2026-05-15 08:13:03 Prog : URUS_PA2_R31_Plastic Skid: 175 Paint : 203.
2026-05-15 08:13:03 ------------------ 
2026-05-15 08:23:10  Vol : URUS_PA2_R31_Plastic Skid: 180 Calcul Vol : 214 Color: 27.
2026-05-15 08:23:10  ---------------------------
2026-05-15 08:30:37  Vol : URUS_PA2_R31_Plastic Skid: 22 Calcul Vol : 125 Color: 158.
2026-05-15 08:30:37  ---------------------------
2026-05-15 08:32:35 --- Trajectory --- 
2026-05-15 08:32:35 Prog : URUS_PA2_R31_Plastic Skid: 101 Paint : 116.
2026-05-15 08:32:35 ------------------ 
2026-05-15 08:35:36  Vol : URUS_PA2_BC2_R31_EXT_2026 Skid: 51 Calcul Vol : 706 Color: 158.
2026-05-15 08:35:36  ---------------------------
2026-05-15 08:41:27 --- Trajectory --- 
2026-05-15 08:41:27 Prog : URUS_PA2_R31_Plastic Skid: 180 Paint : 209.
2026-05-15 08:41:27 ------------------ 
2026-05-15 08:56:15 --- Trajectory --- 
2026-05-15 08:56:15 Prog : URUS_PA2_R31_Plastic Skid: 22 Paint : 124.
2026-05-15 08:56:15 ------------------ 
2026-05-15 09:03:54 --- Trajectory --- 
2026-05-15 09:03:54 Prog : URUS_PA2_BC2_R31_EXT_2026 Skid: 51 Paint : 704.
2026-05-15 09:03:54 ------------------ 
2026-05-15 09:15:25  Vol : URUS_PA2_BC2_R31_EXT_2026 Skid: 99 Calcul Vol : 534 Color: 99.
2026-05-15 09:15:25  ---------------------------
2026-05-15 09:43:01 --- Trajectory --- 
2026-05-15 09:43:01 Prog : URUS_PA2_BC2_R31_EXT_2026 Skid: 99 Paint : 136.
2026-05-15 09:43:01 ------------------ 
2026-05-15 10:47:45  Vol : HURACAN_BC2_R31_Plastic Skid: 157 Calcul Vol : 157 Color: 97.
2026-05-15 10:47:45  ---------------------------
2026-05-15 10:51:48  Vol : URUS_PA2_R31_Plastic Skid: 192 Calcul Vol : 324 Color: 102.
2026-05-15 10:51:48  ---------------------------
2026-05-15 11:18:30 --- Trajectory --- 
2026-05-15 11:18:30 Prog : URUS_PA2_R31_Plastic Skid: 192 Paint : 315.
2026-05-15 11:18:30 ------------------ 
2026-05-15 11:18:44  Vol : URUS_PA2_BC2_R31_EXT_2026 Skid: 134 Calcul Vol : 514 Color: 9.
2026-05-15 11:18:44  ---------------------------
2026-05-15 11:42:38 --- Trajectory --- 
2026-05-15 11:42:38 Prog : URUS_PA2_BC2_R31_EXT_2026 Skid: 134 Paint : 496.
2026-05-15 11:42:38 ------------------ 
2026-05-15 11:47:20  Default Volume : TEM_bc2_r31_int Skid: 86.
2026-05-15 11:47:22  Vol : TEM_bc2_r31_int Skid: 86 Calcul Vol : 600 Color: 62.
2026-05-15 11:47:22  ---------------------------
2026-05-15 11:47:27  Default Volume : tem_bc2_r31_ext_new Skid: 86.
2026-05-15 11:47:28  Vol : tem_bc2_r31_ext_new Skid: 86 Calcul Vol : 600 Color: 62.
2026-05-15 11:47:28  ---------------------------
2026-05-15 12:06:31  Vol : HURACAN_BC2_R31_Plastic Skid: 194 Calcul Vol : 235 Color: 154.
2026-05-15 12:06:31  ---------------------------
2026-05-15 12:09:44  Default Volume : TEM_bc2_r31_int Skid: 195.
2026-05-15 12:09:45  Vol : TEM_bc2_r31_int Skid: 195 Calcul Vol : 600 Color: 154.
2026-05-15 12:09:45  ---------------------------
2026-05-15 12:09:50  Default Volume : tem_bc2_r31_ext_new Skid: 195.
2026-05-15 12:09:52  Vol : tem_bc2_r31_ext_new Skid: 195 Calcul Vol : 600 Color: 154.
2026-05-15 12:09:52  ---------------------------
2026-05-15 12:10:34 --- Trajectory --- 
2026-05-15 12:10:34 Prog : TEM_bc2_r31_int Skid: 86 Paint : 0.
2026-05-15 12:10:34 ------------------ 
2026-05-15 12:11:15 --- Trajectory --- 
2026-05-15 12:11:15 Prog : tem_bc2_r31_ext_new Skid: 86 Paint : 0.
2026-05-15 12:11:15 ------------------ 
2026-05-15 12:28:27 --- Trajectory --- 
2026-05-15 12:28:27 Prog : HURACAN_BC2_R31_Plastic Skid: 194 Paint : 178.
2026-05-15 12:28:27 ------------------ 
2026-05-15 12:31:59 --- Trajectory INT --- 
2026-05-15 12:31:59  HURACAN_BC2_R31_INT " Skid: 195 Paint : 0.
2026-05-15 12:31:59 --- --- 
2026-05-15 12:32:02 --- Trajectory --- 
2026-05-15 12:32:02 Prog : TEM_bc2_r31_int Skid: 195 Paint : 22.
2026-05-15 12:32:02 ------------------ 
2026-05-15 12:34:25 --- Trajectory --- 
2026-05-15 12:34:25 Prog : tem_bc2_r31_ext_new Skid: 195 Paint : 313.
2026-05-15 12:34:25 ------------------ 
2026-05-18 04:08:59 --- Trajectory --- 
2026-05-18 04:08:59 Prog : tem_bc2_r31_ext_new Skid: 15653 Paint : 321.
2026-05-18 04:08:59 ------------------ 
2026-05-18 04:14:03 --- Trajectory --- 
2026-05-18 04:14:03 Prog : URUS_PA2_R31_Plastic Skid: 15654 Paint : 301.
2026-05-18 04:14:03 ------------------ 
2026-05-18 05:58:12  Vol : URUS_PA2_BC2_R31_EXT_2026 Skid: 37 Calcul Vol : 418 Color: 20.
2026-05-18 05:58:12  ---------------------------
2026-05-18 06:19:32  Vol : URUS_PA2_BC2_R31_EXT_2026 Skid: 105 Calcul Vol : 756 Color: 27.
2026-05-18 06:19:32  ---------------------------
2026-05-18 06:34:54 --- Trajectory --- 
2026-05-18 06:34:54 Prog : URUS_PA2_BC2_R31_EXT_2026 Skid: 37 Paint : 399.
2026-05-18 06:34:54 ------------------ 
2026-05-18 06:36:15  Vol : URUS_PA2_R31_Plastic Skid: 113 Calcul Vol : 129 Color: 105.
2026-05-18 06:36:15  ---------------------------
2026-05-18 06:43:41 --- Trajectory --- 
2026-05-18 06:43:41 Prog : URUS_PA2_BC2_R31_EXT_2026 Skid: 105 Paint : 741.
2026-05-18 06:43:41 ------------------ 
2026-05-18 07:00:25  Vol : URUS_PA2_BC2_R31_EXT_2026 Skid: 153 Calcul Vol : 614 Color: 102.
2026-05-18 07:00:25  ---------------------------
2026-05-18 07:11:30  Vol : URUS_PA2_BC2_R31_EXT_2026 Skid: 244 Calcul Vol : 557 Color: 96.
2026-05-18 07:11:30  ---------------------------
2026-05-18 07:29:26  Vol : URUS_PA2_BC2_R31_EXT_2026 Skid: 144 Calcul Vol : 559 Color: 145.
2026-05-18 07:29:26  ---------------------------
2026-05-18 07:40:18 --- Trajectory --- 
2026-05-18 07:40:18 Prog : URUS_PA2_R31_Plastic Skid: 113 Paint : 122.
2026-05-18 07:40:18 ------------------ 
2026-05-18 09:05:59 --- Trajectory --- 
2026-05-18 09:05:59 Prog : URUS_PA2_BC2_R31_EXT_2026 Skid: 153 Paint : 598.
2026-05-18 09:05:59 ------------------ 
2026-05-18 09:10:52 --- Trajectory --- 
2026-05-18 09:10:52 Prog : URUS_PA2_BC2_R31_EXT_2026 Skid: 244 Paint : 540.
2026-05-18 09:10:52 ------------------ 
2026-05-18 09:20:16 --- Trajectory --- 
2026-05-18 09:20:16 Prog : URUS_PA2_BC2_R31_EXT_2026 Skid: 144 Paint : 224.
2026-05-18 09:20:16 ------------------ 
2026-05-18 09:41:38  Default Volume : TEM_bc2_r31_int Skid: 24.
2026-05-18 09:41:40  Vol : TEM_bc2_r31_int Skid: 24 Calcul Vol : 600 Color: 16.
2026-05-18 09:41:40  ---------------------------
2026-05-18 09:41:45  Default Volume : tem_bc2_r31_ext_new Skid: 24.
2026-05-18 09:41:46  Vol : tem_bc2_r31_ext_new Skid: 24 Calcul Vol : 600 Color: 16.
2026-05-18 09:41:46  ---------------------------
2026-05-18 10:12:04  Vol : URUS_PA2_R31_Plastic Skid: 240 Calcul Vol : 92 Color: 9.
2026-05-18 10:12:04  ---------------------------
2026-05-18 10:19:40  Default Volume : TEM_bc2_r31_int Skid: 33.
2026-05-18 10:19:41  Vol : TEM_bc2_r31_int Skid: 33 Calcul Vol : 600 Color: 97.
2026-05-18 10:19:41  ---------------------------
2026-05-18 10:19:47  Default Volume : tem_bc2_r31_ext_new Skid: 33.
2026-05-18 10:19:48  Vol : tem_bc2_r31_ext_new Skid: 33 Calcul Vol : 600 Color: 97.
2026-05-18 10:19:48  ---------------------------
2026-05-18 10:22:45 --- Trajectory INT --- 
2026-05-18 10:22:45  HURACAN_BC2_R31_INT " Skid: 24 Paint : 0.
2026-05-18 10:22:45 --- --- 
2026-05-18 10:22:48 --- Trajectory --- 
2026-05-18 10:22:48 Prog : TEM_bc2_r31_int Skid: 24 Paint : 30.
2026-05-18 10:22:48 ------------------ 
2026-05-18 10:24:40 --- Trajectory --- 
2026-05-18 10:24:40 Prog : tem_bc2_r31_ext_new Skid: 24 Paint : 200.
2026-05-18 10:24:40 ------------------ 
2026-05-18 10:40:58 --- Trajectory --- 
2026-05-18 10:40:58 Prog : URUS_PA2_R31_Plastic Skid: 240 Paint : 90.
2026-05-18 10:40:58 ------------------ 
2026-05-18 10:46:43 --- Trajectory INT --- 
2026-05-18 10:46:43  HURACAN_BC2_R31_INT " Skid: 33 Paint : 0.
2026-05-18 10:46:43 --- --- 
2026-05-18 10:46:45 --- Trajectory --- 
2026-05-18 10:46:45 Prog : TEM_bc2_r31_int Skid: 33 Paint : 28.
2026-05-18 10:46:45 ------------------ 
2026-05-18 10:49:08 --- Trajectory --- 
2026-05-18 10:49:08 Prog : tem_bc2_r31_ext_new Skid: 33 Paint : 323.
2026-05-18 10:49:08 ------------------ 
2026-05-18 11:16:48  Vol : URUS_PA2_BC2_R31_EXT_2026 Skid: 57 Calcul Vol : 580 Color: 12.
2026-05-18 11:16:48  ---------------------------
2026-05-18 11:25:41  Vol : URUS_PA2_BC2_R31_EXT_2026 Skid: 149 Calcul Vol : 534 Color: 105.
2026-05-18 11:25:41  ---------------------------
2026-05-18 11:36:21  Vol : URUS_PA2_R31_Plastic Skid: 22 Calcul Vol : 650 Color: 159.
2026-05-18 11:36:21  ---------------------------
2026-05-18 11:40:14  Vol : URUS_PA2_BC2_R31_EXT_2026 Skid: 51 Calcul Vol : 650 Color: 159.
2026-05-18 11:40:14  ---------------------------
2026-05-18 11:41:26 --- Trajectory --- 
2026-05-18 11:41:26 Prog : URUS_PA2_BC2_R31_EXT_2026 Skid: 57 Paint : 563.
2026-05-18 11:41:26 ------------------ 
2026-05-18 11:52:08 --- Trajectory --- 
2026-05-18 11:52:08 Prog : URUS_PA2_BC2_R31_EXT_2026 Skid: 149 Paint : 517.
2026-05-18 11:52:08 ------------------ 
2026-05-18 12:10:05  Vol : URUS_PA2_BC2_R31_EXT_2026 Skid: 144 Calcul Vol : 562 Color: 146.
2026-05-18 12:10:05  ---------------------------
2026-05-18 12:19:40  Vol : URUS_PA2_R31_Plastic Skid: 180 Calcul Vol : 401 Color: 102.
2026-05-18 12:19:40  ---------------------------
2026-05-18 12:34:42 --- Trajectory --- 
2026-05-18 12:34:42 Prog : URUS_PA2_BC2_R31_EXT_2026 Skid: 144 Paint : 224.
2026-05-18 12:34:42 ------------------ 
2026-05-18 12:43:36 --- Trajectory --- 
2026-05-18 12:43:36 Prog : URUS_PA2_R31_Plastic Skid: 180 Paint : 392.
2026-05-18 12:43:36 ------------------ 
2026-05-18 13:19:56  Vol : URUS_PA2_R31_Plastic Skid: 67 Calcul Vol : 111 Color: 20.
2026-05-18 13:19:56  ---------------------------
2026-05-18 13:25:10  Vol : URUS_PA2_R31_Plastic Skid: 2 Calcul Vol : 86 Color: 99.
2026-05-18 13:25:10  ---------------------------
2026-05-18 13:28:14  Vol : URUS_PA2_BC2_R31_EXT_2026 Skid: 232 Calcul Vol : 529 Color: 99.
2026-05-18 13:28:14  ---------------------------
2026-05-18 13:45:01  Vol : URUS_PA2_R31_Plastic Skid: 101 Calcul Vol : 122 Color: 34.
2026-05-18 13:45:01  ---------------------------
2026-05-18 14:08:18 --- Trajectory --- 
2026-05-18 14:08:18 Prog : URUS_PA2_R31_Plastic Skid: 67 Paint : 106.
2026-05-18 14:08:18 ------------------ 
2026-05-18 14:11:32 --- Trajectory --- 
2026-05-18 14:11:32 Prog : URUS_PA2_R31_Plastic Skid: 2 Paint : 81.
2026-05-18 14:11:32 ------------------ 
2026-05-18 14:17:38  Vol : URUS_PA2_R31_Plastic Skid: 22 Calcul Vol : 100 Color: 159.
2026-05-18 14:17:38  ---------------------------
2026-05-18 14:18:15 --- Trajectory --- 
2026-05-18 14:18:15 Prog : URUS_PA2_BC2_R31_EXT_2026 Skid: 232 Paint : 463.
2026-05-18 14:18:15 ------------------ 
2026-05-18 14:21:54 --- Trajectory --- 
2026-05-18 14:21:54 Prog : URUS_PA2_R31_Plastic Skid: 101 Paint : 116.
2026-05-18 14:21:54 ------------------ 
2026-05-18 14:22:28  Vol : URUS_PA2_BC2_R31_EXT_2026 Skid: 51 Calcul Vol : 567 Color: 159.
2026-05-18 14:22:28  ---------------------------
2026-05-18 15:08:29 --- Trajectory --- 
2026-05-18 15:08:29 Prog : URUS_PA2_R31_Plastic Skid: 22 Paint : 98.
2026-05-18 15:08:29 ------------------ 
2026-05-18 15:14:58 --- Trajectory --- 
2026-05-18 15:14:58 Prog : URUS_PA2_BC2_R31_EXT_2026 Skid: 51 Paint : 551.
2026-05-18 15:14:58 ------------------ 
2026-05-18 15:23:25  Vol : URUS_PA2_BC2_R31_EXT_2026 Skid: 219 Calcul Vol : 510 Color: 9.
2026-05-18 15:23:25  ---------------------------
2026-05-18 15:27:33  Vol : URUS_PA2_R31_Plastic Skid: 169 Calcul Vol : 125 Color: 158.
2026-05-18 15:27:33  ---------------------------
2026-05-18 15:54:09 --- Trajectory --- 
2026-05-18 15:54:09 Prog : URUS_PA2_BC2_R31_EXT_2026 Skid: 219 Paint : 451.
2026-05-18 15:54:09 ------------------ 
2026-05-18 15:56:59 --- Trajectory --- 
2026-05-18 15:56:59 Prog : URUS_PA2_R31_Plastic Skid: 169 Paint : 124.
2026-05-18 15:56:59 ------------------ 
2026-05-18 16:29:59  Vol : HURACAN_BC2_R31_Plastic Skid: 46 Calcul Vol : 158 Color: 34.
2026-05-18 16:29:59  ---------------------------
2026-05-18 16:35:49  Default Volume : TEM_bc2_r31_int Skid: 139.
2026-05-18 16:35:51  Vol : TEM_bc2_r31_int Skid: 139 Calcul Vol : 600 Color: 34.
2026-05-18 16:35:51  ---------------------------
2026-05-18 16:35:56  Default Volume : tem_bc2_r31_ext_new Skid: 139.
2026-05-18 16:35:57  Vol : tem_bc2_r31_ext_new Skid: 139 Calcul Vol : 600 Color: 34.
2026-05-18 16:35:57  ---------------------------
2026-05-18 16:57:31  Default Volume : TEM_bc2_r31_int Skid: 33.
2026-05-18 16:57:32  Vol : TEM_bc2_r31_int Skid: 33 Calcul Vol : 600 Color: 97.
2026-05-18 16:57:32  ---------------------------
2026-05-18 16:57:38  Default Volume : tem_bc2_r31_ext_new Skid: 33.
2026-05-18 16:57:39  Vol : tem_bc2_r31_ext_new Skid: 33 Calcul Vol : 600 Color: 97.
2026-05-18 16:57:39  ---------------------------
2026-05-18 17:28:39  Vol : URUS_PA2_BC2_R31_EXT_2026 Skid: 163 Calcul Vol : 418 Color: 20.
2026-05-18 17:28:39  ---------------------------
2026-05-18 17:31:36 --- Trajectory --- 
2026-05-18 17:31:36 Prog : HURACAN_BC2_R31_Plastic Skid: 46 Paint : 116.
2026-05-18 17:31:36 ------------------ 
2026-05-18 17:36:30  Vol : URUS_PA2_BC2_R31_EXT_2026 Skid: 29 Calcul Vol : 495 Color: 34.
2026-05-18 17:36:30  ---------------------------
2026-05-18 17:41:44 --- Trajectory INT --- 
2026-05-18 17:41:44  HURACAN_BC2_R31_INT " Skid: 139 Paint : 0.
2026-05-18 17:41:44 --- --- 
2026-05-18 17:41:46 --- Trajectory --- 
2026-05-18 17:41:46 Prog : TEM_bc2_r31_int Skid: 139 Paint : 17.
2026-05-18 17:41:46 ------------------ 
2026-05-18 17:44:09 --- Trajectory --- 
2026-05-18 17:44:09 Prog : tem_bc2_r31_ext_new Skid: 139 Paint : 217.
2026-05-18 17:44:09 ------------------ 
2026-05-18 17:54:14  Vol : URUS_PA2_BC2_R31_EXT_2026 Skid: 218 Calcul Vol : 614 Color: 102.
2026-05-18 17:54:14  ---------------------------
2026-05-18 17:57:34 --- Trajectory --- 
2026-05-18 17:57:34 Prog : TEM_bc2_r31_int Skid: 33 Paint : 0.
2026-05-18 17:57:34 ------------------ 
2026-05-18 17:59:11 --- Trajectory --- 
2026-05-18 17:59:11 Prog : tem_bc2_r31_ext_new Skid: 33 Paint : 64.
2026-05-18 17:59:11 ------------------ 
2026-05-18 18:10:51 --- Trajectory --- 
2026-05-18 18:10:51 Prog : URUS_PA2_BC2_R31_EXT_2026 Skid: 163 Paint : 399.
2026-05-18 18:10:51 ------------------ 
2026-05-18 18:18:00 --- Trajectory --- 
2026-05-18 18:18:00 Prog : URUS_PA2_BC2_R31_EXT_2026 Skid: 29 Paint : 477.
2026-05-18 18:18:00 ------------------ 
2026-05-18 18:26:47 --- Trajectory --- 
2026-05-18 18:26:47 Prog : URUS_PA2_BC2_R31_EXT_2026 Skid: 218 Paint : 598.
2026-05-18 18:26:47 ------------------ 
2026-05-18 18:57:35  Vol : URUS_PA2_R31_Plastic Skid: 169 Calcul Vol : 100 Color: 159.
2026-05-18 18:57:35  ---------------------------
2026-05-18 19:05:10  Default Volume : TEM_bc2_r31_int Skid: 12.
2026-05-18 19:05:12  Vol : TEM_bc2_r31_int Skid: 12 Calcul Vol : 600 Color: 27.
2026-05-18 19:05:12  ---------------------------
2026-05-18 19:05:17  Default Volume : tem_bc2_r31_ext_new Skid: 12.
2026-05-18 19:05:18  Vol : tem_bc2_r31_ext_new Skid: 12 Calcul Vol : 600 Color: 27.
2026-05-18 19:05:18  ---------------------------
2026-05-18 19:17:03 --- Trajectory --- 
2026-05-18 19:17:03 Prog : URUS_PA2_R31_Plastic Skid: 169 Paint : 98.
2026-05-18 19:17:03 ------------------ 
2026-05-18 19:20:37  Vol : URUS_PA2_R31_Plastic Skid: 101 Calcul Vol : 142 Color: 35.
2026-05-18 19:20:37  ---------------------------
2026-05-18 19:29:17  Vol : URUS_PA2_BC2_R31_EXT_2026 Skid: 37 Calcul Vol : 418 Color: 20.
2026-05-18 19:29:17  ---------------------------
2026-05-18 19:29:44 --- Trajectory --- 
2026-05-18 19:29:44 Prog : TEM_bc2_r31_int Skid: 12 Paint : 0.
2026-05-18 19:29:44 ------------------ 
2026-05-18 19:30:43 --- Trajectory --- 
2026-05-18 19:30:43 Prog : tem_bc2_r31_ext_new Skid: 12 Paint : 55.
2026-05-18 19:30:43 ------------------ 
2026-05-18 19:40:13  Vol : URUS_PA2_R31_Plastic Skid: 106 Calcul Vol : 90 Color: 41.
2026-05-18 19:40:13  ---------------------------
2026-05-18 19:49:05  Vol : URUS_PA2_BC2_R31_EXT_2026 Skid: 171 Calcul Vol : 617 Color: 41.
2026-05-18 19:49:05  ---------------------------
2026-05-18 19:53:51 --- Trajectory --- 
2026-05-18 19:53:51 Prog : URUS_PA2_R31_Plastic Skid: 101 Paint : 136.
2026-05-18 19:53:51 ------------------ 
2026-05-18 20:11:56 --- Trajectory --- 
2026-05-18 20:11:56 Prog : URUS_PA2_BC2_R31_EXT_2026 Skid: 37 Paint : 399.
2026-05-18 20:11:56 ------------------ 
2026-05-18 20:14:44 --- Trajectory --- 
2026-05-18 20:14:44 Prog : URUS_PA2_R31_Plastic Skid: 106 Paint : 89.
2026-05-18 20:14:44 ------------------ 
2026-05-18 20:17:28  Vol : URUS_PA2_R31_Plastic Skid: 102 Calcul Vol : 123 Color: 20.
2026-05-18 20:17:28  ---------------------------
2026-05-18 20:21:36 --- Trajectory --- 
2026-05-18 20:21:36 Prog : URUS_PA2_BC2_R31_EXT_2026 Skid: 171 Paint : 550.
2026-05-18 20:21:36 ------------------ 
2026-05-18 20:22:20  Vol : URUS_PA2_R31_Plastic Skid: 175 Calcul Vol : 94 Color: 55.
2026-05-18 20:22:20  ---------------------------
2026-05-18 20:25:58  Vol : URUS_PA2_BC2_R31_EXT_2026 Skid: 133 Calcul Vol : 445 Color: 55.
2026-05-18 20:25:58  ---------------------------
2026-05-18 20:50:06 --- Trajectory --- 
2026-05-18 20:50:06 Prog : URUS_PA2_R31_Plastic Skid: 102 Paint : 116.
2026-05-18 20:50:06 ------------------ 
2026-05-18 20:53:03 --- Trajectory --- 
2026-05-18 20:53:03 Prog : URUS_PA2_R31_Plastic Skid: 175 Paint : 90.
2026-05-18 20:53:03 ------------------ 
2026-05-18 20:59:40 --- Trajectory --- 
2026-05-18 20:59:40 Prog : URUS_PA2_BC2_R31_EXT_2026 Skid: 133 Paint : 402.
2026-05-18 20:59:40 ------------------ 
2026-05-18 21:09:04  Vol : URUS_PA2_R31_Plastic Skid: 186 Calcul Vol : 144 Color: 112.
2026-05-18 21:09:04  ---------------------------
2026-05-18 21:15:22  Vol : URUS_PA2_BC2_R31_EXT_2026 Skid: 103 Calcul Vol : 630 Color: 112.
2026-05-18 21:15:22  ---------------------------
2026-05-18 21:42:35 --- Trajectory --- 
2026-05-18 21:42:35 Prog : URUS_PA2_R31_Plastic Skid: 186 Paint : 141.
2026-05-18 21:42:35 ------------------ 
2026-05-18 21:50:20 --- Trajectory --- 
2026-05-18 21:50:20 Prog : URUS_PA2_BC2_R31_EXT_2026 Skid: 103 Paint : 614.
2026-05-18 21:50:20 ------------------ 
2026-05-18 21:55:16  Vol : HURACAN_BC2_R31_Plastic Skid: 46 Calcul Vol : 229 Color: 35.
2026-05-18 21:55:16  ---------------------------
2026-05-18 21:59:11  Default Volume : TEM_bc2_r31_int Skid: 139.
2026-05-18 21:59:12  Vol : TEM_bc2_r31_int Skid: 139 Calcul Vol : 600 Color: 35.
2026-05-18 21:59:12  ---------------------------
2026-05-18 21:59:17  Default Volume : tem_bc2_r31_ext_new Skid: 139.
2026-05-18 21:59:19  Vol : tem_bc2_r31_ext_new Skid: 139 Calcul Vol : 600 Color: 35.
2026-05-18 21:59:19  ---------------------------
2026-05-18 22:21:13 --- Trajectory --- 
2026-05-18 22:21:13 Prog : HURACAN_BC2_R31_Plastic Skid: 46 Paint : 178.
2026-05-18 22:21:13 ------------------ 
2026-05-18 22:49:06  Vol : URUS_PA2_R31_Plastic Skid: 201 Calcul Vol : 0 Color: 137.
2026-05-18 22:49:06  ---------------------------
2026-05-18 22:54:32 --- Trajectory INT --- 
2026-05-18 22:54:32  HURACAN_BC2_R31_INT " Skid: 139 Paint : 0.
2026-05-18 22:54:32 --- --- 
2026-05-18 22:54:35 --- Trajectory --- 
2026-05-18 22:54:35 Prog : TEM_bc2_r31_int Skid: 139 Paint : 22.
2026-05-18 22:54:35 ------------------ 
2026-05-18 22:56:57 --- Trajectory --- 
2026-05-18 22:56:57 Prog : tem_bc2_r31_ext_new Skid: 139 Paint : 277.
2026-05-18 22:56:57 ------------------ 
2026-05-18 23:03:49  Vol : URUS_PA2_BC2_R31_EXT_2026 Skid: 29 Calcul Vol : 545 Color: 35.
2026-05-18 23:03:49  ---------------------------
2026-05-18 23:15:35 --- Trajectory --- 
2026-05-18 23:15:35 Prog : URUS_PA2_R31_Plastic Skid: 201 Paint : 0.
2026-05-18 23:15:35 ------------------ 
2026-05-18 23:17:43  Vol : URUS_PA2_R31_Plastic Skid: 231 Calcul Vol : 351 Color: 112.
2026-05-18 23:17:43  ---------------------------
2026-05-18 23:25:04  Vol : HURACAN_BC2_R31_Plastic Skid: 111 Calcul Vol : 190 Color: 20.
2026-05-18 23:25:04  ---------------------------
2026-05-18 23:28:59  Default Volume : TEM_bc2_r31_int Skid: 152.
2026-05-18 23:29:01  Vol : TEM_bc2_r31_int Skid: 152 Calcul Vol : 600 Color: 20.
2026-05-18 23:29:01  ---------------------------
2026-05-18 23:29:06  Default Volume : tem_bc2_r31_ext_new Skid: 152.
2026-05-18 23:29:07  Vol : tem_bc2_r31_ext_new Skid: 152 Calcul Vol : 600 Color: 20.
2026-05-18 23:29:07  ---------------------------
2026-05-18 23:38:11 --- Trajectory --- 
2026-05-18 23:38:11 Prog : URUS_PA2_BC2_R31_EXT_2026 Skid: 29 Paint : 528.
2026-05-18 23:38:11 ------------------ 
2026-05-18 23:42:09  Vol : HURACAN_BC2_R31_Plastic Skid: 157 Calcul Vol : 159 Color: 34.
2026-05-18 23:42:09  ---------------------------
2026-05-18 23:44:26 --- Trajectory --- 
2026-05-18 23:44:26 Prog : URUS_PA2_R31_Plastic Skid: 231 Paint : 342.
2026-05-18 23:44:26 ------------------ 
2026-05-18 23:47:52  Default Volume : TEM_bc2_r31_int Skid: 148.
2026-05-18 23:47:54  Vol : TEM_bc2_r31_int Skid: 148 Calcul Vol : 600 Color: 34.
2026-05-18 23:47:54  ---------------------------
2026-05-18 23:47:59  Default Volume : tem_bc2_r31_ext_new Skid: 148.
2026-05-18 23:48:00  Vol : tem_bc2_r31_ext_new Skid: 148 Calcul Vol : 600 Color: 34.
2026-05-18 23:48:00  ---------------------------
2026-05-18 23:50:44 --- Trajectory --- 
2026-05-18 23:50:44 Prog : HURACAN_BC2_R31_Plastic Skid: 111 Paint : 145.
2026-05-18 23:50:44 ------------------ 
2026-05-18 23:56:30 --- Trajectory INT --- 
2026-05-18 23:56:30  HURACAN_BC2_R31_INT " Skid: 152 Paint : 0.
2026-05-18 23:56:30 --- --- 
2026-05-18 23:56:32 --- Trajectory --- 
2026-05-18 23:56:32 Prog : TEM_bc2_r31_int Skid: 152 Paint : 17.
2026-05-18 23:56:32 ------------------ 
2026-05-18 23:58:55 --- Trajectory --- 
