2026-05-18 18:02:37 StartA1Fluid: Start
2026-05-18 18:02:38 StartA1Fluid: End
2026-05-18 18:02:38 StartH1Fluid: Start
2026-05-18 18:02:38 StartH1Fluid: End
2026-05-18 18:02:42 POS DCU1 : 239.4, Target : 250.0.
2026-05-18 18:02:43 CloseA1Fluid: Start
2026-05-18 18:02:43 CloseA1Fluid: End
2026-05-18 18:02:43 FillDCU (Cycle) time: 7.254s
2026-05-18 18:02:43  mainFillDCU END
2026-05-18 18:04:18 StartA1Fluid: Start
2026-05-18 18:04:19 StartA1Fluid: End
2026-05-18 18:04:19 StartH1Fluid: Start
2026-05-18 18:04:19 StartH1Fluid: End
2026-05-18 18:04:23 POS DCU1 : 238.3, Target : 250.0.
2026-05-18 18:04:27 CloseA1Fluid: Start
2026-05-18 18:04:27 CloseA1Fluid: End
2026-05-18 18:04:28 FillDCU (Cycle) time: 10.541s
2026-05-18 18:04:28  mainFillDCU END
2026-05-18 18:07:08 StartA1Fluid: Start
2026-05-18 18:07:08 StartA1Fluid: End
2026-05-18 18:07:08 StartH1Fluid: Start
2026-05-18 18:07:09 StartH1Fluid: End
2026-05-18 18:07:16 POS DCU1 : 243.0, Target : 250.0.
2026-05-18 18:07:20 CloseA1Fluid: Start
2026-05-18 18:07:20 CloseA1Fluid: End
2026-05-18 18:07:20 FillDCU (Cycle) time: 13.225s
2026-05-18 18:07:20  mainFillDCU END
2026-05-18 18:10:30 --
2026-05-18 18:11:24 StartA1Fluid: Start
2026-05-18 18:11:25 StartA1Fluid: End
2026-05-18 18:11:25 StartH1Fluid: Start
2026-05-18 18:11:25 StartH1Fluid: End
2026-05-18 18:11:30 POS DCU1 : 242.0, Target : 250.0.
2026-05-18 18:11:31 CloseA1Fluid: Start
2026-05-18 18:11:31 CloseA1Fluid: End
2026-05-18 18:11:31 FillDCU (Cycle) time: 7.811s
2026-05-18 18:11:31  mainFillDCU END
2026-05-18 18:13:05 StartA1Fluid: Start
2026-05-18 18:13:05 StartA1Fluid: End
2026-05-18 18:13:05 StartH1Fluid: Start
2026-05-18 18:13:06 StartH1Fluid: End
2026-05-18 18:13:10 POS DCU1 : 239.2, Target : 250.0.
2026-05-18 18:13:13 CloseA1Fluid: Start
2026-05-18 18:13:13 CloseA1Fluid: End
2026-05-18 18:13:13 FillDCU (Cycle) time: 9.702s
2026-05-18 18:13:13  mainFillDCU END
2026-05-18 18:15:27 --
2026-05-18 18:16:29 StartA1Fluid: Start
2026-05-18 18:16:30 StartA1Fluid: End
2026-05-18 18:16:30 StartH1Fluid: Start
2026-05-18 18:16:30 StartH1Fluid: End
2026-05-18 18:16:36 POS DCU1 : 237.9, Target : 250.0.
2026-05-18 18:16:37 CloseA1Fluid: Start
2026-05-18 18:16:38 CloseA1Fluid: End
2026-05-18 18:16:38 FillDCU (Cycle) time: 9.692s
2026-05-18 18:16:38  mainFillDCU END
2026-05-18 18:18:15 StartA1Fluid: Start
2026-05-18 18:18:16 StartA1Fluid: End
2026-05-18 18:18:16 StartH1Fluid: Start
2026-05-18 18:18:16 StartH1Fluid: End
2026-05-18 18:18:22 POS DCU1 : 240.1, Target : 250.0.
2026-05-18 18:18:23 CloseA1Fluid: Start
2026-05-18 18:18:23 CloseA1Fluid: End
2026-05-18 18:18:23 FillDCU (Cycle) time: 9.558s
2026-05-18 18:18:23  mainFillDCU END
2026-05-18 18:20:08 --
2026-05-18 18:22:15 StartA1Fluid: Start
2026-05-18 18:22:15 StartA1Fluid: End
2026-05-18 18:22:15 StartH1Fluid: Start
2026-05-18 18:22:16 StartH1Fluid: End
2026-05-18 18:22:21 POS DCU1 : 240.1, Target : 250.0.
2026-05-18 18:22:22 CloseA1Fluid: Start
2026-05-18 18:22:22 CloseA1Fluid: End
2026-05-18 18:22:23 FillDCU (Cycle) time: 8.884s
2026-05-18 18:22:23  mainFillDCU END
2026-05-18 18:23:44 --
2026-05-18 18:27:18 StartA1Fluid: Start
2026-05-18 18:27:18 StartA1Fluid: End
2026-05-18 18:27:18 StartH1Fluid: Start
2026-05-18 18:27:18 StartH1Fluid: End
2026-05-18 18:27:25 POS DCU1 : 228.7, Target : 250.0.
2026-05-18 18:27:25 CloseA1Fluid: Start
2026-05-18 18:27:25 CloseA1Fluid: End
2026-05-18 18:27:26 FillDCU (Cycle) time: 9.092s
2026-05-18 18:27:26  mainFillDCU END
2026-05-18 18:34:25 --
2026-05-18 18:35:01 StartA1Fluid: Start
2026-05-18 18:35:01 StartA1Fluid: End
2026-05-18 18:35:01 StartH1Fluid: Start
2026-05-18 18:35:02 StartH1Fluid: End
2026-05-18 18:35:07 POS DCU1 : 239.7, Target : 250.0.
2026-05-18 18:35:12 CloseA1Fluid: Start
2026-05-18 18:35:13 CloseA1Fluid: End
2026-05-18 18:35:13 FillDCU (Cycle) time: 13.012s
2026-05-18 18:35:13  mainFillDCU END
2026-05-18 18:36:01 --
2026-05-18 18:40:54 StartA1Fluid: Start
2026-05-18 18:40:54 StartA1Fluid: End
2026-05-18 18:40:54 StartH1Fluid: Start
2026-05-18 18:40:55 StartH1Fluid: End
2026-05-18 18:40:57 POS DCU1 : 240.2, Target : 250.0.
2026-05-18 18:40:58 CloseA1Fluid: Start
2026-05-18 18:40:58 CloseA1Fluid: End
2026-05-18 18:40:58 FillDCU (Cycle) time: 5.561s
2026-05-18 18:40:58  mainFillDCU END
2026-05-18 18:45:14 --
2026-05-18 18:45:39 StartA1Fluid: Start
2026-05-18 18:45:39 StartA1Fluid: End
2026-05-18 18:45:39 StartH1Fluid: Start
2026-05-18 18:45:40 StartH1Fluid: End
2026-05-18 18:45:42 POS DCU1 : 242.8, Target : 250.0.
2026-05-18 18:45:42 CloseA1Fluid: Start
2026-05-18 18:45:42 CloseA1Fluid: End
2026-05-18 18:45:43 FillDCU (Cycle) time: 4.95s
2026-05-18 18:45:43  mainFillDCU END
2026-05-18 18:47:09 StartA1Fluid: Start
2026-05-18 18:47:10 StartA1Fluid: End
2026-05-18 18:47:10 StartH1Fluid: Start
2026-05-18 18:47:10 StartH1Fluid: End
2026-05-18 18:47:12 POS DCU1 : 242.5, Target : 250.0.
2026-05-18 18:47:18 CloseA1Fluid: Start
2026-05-18 18:47:18 CloseA1Fluid: End
2026-05-18 18:47:18 FillDCU (Cycle) time: 9.767s
2026-05-18 18:47:18  mainFillDCU END
2026-05-18 18:50:42 --
2026-05-18 18:51:45 StartA1Fluid: Start
2026-05-18 18:51:45 StartA1Fluid: End
2026-05-18 18:51:45 StartH1Fluid: Start
2026-05-18 18:51:46 StartH1Fluid: End
2026-05-18 18:51:52 POS DCU1 : 241.9, Target : 250.0.
2026-05-18 18:51:54 CloseA1Fluid: Start
2026-05-18 18:51:54 CloseA1Fluid: End
2026-05-18 18:51:54 FillDCU (Cycle) time: 10.319s
2026-05-18 18:51:54  mainFillDCU END
2026-05-18 18:54:46 StartA1Fluid: Start
2026-05-18 18:54:47 StartA1Fluid: End
2026-05-18 18:54:47 StartH1Fluid: Start
2026-05-18 18:54:47 StartH1Fluid: End
2026-05-18 18:54:54 POS DCU1 : 237.5, Target : 250.0.
2026-05-18 18:54:58 CloseA1Fluid: Start
2026-05-18 18:54:58 CloseA1Fluid: End
2026-05-18 18:54:58 FillDCU (Cycle) time: 13.236s
2026-05-18 18:54:58  mainFillDCU END
2026-05-18 18:56:58 --
2026-05-18 18:57:25 StartA1Fluid: Start
2026-05-18 18:57:26 StartA1Fluid: End
2026-05-18 18:57:26 StartH1Fluid: Start
2026-05-18 18:57:26 StartH1Fluid: End
2026-05-18 18:57:30 POS DCU1 : 239.2, Target : 250.0.
2026-05-18 18:57:31 CloseA1Fluid: Start
2026-05-18 18:57:31 CloseA1Fluid: End
2026-05-18 18:57:32 FillDCU (Cycle) time: 7.357s
2026-05-18 18:57:32  mainFillDCU END
2026-05-18 18:59:05 StartA1Fluid: Start
2026-05-18 18:59:06 StartA1Fluid: End
2026-05-18 18:59:06 StartH1Fluid: Start
2026-05-18 18:59:06 StartH1Fluid: End
2026-05-18 18:59:10 POS DCU1 : 240.8, Target : 250.0.
2026-05-18 18:59:15 CloseA1Fluid: Start
2026-05-18 18:59:15 CloseA1Fluid: End
2026-05-18 18:59:15 FillDCU (Cycle) time: 10.608s
2026-05-18 18:59:15  mainFillDCU END
2026-05-18 19:01:32 StartA1Fluid: Start
2026-05-18 19:01:32 StartA1Fluid: End
2026-05-18 19:01:32 StartH1Fluid: Start
2026-05-18 19:01:32 StartH1Fluid: End
2026-05-18 19:01:40 POS DCU1 : 237.7, Target : 250.0.
2026-05-18 19:01:40 CloseA1Fluid: Start
2026-05-18 19:01:40 CloseA1Fluid: End
2026-05-18 19:01:40 FillDCU (Cycle) time: 9.792s
2026-05-18 19:01:40  mainFillDCU END
2026-05-18 19:03:33 StartA1Fluid: Start
2026-05-18 19:03:33 StartH1Fluid: Start
2026-05-18 19:03:33 StartH1Fluid: End
2026-05-18 19:03:36 CloseA1Fluid: Start
2026-05-18 19:03:36 CloseA1Fluid: End
2026-05-18 19:03:36 FillDCU (Cycle) time: 4.492s
2026-05-18 19:03:36  mainFillDCU END
2026-05-18 19:05:16 StartA1Fluid: Start
2026-05-18 19:05:16 StartA1Fluid: End
2026-05-18 19:05:16 StartH1Fluid: Start
2026-05-18 19:05:17 StartH1Fluid: End
2026-05-18 19:05:18 POS DCU1 : 238.6, Target : 250.0.
2026-05-18 19:05:24 CloseA1Fluid: Start
2026-05-18 19:05:24 CloseA1Fluid: End
2026-05-18 19:05:24 FillDCU (Cycle) time: 9.63s
2026-05-18 19:05:24  mainFillDCU END
2026-05-18 19:09:44 --
2026-05-18 19:10:46 StartA1Fluid: Start
2026-05-18 19:10:47 StartA1Fluid: End
2026-05-18 19:10:47 StartH1Fluid: Start
2026-05-18 19:10:47 StartH1Fluid: End
2026-05-18 19:10:53 POS DCU1 : 241.5, Target : 250.0.
2026-05-18 19:10:55 CloseA1Fluid: Start
2026-05-18 19:10:55 CloseA1Fluid: End
2026-05-18 19:10:55 FillDCU (Cycle) time: 9.66s
2026-05-18 19:10:55  mainFillDCU END
2026-05-18 19:12:32 StartA1Fluid: Start
2026-05-18 19:12:33 StartA1Fluid: End
2026-05-18 19:12:33 StartH1Fluid: Start
2026-05-18 19:12:33 StartH1Fluid: End
2026-05-18 19:12:39 POS DCU1 : 240.9, Target : 250.0.
2026-05-18 19:12:44 CloseA1Fluid: Start
2026-05-18 19:12:44 CloseA1Fluid: End
2026-05-18 19:12:44 FillDCU (Cycle) time: 13.33s
2026-05-18 19:12:44  mainFillDCU END
2026-05-18 19:14:04 --
2026-05-18 19:14:44 StartA1Fluid: Start
2026-05-18 19:14:45 StartA1Fluid: End
2026-05-18 19:14:45 StartH1Fluid: Start
2026-05-18 19:14:45 StartH1Fluid: End
2026-05-18 19:14:47 POS DCU1 : 242.3, Target : 250.0.
2026-05-18 19:14:50 CloseA1Fluid: Start
2026-05-18 19:14:50 CloseA1Fluid: End
2026-05-18 19:14:50 FillDCU (Cycle) time: 6.91s
2026-05-18 19:14:50  mainFillDCU END
2026-05-18 19:34:44 StartA1Fluid: Start
2026-05-18 19:34:44 StartH1Fluid: Start
2026-05-18 19:34:45 StartH1Fluid: End
2026-05-18 19:34:49 CloseA1Fluid: Start
2026-05-18 19:34:49 CloseA1Fluid: End
2026-05-18 19:34:49 FillDCU (Cycle) time: 5.743s
2026-05-18 19:34:49  mainFillDCU END
2026-05-18 19:37:44 StartA1Fluid: Start
2026-05-18 19:37:45 StartA1Fluid: End
2026-05-18 19:37:45 StartH1Fluid: Start
2026-05-18 19:37:45 StartH1Fluid: End
2026-05-18 19:37:48 POS DCU1 : 238.2, Target : 250.0.
2026-05-18 19:37:49 CloseA1Fluid: Start
2026-05-18 19:37:49 CloseA1Fluid: End
2026-05-18 19:37:50 FillDCU (Cycle) time: 6.567s
2026-05-18 19:37:50  mainFillDCU END
2026-05-18 19:43:31 StartA1Fluid: Start
2026-05-18 19:43:32 StartA1Fluid: End
2026-05-18 19:43:32 StartH1Fluid: Start
2026-05-18 19:43:32 StartH1Fluid: End
2026-05-18 19:43:35 POS DCU1 : 239.6, Target : 250.0.
2026-05-18 19:43:40 CloseA1Fluid: Start
2026-05-18 19:43:40 CloseA1Fluid: End
2026-05-18 19:43:40 FillDCU (Cycle) time: 10.456s
2026-05-18 19:43:40  mainFillDCU END
2026-05-18 19:47:39 --
2026-05-18 19:48:40 StartA1Fluid: Start
2026-05-18 19:48:41 StartA1Fluid: End
2026-05-18 19:48:41 StartH1Fluid: Start
2026-05-18 19:48:41 StartH1Fluid: End
2026-05-18 19:48:48 POS DCU1 : 241.6, Target : 250.0.
2026-05-18 19:48:49 CloseA1Fluid: Start
2026-05-18 19:48:49 CloseA1Fluid: End
2026-05-18 19:48:49 FillDCU (Cycle) time: 10.271s
2026-05-18 19:48:49  mainFillDCU END
2026-05-18 19:50:57 StartA1Fluid: Start
2026-05-18 19:50:58 StartA1Fluid: End
2026-05-18 19:50:58 StartH1Fluid: Start
2026-05-18 19:50:58 StartH1Fluid: End
2026-05-18 19:51:05 POS DCU1 : 242.0, Target : 250.0.
2026-05-18 19:51:09 CloseA1Fluid: Start
2026-05-18 19:51:09 CloseA1Fluid: End
2026-05-18 19:51:09 FillDCU (Cycle) time: 13.172s
2026-05-18 19:51:09  mainFillDCU END
2026-05-18 19:55:31 --
2026-05-18 19:56:32 StartA1Fluid: Start
2026-05-18 19:56:33 StartA1Fluid: End
2026-05-18 19:56:33 StartH1Fluid: Start
2026-05-18 19:56:33 StartH1Fluid: End
2026-05-18 19:56:36 POS DCU1 : 237.8, Target : 250.0.
2026-05-18 19:56:36 CloseA1Fluid: Start
2026-05-18 19:56:36 CloseA1Fluid: End
2026-05-18 19:56:37 FillDCU (Cycle) time: 5.472s
2026-05-18 19:56:37  mainFillDCU END
2026-05-18 19:59:16 StartA1Fluid: Start
2026-05-18 19:59:16 StartA1Fluid: End
2026-05-18 19:59:16 StartH1Fluid: Start
2026-05-18 19:59:17 StartH1Fluid: End
2026-05-18 19:59:19 POS DCU1 : 237.7, Target : 250.0.
2026-05-18 19:59:20 CloseA1Fluid: Start
2026-05-18 19:59:20 CloseA1Fluid: End
2026-05-18 19:59:20 FillDCU (Cycle) time: 5.207s
2026-05-18 19:59:20  mainFillDCU END
2026-05-18 20:03:19 StartA1Fluid: Start
2026-05-18 20:03:19 StartA1Fluid: End
2026-05-18 20:03:19 StartH1Fluid: Start
2026-05-18 20:03:19 StartH1Fluid: End
2026-05-18 20:03:21 POS DCU1 : 239.3, Target : 250.0.
2026-05-18 20:03:30 CloseA1Fluid: Start
2026-05-18 20:03:31 CloseA1Fluid: End
2026-05-18 20:03:31 FillDCU (Cycle) time: 13.262s
2026-05-18 20:03:31  mainFillDCU END
2026-05-18 20:05:21 --
2026-05-18 20:06:21 StartA1Fluid: Start
2026-05-18 20:06:22 StartA1Fluid: End
2026-05-18 20:06:22 StartH1Fluid: Start
2026-05-18 20:06:22 StartH1Fluid: End
2026-05-18 20:06:27 POS DCU1 : 239.5, Target : 250.0.
2026-05-18 20:06:29 CloseA1Fluid: Start
2026-05-18 20:06:29 CloseA1Fluid: End
2026-05-18 20:06:29 FillDCU (Cycle) time: 9.236s
2026-05-18 20:06:29  mainFillDCU END
2026-05-18 20:09:42 StartA1Fluid: Start
2026-05-18 20:09:43 StartA1Fluid: End
2026-05-18 20:09:43 StartH1Fluid: Start
2026-05-18 20:09:43 StartH1Fluid: End
2026-05-18 20:09:49 POS DCU1 : 239.3, Target : 250.0.
2026-05-18 20:09:51 CloseA1Fluid: Start
2026-05-18 20:09:51 CloseA1Fluid: End
2026-05-18 20:09:51 FillDCU (Cycle) time: 10.549s
2026-05-18 20:09:51  mainFillDCU END
2026-05-18 20:12:33 --
2026-05-18 20:13:52 StartA1Fluid: Start
2026-05-18 20:13:52 StartA1Fluid: End
2026-05-18 20:13:52 StartH1Fluid: Start
2026-05-18 20:13:52 StartH1Fluid: End
2026-05-18 20:14:00 POS DCU1 : 237.7, Target : 250.0.
2026-05-18 20:14:01 CloseA1Fluid: Start
2026-05-18 20:14:01 CloseA1Fluid: End
2026-05-18 20:14:01 FillDCU (Cycle) time: 10.611s
2026-05-18 20:14:01  mainFillDCU END
2026-05-18 20:19:07 StartA1Fluid: Start
2026-05-18 20:19:07 StartA1Fluid: End
2026-05-18 20:19:07 StartH1Fluid: Start
2026-05-18 20:19:07 StartH1Fluid: End
2026-05-18 20:19:14 POS DCU1 : 242.2, Target : 250.0.
2026-05-18 20:19:18 CloseA1Fluid: Start
2026-05-18 20:19:19 CloseA1Fluid: End
2026-05-18 20:19:19 FillDCU (Cycle) time: 13.306s
2026-05-18 20:19:19  mainFillDCU END
2026-05-18 20:20:29 --
2026-05-18 20:21:22 StartA1Fluid: Start
2026-05-18 20:21:23 StartA1Fluid: End
2026-05-18 20:21:23 StartH1Fluid: Start
2026-05-18 20:21:23 StartH1Fluid: End
2026-05-18 20:21:28 POS DCU1 : 237.7, Target : 250.0.
2026-05-18 20:21:28 CloseA1Fluid: Start
2026-05-18 20:21:28 CloseA1Fluid: End
2026-05-18 20:21:29 FillDCU (Cycle) time: 7.432s
2026-05-18 20:21:29  mainFillDCU END
2026-05-18 20:26:14 StartA1Fluid: Start
2026-05-18 20:26:14 StartA1Fluid: End
2026-05-18 20:26:14 StartH1Fluid: Start
2026-05-18 20:26:14 StartH1Fluid: End
2026-05-18 20:26:18 POS DCU1 : 241.7, Target : 250.0.
2026-05-18 20:26:23 CloseA1Fluid: Start
2026-05-18 20:26:23 CloseA1Fluid: End
2026-05-18 20:26:23 FillDCU (Cycle) time: 10.58s
2026-05-18 20:26:23  mainFillDCU END
2026-05-18 20:33:32 StartA1Fluid: Start
2026-05-18 20:33:33 StartA1Fluid: End
2026-05-18 20:33:33 StartH1Fluid: Start
2026-05-18 20:33:33 StartH1Fluid: End
2026-05-18 20:33:40 POS DCU1 : 239.7, Target : 250.0.
2026-05-18 20:33:40 CloseA1Fluid: Start
2026-05-18 20:33:41 CloseA1Fluid: End
2026-05-18 20:33:41 FillDCU (Cycle) time: 9.745s
2026-05-18 20:33:41  mainFillDCU END
2026-05-18 20:37:27 StartA1Fluid: Start
2026-05-18 20:37:28 StartA1Fluid: End
2026-05-18 20:37:28 StartH1Fluid: Start
2026-05-18 20:37:28 StartH1Fluid: End
2026-05-18 20:37:31 POS DCU1 : 240.3, Target : 250.0.
2026-05-18 20:37:32 CloseA1Fluid: Start
2026-05-18 20:37:32 CloseA1Fluid: End
2026-05-18 20:37:32 FillDCU (Cycle) time: 5.736s
2026-05-18 20:37:32  mainFillDCU END
2026-05-18 20:41:46 StartA1Fluid: Start
2026-05-18 20:41:46 StartA1Fluid: End
2026-05-18 20:41:46 StartH1Fluid: Start
2026-05-18 20:41:46 StartH1Fluid: End
2026-05-18 20:41:49 POS DCU1 : 240.9, Target : 250.0.
2026-05-18 20:41:57 CloseA1Fluid: Start
2026-05-18 20:41:58 CloseA1Fluid: End
2026-05-18 20:41:58 FillDCU (Cycle) time: 13.194s
2026-05-18 20:41:58  mainFillDCU END
2026-05-18 20:43:22 --
2026-05-18 20:44:24 StartA1Fluid: Start
2026-05-18 20:44:25 StartA1Fluid: End
2026-05-18 20:44:25 StartH1Fluid: Start
2026-05-18 20:44:25 StartH1Fluid: End
2026-05-18 20:44:28 POS DCU1 : 240.6, Target : 250.0.
2026-05-18 20:44:32 CloseA1Fluid: Start
2026-05-18 20:44:32 CloseA1Fluid: End
2026-05-18 20:44:32 FillDCU (Cycle) time: 8.833s
2026-05-18 20:44:32  mainFillDCU END
2026-05-18 20:45:25 --
2026-05-18 20:46:05 StartA1Fluid: Start
2026-05-18 20:46:06 StartA1Fluid: End
2026-05-18 20:46:06 StartH1Fluid: Start
2026-05-18 20:46:06 StartH1Fluid: End
2026-05-18 20:46:12 POS DCU1 : 237.7, Target : 250.0.
2026-05-18 20:46:14 CloseA1Fluid: Start
2026-05-18 20:46:14 CloseA1Fluid: End
2026-05-18 20:46:14 FillDCU (Cycle) time: 9.905s
2026-05-18 20:46:14  mainFillDCU END
2026-05-18 20:48:28 --
2026-05-18 20:49:31 StartA1Fluid: Start
2026-05-18 20:49:32 StartA1Fluid: End
2026-05-18 20:49:32 StartH1Fluid: Start
2026-05-18 20:49:32 StartH1Fluid: End
2026-05-18 20:49:38 POS DCU1 : 243.4, Target : 250.0.
2026-05-18 20:49:40 CloseA1Fluid: Start
2026-05-18 20:49:40 CloseA1Fluid: End
2026-05-18 20:49:40 FillDCU (Cycle) time: 10.262s
2026-05-18 20:49:40  mainFillDCU END
2026-05-18 20:50:31 --
2026-05-18 20:51:17 StartA1Fluid: Start
2026-05-18 20:51:18 StartA1Fluid: End
2026-05-18 20:51:18 StartH1Fluid: Start
2026-05-18 20:51:18 StartH1Fluid: End
2026-05-18 20:51:25 POS DCU1 : 243.0, Target : 250.0.
2026-05-18 20:51:25 CloseA1Fluid: Start
2026-05-18 20:51:26 CloseA1Fluid: End
2026-05-18 20:51:26 FillDCU (Cycle) time: 9.456s
2026-05-18 20:51:26  mainFillDCU END
2026-05-18 20:52:45 --
2026-05-18 20:55:33 StartA1Fluid: Start
2026-05-18 20:55:34 StartA1Fluid: End
2026-05-18 20:55:34 StartH1Fluid: Start
2026-05-18 20:55:34 StartH1Fluid: End
2026-05-18 20:55:38 POS DCU1 : 238.7, Target : 250.0.
2026-05-18 20:55:45 CloseA1Fluid: Start
2026-05-18 20:55:45 CloseA1Fluid: End
2026-05-18 20:55:45 FillDCU (Cycle) time: 13.237s
2026-05-18 20:55:45  mainFillDCU END
2026-05-18 20:56:56 --
2026-05-18 20:58:44 StartA1Fluid: Start
2026-05-18 20:58:44 StartA1Fluid: End
2026-05-18 20:58:44 StartH1Fluid: Start
2026-05-18 20:58:45 StartH1Fluid: End
2026-05-18 20:58:50 POS DCU1 : 239.2, Target : 250.0.
2026-05-18 20:58:50 CloseA1Fluid: Start
2026-05-18 20:58:51 CloseA1Fluid: End
2026-05-18 20:58:51 FillDCU (Cycle) time: 8.254s
2026-05-18 20:58:51  mainFillDCU END
2026-05-18 21:00:40 StartA1Fluid: Start
2026-05-18 21:00:40 StartA1Fluid: End
2026-05-18 21:00:40 StartH1Fluid: Start
2026-05-18 21:00:40 StartH1Fluid: End
2026-05-18 21:00:44 POS DCU1 : 238.6, Target : 250.0.
2026-05-18 21:00:44 CloseA1Fluid: Start
2026-05-18 21:00:44 CloseA1Fluid: End
2026-05-18 21:00:44 FillDCU (Cycle) time: 5.537s
2026-05-18 21:00:44  mainFillDCU END
2026-05-18 21:08:09 StartA1Fluid: Start
2026-05-18 21:08:09 StartA1Fluid: End
2026-05-18 21:08:09 StartH1Fluid: Start
2026-05-18 21:08:09 StartH1Fluid: End
2026-05-18 21:08:11 POS DCU1 : 243.1, Target : 250.0.
2026-05-18 21:08:17 CloseA1Fluid: Start
2026-05-18 21:08:17 CloseA1Fluid: End
2026-05-18 21:08:17 FillDCU (Cycle) time: 9.758s
2026-05-18 21:08:17  mainFillDCU END
2026-05-18 21:13:32 --
2026-05-18 21:14:35 StartA1Fluid: Start
2026-05-18 21:14:36 StartA1Fluid: End
2026-05-18 21:14:36 StartH1Fluid: Start
2026-05-18 21:14:36 StartH1Fluid: End
2026-05-18 21:14:42 POS DCU1 : 241.8, Target : 250.0.
2026-05-18 21:14:44 CloseA1Fluid: Start
2026-05-18 21:14:44 CloseA1Fluid: End
2026-05-18 21:14:44 FillDCU (Cycle) time: 10.387s
2026-05-18 21:14:44  mainFillDCU END
2026-05-18 21:27:41 StartA1Fluid: Start
2026-05-18 21:27:42 StartA1Fluid: End
2026-05-18 21:27:42 StartH1Fluid: Start
2026-05-18 21:27:42 StartH1Fluid: End
2026-05-18 21:27:49 POS DCU1 : 242.9, Target : 250.0.
2026-05-18 21:27:49 CloseA1Fluid: Start
2026-05-18 21:27:49 CloseA1Fluid: End
2026-05-18 21:27:49 FillDCU (Cycle) time: 9.382s
2026-05-18 21:27:49  mainFillDCU END
2026-05-18 21:28:52 --
2026-05-18 21:30:14 StartA1Fluid: Start
2026-05-18 21:30:15 StartA1Fluid: End
2026-05-18 21:30:15 StartH1Fluid: Start
2026-05-18 21:30:15 StartH1Fluid: End
2026-05-18 21:30:17 POS DCU1 : 238.5, Target : 250.0.
2026-05-18 21:30:26 CloseA1Fluid: Start
2026-05-18 21:30:26 CloseA1Fluid: End
2026-05-18 21:30:26 FillDCU (Cycle) time: 13.283s
2026-05-18 21:30:26  mainFillDCU END
2026-05-18 21:34:01 --
2026-05-18 21:35:05 StartA1Fluid: Start
2026-05-18 21:35:05 StartA1Fluid: End
2026-05-18 21:35:05 StartH1Fluid: Start
2026-05-18 21:35:05 StartH1Fluid: End
2026-05-18 21:35:10 POS DCU1 : 239.3, Target : 250.0.
2026-05-18 21:35:10 CloseA1Fluid: Start
2026-05-18 21:35:10 CloseA1Fluid: End
2026-05-18 21:35:10 FillDCU (Cycle) time: 6.912s
2026-05-18 21:35:10  mainFillDCU END
2026-05-18 21:36:34 --
2026-05-18 21:37:12 StartA1Fluid: Start
2026-05-18 21:37:12 StartA1Fluid: End
2026-05-18 21:37:12 StartH1Fluid: Start
2026-05-18 21:37:12 StartH1Fluid: End
2026-05-18 21:37:16 POS DCU1 : 242.3, Target : 250.0.
2026-05-18 21:37:23 CloseA1Fluid: Start
2026-05-18 21:37:23 CloseA1Fluid: End
2026-05-18 21:37:24 FillDCU (Cycle) time: 13.14s
2026-05-18 21:37:24  mainFillDCU END
2026-05-18 21:41:07 --
2026-05-18 21:42:12 StartA1Fluid: Start
2026-05-18 21:42:12 StartA1Fluid: End
2026-05-18 21:42:12 StartH1Fluid: Start
2026-05-18 21:42:12 StartH1Fluid: End
2026-05-18 21:42:15 POS DCU1 : 238.4, Target : 250.0.
2026-05-18 21:42:17 CloseA1Fluid: Start
2026-05-18 21:42:17 CloseA1Fluid: End
2026-05-18 21:42:18 FillDCU (Cycle) time: 7.126s
2026-05-18 21:42:18  mainFillDCU END
2026-05-18 21:43:54 StartA1Fluid: Start
2026-05-18 21:43:54 StartA1Fluid: End
2026-05-18 21:43:54 StartH1Fluid: Start
2026-05-18 21:43:55 StartH1Fluid: End
2026-05-18 21:43:58 POS DCU1 : 241.4, Target : 250.0.
2026-05-18 21:44:02 CloseA1Fluid: Start
2026-05-18 21:44:02 CloseA1Fluid: End
2026-05-18 21:44:03 FillDCU (Cycle) time: 9.814s
2026-05-18 21:44:03  mainFillDCU END
2026-05-18 21:46:16 --
2026-05-18 21:47:19 StartA1Fluid: Start
2026-05-18 21:47:20 StartA1Fluid: End
2026-05-18 21:47:20 StartH1Fluid: Start
2026-05-18 21:47:20 StartH1Fluid: End
2026-05-18 21:47:26 POS DCU1 : 240.3, Target : 250.0.
2026-05-18 21:47:28 CloseA1Fluid: Start
2026-05-18 21:47:28 CloseA1Fluid: End
2026-05-18 21:47:28 FillDCU (Cycle) time: 10.315s
2026-05-18 21:47:28  mainFillDCU END
2026-05-18 21:49:06 StartA1Fluid: Start
2026-05-18 21:49:06 StartA1Fluid: End
2026-05-18 21:49:06 StartH1Fluid: Start
2026-05-18 21:49:06 StartH1Fluid: End
2026-05-18 21:49:14 POS DCU1 : 240.0, Target : 250.0.
2026-05-18 21:49:14 CloseA1Fluid: Start
2026-05-18 21:49:14 CloseA1Fluid: End
2026-05-18 21:49:14 FillDCU (Cycle) time: 9.473s
2026-05-18 21:49:14  mainFillDCU END
2026-05-18 21:52:01 StartA1Fluid: Start
2026-05-18 21:52:02 StartA1Fluid: End
2026-05-18 21:52:02 StartH1Fluid: Start
2026-05-18 21:52:02 StartH1Fluid: End
2026-05-18 21:52:04 POS DCU1 : 239.0, Target : 250.0.
2026-05-18 21:52:10 CloseA1Fluid: Start
2026-05-18 21:52:11 CloseA1Fluid: End
2026-05-18 21:52:11 FillDCU (Cycle) time: 10.642s
2026-05-18 21:52:11  mainFillDCU END
2026-05-18 21:53:12 --
2026-05-18 21:56:18 StartA1Fluid: Start
2026-05-18 21:56:19 StartA1Fluid: End
2026-05-18 21:56:19 StartH1Fluid: Start
2026-05-18 21:56:19 StartH1Fluid: End
2026-05-18 21:56:25 POS DCU1 : 242.2, Target : 250.0.
2026-05-18 21:56:30 CloseA1Fluid: Start
2026-05-18 21:56:30 CloseA1Fluid: End
2026-05-18 21:56:30 FillDCU (Cycle) time: 13.207s
2026-05-18 21:56:30  mainFillDCU END
2026-05-18 21:57:43 --
2026-05-18 21:59:28 StartA1Fluid: Start
2026-05-18 21:59:29 StartA1Fluid: End
2026-05-18 21:59:29 StartH1Fluid: Start
2026-05-18 21:59:29 StartH1Fluid: End
2026-05-18 21:59:37 CheckA1Fluid Restart 279.1
2026-05-18 21:59:37 StartA1Fluid: Start
2026-05-18 21:59:37 StartA1Fluid: End
2026-05-18 21:59:38 POS DCU1 : 237.8, Target : 250.0.
2026-05-18 21:59:38 CloseA1Fluid: Start
2026-05-18 21:59:38 CloseA1Fluid: End
2026-05-18 21:59:39 FillDCU (Cycle) time: 11.566s
2026-05-18 21:59:39  mainFillDCU END
2026-05-18 22:01:26 StartA1Fluid: Start
2026-05-18 22:01:27 StartA1Fluid: End
2026-05-18 22:01:27 StartH1Fluid: Start
2026-05-18 22:01:27 StartH1Fluid: End
2026-05-18 22:01:32 POS DCU1 : 241.3, Target : 250.0.
2026-05-18 22:01:32 CloseA1Fluid: Start
2026-05-18 22:01:32 CloseA1Fluid: End
2026-05-18 22:01:32 FillDCU (Cycle) time: 6.995s
2026-05-18 22:01:32  mainFillDCU END
2026-05-18 22:02:46 --
2026-05-18 22:03:18 StartA1Fluid: Start
2026-05-18 22:03:18 StartH1Fluid: Start
2026-05-18 22:03:18 StartH1Fluid: End
2026-05-18 22:03:26 CloseA1Fluid: Start
2026-05-18 22:03:26 CloseA1Fluid: End
2026-05-18 22:03:26 FillDCU (Cycle) time: 9.671s
2026-05-18 22:03:26  mainFillDCU END
2026-05-18 22:05:11 StartA1Fluid: Start
2026-05-18 22:05:12 StartA1Fluid: End
2026-05-18 22:05:12 StartH1Fluid: Start
2026-05-18 22:05:12 StartH1Fluid: End
2026-05-18 22:05:19 POS DCU1 : 240.5, Target : 250.0.
2026-05-18 22:05:20 CloseA1Fluid: Start
2026-05-18 22:05:20 CloseA1Fluid: End
2026-05-18 22:05:20 FillDCU (Cycle) time: 9.508s
2026-05-18 22:05:20  mainFillDCU END
2026-05-18 22:11:14 StartA1Fluid: Start
2026-05-18 22:11:15 StartA1Fluid: End
2026-05-18 22:11:15 StartH1Fluid: Start
2026-05-18 22:11:20 POS DCU1 : 243.1, Target : 250.0.
2026-05-18 22:11:20 CloseA1Fluid: Start
2026-05-18 22:11:20 CloseA1Fluid: End
2026-05-18 22:11:20 FillDCU (Cycle) time: 7.154s
2026-05-18 22:11:20  mainFillDCU END
2026-05-18 22:36:02 StartA1Fluid: Start
2026-05-18 22:36:02 StartH1Fluid: Start
2026-05-18 22:36:02 StartH1Fluid: End
2026-05-18 22:36:13 CloseA1Fluid: Start
2026-05-18 22:36:13 CloseA1Fluid: End
2026-05-18 22:36:13 FillDCU (Cycle) time: 12.943s
2026-05-18 22:36:13  mainFillDCU END
2026-05-18 22:40:32 --
2026-05-18 22:42:06 StartA1Fluid: Start
2026-05-18 22:42:07 StartA1Fluid: End
2026-05-18 22:42:07 StartH1Fluid: Start
2026-05-18 22:42:07 StartH1Fluid: End
2026-05-18 22:42:12 POS DCU1 : 242.6, Target : 250.0.
2026-05-18 22:42:12 CloseA1Fluid: Start
2026-05-18 22:42:12 CloseA1Fluid: End
2026-05-18 22:42:12 FillDCU (Cycle) time: 6.988s
2026-05-18 22:42:12  mainFillDCU END
2026-05-18 22:44:03 StartA1Fluid: Start
2026-05-18 22:44:03 StartA1Fluid: End
2026-05-18 22:44:03 StartH1Fluid: Start
2026-05-18 22:44:03 StartH1Fluid: End
2026-05-18 22:44:07 POS DCU1 : 239.0, Target : 250.0.
2026-05-18 22:44:07 CloseA1Fluid: Start
2026-05-18 22:44:07 CloseA1Fluid: End
2026-05-18 22:44:07 FillDCU (Cycle) time: 5.946s
2026-05-18 22:44:07  mainFillDCU END
2026-05-18 22:46:49 --
2026-05-18 22:47:13 StartA1Fluid: Start
2026-05-18 22:47:14 StartA1Fluid: End
2026-05-18 22:47:14 StartH1Fluid: Start
2026-05-18 22:47:14 StartH1Fluid: End
2026-05-18 22:47:17 POS DCU1 : 227.0, Target : 250.0.
2026-05-18 22:47:17 CloseA1Fluid: Start
2026-05-18 22:47:17 CloseA1Fluid: End
2026-05-18 22:47:18 FillDCU (Cycle) time: 5.258s
2026-05-18 22:47:18  mainFillDCU END
2026-05-18 22:48:24 StartA1Fluid: Start
2026-05-18 22:48:24 StartA1Fluid: End
2026-05-18 22:48:24 StartH1Fluid: Start
2026-05-18 22:48:25 StartH1Fluid: End
2026-05-18 22:48:26 POS DCU1 : 241.8, Target : 250.0.
2026-05-18 22:48:33 CloseA1Fluid: Start
2026-05-18 22:48:33 CloseA1Fluid: End
2026-05-18 22:48:33 FillDCU (Cycle) time: 10.299s
2026-05-18 22:48:33  mainFillDCU END
2026-05-18 22:51:30 StartA1Fluid: Start
2026-05-18 22:51:30 StartA1Fluid: End
2026-05-18 22:51:30 StartH1Fluid: Start
2026-05-18 22:51:30 StartH1Fluid: End
2026-05-18 22:51:38 POS DCU1 : 238.3, Target : 250.0.
2026-05-18 22:51:41 CloseA1Fluid: Start
2026-05-18 22:51:41 CloseA1Fluid: End
2026-05-18 22:51:42 FillDCU (Cycle) time: 13.3s
2026-05-18 22:51:42  mainFillDCU END
2026-05-18 22:55:18 --
2026-05-18 22:56:16 StartA1Fluid: Start
2026-05-18 22:56:17 StartA1Fluid: End
2026-05-18 22:56:17 StartH1Fluid: Start
2026-05-18 22:56:17 StartH1Fluid: End
2026-05-18 22:56:23 POS DCU1 : 238.2, Target : 250.0.
2026-05-18 22:56:25 CloseA1Fluid: Start
2026-05-18 22:56:25 CloseA1Fluid: End
2026-05-18 22:56:25 FillDCU (Cycle) time: 9.88s
2026-05-18 22:56:25  mainFillDCU END
2026-05-18 23:03:06 StartA1Fluid: Start
2026-05-18 23:03:06 StartA1Fluid: End
2026-05-18 23:03:06 StartH1Fluid: Start
2026-05-18 23:03:07 StartH1Fluid: End
2026-05-18 23:03:13 POS DCU1 : 241.7, Target : 250.0.
2026-05-18 23:03:13 CloseA1Fluid: Start
2026-05-18 23:03:13 CloseA1Fluid: End
2026-05-18 23:03:13 FillDCU (Cycle) time: 8.828s
2026-05-18 23:03:13  mainFillDCU END
2026-05-18 23:04:38 StartA1Fluid: Start
2026-05-18 23:04:38 StartH1Fluid: Start
2026-05-18 23:04:38 StartH1Fluid: End
2026-05-18 23:04:45 CloseA1Fluid: Start
2026-05-18 23:04:46 CloseA1Fluid: End
2026-05-18 23:04:46 FillDCU (Cycle) time: 9.36s
2026-05-18 23:04:46  mainFillDCU END
2026-05-18 23:09:45 --
2026-05-18 23:10:50 StartA1Fluid: Start
2026-05-18 23:10:51 StartA1Fluid: End
2026-05-18 23:10:51 StartH1Fluid: Start
2026-05-18 23:10:51 StartH1Fluid: End
2026-05-18 23:10:57 POS DCU1 : 239.3, Target : 250.0.
2026-05-18 23:10:59 CloseA1Fluid: Start
2026-05-18 23:10:59 CloseA1Fluid: End
2026-05-18 23:10:59 FillDCU (Cycle) time: 10.298s
2026-05-18 23:10:59  mainFillDCU END
2026-05-18 23:12:59 StartA1Fluid: Start
2026-05-18 23:12:59 StartA1Fluid: End
2026-05-18 23:12:59 StartH1Fluid: Start
2026-05-18 23:12:59 StartH1Fluid: End
2026-05-18 23:13:06 POS DCU1 : 240.4, Target : 250.0.
2026-05-18 23:13:10 CloseA1Fluid: Start
2026-05-18 23:13:11 CloseA1Fluid: End
2026-05-18 23:13:11 FillDCU (Cycle) time: 13.261s
2026-05-18 23:13:11  mainFillDCU END
2026-05-18 23:14:40 --
2026-05-18 23:15:36 StartA1Fluid: Start
2026-05-18 23:15:36 StartA1Fluid: End
2026-05-18 23:15:36 StartH1Fluid: Start
2026-05-18 23:15:36 StartH1Fluid: End
2026-05-18 23:15:41 POS DCU1 : 238.5, Target : 250.0.
2026-05-18 23:15:42 CloseA1Fluid: Start
2026-05-18 23:15:42 CloseA1Fluid: End
2026-05-18 23:15:42 FillDCU (Cycle) time: 7.543s
2026-05-18 23:15:42  mainFillDCU END
2026-05-18 23:17:52 StartA1Fluid: Start
2026-05-18 23:17:52 StartA1Fluid: End
2026-05-18 23:17:52 StartH1Fluid: Start
2026-05-18 23:17:52 StartH1Fluid: End
2026-05-18 23:17:57 POS DCU1 : 238.6, Target : 250.0.
2026-05-18 23:18:04 CloseA1Fluid: Start
2026-05-18 23:18:04 CloseA1Fluid: End
2026-05-18 23:18:04 FillDCU (Cycle) time: 13.216s
2026-05-18 23:18:04  mainFillDCU END
2026-05-18 23:21:45 --
2026-05-18 23:22:47 StartA1Fluid: Start
2026-05-18 23:22:48 StartA1Fluid: End
2026-05-18 23:22:48 StartH1Fluid: Start
2026-05-18 23:22:48 StartH1Fluid: End
2026-05-18 23:22:53 POS DCU1 : 240.3, Target : 250.0.
2026-05-18 23:22:54 CloseA1Fluid: Start
2026-05-18 23:22:54 CloseA1Fluid: End
2026-05-18 23:22:54 FillDCU (Cycle) time: 8.13s
2026-05-18 23:22:54  mainFillDCU END
2026-05-18 23:25:21 StartA1Fluid: Start
2026-05-18 23:25:22 StartA1Fluid: End
2026-05-18 23:25:22 StartH1Fluid: Start
2026-05-18 23:25:22 StartH1Fluid: End
2026-05-18 23:25:27 POS DCU1 : 240.0, Target : 250.0.
2026-05-18 23:25:29 CloseA1Fluid: Start
2026-05-18 23:25:29 CloseA1Fluid: End
2026-05-18 23:25:29 FillDCU (Cycle) time: 8.887s
2026-05-18 23:25:29  mainFillDCU END
2026-05-18 23:28:44 --
2026-05-18 23:30:37 StartA1Fluid: Start
2026-05-18 23:30:37 StartA1Fluid: End
2026-05-18 23:30:37 StartH1Fluid: Start
2026-05-18 23:30:38 StartH1Fluid: End
2026-05-18 23:30:44 POS DCU1 : 238.2, Target : 250.0.
2026-05-18 23:30:45 CloseA1Fluid: Start
2026-05-18 23:30:46 CloseA1Fluid: End
2026-05-18 23:30:46 FillDCU (Cycle) time: 9.996s
2026-05-18 23:30:46  mainFillDCU END
2026-05-18 23:31:56 --
2026-05-18 23:32:59 StartA1Fluid: Start
2026-05-18 23:33:00 StartA1Fluid: End
2026-05-18 23:33:00 StartH1Fluid: Start
2026-05-18 23:33:00 StartH1Fluid: End
2026-05-18 23:33:06 POS DCU1 : 239.4, Target : 250.0.
2026-05-18 23:33:08 CloseA1Fluid: Start
2026-05-18 23:33:08 CloseA1Fluid: End
2026-05-18 23:33:08 FillDCU (Cycle) time: 10.211s
2026-05-18 23:33:08  mainFillDCU END
2026-05-18 23:34:48 StartA1Fluid: Start
2026-05-18 23:34:49 StartA1Fluid: End
2026-05-18 23:34:49 StartH1Fluid: Start
2026-05-18 23:34:49 StartH1Fluid: End
2026-05-18 23:34:56 POS DCU1 : 238.9, Target : 250.0.
2026-05-18 23:34:56 CloseA1Fluid: Start
2026-05-18 23:34:56 CloseA1Fluid: End
2026-05-18 23:34:57 FillDCU (Cycle) time: 9.452s
2026-05-18 23:34:57  mainFillDCU END
2026-05-18 23:36:39 --
2026-05-18 23:39:11 StartA1Fluid: Start
2026-05-18 23:39:12 StartA1Fluid: End
2026-05-18 23:39:12 StartH1Fluid: Start
2026-05-18 23:39:12 StartH1Fluid: End
2026-05-18 23:39:15 POS DCU1 : 238.3, Target : 250.0.
2026-05-18 23:39:16 CloseA1Fluid: Start
2026-05-18 23:39:16 CloseA1Fluid: End
2026-05-18 23:39:16 FillDCU (Cycle) time: 6.179s
2026-05-18 23:39:16  mainFillDCU END
2026-05-18 23:40:40 --
2026-05-18 23:44:03 StartA1Fluid: Start
2026-05-18 23:44:03 StartA1Fluid: End
2026-05-18 23:44:03 StartH1Fluid: Start
2026-05-18 23:44:03 StartH1Fluid: End
2026-05-18 23:44:07 POS DCU1 : 239.3, Target : 250.0.
2026-05-18 23:44:07 CloseA1Fluid: Start
2026-05-18 23:44:08 CloseA1Fluid: End
2026-05-18 23:44:08 FillDCU (Cycle) time: 6.095s
2026-05-18 23:44:08  mainFillDCU END
2026-05-18 23:45:37 --
2026-05-18 23:46:11 StartA1Fluid: Start
2026-05-18 23:46:11 StartA1Fluid: End
2026-05-18 23:46:11 StartH1Fluid: Start
2026-05-18 23:46:12 StartH1Fluid: End
2026-05-18 23:46:14 POS DCU1 : 239.0, Target : 250.0.
2026-05-18 23:46:19 CloseA1Fluid: Start
2026-05-18 23:46:19 CloseA1Fluid: End
2026-05-18 23:46:20 FillDCU (Cycle) time: 9.921s
2026-05-18 23:46:20  mainFillDCU END
2026-05-18 23:47:20 --
2026-05-18 23:48:23 StartA1Fluid: Start
2026-05-18 23:48:23 StartA1Fluid: End
2026-05-18 23:48:23 StartH1Fluid: Start
2026-05-18 23:48:23 StartH1Fluid: End
2026-05-18 23:48:30 POS DCU1 : 240.2, Target : 250.0.
2026-05-18 23:48:32 CloseA1Fluid: Start
2026-05-18 23:48:32 CloseA1Fluid: End
2026-05-18 23:48:32 FillDCU (Cycle) time: 10.348s
2026-05-18 23:48:32  mainFillDCU END
2026-05-18 23:50:22 StartA1Fluid: Start
2026-05-18 23:50:23 StartA1Fluid: End
2026-05-18 23:50:23 StartH1Fluid: Start
2026-05-18 23:50:23 StartH1Fluid: End
2026-05-18 23:50:30 POS DCU1 : 240.3, Target : 250.0.
2026-05-18 23:50:34 CloseA1Fluid: Start
2026-05-18 23:50:34 CloseA1Fluid: End
2026-05-18 23:50:35 FillDCU (Cycle) time: 13.248s
2026-05-18 23:50:35  mainFillDCU END
2026-05-18 23:51:26 --
