2026-05-07 16:52:29 --- Trajectory --- 
2026-05-07 16:52:29 Prog : TEM_bc2_int Skid: 208 Paint : 0.
2026-05-07 16:52:29 ------------------ 
2026-05-07 16:54:24 --- Trajectory --- 
2026-05-07 16:54:24 Prog : TEM_bc2_r33_ext_new Skid: 208 Paint : 133.
2026-05-07 16:54:24 ------------------ 
2026-05-07 16:57:42  Default Volume : TEM_bc2_int Skid: 152.
2026-05-07 16:57:43  Vol : TEM_bc2_int Skid: 152 Calcul Vol : 650 Color: 53.
2026-05-07 16:57:43  ---------------------------
2026-05-07 16:57:49  Default Volume : TEM_bc2_r33_ext_new Skid: 152.
2026-05-07 16:57:51  Vol : TEM_bc2_r33_ext_new Skid: 152 Calcul Vol : 650 Color: 53.
2026-05-07 16:57:51  ---------------------------
2026-05-07 17:09:33  Vol : URUS_PA2_R33_Plastic Skid: 64 Calcul Vol : 10 Color: 27.
2026-05-07 17:09:33  ---------------------------
2026-05-07 17:11:52 --- Trajectory --- 
2026-05-07 17:11:52 Prog : TEM_bc2_r33_ext_new Skid: 208 Paint : 0.
2026-05-07 17:11:52 ------------------ 
2026-05-07 17:13:34  Default Volume : URUS_PA2_BC2_R33_EXT_2026 Skid: 20.
2026-05-07 17:13:36  Vol : URUS_PA2_BC2_R33_EXT_2026 Skid: 20 Calcul Vol : 650 Color: 27.
2026-05-07 17:13:36  ---------------------------
2026-05-07 17:15:54 --- Trajectory --- 
2026-05-07 17:15:54 Prog : TEM_bc2_r33_ext_new Skid: 208 Paint : 0.
2026-05-07 17:15:54 ------------------ 
2026-05-07 17:23:27 --- Trajectory --- 
2026-05-07 17:23:27 Prog : TEM_bc2_int Skid: 152 Paint : 0.
2026-05-07 17:23:27 ------------------ 
2026-05-07 17:23:52  Vol : URUS_PA2_R33_Plastic Skid: 180 Calcul Vol : 10 Color: 50.
2026-05-07 17:23:52  ---------------------------
2026-05-07 17:25:48 --- Trajectory --- 
2026-05-07 17:25:48 Prog : TEM_bc2_r33_ext_new Skid: 152 Paint : 204.
2026-05-07 17:25:48 ------------------ 
2026-05-07 17:31:37 --- Trajectory --- 
2026-05-07 17:31:37 Prog : TEM_bc2_r33_ext_new Skid: 152 Paint : 0.
2026-05-07 17:31:37 ------------------ 
2026-05-07 17:33:21  Vol : URUS_PA2_R33_Plastic Skid: 240 Calcul Vol : 0 Color: 29.
2026-05-07 17:33:21  ---------------------------
2026-05-07 17:36:53  Vol : HURACAN_BC2_R33_Plastic Skid: 97 Calcul Vol : 1895 Color: 29.
2026-05-07 17:36:53  ---------------------------
2026-05-07 17:38:49 --- Trajectory --- 
2026-05-07 17:38:49 Prog : TEM_bc2_r33_ext_new Skid: 152 Paint : 0.
2026-05-07 17:38:49 ------------------ 
2026-05-07 17:44:28 --- Trajectory --- 
2026-05-07 17:44:28 Prog : TEM_bc2_r33_ext_new Skid: 152 Paint : 0.
2026-05-07 17:44:28 ------------------ 
2026-05-07 17:49:34  Default Volume : URUS_PA2_BC2_R33_EXT_2026 Skid: 80.
2026-05-07 17:49:35  Vol : URUS_PA2_BC2_R33_EXT_2026 Skid: 80 Calcul Vol : 650 Color: 50.
2026-05-07 17:49:35  ---------------------------
2026-05-07 18:03:31 --- Trajectory --- 
2026-05-07 18:03:31 Prog : TEM_bc2_r33_ext_new Skid: 152 Paint : 0.
2026-05-07 18:03:31 ------------------ 
2026-05-07 18:06:34 --- Trajectory --- 
2026-05-07 18:06:34 Prog : HURACAN_BC2_R33_Plastic Skid: 97 Paint : 38.
2026-05-07 18:06:34 ------------------ 
2026-05-07 18:09:53  Vol : URUS_PA2_R33_Plastic Skid: 253 Calcul Vol : 10 Color: 61.
2026-05-07 18:09:54  ---------------------------
2026-05-07 18:15:08  Default Volume : URUS_PA2_BC2_R33_EXT_2026 Skid: 51.
2026-05-07 18:15:10  Vol : URUS_PA2_BC2_R33_EXT_2026 Skid: 51 Calcul Vol : 650 Color: 61.
2026-05-07 18:15:10  ---------------------------
2026-05-07 18:19:32  Default Volume : URUS_PA2_BC2_R33_EXT_2026 Skid: 134.
2026-05-07 18:19:34  Vol : URUS_PA2_BC2_R33_EXT_2026 Skid: 134 Calcul Vol : 650 Color: 29.
2026-05-07 18:19:34  ---------------------------
2026-05-07 18:20:53 --- Trajectory --- 
2026-05-07 18:20:53 Prog : HURACAN_BC2_R33_Plastic Skid: 97 Paint : 0.
2026-05-07 18:20:53 ------------------ 
2026-05-07 18:45:46  Default Volume : TEM_bc2_int Skid: 153.
2026-05-07 18:45:47  Vol : TEM_bc2_int Skid: 153 Calcul Vol : 650 Color: 29.
2026-05-07 18:45:47  ---------------------------
2026-05-07 18:45:53  Default Volume : TEM_bc2_r33_ext_new Skid: 153.
2026-05-07 18:45:55  Vol : TEM_bc2_r33_ext_new Skid: 153 Calcul Vol : 650 Color: 29.
2026-05-07 18:45:55  ---------------------------
2026-05-07 18:46:38 --- Trajectory --- 
2026-05-07 18:46:38 Prog : HURACAN_BC2_R33_Plastic Skid: 97 Paint : 0.
2026-05-07 18:46:38 ------------------ 
2026-05-07 18:53:34 --- Trajectory --- 
2026-05-07 18:53:34 Prog : HURACAN_BC2_R33_Plastic Skid: 97 Paint : 0.
2026-05-07 18:53:34 ------------------ 
2026-05-07 18:58:35 --- Trajectory --- 
2026-05-07 18:58:35 Prog : HURACAN_BC2_R33_Plastic Skid: 97 Paint : 0.
2026-05-07 18:58:35 ------------------ 
2026-05-07 19:10:16  Default Volume : URUS_PA2_BC2_R33_EXT_2026 Skid: 221.
2026-05-07 19:10:18  Vol : URUS_PA2_BC2_R33_EXT_2026 Skid: 221 Calcul Vol : 650 Color: 105.
2026-05-07 19:10:18  ---------------------------
2026-05-07 19:12:10  Vol : URUS_PA2_R33_Plastic Skid: 186 Calcul Vol : 10 Color: 105.
2026-05-07 19:12:10  ---------------------------
2026-05-07 19:15:47 --- Trajectory --- 
2026-05-07 19:15:47 Prog : TEM_bc2_int Skid: 153 Paint : 0.
2026-05-07 19:15:47 ------------------ 
2026-05-07 19:18:08 --- Trajectory --- 
2026-05-07 19:18:08 Prog : TEM_bc2_r33_ext_new Skid: 153 Paint : 148.
2026-05-07 19:18:08 ------------------ 
2026-05-07 19:30:51  Default Volume : URUS_PA2_BC2_R33_EXT_2026 Skid: 66.
2026-05-07 19:30:52  Vol : URUS_PA2_BC2_R33_EXT_2026 Skid: 66 Calcul Vol : 650 Color: 27.
2026-05-07 19:30:52  ---------------------------
2026-05-07 19:46:18 --- Trajectory --- 
2026-05-07 19:46:18 Prog : TEM_bc2_r33_ext_new Skid: 153 Paint : 0.
2026-05-07 19:46:18 ------------------ 
2026-05-07 19:50:53 --- Trajectory --- 
2026-05-07 19:50:53 Prog : TEM_bc2_r33_ext_new Skid: 153 Paint : 0.
2026-05-07 19:50:53 ------------------ 
2026-05-07 20:05:05 --- Trajectory --- 
2026-05-07 20:05:05 Prog : TEM_bc2_r33_ext_new Skid: 153 Paint : 0.
2026-05-07 20:05:05 ------------------ 
2026-05-07 20:09:48  Vol : HURACAN_BC2_R33_Plastic Skid: 157 Calcul Vol : 2785 Color: 22.
2026-05-07 20:09:48  ---------------------------
2026-05-07 20:15:44  Default Volume : TEM_bc2_int Skid: 35.
2026-05-07 20:15:46  Vol : TEM_bc2_int Skid: 35 Calcul Vol : 650 Color: 22.
2026-05-07 20:15:46  ---------------------------
2026-05-07 20:15:52  Default Volume : TEM_bc2_r33_ext_new Skid: 35.
2026-05-07 20:15:54  Vol : TEM_bc2_r33_ext_new Skid: 35 Calcul Vol : 650 Color: 22.
2026-05-07 20:15:54  ---------------------------
2026-05-07 20:27:08  Vol : URUS_PA2_R33_Plastic Skid: 2 Calcul Vol : 10 Color: 55.
2026-05-07 20:27:08  ---------------------------
2026-05-07 20:30:45  Default Volume : URUS_PA2_BC2_R33_EXT_2026 Skid: 5.
2026-05-07 20:30:47  Vol : URUS_PA2_BC2_R33_EXT_2026 Skid: 5 Calcul Vol : 650 Color: 55.
2026-05-07 20:30:47  ---------------------------
2026-05-07 20:34:06 --- Trajectory --- 
2026-05-07 20:34:06 Prog : HURACAN_BC2_R33_Plastic Skid: 157 Paint : 61.
2026-05-07 20:34:06 ------------------ 
2026-05-07 20:37:23  Vol : HURACAN_BC2_R33_Plastic Skid: 46 Calcul Vol : 2346 Color: 85.
2026-05-07 20:37:23  ---------------------------
2026-05-07 20:38:06 --- Trajectory --- 
2026-05-07 20:38:06 Prog : TEM_bc2_int Skid: 35 Paint : 0.
2026-05-07 20:38:06 ------------------ 
2026-05-07 20:40:27 --- Trajectory --- 
2026-05-07 20:40:27 Prog : TEM_bc2_r33_ext_new Skid: 35 Paint : 271.
2026-05-07 20:40:27 ------------------ 
2026-05-07 20:44:02  Default Volume : TEM_bc2_int Skid: 230.
2026-05-07 20:44:03  Vol : TEM_bc2_int Skid: 230 Calcul Vol : 650 Color: 85.
2026-05-07 20:44:03  ---------------------------
2026-05-07 20:44:09  Default Volume : TEM_bc2_r33_ext_new Skid: 230.
2026-05-07 20:44:11  Vol : TEM_bc2_r33_ext_new Skid: 230 Calcul Vol : 650 Color: 85.
2026-05-07 20:44:11  ---------------------------
2026-05-07 20:48:36 --- Trajectory --- 
2026-05-07 20:48:36 Prog : TEM_bc2_r33_ext_new Skid: 35 Paint : 0.
2026-05-07 20:48:36 ------------------ 
2026-05-07 20:58:52 --- Trajectory --- 
2026-05-07 20:58:52 Prog : TEM_bc2_r33_ext_new Skid: 35 Paint : 0.
2026-05-07 20:58:52 ------------------ 
2026-05-07 21:02:39 --- Trajectory --- 
2026-05-07 21:02:39 Prog : HURACAN_BC2_R33_Plastic Skid: 46 Paint : 54.
2026-05-07 21:02:39 ------------------ 
2026-05-07 21:06:51 --- Trajectory --- 
2026-05-07 21:06:51 Prog : TEM_bc2_int Skid: 230 Paint : 0.
2026-05-07 21:06:51 ------------------ 
2026-05-07 21:09:12 --- Trajectory --- 
2026-05-07 21:09:12 Prog : TEM_bc2_r33_ext_new Skid: 230 Paint : 207.
2026-05-07 21:09:12 ------------------ 
2026-05-07 21:42:57  Default Volume : TEM_bc2_int Skid: 12.
2026-05-07 21:42:59  Vol : TEM_bc2_int Skid: 12 Calcul Vol : 650 Color: 15.
2026-05-07 21:42:59  ---------------------------
2026-05-07 21:43:05  Default Volume : TEM_bc2_r33_ext_new Skid: 12.
2026-05-07 21:43:06  Vol : TEM_bc2_r33_ext_new Skid: 12 Calcul Vol : 650 Color: 15.
2026-05-07 21:43:06  ---------------------------
2026-05-07 22:06:19 --- Trajectory --- 
2026-05-07 22:06:19 Prog : TEM_bc2_int Skid: 12 Paint : 0.
2026-05-07 22:06:19 ------------------ 
2026-05-07 22:08:45 --- Trajectory --- 
2026-05-07 22:08:45 Prog : TEM_bc2_r33_ext_new Skid: 12 Paint : 159.
2026-05-07 22:08:45 ------------------ 
2026-05-08 03:16:39  Default Volume : URUS_PA2_BC2_R33_EXT_2026 Skid: 26.
2026-05-08 03:16:40  Vol : URUS_PA2_BC2_R33_EXT_2026 Skid: 26 Calcul Vol : 650 Color: 88.
2026-05-08 03:16:40  ---------------------------
2026-05-08 03:40:13 --- Trajectory --- 
2026-05-08 03:40:13 Prog : TEM_bc2_r33_ext_new Skid: 15629 Paint : 239.
2026-05-08 03:40:13 ------------------ 
2026-05-08 03:44:21  Default Volume : TEM_bc2_int Skid: 96.
2026-05-08 03:44:23  Vol : TEM_bc2_int Skid: 96 Calcul Vol : 650 Color: 11.
2026-05-08 03:44:23  ---------------------------
2026-05-08 03:44:29  Default Volume : TEM_bc2_r33_ext_new Skid: 96.
2026-05-08 03:44:30  Vol : TEM_bc2_r33_ext_new Skid: 96 Calcul Vol : 650 Color: 11.
2026-05-08 03:44:30  ---------------------------
2026-05-08 03:54:09 --- Trajectory --- 
2026-05-08 03:54:09 Prog : NOT FOUND Skid: 47 Paint : 0.
2026-05-08 03:54:09 ------------------ 
2026-05-08 06:23:01  Vol : HURACAN_BC2_R33_Plastic Skid: 200 Calcul Vol : 2351 Color: 27.
2026-05-08 06:23:01  ---------------------------
2026-05-08 06:28:00 --- Trajectory --- 
2026-05-08 06:28:00 Prog : TEM_bc2_int Skid: 96 Paint : 0.
2026-05-08 06:28:00 ------------------ 
2026-05-08 06:29:51 --- Trajectory --- 
2026-05-08 06:29:51 Prog : TEM_bc2_r33_ext_new Skid: 96 Paint : 130.
2026-05-08 06:29:51 ------------------ 
2026-05-08 06:36:27  Default Volume : TEM_bc2_int Skid: 48.
2026-05-08 06:36:28  Vol : TEM_bc2_int Skid: 48 Calcul Vol : 650 Color: 27.
2026-05-08 06:36:28  ---------------------------
2026-05-08 06:36:35  Default Volume : TEM_bc2_r33_ext_new Skid: 48.
2026-05-08 06:36:36  Vol : TEM_bc2_r33_ext_new Skid: 48 Calcul Vol : 650 Color: 27.
2026-05-08 06:36:36  ---------------------------
2026-05-08 06:54:27  Vol : URUS_PA2_R33_Plastic Skid: 186 Calcul Vol : 10 Color: 105.
2026-05-08 06:54:27  ---------------------------
2026-05-08 06:55:52 --- Trajectory --- 
2026-05-08 06:55:52 Prog : HURACAN_BC2_R33_Plastic Skid: 200 Paint : 38.
2026-05-08 06:55:52 ------------------ 
2026-05-08 07:05:39  Default Volume : TEM_bc2_int Skid: 48.
2026-05-08 07:05:40  Vol : TEM_bc2_int Skid: 48 Calcul Vol : 650 Color: 27.
2026-05-08 07:05:40  ---------------------------
2026-05-08 07:05:46  Default Volume : TEM_bc2_r33_ext_new Skid: 48.
2026-05-08 07:05:48  Vol : TEM_bc2_r33_ext_new Skid: 48 Calcul Vol : 650 Color: 27.
2026-05-08 07:05:48  ---------------------------
2026-05-08 07:32:14 --- Trajectory --- 
2026-05-08 07:32:14 Prog : TEM_bc2_int Skid: 48 Paint : 0.
2026-05-08 07:32:14 ------------------ 
2026-05-08 07:34:35 --- Trajectory --- 
2026-05-08 07:34:35 Prog : TEM_bc2_r33_ext_new Skid: 48 Paint : 188.
2026-05-08 07:34:35 ------------------ 
2026-05-08 07:56:46  Default Volume : URUS_PA2_BC2_R33_EXT_2026 Skid: 80.
2026-05-08 07:56:48  Vol : URUS_PA2_BC2_R33_EXT_2026 Skid: 80 Calcul Vol : 650 Color: 51.
2026-05-08 07:56:48  ---------------------------
2026-05-08 08:04:52  Default Volume : TEM_bc2_int Skid: 131.
2026-05-08 08:04:53  Vol : TEM_bc2_int Skid: 131 Calcul Vol : 650 Color: 106.
2026-05-08 08:04:53  ---------------------------
2026-05-08 08:04:59  Default Volume : TEM_bc2_r33_ext_new Skid: 131.
2026-05-08 08:05:01  Vol : TEM_bc2_r33_ext_new Skid: 131 Calcul Vol : 650 Color: 106.
2026-05-08 08:05:01  ---------------------------
2026-05-08 08:07:18  Vol : HURACAN_BC2_R33_Plastic Skid: 45 Calcul Vol : 2284 Color: 106.
2026-05-08 08:07:18  ---------------------------
2026-05-08 08:18:02  Vol : URUS_PA2_R33_Plastic Skid: 2 Calcul Vol : 10 Color: 56.
2026-05-08 08:18:02  ---------------------------
2026-05-08 08:21:13 --- Trajectory --- 
2026-05-08 08:21:13 Prog : TEM_bc2_r33_ext_new Skid: 48 Paint : 0.
2026-05-08 08:21:13 ------------------ 
2026-05-08 08:22:21  Default Volume : URUS_PA2_BC2_R33_EXT_2026 Skid: 5.
2026-05-08 08:22:23  Vol : URUS_PA2_BC2_R33_EXT_2026 Skid: 5 Calcul Vol : 650 Color: 56.
2026-05-08 08:22:23  ---------------------------
2026-05-08 08:28:54 --- Trajectory --- 
2026-05-08 08:28:54 Prog : TEM_bc2_int Skid: 131 Paint : 0.
2026-05-08 08:28:54 ------------------ 
2026-05-08 08:29:53  Default Volume : URUS_PA2_BC2_R33_EXT_2026 Skid: 207.
2026-05-08 08:29:55  Vol : URUS_PA2_BC2_R33_EXT_2026 Skid: 207 Calcul Vol : 650 Color: 12.
2026-05-08 08:29:55  ---------------------------
2026-05-08 08:31:15 --- Trajectory --- 
2026-05-08 08:31:15 Prog : TEM_bc2_r33_ext_new Skid: 131 Paint : 239.
2026-05-08 08:31:15 ------------------ 
2026-05-08 08:34:34 --- Trajectory --- 
2026-05-08 08:34:34 Prog : HURACAN_BC2_R33_Plastic Skid: 45 Paint : 55.
2026-05-08 08:34:34 ------------------ 
2026-05-08 08:53:12  Vol : URUS_PA2_R33_Plastic Skid: 2 Calcul Vol : 10 Color: 56.
2026-05-08 08:53:12  ---------------------------
2026-05-08 09:00:15  Default Volume : URUS_PA2_BC2_R33_EXT_2026 Skid: 5.
2026-05-08 09:00:16  Vol : URUS_PA2_BC2_R33_EXT_2026 Skid: 5 Calcul Vol : 650 Color: 56.
2026-05-08 09:00:16  ---------------------------
2026-05-08 09:11:13 --- Trajectory --- 
2026-05-08 09:11:13 Prog : HURACAN_BC2_R33_Plastic Skid: 45 Paint : 0.
2026-05-08 09:11:13 ------------------ 
2026-05-08 09:24:46 --- Trajectory --- 
2026-05-08 09:24:46 Prog : HURACAN_BC2_R33_Plastic Skid: 45 Paint : 0.
2026-05-08 09:24:46 ------------------ 
2026-05-08 09:35:13 --- Trajectory --- 
2026-05-08 09:35:13 Prog : HURACAN_BC2_R33_Plastic Skid: 45 Paint : 0.
2026-05-08 09:35:13 ------------------ 
2026-05-08 10:10:04  Vol : URUS_PA2_R33_Plastic Skid: 180 Calcul Vol : 10 Color: 51.
2026-05-08 10:10:04  ---------------------------
2026-05-08 11:05:59 --- Trajectory --- 
2026-05-08 11:05:59 Prog : HURACAN_BC2_R33_Plastic Skid: 45 Paint : 0.
2026-05-08 11:05:59 ------------------ 
2026-05-08 11:22:21 --- Trajectory --- 
2026-05-08 11:22:21 Prog : HURACAN_BC2_R33_Plastic Skid: 45 Paint : 0.
2026-05-08 11:22:21 ------------------ 
2026-05-08 11:25:49  Vol : URUS_PA2_R33_Plastic Skid: 180 Calcul Vol : 0 Color: 51.
2026-05-08 11:25:49  ---------------------------
2026-05-08 11:56:41  Default Volume : TEM_bc2_int Skid: 195.
2026-05-08 11:56:42  Vol : TEM_bc2_int Skid: 195 Calcul Vol : 650 Color: 145.
2026-05-08 11:56:42  ---------------------------
2026-05-08 11:56:48  Default Volume : TEM_bc2_r33_ext_new Skid: 195.
2026-05-08 11:56:50  Vol : TEM_bc2_r33_ext_new Skid: 195 Calcul Vol : 650 Color: 145.
2026-05-08 11:56:50  ---------------------------
2026-05-08 12:14:26  Default Volume : URUS_PA2_BC2_R33_EXT_2026 Skid: 221.
2026-05-08 12:14:27  Vol : URUS_PA2_BC2_R33_EXT_2026 Skid: 221 Calcul Vol : 650 Color: 105.
2026-05-08 12:14:27  ---------------------------
2026-05-08 12:22:35 --- Trajectory --- 
2026-05-08 12:22:35 Prog : HURACAN_BC2_R33_Plastic Skid: 45 Paint : 0.
2026-05-08 12:22:35 ------------------ 
2026-05-08 12:26:15  Vol : URUS_PA2_R33_Plastic Skid: 113 Calcul Vol : 10 Color: 68.
2026-05-08 12:26:15  ---------------------------
2026-05-08 12:30:35  Default Volume : URUS_PA2_BC2_R33_EXT_2026 Skid: 50.
2026-05-08 12:30:37  Vol : URUS_PA2_BC2_R33_EXT_2026 Skid: 50 Calcul Vol : 650 Color: 68.
2026-05-08 12:30:37  ---------------------------
2026-05-08 12:31:39 --- Trajectory --- 
2026-05-08 12:31:39 Prog : TEM_bc2_int Skid: 195 Paint : 0.
2026-05-08 12:31:39 ------------------ 
2026-05-08 12:34:02 --- Trajectory --- 
2026-05-08 12:34:02 Prog : TEM_bc2_r33_ext_new Skid: 195 Paint : 214.
2026-05-08 12:34:02 ------------------ 
2026-05-08 12:42:39  Vol : URUS_PA2_R33_Plastic Skid: 186 Calcul Vol : 10 Color: 105.
2026-05-08 12:42:39  ---------------------------
2026-05-08 12:51:01 --- Trajectory --- 
2026-05-08 12:51:01 Prog : TEM_bc2_r33_ext_new Skid: 195 Paint : 0.
2026-05-08 12:51:01 ------------------ 
2026-05-08 12:58:39 --- Trajectory --- 
2026-05-08 12:58:39 Prog : TEM_bc2_r33_ext_new Skid: 195 Paint : 0.
2026-05-08 12:58:39 ------------------ 
2026-05-08 13:05:04 --- Trajectory --- 
2026-05-08 13:05:04 Prog : TEM_bc2_r33_ext_new Skid: 195 Paint : 0.
2026-05-08 13:05:04 ------------------ 
2026-05-08 13:11:46 --- Trajectory --- 
2026-05-08 13:11:46 Prog : TEM_bc2_r33_ext_new Skid: 195 Paint : 0.
2026-05-08 13:11:46 ------------------ 
2026-05-08 13:42:48  Vol : URUS_PA2_R33_Plastic Skid: 42 Calcul Vol : 0 Color: 106.
2026-05-08 13:42:48  ---------------------------
2026-05-08 13:47:47  Default Volume : URUS_PA2_BC2_R33_EXT_2026 Skid: 122.
2026-05-08 13:47:48  Vol : URUS_PA2_BC2_R33_EXT_2026 Skid: 122 Calcul Vol : 650 Color: 106.
2026-05-08 13:47:48  ---------------------------
2026-05-08 14:20:08 --- Trajectory --- 
2026-05-08 14:20:08 Prog : TEM_bc2_r33_ext_new Skid: 195 Paint : 0.
2026-05-08 14:20:08 ------------------ 
2026-05-08 14:28:10 --- Trajectory --- 
2026-05-08 14:28:10 Prog : TEM_bc2_r33_ext_new Skid: 195 Paint : 0.
2026-05-08 14:28:10 ------------------ 
2026-05-08 14:36:38 --- Trajectory --- 
2026-05-08 14:36:38 Prog : TEM_bc2_r33_ext_new Skid: 195 Paint : 0.
2026-05-08 14:36:38 ------------------ 
2026-05-08 14:57:27 --- Trajectory --- 
2026-05-08 14:57:27 Prog : TEM_bc2_r33_ext_new Skid: 195 Paint : 0.
2026-05-08 14:57:27 ------------------ 
2026-05-08 15:38:19 --- Trajectory --- 
2026-05-08 15:38:19 Prog : TEM_bc2_r33_ext_new Skid: 195 Paint : 0.
2026-05-08 15:38:19 ------------------ 
2026-05-08 15:47:13 --- Trajectory --- 
2026-05-08 15:47:13 Prog : TEM_bc2_r33_ext_new Skid: 195 Paint : 0.
2026-05-08 15:47:13 ------------------ 
2026-05-08 16:00:48 --- Trajectory --- 
2026-05-08 16:00:48 Prog : TEM_bc2_r33_ext_new Skid: 195 Paint : 0.
2026-05-08 16:00:48 ------------------ 
2026-05-08 16:04:37 --- Trajectory --- 
2026-05-08 16:04:37 Prog : TEM_bc2_r33_ext_new Skid: 195 Paint : 0.
2026-05-08 16:04:37 ------------------ 
2026-05-08 16:11:03 --- Trajectory --- 
2026-05-08 16:11:03 Prog : TEM_bc2_r33_ext_new Skid: 195 Paint : 0.
2026-05-08 16:11:03 ------------------ 
2026-05-08 16:17:36 --- Trajectory --- 
2026-05-08 16:17:36 Prog : TEM_bc2_r33_ext_new Skid: 195 Paint : 0.
2026-05-08 16:17:36 ------------------ 
2026-05-08 16:23:23 --- Trajectory --- 
2026-05-08 16:23:23 Prog : TEM_bc2_r33_ext_new Skid: 195 Paint : 0.
2026-05-08 16:23:23 ------------------ 
2026-05-08 16:25:25 --- Trajectory --- 
2026-05-08 16:25:25 Prog : TEM_bc2_r33_ext_new Skid: 195 Paint : 0.
2026-05-08 16:25:25 ------------------ 
2026-05-08 16:35:30 --- Trajectory --- 
2026-05-08 16:35:30 Prog : TEM_bc2_r33_ext_new Skid: 195 Paint : 0.
2026-05-08 16:35:30 ------------------ 
2026-05-08 16:39:27 --- Trajectory --- 
2026-05-08 16:39:27 Prog : TEM_bc2_r33_ext_new Skid: 195 Paint : 0.
2026-05-08 16:39:27 ------------------ 
2026-05-08 16:44:22 --- Trajectory --- 
2026-05-08 16:44:22 Prog : TEM_bc2_r33_ext_new Skid: 195 Paint : 0.
2026-05-08 16:44:22 ------------------ 
2026-05-08 16:50:09 --- Trajectory --- 
2026-05-08 16:50:09 Prog : TEM_bc2_r33_ext_new Skid: 195 Paint : 0.
2026-05-08 16:50:09 ------------------ 
2026-05-08 17:04:28 --- Trajectory --- 
2026-05-08 17:04:28 Prog : TEM_bc2_r33_ext_new Skid: 195 Paint : 0.
2026-05-08 17:04:28 ------------------ 
2026-05-08 17:14:50 --- Trajectory --- 
2026-05-08 17:14:50 Prog : TEM_bc2_r33_ext_new Skid: 195 Paint : 0.
2026-05-08 17:14:50 ------------------ 
2026-05-08 17:21:08 --- Trajectory --- 
2026-05-08 17:21:08 Prog : TEM_bc2_r33_ext_new Skid: 195 Paint : 0.
2026-05-08 17:21:08 ------------------ 
2026-05-08 17:25:56 --- Trajectory --- 
2026-05-08 17:25:56 Prog : TEM_bc2_r33_ext_new Skid: 195 Paint : 0.
2026-05-08 17:25:56 ------------------ 
2026-05-08 17:32:09 --- Trajectory --- 
2026-05-08 17:32:09 Prog : TEM_bc2_r33_ext_new Skid: 195 Paint : 0.
2026-05-08 17:32:09 ------------------ 
2026-05-08 17:36:11 --- Trajectory --- 
2026-05-08 17:36:11 Prog : TEM_bc2_r33_ext_new Skid: 195 Paint : 0.
2026-05-08 17:36:11 ------------------ 
2026-05-08 17:41:28 --- Trajectory --- 
2026-05-08 17:41:28 Prog : TEM_bc2_r33_ext_new Skid: 195 Paint : 0.
2026-05-08 17:41:28 ------------------ 
2026-05-08 17:47:29 --- Trajectory --- 
2026-05-08 17:47:29 Prog : TEM_bc2_r33_ext_new Skid: 195 Paint : 0.
2026-05-08 17:47:29 ------------------ 
2026-05-11 06:12:48  Vol : HURACAN_BC2_R33_Plastic Skid: 157 Calcul Vol : 2785 Color: 22.
2026-05-11 06:12:48  ---------------------------
2026-05-11 06:29:18  Vol : URUS_PA2_R33_Plastic Skid: 240 Calcul Vol : 10 Color: 102.
2026-05-11 06:29:18  ---------------------------
2026-05-11 06:34:44 --- Trajectory --- 
2026-05-11 06:34:44 Prog : HURACAN_BC2_R33_Plastic Skid: 157 Paint : 61.
2026-05-11 06:34:44 ------------------ 
2026-05-11 06:37:32  Default Volume : URUS_PA2_BC2_R33_EXT_2026 Skid: 105.
2026-05-11 06:37:34  Vol : URUS_PA2_BC2_R33_EXT_2026 Skid: 105 Calcul Vol : 650 Color: 102.
2026-05-11 06:37:34  ---------------------------
2026-05-11 06:41:27  Vol : URUS_PA2_R33_Plastic Skid: 98 Calcul Vol : 10 Color: 20.
2026-05-11 06:41:27  ---------------------------
2026-05-11 06:46:14  Default Volume : URUS_PA2_BC2_R33_EXT_2026 Skid: 148.
2026-05-11 06:46:16  Vol : URUS_PA2_BC2_R33_EXT_2026 Skid: 148 Calcul Vol : 650 Color: 20.
2026-05-11 06:46:16  ---------------------------
2026-05-11 06:51:41 --- Trajectory --- 
2026-05-11 06:51:41 Prog : HURACAN_BC2_R33_Plastic Skid: 157 Paint : 0.
2026-05-11 06:51:41 ------------------ 
2026-05-11 07:00:29 --- Trajectory --- 
2026-05-11 07:00:29 Prog : HURACAN_BC2_R33_Plastic Skid: 157 Paint : 0.
2026-05-11 07:00:29 ------------------ 
2026-05-11 07:02:16  Vol : URUS_PA2_R33_Plastic Skid: 64 Calcul Vol : 10 Color: 27.
2026-05-11 07:02:16  ---------------------------
2026-05-11 07:04:02 --- Trajectory --- 
2026-05-11 07:04:02 Prog : HURACAN_BC2_R33_Plastic Skid: 157 Paint : 0.
2026-05-11 07:04:02 ------------------ 
2026-05-11 07:06:30  Default Volume : URUS_PA2_BC2_R33_EXT_2026 Skid: 222.
2026-05-11 07:06:32  Vol : URUS_PA2_BC2_R33_EXT_2026 Skid: 222 Calcul Vol : 650 Color: 27.
2026-05-11 07:06:32  ---------------------------
2026-05-11 07:09:57 --- Trajectory --- 
2026-05-11 07:09:57 Prog : HURACAN_BC2_R33_Plastic Skid: 157 Paint : 0.
2026-05-11 07:09:57 ------------------ 
2026-05-11 07:10:18  Vol : URUS_PA2_R33_Plastic Skid: 169 Calcul Vol : 10 Color: 85.
2026-05-11 07:10:18  ---------------------------
2026-05-11 07:14:12  Vol : HURACAN_BC2_R33_Plastic Skid: 46 Calcul Vol : 2670 Color: 9.
2026-05-11 07:14:12  ---------------------------
2026-05-11 07:32:18  Default Volume : TEM_bc2_int Skid: 85.
2026-05-11 07:32:19  Vol : TEM_bc2_int Skid: 85 Calcul Vol : 650 Color: 9.
2026-05-11 07:32:19  ---------------------------
2026-05-11 07:32:25  Default Volume : TEM_bc2_r33_ext_new Skid: 85.
2026-05-11 07:32:27  Vol : TEM_bc2_r33_ext_new Skid: 85 Calcul Vol : 650 Color: 9.
2026-05-11 07:32:27  ---------------------------
2026-05-11 07:47:45 --- Trajectory --- 
2026-05-11 07:47:45 Prog : HURACAN_BC2_R33_Plastic Skid: 157 Paint : 0.
2026-05-11 07:47:45 ------------------ 
2026-05-11 07:55:01 --- Trajectory --- 
2026-05-11 07:55:01 Prog : HURACAN_BC2_R33_Plastic Skid: 157 Paint : 0.
2026-05-11 07:55:01 ------------------ 
2026-05-11 07:57:26  Default Volume : URUS_PA2_BC2_R33_EXT_2026 Skid: 24.
2026-05-11 07:57:27  Vol : URUS_PA2_BC2_R33_EXT_2026 Skid: 24 Calcul Vol : 650 Color: 11.
2026-05-11 07:57:27  ---------------------------
2026-05-11 08:01:42 --- Trajectory --- 
2026-05-11 08:01:43 Prog : HURACAN_BC2_R33_Plastic Skid: 157 Paint : 0.
2026-05-11 08:01:43 ------------------ 
2026-05-11 08:04:19 --- Trajectory --- 
2026-05-11 08:04:19 Prog : HURACAN_BC2_R33_Plastic Skid: 46 Paint : 62.
2026-05-11 08:04:19 ------------------ 
2026-05-11 08:08:04 --- Trajectory --- 
2026-05-11 08:08:04 Prog : TEM_bc2_int Skid: 85 Paint : 0.
2026-05-11 08:08:04 ------------------ 
2026-05-11 08:10:25 --- Trajectory --- 
2026-05-11 08:10:25 Prog : TEM_bc2_r33_ext_new Skid: 85 Paint : 220.
2026-05-11 08:10:25 ------------------ 
2026-05-11 08:23:53  Vol : URUS_PA2_R33_Plastic Skid: 253 Calcul Vol : 10 Color: 27.
2026-05-11 08:23:53  ---------------------------
2026-05-11 08:29:05  Default Volume : URUS_PA2_BC2_R33_EXT_2026 Skid: 49.
2026-05-11 08:29:07  Vol : URUS_PA2_BC2_R33_EXT_2026 Skid: 49 Calcul Vol : 650 Color: 27.
2026-05-11 08:29:07  ---------------------------
2026-05-11 08:32:32 --- Trajectory --- 
2026-05-11 08:32:32 Prog : TEM_bc2_r33_ext_new Skid: 85 Paint : 0.
2026-05-11 08:32:32 ------------------ 
2026-05-11 08:40:42  Vol : URUS_PA2_R33_Plastic Skid: 113 Calcul Vol : 10 Color: 69.
2026-05-11 08:40:42  ---------------------------
2026-05-11 08:44:11  Default Volume : URUS_PA2_BC2_R33_EXT_2026 Skid: 50.
2026-05-11 08:44:12  Vol : URUS_PA2_BC2_R33_EXT_2026 Skid: 50 Calcul Vol : 650 Color: 69.
2026-05-11 08:44:12  ---------------------------
2026-05-11 08:58:37 --- Trajectory --- 
2026-05-11 08:58:37 Prog : TEM_bc2_r33_ext_new Skid: 85 Paint : 0.
2026-05-11 08:58:37 ------------------ 
2026-05-11 09:07:01  Default Volume : URUS_PA2_BC2_R33_EXT_2026 Skid: 49.
2026-05-11 09:07:02  Vol : URUS_PA2_BC2_R33_EXT_2026 Skid: 49 Calcul Vol : 650 Color: 27.
2026-05-11 09:07:02  ---------------------------
2026-05-11 09:08:31 --- Trajectory --- 
2026-05-11 09:08:31 Prog : TEM_bc2_r33_ext_new Skid: 85 Paint : 0.
2026-05-11 09:08:31 ------------------ 
2026-05-11 09:21:01 --- Trajectory --- 
2026-05-11 09:21:01 Prog : TEM_bc2_r33_ext_new Skid: 85 Paint : 0.
2026-05-11 09:21:01 ------------------ 
2026-05-11 09:40:00  Vol : HURACAN_BC2_R33_Plastic Skid: 234 Calcul Vol : 3940 Color: 62.
2026-05-11 09:40:00  ---------------------------
2026-05-11 09:43:19 --- Trajectory --- 
2026-05-11 09:43:19 Prog : TEM_bc2_r33_ext_new Skid: 85 Paint : 0.
2026-05-11 09:43:19 ------------------ 
2026-05-11 09:45:26  Default Volume : TEM_bc2_int Skid: 166.
2026-05-11 09:45:27  Vol : TEM_bc2_int Skid: 166 Calcul Vol : 650 Color: 62.
2026-05-11 09:45:27  ---------------------------
2026-05-11 09:45:33  Default Volume : TEM_bc2_r33_ext_new Skid: 166.
2026-05-11 09:45:35  Vol : TEM_bc2_r33_ext_new Skid: 166 Calcul Vol : 650 Color: 62.
2026-05-11 09:45:35  ---------------------------
2026-05-11 09:53:39  Default Volume : URUS_PA2_BC2_R33_EXT_2026 Skid: 210.
2026-05-11 09:53:40  Vol : URUS_PA2_BC2_R33_EXT_2026 Skid: 210 Calcul Vol : 650 Color: 11.
2026-05-11 09:53:40  ---------------------------
2026-05-11 10:09:50 --- Trajectory --- 
2026-05-11 10:09:50 Prog : HURACAN_BC2_R33_Plastic Skid: 234 Paint : 98.
2026-05-11 10:09:50 ------------------ 
2026-05-11 10:22:00 --- Trajectory --- 
2026-05-11 10:22:00 Prog : TEM_bc2_int Skid: 166 Paint : 0.
2026-05-11 10:22:00 ------------------ 
2026-05-11 10:23:42  Default Volume : URUS_PA2_BC2_R33_EXT_2026 Skid: 20.
2026-05-11 10:23:43  Vol : URUS_PA2_BC2_R33_EXT_2026 Skid: 20 Calcul Vol : 650 Color: 16.
2026-05-11 10:23:43  ---------------------------
2026-05-11 10:24:23 --- Trajectory --- 
2026-05-11 10:24:23 Prog : TEM_bc2_r33_ext_new Skid: 166 Paint : 273.
2026-05-11 10:24:23 ------------------ 
2026-05-11 10:34:02 --- Trajectory --- 
2026-05-11 10:34:02 Prog : TEM_bc2_r33_ext_new Skid: 166 Paint : 0.
2026-05-11 10:34:02 ------------------ 
2026-05-11 10:52:25  Default Volume : URUS_PA2_BC2_R33_EXT_2026 Skid: 37.
2026-05-11 10:52:26  Vol : URUS_PA2_BC2_R33_EXT_2026 Skid: 37 Calcul Vol : 650 Color: 102.
2026-05-11 10:52:26  ---------------------------
2026-05-11 11:03:41  Vol : URUS_PA2_R33_Plastic Skid: 186 Calcul Vol : 10 Color: 102.
2026-05-11 11:03:41  ---------------------------
2026-05-11 11:09:11  Default Volume : URUS_PA2_BC2_R33_EXT_2026 Skid: 145.
2026-05-11 11:09:12  Vol : URUS_PA2_BC2_R33_EXT_2026 Skid: 145 Calcul Vol : 650 Color: 11.
2026-05-11 11:09:12  ---------------------------
2026-05-11 11:17:36  Default Volume : URUS_PA2_BC2_R33_EXT_2026 Skid: 158.
2026-05-11 11:17:38  Vol : URUS_PA2_BC2_R33_EXT_2026 Skid: 158 Calcul Vol : 650 Color: 11.
2026-05-11 11:17:38  ---------------------------
2026-05-11 11:19:44 --- Trajectory --- 
2026-05-11 11:19:44 Prog : TEM_bc2_r33_ext_new Skid: 166 Paint : 0.
2026-05-11 11:19:44 ------------------ 
2026-05-11 11:22:55  Default Volume : TEM_bc2_int Skid: 230.
2026-05-11 11:22:57  Vol : TEM_bc2_int Skid: 230 Calcul Vol : 650 Color: 85.
2026-05-11 11:22:57  ---------------------------
2026-05-11 11:23:03  Default Volume : TEM_bc2_r33_ext_new Skid: 230.
2026-05-11 11:23:04  Vol : TEM_bc2_r33_ext_new Skid: 230 Calcul Vol : 650 Color: 85.
2026-05-11 11:23:04  ---------------------------
2026-05-11 11:27:37  Vol : HURACAN_BC2_R33_Plastic Skid: 39 Calcul Vol : 1898 Color: 29.
2026-05-11 11:27:37  ---------------------------
2026-05-11 11:30:49 --- Trajectory --- 
2026-05-11 11:30:49 Prog : TEM_bc2_r33_ext_new Skid: 166 Paint : 0.
2026-05-11 11:30:49 ------------------ 
2026-05-11 11:33:08  Default Volume : TEM_bc2_int Skid: 149.
2026-05-11 11:33:10  Vol : TEM_bc2_int Skid: 149 Calcul Vol : 650 Color: 29.
2026-05-11 11:33:10  ---------------------------
2026-05-11 11:33:16  Default Volume : TEM_bc2_r33_ext_new Skid: 149.
2026-05-11 11:33:17  Vol : TEM_bc2_r33_ext_new Skid: 149 Calcul Vol : 650 Color: 29.
2026-05-11 11:33:17  ---------------------------
2026-05-11 11:33:33 --- Trajectory --- 
2026-05-11 11:33:33 Prog : TEM_bc2_r33_ext_new Skid: 166 Paint : 0.
2026-05-11 11:33:33 ------------------ 
2026-05-11 11:39:34 --- Trajectory --- 
2026-05-11 11:39:34 Prog : TEM_bc2_r33_ext_new Skid: 166 Paint : 0.
2026-05-11 11:39:34 ------------------ 
2026-05-11 11:55:15 --- Trajectory --- 
2026-05-11 11:55:15 Prog : TEM_bc2_r33_ext_new Skid: 166 Paint : 0.
2026-05-11 11:55:15 ------------------ 
2026-05-11 11:57:44 --- Trajectory --- 
2026-05-11 11:57:44 Prog : TEM_bc2_int Skid: 230 Paint : 0.
2026-05-11 11:57:44 ------------------ 
2026-05-11 12:00:07 --- Trajectory --- 
2026-05-11 12:00:07 Prog : TEM_bc2_r33_ext_new Skid: 230 Paint : 207.
2026-05-11 12:00:07 ------------------ 
2026-05-11 12:02:41 --- Trajectory --- 
2026-05-11 12:02:41 Prog : HURACAN_BC2_R33_Plastic Skid: 39 Paint : 27.
2026-05-11 12:02:41 ------------------ 
2026-05-11 12:06:35 --- Trajectory --- 
2026-05-11 12:06:35 Prog : TEM_bc2_int Skid: 149 Paint : 0.
2026-05-11 12:06:35 ------------------ 
2026-05-11 12:08:57 --- Trajectory --- 
2026-05-11 12:08:57 Prog : TEM_bc2_r33_ext_new Skid: 149 Paint : 148.
2026-05-11 12:08:57 ------------------ 
2026-05-11 12:24:34  Default Volume : TEM_bc2_int Skid: 216.
2026-05-11 12:24:35  Vol : TEM_bc2_int Skid: 216 Calcul Vol : 650 Color: 22.
2026-05-11 12:24:35  ---------------------------
2026-05-11 12:24:41  Default Volume : TEM_bc2_r33_ext_new Skid: 216.
2026-05-11 12:24:43  Vol : TEM_bc2_r33_ext_new Skid: 216 Calcul Vol : 650 Color: 22.
2026-05-11 12:24:43  ---------------------------
2026-05-11 12:29:04  Vol : URUS_PA2_R33_Plastic Skid: 2 Calcul Vol : 10 Color: 55.
2026-05-11 12:29:04  ---------------------------
2026-05-11 12:32:35  Default Volume : URUS_PA2_BC2_R33_EXT_2026 Skid: 5.
2026-05-11 12:32:37  Vol : URUS_PA2_BC2_R33_EXT_2026 Skid: 5 Calcul Vol : 650 Color: 55.
2026-05-11 12:32:37  ---------------------------
2026-05-11 12:45:21  Vol : HURACAN_BC2_R33_Plastic Skid: 97 Calcul Vol : 620 Color: 15.
2026-05-11 12:45:21  ---------------------------
2026-05-11 12:47:12 --- Trajectory --- 
2026-05-11 12:47:12 Prog : TEM_bc2_int Skid: 216 Paint : 0.
2026-05-11 12:47:12 ------------------ 
2026-05-11 12:47:30 --- Trajectory --- 
2026-05-11 12:47:30 Prog : TEM_bc2_r33_ext_new Skid: 216 Paint : 0.
2026-05-11 12:47:30 ------------------ 
2026-05-11 12:53:04 --- Trajectory --- 
2026-05-11 12:53:04 Prog : TEM_bc2_r33_ext_new Skid: 216 Paint : 0.
2026-05-11 12:53:04 ------------------ 
2026-05-11 12:59:16 --- Trajectory --- 
2026-05-11 12:59:16 Prog : TEM_bc2_r33_ext_new Skid: 216 Paint : 0.
2026-05-11 12:59:16 ------------------ 
2026-05-11 13:09:39 --- Trajectory --- 
2026-05-11 13:09:39 Prog : HURACAN_BC2_R33_Plastic Skid: 97 Paint : 9.
2026-05-11 13:09:39 ------------------ 
2026-05-11 13:50:15  Default Volume : TEM_bc2_int Skid: 79.
2026-05-11 13:50:17  Vol : TEM_bc2_int Skid: 79 Calcul Vol : 650 Color: 15.
2026-05-11 13:50:17  ---------------------------
2026-05-11 13:50:23  Default Volume : TEM_bc2_r33_ext_new Skid: 79.
2026-05-11 13:50:24  Vol : TEM_bc2_r33_ext_new Skid: 79 Calcul Vol : 650 Color: 15.
2026-05-11 13:50:24  ---------------------------
2026-05-11 13:59:45  Vol : HURACAN_BC2_R33_Plastic Skid: 45 Calcul Vol : 2480 Color: 145.
2026-05-11 13:59:45  ---------------------------
2026-05-11 14:04:41  Default Volume : TEM_bc2_int Skid: 204.
2026-05-11 14:04:43  Vol : TEM_bc2_int Skid: 204 Calcul Vol : 650 Color: 145.
2026-05-11 14:04:43  ---------------------------
2026-05-11 14:04:49  Default Volume : TEM_bc2_r33_ext_new Skid: 204.
2026-05-11 14:04:50  Vol : TEM_bc2_r33_ext_new Skid: 204 Calcul Vol : 650 Color: 145.
2026-05-11 14:04:50  ---------------------------
2026-05-11 14:22:16 --- Trajectory --- 
2026-05-11 14:22:16 Prog : TEM_bc2_int Skid: 79 Paint : 0.
2026-05-11 14:22:16 ------------------ 
2026-05-11 14:24:36 --- Trajectory --- 
2026-05-11 14:24:36 Prog : TEM_bc2_r33_ext_new Skid: 79 Paint : 109.
2026-05-11 14:24:36 ------------------ 
2026-05-11 14:33:19 --- Trajectory --- 
2026-05-11 14:33:19 Prog : HURACAN_BC2_R33_Plastic Skid: 45 Paint : 59.
2026-05-11 14:33:19 ------------------ 
2026-05-11 14:41:15 --- Trajectory --- 
2026-05-11 14:41:15 Prog : TEM_bc2_int Skid: 204 Paint : 0.
2026-05-11 14:41:15 ------------------ 
2026-05-11 14:43:37 --- Trajectory --- 
2026-05-11 14:43:37 Prog : TEM_bc2_r33_ext_new Skid: 204 Paint : 214.
2026-05-11 14:43:37 ------------------ 
2026-05-11 14:53:52  Default Volume : URUS_PA2_BC2_R33_EXT_2026 Skid: 133.
2026-05-11 14:53:54  Vol : URUS_PA2_BC2_R33_EXT_2026 Skid: 133 Calcul Vol : 650 Color: 9.
2026-05-11 14:53:54  ---------------------------
2026-05-11 15:28:29 --- Trajectory --- 
2026-05-11 15:28:29 Prog : TEM_bc2_r33_ext_new Skid: 204 Paint : 0.
2026-05-11 15:28:29 ------------------ 
2026-05-11 15:29:38  Default Volume : TEM_bc2_int Skid: 195.
2026-05-11 15:29:40  Vol : TEM_bc2_int Skid: 195 Calcul Vol : 650 Color: 146.
2026-05-11 15:29:40  ---------------------------
2026-05-11 15:29:46  Default Volume : TEM_bc2_r33_ext_new Skid: 195.
2026-05-11 15:29:47  Vol : TEM_bc2_r33_ext_new Skid: 195 Calcul Vol : 650 Color: 146.
2026-05-11 15:29:47  ---------------------------
2026-05-11 15:43:42  Vol : URUS_PA2_R33_Plastic Skid: 240 Calcul Vol : 10 Color: 62.
2026-05-11 15:43:42  ---------------------------
2026-05-11 15:52:24  Default Volume : URUS_PA2_BC2_R33_EXT_2026 Skid: 134.
2026-05-11 15:52:26  Vol : URUS_PA2_BC2_R33_EXT_2026 Skid: 134 Calcul Vol : 650 Color: 112.
2026-05-11 15:52:26  ---------------------------
2026-05-11 15:59:41  Vol : URUS_PA2_R33_Plastic Skid: 36 Calcul Vol : 10 Color: 112.
2026-05-11 15:59:41  ---------------------------
2026-05-11 16:09:48 --- Trajectory --- 
2026-05-11 16:09:48 Prog : TEM_bc2_int Skid: 195 Paint : 0.
2026-05-11 16:09:48 ------------------ 
2026-05-11 16:10:39  Default Volume : TEM_bc2_int Skid: 245.
2026-05-11 16:10:41  Vol : TEM_bc2_int Skid: 245 Calcul Vol : 650 Color: 53.
2026-05-11 16:10:41  ---------------------------
2026-05-11 16:10:47  Default Volume : TEM_bc2_r33_ext_new Skid: 245.
2026-05-11 16:10:49  Vol : TEM_bc2_r33_ext_new Skid: 245 Calcul Vol : 650 Color: 53.
2026-05-11 16:10:49  ---------------------------
2026-05-11 16:12:10 --- Trajectory --- 
2026-05-11 16:12:10 Prog : TEM_bc2_r33_ext_new Skid: 195 Paint : 214.
2026-05-11 16:12:10 ------------------ 
2026-05-11 16:12:41  Vol : HURACAN_BC2_R33_Plastic Skid: 71 Calcul Vol : 2081 Color: 53.
2026-05-11 16:12:41  ---------------------------
2026-05-11 16:15:31 --- Trajectory --- 
2026-05-11 16:15:31 Prog : TEM_bc2_r33_ext_new Skid: 195 Paint : 0.
2026-05-11 16:15:31 ------------------ 
2026-05-11 16:23:18  Default Volume : TEM_bc2_int Skid: 57.
2026-05-11 16:23:20  Vol : TEM_bc2_int Skid: 57 Calcul Vol : 650 Color: 34.
2026-05-11 16:23:20  ---------------------------
2026-05-11 16:23:26  Default Volume : TEM_bc2_r33_ext_new Skid: 57.
2026-05-11 16:23:27  Vol : TEM_bc2_r33_ext_new Skid: 57 Calcul Vol : 650 Color: 34.
2026-05-11 16:23:27  ---------------------------
2026-05-11 16:26:26 --- Trajectory --- 
2026-05-11 16:26:26 Prog : TEM_bc2_r33_ext_new Skid: 195 Paint : 0.
2026-05-11 16:26:26 ------------------ 
2026-05-11 16:26:47  Vol : HURACAN_BC2_R33_Plastic Skid: 46 Calcul Vol : 1895 Color: 34.
2026-05-11 16:26:47  ---------------------------
2026-05-11 16:28:52 --- Trajectory --- 
2026-05-11 16:28:52 Prog : TEM_bc2_r33_ext_new Skid: 195 Paint : 0.
2026-05-11 16:28:52 ------------------ 
2026-05-11 16:37:49 --- Trajectory --- 
2026-05-11 16:37:49 Prog : TEM_bc2_int Skid: 245 Paint : 0.
2026-05-11 16:37:49 ------------------ 
2026-05-11 16:37:49  Vol : URUS_PA2_R33_Plastic Skid: 101 Calcul Vol : 10 Color: 55.
2026-05-11 16:37:49  ---------------------------
2026-05-11 16:40:11 --- Trajectory --- 
2026-05-11 16:40:11 Prog : TEM_bc2_r33_ext_new Skid: 245 Paint : 204.
2026-05-11 16:40:11 ------------------ 
2026-05-11 16:43:01 --- Trajectory --- 
2026-05-11 16:43:01 Prog : HURACAN_BC2_R33_Plastic Skid: 71 Paint : 48.
2026-05-11 16:43:01 ------------------ 
2026-05-11 16:43:12  Default Volume : URUS_PA2_BC2_R33_EXT_2026 Skid: 14.
2026-05-11 16:43:13  Vol : URUS_PA2_BC2_R33_EXT_2026 Skid: 14 Calcul Vol : 650 Color: 55.
2026-05-11 16:43:13  ---------------------------
2026-05-11 16:54:37 --- Trajectory --- 
2026-05-11 16:54:37 Prog : TEM_bc2_int Skid: 57 Paint : 0.
2026-05-11 16:54:37 ------------------ 
2026-05-11 16:57:39  Default Volume : URUS_PA2_BC2_R33_EXT_2026 Skid: 152.
2026-05-11 16:57:41  Vol : URUS_PA2_BC2_R33_EXT_2026 Skid: 152 Calcul Vol : 650 Color: 62.
2026-05-11 16:57:41  ---------------------------
2026-05-11 17:16:26 --- Trajectory --- 
2026-05-11 17:16:26 Prog : HURACAN_BC2_R33_Plastic Skid: 46 Paint : 38.
2026-05-11 17:16:26 ------------------ 
2026-05-11 17:20:14  Default Volume : TEM_bc2_int Skid: 57.
2026-05-11 17:20:15  Vol : TEM_bc2_int Skid: 57 Calcul Vol : 650 Color: 34.
2026-05-11 17:20:15  ---------------------------
2026-05-11 17:20:21  Default Volume : TEM_bc2_r33_ext_new Skid: 57.
2026-05-11 17:20:23  Vol : TEM_bc2_r33_ext_new Skid: 57 Calcul Vol : 650 Color: 34.
2026-05-11 17:20:23  ---------------------------
2026-05-11 17:22:28 --- Trajectory --- 
2026-05-11 17:22:28 Prog : HURACAN_BC2_R33_Plastic Skid: 46 Paint : 0.
2026-05-11 17:22:28 ------------------ 
2026-05-11 17:24:15  Default Volume : TEM_bc2_int Skid: 85.
2026-05-11 17:24:17  Vol : TEM_bc2_int Skid: 85 Calcul Vol : 650 Color: 9.
2026-05-11 17:24:17  ---------------------------
2026-05-11 17:24:23  Default Volume : TEM_bc2_r33_ext_new Skid: 85.
2026-05-11 17:24:24  Vol : TEM_bc2_r33_ext_new Skid: 85 Calcul Vol : 650 Color: 9.
2026-05-11 17:24:24  ---------------------------
2026-05-11 17:41:25 --- Trajectory --- 
2026-05-11 17:41:25 Prog : HURACAN_BC2_R33_Plastic Skid: 46 Paint : 0.
2026-05-11 17:41:25 ------------------ 
2026-05-11 17:50:26 --- Trajectory --- 
2026-05-11 17:50:26 Prog : HURACAN_BC2_R33_Plastic Skid: 46 Paint : 0.
2026-05-11 17:50:26 ------------------ 
2026-05-11 17:55:58  Vol : HURACAN_BC2_R33_Plastic Skid: 157 Calcul Vol : 2971 Color: 13.
2026-05-11 17:55:58  ---------------------------
2026-05-11 17:56:16 --- Trajectory --- 
2026-05-11 17:56:16 Prog : TEM_bc2_int Skid: 57 Paint : 0.
2026-05-11 17:56:16 ------------------ 
2026-05-11 17:58:38 --- Trajectory --- 
2026-05-11 17:58:38 Prog : TEM_bc2_r33_ext_new Skid: 57 Paint : 149.
2026-05-11 17:58:38 ------------------ 
2026-05-11 17:59:49 --- Trajectory --- 
2026-05-11 17:59:49 Prog : TEM_bc2_int Skid: 85 Paint : 0.
2026-05-11 17:59:49 ------------------ 
2026-05-11 18:00:43 --- Trajectory --- 
2026-05-11 18:00:43 Prog : TEM_bc2_r33_ext_new Skid: 85 Paint : 59.
2026-05-11 18:00:43 ------------------ 
2026-05-11 18:00:53  Default Volume : TEM_bc2_int Skid: 172.
2026-05-11 18:00:55  Vol : TEM_bc2_int Skid: 172 Calcul Vol : 650 Color: 13.
2026-05-11 18:00:55  ---------------------------
2026-05-11 18:01:01  Default Volume : TEM_bc2_r33_ext_new Skid: 172.
2026-05-11 18:01:02  Vol : TEM_bc2_r33_ext_new Skid: 172 Calcul Vol : 650 Color: 13.
2026-05-11 18:01:02  ---------------------------
2026-05-11 18:20:03 --- Trajectory --- 
2026-05-11 18:20:03 Prog : HURACAN_BC2_R33_Plastic Skid: 157 Paint : 71.
2026-05-11 18:20:03 ------------------ 
2026-05-11 18:23:47 --- Trajectory --- 
2026-05-11 18:23:47 Prog : TEM_bc2_int Skid: 172 Paint : 0.
2026-05-11 18:23:47 ------------------ 
2026-05-11 18:26:08 --- Trajectory --- 
2026-05-11 18:26:08 Prog : TEM_bc2_r33_ext_new Skid: 172 Paint : 258.
2026-05-11 18:26:08 ------------------ 
2026-05-11 18:26:23  Vol : URUS_PA2_R33_Plastic Skid: 180 Calcul Vol : 10 Color: 20.
2026-05-11 18:26:23  ---------------------------
2026-05-11 18:37:45  Default Volume : URUS_PA2_BC2_R33_EXT_2026 Skid: 233.
2026-05-11 18:37:47  Vol : URUS_PA2_BC2_R33_EXT_2026 Skid: 233 Calcul Vol : 650 Color: 20.
2026-05-11 18:37:47  ---------------------------
2026-05-11 18:43:13  Default Volume : TEM_bc2_int Skid: 176.
2026-05-11 18:43:15  Vol : TEM_bc2_int Skid: 176 Calcul Vol : 650 Color: 16.
2026-05-11 18:43:15  ---------------------------
2026-05-11 18:43:21  Default Volume : TEM_bc2_r33_ext_new Skid: 176.
2026-05-11 18:43:22  Vol : TEM_bc2_r33_ext_new Skid: 176 Calcul Vol : 650 Color: 16.
2026-05-11 18:43:22  ---------------------------
2026-05-11 18:56:40 --- Trajectory --- 
2026-05-11 18:56:40 Prog : TEM_bc2_r33_ext_new Skid: 172 Paint : 0.
2026-05-11 18:56:40 ------------------ 
2026-05-11 19:02:08 --- Trajectory --- 
2026-05-11 19:02:08 Prog : TEM_bc2_r33_ext_new Skid: 172 Paint : 0.
2026-05-11 19:02:08 ------------------ 
2026-05-11 19:05:47 --- Trajectory --- 
2026-05-11 19:05:47 Prog : TEM_bc2_int Skid: 176 Paint : 0.
2026-05-11 19:05:47 ------------------ 
2026-05-11 19:07:37 --- Trajectory --- 
2026-05-11 19:07:37 Prog : TEM_bc2_r33_ext_new Skid: 176 Paint : 129.
2026-05-11 19:07:37 ------------------ 
2026-05-11 19:23:33  Default Volume : URUS_PA2_BC2_R33_EXT_2026 Skid: 81.
2026-05-11 19:23:34  Vol : URUS_PA2_BC2_R33_EXT_2026 Skid: 81 Calcul Vol : 650 Color: 54.
2026-05-11 19:23:34  ---------------------------
2026-05-11 19:36:07  Vol : URUS_PA2_R33_Plastic Skid: 253 Calcul Vol : 10 Color: 54.
2026-05-11 19:36:07  ---------------------------
2026-05-11 19:47:32 --- Trajectory --- 
2026-05-11 19:47:32 Prog : TEM_bc2_r33_ext_new Skid: 176 Paint : 0.
2026-05-11 19:47:32 ------------------ 
2026-05-11 20:13:57 --- Trajectory --- 
2026-05-11 20:13:57 Prog : TEM_bc2_r33_ext_new Skid: 176 Paint : 0.
2026-05-11 20:13:57 ------------------ 
2026-05-11 21:10:15  Vol : URUS_PA2_R33_Plastic Skid: 101 Calcul Vol : 0 Color: 56.
2026-05-11 21:10:15  ---------------------------
2026-05-11 21:12:49  Default Volume : URUS_PA2_BC2_R33_EXT_2026 Skid: 14.
2026-05-11 21:12:50  Vol : URUS_PA2_BC2_R33_EXT_2026 Skid: 14 Calcul Vol : 650 Color: 56.
2026-05-11 21:12:50  ---------------------------
2026-05-11 21:31:51  Vol : URUS_PA2_R33_Plastic Skid: 36 Calcul Vol : 10 Color: 113.
2026-05-11 21:31:51  ---------------------------
2026-05-11 21:33:32 --- Trajectory --- 
2026-05-11 21:33:32 Prog : TEM_bc2_r33_ext_new Skid: 176 Paint : 0.
2026-05-11 21:33:32 ------------------ 
2026-05-11 21:36:41  Default Volume : URUS_PA2_BC2_R33_EXT_2026 Skid: 134.
2026-05-11 21:36:42  Vol : URUS_PA2_BC2_R33_EXT_2026 Skid: 134 Calcul Vol : 650 Color: 113.
2026-05-11 21:36:42  ---------------------------
2026-05-11 21:39:06 --- Trajectory --- 
2026-05-11 21:39:06 Prog : TEM_bc2_r33_ext_new Skid: 176 Paint : 0.
2026-05-11 21:39:06 ------------------ 
2026-05-11 21:45:17  Vol : HURACAN_BC2_R33_Plastic Skid: 46 Calcul Vol : 2286 Color: 35.
2026-05-11 21:45:17  ---------------------------
2026-05-11 21:49:49  Default Volume : TEM_bc2_int Skid: 57.
2026-05-11 21:49:51  Vol : TEM_bc2_int Skid: 57 Calcul Vol : 650 Color: 35.
2026-05-11 21:49:51  ---------------------------
2026-05-11 21:49:57  Default Volume : TEM_bc2_r33_ext_new Skid: 57.
2026-05-11 21:49:58  Vol : TEM_bc2_r33_ext_new Skid: 57 Calcul Vol : 650 Color: 35.
2026-05-11 21:49:58  ---------------------------
2026-05-11 21:57:39 --- Trajectory --- 
2026-05-11 21:57:39 Prog : TEM_bc2_r33_ext_new Skid: 176 Paint : 0.
2026-05-11 21:57:39 ------------------ 
2026-05-11 22:03:14 --- Trajectory --- 
2026-05-11 22:03:14 Prog : TEM_bc2_r33_ext_new Skid: 176 Paint : 0.
2026-05-11 22:03:14 ------------------ 
2026-05-11 22:11:24 --- Trajectory --- 
2026-05-11 22:11:24 Prog : HURACAN_BC2_R33_Plastic Skid: 46 Paint : 54.
2026-05-11 22:11:24 ------------------ 
2026-05-11 22:15:33  Vol : HURACAN_BC2_R33_Plastic Skid: 164 Calcul Vol : 0 Color: 85.
2026-05-11 22:15:33  ---------------------------
2026-05-11 22:16:32 --- Trajectory --- 
2026-05-11 22:16:32 Prog : TEM_bc2_int Skid: 57 Paint : 0.
2026-05-11 22:16:32 ------------------ 
2026-05-11 22:18:54 --- Trajectory --- 
2026-05-11 22:18:54 Prog : TEM_bc2_r33_ext_new Skid: 57 Paint : 194.
2026-05-11 22:18:54 ------------------ 
2026-05-11 22:28:27  Vol : URUS_PA2_R33_Plastic Skid: 197 Calcul Vol : 0 Color: 86.
2026-05-11 22:28:27  ---------------------------
2026-05-11 22:58:58 --- Trajectory --- 
2026-05-11 22:58:58 Prog : HURACAN_BC2_R33_Plastic Skid: 164 Paint : 0.
2026-05-11 22:58:58 ------------------ 
2026-05-11 23:12:20  Vol : HURACAN_BC2_R33_Plastic Skid: 110 Calcul Vol : 2667 Color: 25.
2026-05-11 23:12:20  ---------------------------
2026-05-11 23:12:21 --- Trajectory --- 
2026-05-11 23:12:21 Prog : HURACAN_BC2_R33_Plastic Skid: 164 Paint : 0.
2026-05-11 23:12:22 ------------------ 
2026-05-11 23:43:04  Default Volume : TEM_bc2_int Skid: 166.
2026-05-11 23:43:05  Vol : TEM_bc2_int Skid: 166 Calcul Vol : 650 Color: 62.
2026-05-11 23:43:05  ---------------------------
2026-05-11 23:43:11  Default Volume : TEM_bc2_r33_ext_new Skid: 166.
2026-05-11 23:43:13  Vol : TEM_bc2_r33_ext_new Skid: 166 Calcul Vol : 650 Color: 62.
2026-05-11 23:43:13  ---------------------------
2026-05-11 23:48:18 --- Trajectory --- 
2026-05-11 23:48:18 Prog : HURACAN_BC2_R33_Plastic Skid: 110 Paint : 57.
2026-05-11 23:48:18 ------------------ 
2026-05-11 23:49:45  Default Volume : URUS_PA2_BC2_R33_EXT_2026 Skid: 220.
2026-05-11 23:49:47  Vol : URUS_PA2_BC2_R33_EXT_2026 Skid: 220 Calcul Vol : 650 Color: 11.
2026-05-11 23:49:47  ---------------------------
2026-05-12 00:01:48  Vol : URUS_PA2_R33_Plastic Skid: 2 Calcul Vol : 10 Color: 55.
2026-05-12 00:01:48  ---------------------------
2026-05-12 00:05:32  Default Volume : TEM_bc2_int Skid: 202.
2026-05-12 00:05:33  Vol : TEM_bc2_int Skid: 202 Calcul Vol : 650 Color: 25.
2026-05-12 00:05:33  ---------------------------
2026-05-12 00:05:39  Default Volume : TEM_bc2_r33_ext_new Skid: 202.
2026-05-12 00:05:41  Vol : TEM_bc2_r33_ext_new Skid: 202 Calcul Vol : 650 Color: 25.
2026-05-12 00:05:41  ---------------------------
2026-05-12 00:08:14 --- Trajectory --- 
2026-05-12 00:08:14 Prog : TEM_bc2_int Skid: 166 Paint : 0.
2026-05-12 00:08:14 ------------------ 
2026-05-12 00:09:09  Default Volume : URUS_PA2_BC2_R33_EXT_2026 Skid: 126.
2026-05-12 00:09:10  Vol : URUS_PA2_BC2_R33_EXT_2026 Skid: 126 Calcul Vol : 650 Color: 86.
2026-05-12 00:09:10  ---------------------------
2026-05-12 00:10:35 --- Trajectory --- 
2026-05-12 00:10:35 Prog : TEM_bc2_r33_ext_new Skid: 166 Paint : 273.
2026-05-12 00:10:35 ------------------ 
2026-05-12 00:15:17 --- Trajectory --- 
2026-05-12 00:15:17 Prog : TEM_bc2_r33_ext_new Skid: 166 Paint : 0.
2026-05-12 00:15:17 ------------------ 
2026-05-12 00:18:59  Default Volume : TEM_bc2_int Skid: 85.
2026-05-12 00:19:00  Vol : TEM_bc2_int Skid: 85 Calcul Vol : 650 Color: 9.
2026-05-12 00:19:00  ---------------------------
2026-05-12 00:19:06  Default Volume : TEM_bc2_r33_ext_new Skid: 85.
2026-05-12 00:19:08  Vol : TEM_bc2_r33_ext_new Skid: 85 Calcul Vol : 650 Color: 9.
2026-05-12 00:19:08  ---------------------------
2026-05-12 00:24:49 --- Trajectory --- 
2026-05-12 00:24:49 Prog : TEM_bc2_r33_ext_new Skid: 166 Paint : 0.
2026-05-12 00:24:49 ------------------ 
2026-05-12 00:29:21  Default Volume : URUS_PA2_BC2_R33_EXT_2026 Skid: 103.
2026-05-12 00:29:23  Vol : URUS_PA2_BC2_R33_EXT_2026 Skid: 103 Calcul Vol : 650 Color: 15.
2026-05-12 00:29:23  ---------------------------
2026-05-12 00:35:21 --- Trajectory --- 
2026-05-12 00:35:21 Prog : TEM_bc2_int Skid: 202 Paint : 0.
2026-05-12 00:35:21 ------------------ 
2026-05-12 00:37:42 --- Trajectory --- 
2026-05-12 00:37:42 Prog : TEM_bc2_r33_ext_new Skid: 202 Paint : 273.
2026-05-12 00:37:42 ------------------ 
2026-05-12 00:42:26 --- Trajectory --- 
2026-05-12 00:42:26 Prog : TEM_bc2_r33_ext_new Skid: 202 Paint : 0.
2026-05-12 00:42:26 ------------------ 
2026-05-12 00:50:37 --- Trajectory --- 
2026-05-12 00:50:37 Prog : TEM_bc2_int Skid: 85 Paint : 0.
2026-05-12 00:50:37 ------------------ 
2026-05-12 00:53:24 --- Trajectory --- 
2026-05-12 00:53:24 Prog : TEM_bc2_r33_ext_new Skid: 85 Paint : 165.
2026-05-12 00:53:24 ------------------ 
2026-05-12 00:53:33  Vol : URUS_PA2_R33_Plastic Skid: 240 Calcul Vol : 10 Color: 50.
2026-05-12 00:53:33  ---------------------------
2026-05-12 01:02:53 --- Trajectory --- 
2026-05-12 01:02:53 Prog : TEM_bc2_r33_ext_new Skid: 85 Paint : 0.
2026-05-12 01:02:53 ------------------ 
2026-05-12 01:13:30  Default Volume : URUS_PA2_BC2_R33_EXT_2026 Skid: 119.
2026-05-12 01:13:31  Vol : URUS_PA2_BC2_R33_EXT_2026 Skid: 119 Calcul Vol : 650 Color: 11.
2026-05-12 01:13:31  ---------------------------
2026-05-12 01:17:53 --- Trajectory --- 
2026-05-12 01:17:53 Prog : TEM_bc2_r33_ext_new Skid: 85 Paint : 0.
2026-05-12 01:17:53 ------------------ 
2026-05-12 01:18:44  Vol : HURACAN_BC2_R33_Plastic Skid: 236 Calcul Vol : 2351 Color: 27.
2026-05-12 01:18:44  ---------------------------
2026-05-12 01:22:21  Default Volume : TEM_bc2_int Skid: 150.
2026-05-12 01:22:23  Vol : TEM_bc2_int Skid: 150 Calcul Vol : 650 Color: 27.
2026-05-12 01:22:23  ---------------------------
2026-05-12 01:22:29  Default Volume : TEM_bc2_r33_ext_new Skid: 150.
2026-05-12 01:22:30  Vol : TEM_bc2_r33_ext_new Skid: 150 Calcul Vol : 650 Color: 27.
2026-05-12 01:22:30  ---------------------------
2026-05-12 01:27:57  Default Volume : TEM_bc2_int Skid: 176.
2026-05-12 01:27:59  Vol : TEM_bc2_int Skid: 176 Calcul Vol : 650 Color: 16.
2026-05-12 01:27:59  ---------------------------
2026-05-12 01:28:05  Default Volume : TEM_bc2_r33_ext_new Skid: 176.
2026-05-12 01:28:06  Vol : TEM_bc2_r33_ext_new Skid: 176 Calcul Vol : 650 Color: 16.
2026-05-12 01:28:06  ---------------------------
2026-05-12 01:31:29  Default Volume : TEM_bc2_int Skid: 172.
2026-05-12 01:31:30  Vol : TEM_bc2_int Skid: 172 Calcul Vol : 650 Color: 13.
2026-05-12 01:31:30  ---------------------------
2026-05-12 01:31:37  Default Volume : TEM_bc2_r33_ext_new Skid: 172.
2026-05-12 01:31:38  Vol : TEM_bc2_r33_ext_new Skid: 172 Calcul Vol : 650 Color: 13.
2026-05-12 01:31:38  ---------------------------
2026-05-12 01:39:40 --- Trajectory --- 
2026-05-12 01:39:40 Prog : TEM_bc2_r33_ext_new Skid: 85 Paint : 0.
2026-05-12 01:39:40 ------------------ 
2026-05-12 01:42:51 --- Trajectory --- 
2026-05-12 01:42:51 Prog : HURACAN_BC2_R33_Plastic Skid: 236 Paint : 52.
2026-05-12 01:42:51 ------------------ 
2026-05-12 01:46:37 --- Trajectory --- 
2026-05-12 01:46:37 Prog : TEM_bc2_int Skid: 150 Paint : 0.
2026-05-12 01:46:37 ------------------ 
2026-05-12 01:48:59 --- Trajectory --- 
2026-05-12 01:48:59 Prog : TEM_bc2_r33_ext_new Skid: 150 Paint : 188.
2026-05-12 01:48:59 ------------------ 
2026-05-12 01:50:48 --- Trajectory --- 
2026-05-12 01:50:48 Prog : TEM_bc2_int Skid: 176 Paint : 0.
2026-05-12 01:50:48 ------------------ 
2026-05-12 01:52:38 --- Trajectory --- 
2026-05-12 01:52:38 Prog : TEM_bc2_r33_ext_new Skid: 176 Paint : 129.
2026-05-12 01:52:38 ------------------ 
2026-05-12 01:59:34 --- Trajectory --- 
2026-05-12 01:59:34 Prog : TEM_bc2_int Skid: 172 Paint : 0.
2026-05-12 01:59:34 ------------------ 
2026-05-12 02:00:49 --- Trajectory --- 
2026-05-12 02:00:49 Prog : TEM_bc2_r33_ext_new Skid: 172 Paint : 157.
2026-05-12 02:00:49 ------------------ 
2026-05-12 02:55:10  Default Volume : URUS_PA2_BC2_R33_EXT_2026 Skid: 14.
2026-05-12 02:55:11  Vol : URUS_PA2_BC2_R33_EXT_2026 Skid: 14 Calcul Vol : 650 Color: 55.
2026-05-12 02:55:11  ---------------------------
2026-05-12 03:11:08  Vol : URUS_PA2_R33_Plastic Skid: 2 Calcul Vol : 10 Color: 56.
2026-05-12 03:11:08  ---------------------------
2026-05-12 03:15:52  Default Volume : URUS_PA2_BC2_R33_EXT_2026 Skid: 5.
2026-05-12 03:15:53  Vol : URUS_PA2_BC2_R33_EXT_2026 Skid: 5 Calcul Vol : 650 Color: 56.
2026-05-12 03:15:53  ---------------------------
2026-05-12 03:21:53 --- Trajectory --- 
2026-05-12 03:21:53 Prog : TEM_bc2_r33_ext_new Skid: 172 Paint : 0.
2026-05-12 03:21:53 ------------------ 
2026-05-12 03:28:56  Vol : URUS_PA2_R33_Plastic Skid: 102 Calcul Vol : 10 Color: 99.
2026-05-12 03:28:56  ---------------------------
2026-05-12 03:33:46  Default Volume : URUS_PA2_BC2_R33_EXT_2026 Skid: 74.
2026-05-12 03:33:48  Vol : URUS_PA2_BC2_R33_EXT_2026 Skid: 74 Calcul Vol : 650 Color: 99.
2026-05-12 03:33:48  ---------------------------
2026-05-12 03:39:52 --- Trajectory --- 
2026-05-12 03:39:52 Prog : TEM_bc2_r33_ext_new Skid: 172 Paint : 0.
2026-05-12 03:39:52 ------------------ 
2026-05-12 03:46:39  Vol : HURACAN_BC2_R33_Plastic Skid: 234 Calcul Vol : 2078 Color: 53.
2026-05-12 03:46:39  ---------------------------
2026-05-12 03:47:22 --- Trajectory --- 
2026-05-12 03:47:22 Prog : TEM_bc2_r33_ext_new Skid: 172 Paint : 0.
2026-05-12 03:47:22 ------------------ 
2026-05-12 03:54:08 --- Trajectory --- 
2026-05-12 03:54:08 Prog : TEM_bc2_r33_ext_new Skid: 172 Paint : 0.
2026-05-12 03:54:08 ------------------ 
2026-05-12 03:56:04  Default Volume : URUS_PA2_BC2_R33_EXT_2026 Skid: 223.
2026-05-12 03:56:05  Vol : URUS_PA2_BC2_R33_EXT_2026 Skid: 223 Calcul Vol : 650 Color: 96.
2026-05-12 03:56:05  ---------------------------
2026-05-12 04:01:19 --- Trajectory --- 
2026-05-12 04:01:19 Prog : TEM_bc2_r33_ext_new Skid: 172 Paint : 0.
2026-05-12 04:01:19 ------------------ 
2026-05-12 04:09:06 --- Trajectory --- 
2026-05-12 04:09:06 Prog : HURACAN_BC2_R33_Plastic Skid: 234 Paint : 48.
2026-05-12 04:09:06 ------------------ 
2026-05-12 04:17:57  Vol : URUS_PA2_R33_Plastic Skid: 201 Calcul Vol : 10 Color: 25.
2026-05-12 04:17:57  ---------------------------
2026-05-12 04:21:35  Vol : URUS_PA2_R33_Plastic Skid: 197 Calcul Vol : 0 Color: 86.
2026-05-12 04:21:35  ---------------------------
2026-05-12 04:24:04 --- Trajectory --- 
2026-05-12 04:24:04 Prog : HURACAN_BC2_R33_Plastic Skid: 234 Paint : 0.
2026-05-12 04:24:04 ------------------ 
2026-05-12 05:39:37 --- Trajectory --- 
2026-05-12 05:39:37 Prog : HURACAN_BC2_R33_Plastic Skid: 15644 Paint : 58.
2026-05-12 05:39:37 ------------------ 
2026-05-12 06:15:50 --- Trajectory --- 
2026-05-12 06:15:50 Prog : HURACAN_BC2_R33_Plastic Skid: 15644 Paint : 0.
2026-05-12 06:15:50 ------------------ 
2026-05-12 06:22:52 --- Trajectory --- 
2026-05-12 06:22:52 Prog : HURACAN_BC2_R33_Plastic Skid: 15644 Paint : 0.
2026-05-12 06:22:52 ------------------ 
2026-05-12 06:25:36  Default Volume : TEM_bc2_int Skid: 131.
2026-05-12 06:25:37  Vol : TEM_bc2_int Skid: 131 Calcul Vol : 650 Color: 53.
2026-05-12 06:25:37  ---------------------------
2026-05-12 06:25:43  Default Volume : TEM_bc2_r33_ext_new Skid: 131.
2026-05-12 06:25:45  Vol : TEM_bc2_r33_ext_new Skid: 131 Calcul Vol : 650 Color: 53.
2026-05-12 06:25:45  ---------------------------
2026-05-12 06:34:33  Default Volume : URUS_PA2_BC2_R33_EXT_2026 Skid: 51.
2026-05-12 06:34:35  Vol : URUS_PA2_BC2_R33_EXT_2026 Skid: 51 Calcul Vol : 650 Color: 50.
2026-05-12 06:34:35  ---------------------------
2026-05-12 06:40:17  Vol : HURACAN_BC2_R33_Plastic Skid: 46 Calcul Vol : 2347 Color: 27.
2026-05-12 06:40:17  ---------------------------
2026-05-12 06:43:52  Default Volume : TEM_bc2_int Skid: 210.
2026-05-12 06:43:53  Vol : TEM_bc2_int Skid: 210 Calcul Vol : 650 Color: 27.
2026-05-12 06:43:53  ---------------------------
2026-05-12 06:43:59  Default Volume : TEM_bc2_r33_ext_new Skid: 210.
2026-05-12 06:44:01  Vol : TEM_bc2_r33_ext_new Skid: 210 Calcul Vol : 650 Color: 27.
2026-05-12 06:44:01  ---------------------------
2026-05-12 06:48:10 --- Trajectory --- 
2026-05-12 06:48:10 Prog : TEM_bc2_int Skid: 131 Paint : 0.
2026-05-12 06:48:10 ------------------ 
2026-05-12 06:50:33 --- Trajectory --- 
2026-05-12 06:50:33 Prog : TEM_bc2_r33_ext_new Skid: 131 Paint : 204.
2026-05-12 06:50:33 ------------------ 
2026-05-12 07:06:07 --- Trajectory --- 
2026-05-12 07:06:07 Prog : TEM_bc2_r33_ext_new Skid: 131 Paint : 0.
2026-05-12 07:06:07 ------------------ 
2026-05-12 07:09:23 --- Trajectory --- 
2026-05-12 07:09:23 Prog : HURACAN_BC2_R33_Plastic Skid: 46 Paint : 52.
2026-05-12 07:09:23 ------------------ 
2026-05-12 07:12:40 --- Trajectory --- 
2026-05-12 07:12:40 Prog : TEM_bc2_int Skid: 210 Paint : 0.
2026-05-12 07:12:40 ------------------ 
2026-05-12 07:15:02 --- Trajectory --- 
2026-05-12 07:15:02 Prog : TEM_bc2_r33_ext_new Skid: 210 Paint : 188.
2026-05-12 07:15:02 ------------------ 
2026-05-12 07:18:58  Vol : URUS_PA2_R33_Plastic Skid: 240 Calcul Vol : 10 Color: 51.
2026-05-12 07:18:58  ---------------------------
2026-05-12 07:42:42 --- Trajectory --- 
2026-05-12 07:42:42 Prog : TEM_bc2_r33_ext_new Skid: 210 Paint : 0.
2026-05-12 07:42:42 ------------------ 
2026-05-12 07:53:44  Default Volume : URUS_PA2_BC2_R33_EXT_2026 Skid: 152.
2026-05-12 07:53:46  Vol : URUS_PA2_BC2_R33_EXT_2026 Skid: 152 Calcul Vol : 650 Color: 62.
2026-05-12 07:53:46  ---------------------------
2026-05-12 08:19:32  Vol : HURACAN_BC2_R33_Plastic Skid: 157 Calcul Vol : 2343 Color: 85.
2026-05-12 08:19:32  ---------------------------
2026-05-12 08:19:49 --- Trajectory --- 
2026-05-12 08:19:49 Prog : TEM_bc2_r33_ext_new Skid: 210 Paint : 0.
2026-05-12 08:19:49 ------------------ 
2026-05-12 08:23:21  Default Volume : TEM_bc2_int Skid: 221.
2026-05-12 08:23:23  Vol : TEM_bc2_int Skid: 221 Calcul Vol : 650 Color: 85.
2026-05-12 08:23:23  ---------------------------
2026-05-12 08:23:29  Default Volume : TEM_bc2_r33_ext_new Skid: 221.
2026-05-12 08:23:30  Vol : TEM_bc2_r33_ext_new Skid: 221 Calcul Vol : 650 Color: 85.
2026-05-12 08:23:30  ---------------------------
2026-05-12 08:28:02  Default Volume : URUS_PA2_BC2_R33_EXT_2026 Skid: 81.
2026-05-12 08:28:04  Vol : URUS_PA2_BC2_R33_EXT_2026 Skid: 81 Calcul Vol : 650 Color: 54.
2026-05-12 08:28:04  ---------------------------
2026-05-12 08:53:27  Default Volume : URUS_PA2_BC2_R33_EXT_2026 Skid: 14.
2026-05-12 08:53:28  Vol : URUS_PA2_BC2_R33_EXT_2026 Skid: 14 Calcul Vol : 650 Color: 56.
2026-05-12 08:53:28  ---------------------------
2026-05-12 08:56:52 --- Trajectory --- 
2026-05-12 08:56:52 Prog : HURACAN_BC2_R33_Plastic Skid: 157 Paint : 54.
2026-05-12 08:56:52 ------------------ 
2026-05-12 09:01:04 --- Trajectory --- 
2026-05-12 09:01:04 Prog : TEM_bc2_int Skid: 221 Paint : 0.
2026-05-12 09:01:04 ------------------ 
2026-05-12 09:03:26 --- Trajectory --- 
2026-05-12 09:03:26 Prog : TEM_bc2_r33_ext_new Skid: 221 Paint : 207.
2026-05-12 09:03:26 ------------------ 
2026-05-12 09:08:08 --- Trajectory --- 
2026-05-12 09:08:08 Prog : TEM_bc2_r33_ext_new Skid: 221 Paint : 0.
2026-05-12 09:08:08 ------------------ 
2026-05-12 09:18:07 --- Trajectory --- 
2026-05-12 09:18:07 Prog : TEM_bc2_r33_ext_new Skid: 221 Paint : 0.
2026-05-12 09:18:07 ------------------ 
2026-05-12 09:59:33  Vol : URUS_PA2_R33_Plastic Skid: 113 Calcul Vol : 10 Color: 77.
2026-05-12 09:59:33  ---------------------------
2026-05-12 10:03:04  Default Volume : URUS_PA2_BC2_R33_EXT_2026 Skid: 24.
2026-05-12 10:03:05  Vol : URUS_PA2_BC2_R33_EXT_2026 Skid: 24 Calcul Vol : 650 Color: 77.
2026-05-12 10:03:06  ---------------------------
2026-05-12 10:19:25 --- Trajectory --- 
2026-05-12 10:19:25 Prog : TEM_bc2_r33_ext_new Skid: 221 Paint : 0.
2026-05-12 10:19:25 ------------------ 
2026-05-12 10:30:39 --- Trajectory --- 
2026-05-12 10:30:39 Prog : TEM_bc2_r33_ext_new Skid: 221 Paint : 0.
2026-05-12 10:30:39 ------------------ 
2026-05-12 10:31:45  Vol : URUS_PA2_R33_Plastic Skid: 36 Calcul Vol : 10 Color: 34.
2026-05-12 10:31:45  ---------------------------
2026-05-12 10:52:51  Vol : URUS_PA2_R33_Plastic Skid: 101 Calcul Vol : 0 Color: 68.
2026-05-12 10:52:51  ---------------------------
2026-05-12 10:53:16 --- Trajectory --- 
2026-05-12 10:53:16 Prog : TEM_bc2_r33_ext_new Skid: 221 Paint : 0.
2026-05-12 10:53:16 ------------------ 
2026-05-12 10:56:40  Default Volume : URUS_PA2_BC2_R33_EXT_2026 Skid: 163.
2026-05-12 10:56:41  Vol : URUS_PA2_BC2_R33_EXT_2026 Skid: 163 Calcul Vol : 650 Color: 68.
2026-05-12 10:56:41  ---------------------------
2026-05-12 11:03:23  Default Volume : TEM_bc2_int Skid: 57.
2026-05-12 11:03:24  Vol : TEM_bc2_int Skid: 57 Calcul Vol : 650 Color: 34.
2026-05-12 11:03:24  ---------------------------
2026-05-12 11:03:30  Default Volume : TEM_bc2_r33_ext_new Skid: 57.
2026-05-12 11:03:32  Vol : TEM_bc2_r33_ext_new Skid: 57 Calcul Vol : 650 Color: 34.
2026-05-12 11:03:32  ---------------------------
2026-05-12 11:16:54  Default Volume : TEM_bc2_int Skid: 149.
2026-05-12 11:16:55  Vol : TEM_bc2_int Skid: 149 Calcul Vol : 650 Color: 29.
2026-05-12 11:16:55  ---------------------------
2026-05-12 11:17:02  Default Volume : TEM_bc2_r33_ext_new Skid: 149.
2026-05-12 11:17:03  Vol : TEM_bc2_r33_ext_new Skid: 149 Calcul Vol : 650 Color: 29.
2026-05-12 11:17:03  ---------------------------
2026-05-12 11:19:25 --- Trajectory --- 
2026-05-12 11:19:25 Prog : TEM_bc2_r33_ext_new Skid: 221 Paint : 0.
2026-05-12 11:19:25 ------------------ 
2026-05-12 11:26:01 --- Trajectory --- 
2026-05-12 11:26:01 Prog : TEM_bc2_r33_ext_new Skid: 221 Paint : 0.
2026-05-12 11:26:01 ------------------ 
2026-05-12 11:27:31  Default Volume : URUS_PA2_BC2_R33_EXT_2026 Skid: 145.
2026-05-12 11:27:32  Vol : URUS_PA2_BC2_R33_EXT_2026 Skid: 145 Calcul Vol : 650 Color: 25.
2026-05-12 11:27:32  ---------------------------
2026-05-12 11:29:52 --- Trajectory --- 
2026-05-12 11:29:52 Prog : TEM_bc2_int Skid: 57 Paint : 0.
2026-05-12 11:29:52 ------------------ 
2026-05-12 11:32:13 --- Trajectory --- 
2026-05-12 11:32:13 Prog : TEM_bc2_r33_ext_new Skid: 57 Paint : 149.
2026-05-12 11:32:13 ------------------ 
2026-05-12 11:32:37  Default Volume : URUS_PA2_BC2_R33_EXT_2026 Skid: 51.
2026-05-12 11:32:38  Vol : URUS_PA2_BC2_R33_EXT_2026 Skid: 51 Calcul Vol : 650 Color: 51.
2026-05-12 11:32:38  ---------------------------
2026-05-12 11:36:37  Default Volume : URUS_PA2_BC2_R33_EXT_2026 Skid: 208.
2026-05-12 11:36:39  Vol : URUS_PA2_BC2_R33_EXT_2026 Skid: 208 Calcul Vol : 650 Color: 11.
2026-05-12 11:36:39  ---------------------------
2026-05-12 11:40:44 --- Trajectory --- 
2026-05-12 11:40:44 Prog : TEM_bc2_int Skid: 149 Paint : 0.
2026-05-12 11:40:44 ------------------ 
2026-05-12 11:43:06 --- Trajectory --- 
2026-05-12 11:43:06 Prog : TEM_bc2_r33_ext_new Skid: 149 Paint : 148.
2026-05-12 11:43:06 ------------------ 
2026-05-12 11:57:42  Default Volume : URUS_PA2_BC2_R33_EXT_2026 Skid: 133.
2026-05-12 11:57:43  Vol : URUS_PA2_BC2_R33_EXT_2026 Skid: 133 Calcul Vol : 650 Color: 12.
2026-05-12 11:57:43  ---------------------------
2026-05-12 11:58:29 --- Trajectory --- 
2026-05-12 11:58:29 Prog : TEM_bc2_r33_ext_new Skid: 149 Paint : 0.
2026-05-12 11:58:29 ------------------ 
2026-05-12 12:02:13  Vol : HURACAN_BC2_R33_Plastic Skid: 236 Calcul Vol : 2519 Color: 105.
2026-05-12 12:02:13  ---------------------------
2026-05-12 12:04:05 --- Trajectory --- 
2026-05-12 12:04:05 Prog : TEM_bc2_r33_ext_new Skid: 149 Paint : 0.
2026-05-12 12:04:05 ------------------ 
2026-05-12 12:05:41  Default Volume : TEM_bc2_int Skid: 148.
2026-05-12 12:05:43  Vol : TEM_bc2_int Skid: 148 Calcul Vol : 650 Color: 105.
2026-05-12 12:05:43  ---------------------------
2026-05-12 12:05:49  Default Volume : TEM_bc2_r33_ext_new Skid: 148.
2026-05-12 12:05:50  Vol : TEM_bc2_r33_ext_new Skid: 148 Calcul Vol : 650 Color: 105.
2026-05-12 12:05:50  ---------------------------
2026-05-12 12:08:51 --- Trajectory --- 
2026-05-12 12:08:51 Prog : TEM_bc2_r33_ext_new Skid: 149 Paint : 0.
2026-05-12 12:08:51 ------------------ 
2026-05-12 12:40:12 --- Trajectory --- 
2026-05-12 12:40:12 Prog : TEM_bc2_r33_ext_new Skid: 149 Paint : 0.
2026-05-12 12:40:12 ------------------ 
2026-05-12 12:41:37  Vol : HURACAN_BC2_R33_Plastic Skid: 111 Calcul Vol : 1895 Color: 29.
2026-05-12 12:41:37  ---------------------------
2026-05-12 12:43:36 --- Trajectory --- 
2026-05-12 12:43:36 Prog : HURACAN_BC2_R33_Plastic Skid: 236 Paint : 58.
2026-05-12 12:43:36 ------------------ 
2026-05-12 12:46:42  Default Volume : TEM_bc2_int Skid: 84.
2026-05-12 12:46:44  Vol : TEM_bc2_int Skid: 84 Calcul Vol : 650 Color: 29.
2026-05-12 12:46:44  ---------------------------
2026-05-12 12:46:50  Default Volume : TEM_bc2_r33_ext_new Skid: 84.
2026-05-12 12:46:52  Vol : TEM_bc2_r33_ext_new Skid: 84 Calcul Vol : 650 Color: 29.
2026-05-12 12:46:52  ---------------------------
2026-05-12 12:47:41 --- Trajectory --- 
2026-05-12 12:47:41 Prog : TEM_bc2_int Skid: 148 Paint : 0.
2026-05-12 12:47:41 ------------------ 
2026-05-12 12:50:03 --- Trajectory --- 
2026-05-12 12:50:03 Prog : TEM_bc2_r33_ext_new Skid: 148 Paint : 236.
2026-05-12 12:50:03 ------------------ 
2026-05-12 13:22:53 --- Trajectory --- 
2026-05-12 13:22:53 Prog : HURACAN_BC2_R33_Plastic Skid: 111 Paint : 38.
2026-05-12 13:22:53 ------------------ 
2026-05-12 13:26:59 --- Trajectory --- 
2026-05-12 13:26:59 Prog : TEM_bc2_int Skid: 84 Paint : 0.
2026-05-12 13:26:59 ------------------ 
2026-05-12 13:27:52  Default Volume : TEM_bc2_int Skid: 103.
2026-05-12 13:27:54  Vol : TEM_bc2_int Skid: 103 Calcul Vol : 650 Color: 14.
2026-05-12 13:27:54  ---------------------------
2026-05-12 13:28:00  Default Volume : TEM_bc2_r33_ext_new Skid: 103.
2026-05-12 13:28:01  Vol : TEM_bc2_r33_ext_new Skid: 103 Calcul Vol : 650 Color: 14.
2026-05-12 13:28:01  ---------------------------
2026-05-12 13:29:20 --- Trajectory --- 
2026-05-12 13:29:20 Prog : TEM_bc2_r33_ext_new Skid: 84 Paint : 148.
2026-05-12 13:29:20 ------------------ 
2026-05-12 13:36:12  Vol : HURACAN_BC2_R33_Plastic Skid: 164 Calcul Vol : 2347 Color: 85.
2026-05-12 13:36:12  ---------------------------
2026-05-12 13:55:30  Default Volume : TEM_bc2_int Skid: 50.
2026-05-12 13:55:31  Vol : TEM_bc2_int Skid: 50 Calcul Vol : 650 Color: 85.
2026-05-12 13:55:31  ---------------------------
2026-05-12 13:55:38  Default Volume : TEM_bc2_r33_ext_new Skid: 50.
2026-05-12 13:55:39  Vol : TEM_bc2_r33_ext_new Skid: 50 Calcul Vol : 650 Color: 85.
2026-05-12 13:55:39  ---------------------------
2026-05-12 14:04:46  Default Volume : URUS_PA2_BC2_R33_EXT_2026 Skid: 119.
2026-05-12 14:04:47  Vol : URUS_PA2_BC2_R33_EXT_2026 Skid: 119 Calcul Vol : 650 Color: 34.
2026-05-12 14:04:47  ---------------------------
2026-05-12 14:15:12 --- Trajectory --- 
2026-05-12 14:15:12 Prog : TEM_bc2_int Skid: 103 Paint : 0.
2026-05-12 14:15:12 ------------------ 
2026-05-12 14:17:02 --- Trajectory --- 
2026-05-12 14:17:02 Prog : TEM_bc2_r33_ext_new Skid: 103 Paint : 129.
2026-05-12 14:17:02 ------------------ 
2026-05-12 14:19:56 --- Trajectory --- 
2026-05-12 14:19:56 Prog : HURACAN_BC2_R33_Plastic Skid: 164 Paint : 54.
2026-05-12 14:19:56 ------------------ 
2026-05-12 14:25:14  Vol : HURACAN_BC2_R33_Plastic Skid: 45 Calcul Vol : 2479 Color: 146.
2026-05-12 14:25:14  ---------------------------
2026-05-12 14:25:36 --- Trajectory --- 
2026-05-12 14:25:36 Prog : TEM_bc2_int Skid: 50 Paint : 0.
2026-05-12 14:25:36 ------------------ 
2026-05-12 14:27:58 --- Trajectory --- 
2026-05-12 14:27:58 Prog : TEM_bc2_r33_ext_new Skid: 50 Paint : 207.
2026-05-12 14:27:58 ------------------ 
2026-05-12 14:29:54  Default Volume : TEM_bc2_int Skid: 204.
2026-05-12 14:29:56  Vol : TEM_bc2_int Skid: 204 Calcul Vol : 650 Color: 146.
2026-05-12 14:29:56  ---------------------------
2026-05-12 14:30:02  Default Volume : TEM_bc2_r33_ext_new Skid: 204.
2026-05-12 14:30:03  Vol : TEM_bc2_r33_ext_new Skid: 204 Calcul Vol : 650 Color: 146.
2026-05-12 14:30:03  ---------------------------
2026-05-12 14:37:51 --- Trajectory --- 
2026-05-12 14:37:51 Prog : TEM_bc2_r33_ext_new Skid: 50 Paint : 0.
2026-05-12 14:37:51 ------------------ 
2026-05-12 14:39:28  Vol : URUS_PA2_R33_Plastic Skid: 175 Calcul Vol : 10 Color: 32.
2026-05-12 14:39:28  ---------------------------
2026-05-12 14:44:01  Vol : URUS_PA2_R33_Plastic Skid: 102 Calcul Vol : 0 Color: 11.
2026-05-12 14:44:01  ---------------------------
2026-05-12 14:51:28 --- Trajectory --- 
2026-05-12 14:51:28 Prog : HURACAN_BC2_R33_Plastic Skid: 45 Paint : 59.
2026-05-12 14:51:28 ------------------ 
2026-05-12 14:55:33 --- Trajectory --- 
2026-05-12 14:55:33 Prog : TEM_bc2_int Skid: 204 Paint : 0.
2026-05-12 14:55:33 ------------------ 
2026-05-12 14:57:55 --- Trajectory --- 
2026-05-12 14:57:55 Prog : TEM_bc2_r33_ext_new Skid: 204 Paint : 214.
2026-05-12 14:57:55 ------------------ 
2026-05-12 15:01:16 --- Trajectory --- 
2026-05-12 15:01:16 Prog : TEM_bc2_r33_ext_new Skid: 204 Paint : 0.
2026-05-12 15:01:16 ------------------ 
2026-05-12 15:06:17 --- Trajectory --- 
2026-05-12 15:06:17 Prog : TEM_bc2_r33_ext_new Skid: 204 Paint : 0.
2026-05-12 15:06:17 ------------------ 
2026-05-12 15:11:57  Vol : URUS_PA2_R33_Plastic Skid: 101 Calcul Vol : 0 Color: 69.
2026-05-12 15:11:57  ---------------------------
2026-05-12 15:17:23  Default Volume : URUS_PA2_BC2_R33_EXT_2026 Skid: 163.
2026-05-12 15:17:24  Vol : URUS_PA2_BC2_R33_EXT_2026 Skid: 163 Calcul Vol : 650 Color: 69.
2026-05-12 15:17:24  ---------------------------
2026-05-12 15:26:10  Default Volume : TEM_bc2_int Skid: 57.
2026-05-12 15:26:12  Vol : TEM_bc2_int Skid: 57 Calcul Vol : 650 Color: 35.
2026-05-12 15:26:12  ---------------------------
2026-05-12 15:26:18  Default Volume : TEM_bc2_r33_ext_new Skid: 57.
2026-05-12 15:26:19  Vol : TEM_bc2_r33_ext_new Skid: 57 Calcul Vol : 650 Color: 35.
2026-05-12 15:26:19  ---------------------------
2026-05-12 15:31:03 --- Trajectory --- 
2026-05-12 15:31:03 Prog : TEM_bc2_r33_ext_new Skid: 204 Paint : 0.
2026-05-12 15:31:03 ------------------ 
2026-05-12 15:41:24 --- Trajectory --- 
2026-05-12 15:41:24 Prog : TEM_bc2_r33_ext_new Skid: 204 Paint : 0.
2026-05-12 15:41:24 ------------------ 
2026-05-12 15:49:36 --- Trajectory --- 
2026-05-12 15:49:36 Prog : TEM_bc2_int Skid: 57 Paint : 0.
2026-05-12 15:49:36 ------------------ 
2026-05-12 15:50:31  Vol : URUS_PA2_R33_Plastic Skid: 180 Calcul Vol : 10 Color: 11.
2026-05-12 15:50:31  ---------------------------
2026-05-12 15:51:58 --- Trajectory --- 
2026-05-12 15:51:58 Prog : TEM_bc2_r33_ext_new Skid: 57 Paint : 194.
2026-05-12 15:51:58 ------------------ 
2026-05-12 16:24:45  Default Volume : URUS_PA2_BC2_R33_EXT_2026 Skid: 147.
2026-05-12 16:24:46  Vol : URUS_PA2_BC2_R33_EXT_2026 Skid: 147 Calcul Vol : 650 Color: 99.
2026-05-12 16:24:46  ---------------------------
2026-05-12 16:28:16 --- Trajectory --- 
2026-05-12 16:28:16 Prog : TEM_bc2_r33_ext_new Skid: 57 Paint : 0.
2026-05-12 16:28:16 ------------------ 
2026-05-12 16:37:52  Default Volume : URUS_PA2_BC2_R33_EXT_2026 Skid: 108.
2026-05-12 16:37:53  Vol : URUS_PA2_BC2_R33_EXT_2026 Skid: 108 Calcul Vol : 650 Color: 15.
2026-05-12 16:37:53  ---------------------------
2026-05-12 16:53:56 --- Trajectory --- 
2026-05-12 16:53:56 Prog : TEM_bc2_r33_ext_new Skid: 57 Paint : 0.
2026-05-12 16:53:56 ------------------ 
2026-05-12 16:58:29 --- Trajectory --- 
2026-05-12 16:58:29 Prog : TEM_bc2_r33_ext_new Skid: 57 Paint : 0.
2026-05-12 16:58:29 ------------------ 
2026-05-12 17:59:46  Vol : URUS_PA2_R33_Plastic Skid: 36 Calcul Vol : 10 Color: 35.
2026-05-12 17:59:46  ---------------------------
2026-05-12 18:22:55 --- Trajectory --- 
2026-05-12 18:22:55 Prog : TEM_bc2_r33_ext_new Skid: 57 Paint : 0.
2026-05-12 18:22:55 ------------------ 
2026-05-12 18:40:07  Default Volume : URUS_PA2_BC2_R33_EXT_2026 Skid: 126.
2026-05-12 18:40:09  Vol : URUS_PA2_BC2_R33_EXT_2026 Skid: 126 Calcul Vol : 650 Color: 86.
2026-05-12 18:40:09  ---------------------------
2026-05-12 18:46:46  Vol : URUS_PA2_R33_Plastic Skid: 240 Calcul Vol : 10 Color: 62.
2026-05-12 18:46:46  ---------------------------
2026-05-12 18:51:48  Default Volume : URUS_PA2_BC2_R33_EXT_2026 Skid: 119.
2026-05-12 18:51:50  Vol : URUS_PA2_BC2_R33_EXT_2026 Skid: 119 Calcul Vol : 650 Color: 35.
2026-05-12 18:51:50  ---------------------------
2026-05-12 19:06:43 --- Trajectory --- 
2026-05-12 19:06:43 Prog : TEM_bc2_r33_ext_new Skid: 57 Paint : 0.
2026-05-12 19:06:44 ------------------ 
2026-05-12 19:07:24  Vol : URUS_PA2_R33_Plastic Skid: 175 Calcul Vol : 10 Color: 33.
2026-05-12 19:07:24  ---------------------------
2026-05-12 19:10:01 --- Trajectory --- 
2026-05-12 19:10:01 Prog : TEM_bc2_r33_ext_new Skid: 57 Paint : 0.
2026-05-12 19:10:01 ------------------ 
2026-05-12 19:18:13 --- Trajectory --- 
2026-05-12 19:18:13 Prog : TEM_bc2_r33_ext_new Skid: 57 Paint : 0.
2026-05-12 19:18:13 ------------------ 
2026-05-12 19:29:08 --- Trajectory --- 
2026-05-12 19:29:08 Prog : TEM_bc2_r33_ext_new Skid: 57 Paint : 0.
2026-05-12 19:29:08 ------------------ 
2026-05-12 19:30:33  Default Volume : URUS_PA2_BC2_R33_EXT_2026 Skid: 158.
2026-05-12 19:30:35  Vol : URUS_PA2_BC2_R33_EXT_2026 Skid: 158 Calcul Vol : 650 Color: 11.
2026-05-12 19:30:35  ---------------------------
2026-05-12 19:35:58  Default Volume : URUS_PA2_BC2_R33_EXT_2026 Skid: 52.
2026-05-12 19:36:00  Vol : URUS_PA2_BC2_R33_EXT_2026 Skid: 52 Calcul Vol : 650 Color: 32.
2026-05-12 19:36:00  ---------------------------
2026-05-12 19:53:25  Default Volume : URUS_PA2_BC2_R33_EXT_2026 Skid: 206.
2026-05-12 19:53:26  Vol : URUS_PA2_BC2_R33_EXT_2026 Skid: 206 Calcul Vol : 650 Color: 11.
2026-05-12 19:53:26  ---------------------------
2026-05-12 19:56:31 --- Trajectory --- 
2026-05-12 19:56:31 Prog : TEM_bc2_r33_ext_new Skid: 57 Paint : 0.
2026-05-12 19:56:31 ------------------ 
2026-05-12 20:01:24 --- Trajectory --- 
2026-05-12 20:01:24 Prog : TEM_bc2_r33_ext_new Skid: 57 Paint : 0.
2026-05-12 20:01:24 ------------------ 
2026-05-12 20:20:36 --- Trajectory --- 
2026-05-12 20:20:36 Prog : TEM_bc2_r33_ext_new Skid: 57 Paint : 0.
2026-05-12 20:20:36 ------------------ 
2026-05-12 20:22:47  Vol : HURACAN_BC2_R33_Plastic Skid: 46 Calcul Vol : 2519 Color: 11.
2026-05-12 20:22:47  ---------------------------
2026-05-12 20:25:55  Default Volume : TEM_bc2_int Skid: 153.
2026-05-12 20:25:56  Vol : TEM_bc2_int Skid: 153 Calcul Vol : 650 Color: 11.
2026-05-12 20:25:56  ---------------------------
2026-05-12 20:26:03  Default Volume : TEM_bc2_r33_ext_new Skid: 153.
2026-05-12 20:26:04  Vol : TEM_bc2_r33_ext_new Skid: 153 Calcul Vol : 650 Color: 11.
2026-05-12 20:26:04  ---------------------------
2026-05-12 20:44:49 --- Trajectory --- 
2026-05-12 20:44:49 Prog : HURACAN_BC2_R33_Plastic Skid: 46 Paint : 58.
2026-05-12 20:44:49 ------------------ 
2026-05-12 20:48:56 --- Trajectory --- 
2026-05-12 20:48:56 Prog : TEM_bc2_int Skid: 153 Paint : 0.
2026-05-12 20:48:56 ------------------ 
2026-05-12 20:50:36  Vol : URUS_PA2_R33_Plastic Skid: 169 Calcul Vol : 10 Color: 20.
2026-05-12 20:50:36  ---------------------------
2026-05-12 20:51:18 --- Trajectory --- 
2026-05-12 20:51:18 Prog : TEM_bc2_r33_ext_new Skid: 153 Paint : 237.
2026-05-12 20:51:18 ------------------ 
2026-05-12 20:59:56  Default Volume : URUS_PA2_BC2_R33_EXT_2026 Skid: 105.
2026-05-12 20:59:57  Vol : URUS_PA2_BC2_R33_EXT_2026 Skid: 105 Calcul Vol : 650 Color: 12.
2026-05-12 20:59:57  ---------------------------
2026-05-12 21:04:30  Vol : URUS_PA2_R33_Plastic Skid: 192 Calcul Vol : 10 Color: 41.
2026-05-12 21:04:30  ---------------------------
2026-05-12 21:09:45  Default Volume : URUS_PA2_BC2_R33_EXT_2026 Skid: 86.
2026-05-12 21:09:46  Vol : URUS_PA2_BC2_R33_EXT_2026 Skid: 86 Calcul Vol : 650 Color: 41.
2026-05-12 21:09:46  ---------------------------
2026-05-12 21:14:13 --- Trajectory --- 
2026-05-12 21:14:13 Prog : TEM_bc2_r33_ext_new Skid: 153 Paint : 0.
2026-05-12 21:14:13 ------------------ 
2026-05-12 21:31:42  Vol : URUS_PA2_R33_Plastic Skid: 201 Calcul Vol : 10 Color: 41.
2026-05-12 21:31:42  ---------------------------
2026-05-12 21:47:02 --- Trajectory --- 
2026-05-12 21:47:02 Prog : TEM_bc2_r33_ext_new Skid: 153 Paint : 0.
2026-05-12 21:47:02 ------------------ 
2026-05-12 21:52:07 --- Trajectory --- 
2026-05-12 21:52:07 Prog : TEM_bc2_r33_ext_new Skid: 153 Paint : 0.
2026-05-12 21:52:07 ------------------ 
2026-05-12 21:57:06 --- Trajectory --- 
2026-05-12 21:57:06 Prog : TEM_bc2_r33_ext_new Skid: 153 Paint : 0.
2026-05-12 21:57:06 ------------------ 
2026-05-12 22:03:40  Default Volume : TEM_bc2_int Skid: 63.
2026-05-12 22:03:41  Vol : TEM_bc2_int Skid: 63 Calcul Vol : 650 Color: 27.
2026-05-12 22:03:41  ---------------------------
2026-05-12 22:03:47  Default Volume : TEM_bc2_r33_ext_new Skid: 63.
2026-05-12 22:03:49  Vol : TEM_bc2_r33_ext_new Skid: 63 Calcul Vol : 650 Color: 27.
2026-05-12 22:03:49  ---------------------------
2026-05-12 22:03:58 --- Trajectory --- 
2026-05-12 22:03:58 Prog : TEM_bc2_r33_ext_new Skid: 153 Paint : 0.
2026-05-12 22:03:58 ------------------ 
2026-05-12 22:07:14  Default Volume : URUS_PA2_BC2_R33_EXT_2026 Skid: 171.
2026-05-12 22:07:16  Vol : URUS_PA2_BC2_R33_EXT_2026 Skid: 171 Calcul Vol : 650 Color: 41.
2026-05-12 22:07:16  ---------------------------
2026-05-12 22:11:28  Vol : HURACAN_BC2_R33_Plastic Skid: 110 Calcul Vol : 1882 Color: 20.
2026-05-12 22:11:28  ---------------------------
2026-05-12 22:52:43 --- Trajectory --- 
2026-05-12 22:52:43 Prog : TEM_bc2_int Skid: 63 Paint : 0.
2026-05-12 22:52:43 ------------------ 
2026-05-12 22:53:39 --- Trajectory --- 
2026-05-12 22:53:39 Prog : TEM_bc2_r33_ext_new Skid: 63 Paint : 66.
2026-05-12 22:53:39 ------------------ 
2026-05-12 22:59:44  Default Volume : URUS_PA2_BC2_R33_EXT_2026 Skid: 82.
2026-05-12 22:59:46  Vol : URUS_PA2_BC2_R33_EXT_2026 Skid: 82 Calcul Vol : 650 Color: 20.
2026-05-12 22:59:46  ---------------------------
2026-05-12 23:04:07 --- Trajectory --- 
2026-05-12 23:04:07 Prog : NOT FOUND Skid: 52 Paint : 0.
2026-05-12 23:04:07 ------------------ 
2026-05-12 23:06:45 --- Trajectory --- 
2026-05-12 23:06:45 Prog : HURACAN_BC2_R33_Plastic Skid: 110 Paint : 41.
2026-05-12 23:06:45 ------------------ 
2026-05-12 23:10:20  Vol : URUS_PA2_R33_Plastic Skid: 36 Calcul Vol : 10 Color: 34.
2026-05-12 23:10:20  ---------------------------
2026-05-12 23:14:38  Vol : URUS_PA2_R33_Plastic Skid: 22 Calcul Vol : 0 Color: 34.
2026-05-12 23:14:38  ---------------------------
2026-05-12 23:27:30  Default Volume : URUS_PA2_BC2_R33_EXT_2026 Skid: 223.
2026-05-12 23:27:31  Vol : URUS_PA2_BC2_R33_EXT_2026 Skid: 223 Calcul Vol : 650 Color: 12.
2026-05-12 23:27:31  ---------------------------
2026-05-12 23:31:03  Default Volume : URUS_PA2_BC2_R33_EXT_2026 Skid: 52.
2026-05-12 23:31:04  Vol : URUS_PA2_BC2_R33_EXT_2026 Skid: 52 Calcul Vol : 650 Color: 33.
2026-05-12 23:31:04  ---------------------------
2026-05-12 23:32:44 --- Trajectory --- 
2026-05-12 23:32:44 Prog : HURACAN_BC2_R33_Plastic Skid: 110 Paint : 0.
2026-05-12 23:32:44 ------------------ 
2026-05-12 23:39:53 --- Trajectory --- 
2026-05-12 23:39:53 Prog : HURACAN_BC2_R33_Plastic Skid: 110 Paint : 0.
2026-05-12 23:39:53 ------------------ 
2026-05-12 23:40:17  Vol : HURACAN_BC2_R33_Plastic Skid: 157 Calcul Vol : 1881 Color: 20.
2026-05-12 23:40:17  ---------------------------
2026-05-12 23:44:38 --- Trajectory --- 
2026-05-12 23:44:38 Prog : HURACAN_BC2_R33_Plastic Skid: 110 Paint : 0.
2026-05-12 23:44:38 ------------------ 
2026-05-12 23:54:47 --- Trajectory --- 
2026-05-12 23:54:47 Prog : HURACAN_BC2_R33_Plastic Skid: 110 Paint : 0.
2026-05-12 23:54:47 ------------------ 
2026-05-12 23:59:54 --- Trajectory --- 
2026-05-12 23:59:54 Prog : HURACAN_BC2_R33_Plastic Skid: 110 Paint : 0.
2026-05-12 23:59:54 ------------------ 
2026-05-12 23:59:58  Default Volume : URUS_PA2_BC2_R33_EXT_2026 Skid: 218.
2026-05-12 23:59:59  Vol : URUS_PA2_BC2_R33_EXT_2026 Skid: 218 Calcul Vol : 650 Color: 12.
2026-05-12 23:59:59  ---------------------------
2026-05-13 00:06:20 --- Trajectory --- 
2026-05-13 00:06:20 Prog : HURACAN_BC2_R33_Plastic Skid: 157 Paint : 41.
2026-05-13 00:06:20 ------------------ 
2026-05-13 00:11:46  Default Volume : TEM_bc2_int Skid: 244.
2026-05-13 00:11:48  Vol : TEM_bc2_int Skid: 244 Calcul Vol : 650 Color: 20.
2026-05-13 00:11:48  ---------------------------
2026-05-13 00:11:54  Default Volume : TEM_bc2_r33_ext_new Skid: 244.
2026-05-13 00:11:55  Vol : TEM_bc2_r33_ext_new Skid: 244 Calcul Vol : 650 Color: 20.
2026-05-13 00:11:55  ---------------------------
2026-05-13 00:23:20 --- Trajectory --- 
2026-05-13 00:23:20 Prog : HURACAN_BC2_R33_Plastic Skid: 157 Paint : 0.
2026-05-13 00:23:20 ------------------ 
2026-05-13 00:36:18 --- Trajectory --- 
2026-05-13 00:36:18 Prog : TEM_bc2_int Skid: 244 Paint : 0.
2026-05-13 00:36:18 ------------------ 
2026-05-13 00:38:40 --- Trajectory --- 
2026-05-13 00:38:40 Prog : TEM_bc2_r33_ext_new Skid: 244 Paint : 127.
2026-05-13 00:38:40 ------------------ 
2026-05-13 00:47:29  Default Volume : TEM_bc2_int Skid: 221.
2026-05-13 00:47:31  Vol : TEM_bc2_int Skid: 221 Calcul Vol : 650 Color: 85.
2026-05-13 00:47:31  ---------------------------
2026-05-13 00:47:37  Default Volume : TEM_bc2_r33_ext_new Skid: 221.
2026-05-13 00:47:38  Vol : TEM_bc2_r33_ext_new Skid: 221 Calcul Vol : 650 Color: 85.
2026-05-13 00:47:38  ---------------------------
2026-05-13 01:06:34  Default Volume : URUS_PA2_BC2_R33_EXT_2026 Skid: 144.
2026-05-13 01:06:36  Vol : URUS_PA2_BC2_R33_EXT_2026 Skid: 144 Calcul Vol : 650 Color: 55.
2026-05-13 01:06:36  ---------------------------
2026-05-13 01:13:15 --- Trajectory --- 
2026-05-13 01:13:15 Prog : TEM_bc2_int Skid: 221 Paint : 0.
2026-05-13 01:13:15 ------------------ 
2026-05-13 01:15:37 --- Trajectory --- 
2026-05-13 01:15:37 Prog : TEM_bc2_r33_ext_new Skid: 221 Paint : 207.
2026-05-13 01:15:37 ------------------ 
2026-05-13 01:50:52 --- Trajectory --- 
2026-05-13 01:50:52 Prog : TEM_bc2_r33_ext_new Skid: 221 Paint : 0.
2026-05-13 01:50:52 ------------------ 
2026-05-13 02:12:06  Vol : URUS_PA2_R33_Plastic Skid: 36 Calcul Vol : 10 Color: 35.
2026-05-13 02:12:06  ---------------------------
2026-05-13 02:43:47 --- Trajectory --- 
2026-05-13 02:43:47 Prog : TEM_bc2_r33_ext_new Skid: 221 Paint : 0.
2026-05-13 02:43:47 ------------------ 
2026-05-13 03:05:24  Default Volume : URUS_PA2_BC2_R33_EXT_2026 Skid: 150.
2026-05-13 03:05:25  Vol : URUS_PA2_BC2_R33_EXT_2026 Skid: 150 Calcul Vol : 650 Color: 62.
2026-05-13 03:05:25  ---------------------------
2026-05-13 03:10:22  Vol : HURACAN_BC2_R33_Plastic Skid: 46 Calcul Vol : 1895 Color: 34.
2026-05-13 03:10:22  ---------------------------
2026-05-13 03:13:57  Default Volume : TEM_bc2_int Skid: 33.
2026-05-13 03:13:58  Vol : TEM_bc2_int Skid: 33 Calcul Vol : 650 Color: 34.
2026-05-13 03:13:58  ---------------------------
2026-05-13 03:14:04  Default Volume : TEM_bc2_r33_ext_new Skid: 33.
2026-05-13 03:14:06  Vol : TEM_bc2_r33_ext_new Skid: 33 Calcul Vol : 650 Color: 34.
2026-05-13 03:14:06  ---------------------------
2026-05-13 03:23:01  Vol : HURACAN_BC2_R33_Plastic Skid: 111 Calcul Vol : 1895 Color: 29.
2026-05-13 03:23:01  ---------------------------
2026-05-13 03:29:35 --- Trajectory --- 
2026-05-13 03:29:35 Prog : TEM_bc2_r33_ext_new Skid: 221 Paint : 0.
2026-05-13 03:29:35 ------------------ 
2026-05-13 03:37:02 --- Trajectory --- 
2026-05-13 03:37:02 Prog : HURACAN_BC2_R33_Plastic Skid: 46 Paint : 38.
2026-05-13 03:37:02 ------------------ 
2026-05-13 03:41:23 --- Trajectory --- 
2026-05-13 03:41:23 Prog : TEM_bc2_int Skid: 33 Paint : 0.
2026-05-13 03:41:23 ------------------ 
2026-05-13 03:43:44 --- Trajectory --- 
2026-05-13 03:43:44 Prog : TEM_bc2_r33_ext_new Skid: 33 Paint : 149.
2026-05-13 03:43:44 ------------------ 
2026-05-13 03:50:34 --- Trajectory --- 
2026-05-13 03:50:34 Prog : HURACAN_BC2_R33_Plastic Skid: 111 Paint : 38.
2026-05-13 03:50:34 ------------------ 
2026-05-13 03:52:10  Vol : HURACAN_BC2_R33_Plastic Skid: 71 Calcul Vol : 1895 Color: 18.
2026-05-13 03:52:10  ---------------------------
2026-05-13 04:00:11  Default Volume : TEM_bc2_int Skid: 63.
2026-05-13 04:00:12  Vol : TEM_bc2_int Skid: 63 Calcul Vol : 650 Color: 27.
2026-05-13 04:00:12  ---------------------------
2026-05-13 04:00:18  Default Volume : TEM_bc2_r33_ext_new Skid: 63.
2026-05-13 04:00:20  Vol : TEM_bc2_r33_ext_new Skid: 63 Calcul Vol : 650 Color: 27.
2026-05-13 04:00:20  ---------------------------
2026-05-13 04:13:10 --- Trajectory --- 
2026-05-13 04:13:10 Prog : HURACAN_BC2_R33_Plastic Skid: 71 Paint : 38.
2026-05-13 04:13:10 ------------------ 
2026-05-13 04:17:30  Default Volume : TEM_bc2_int Skid: 85.
2026-05-13 04:17:31  Vol : TEM_bc2_int Skid: 85 Calcul Vol : 650 Color: 18.
2026-05-13 04:17:31  ---------------------------
2026-05-13 04:17:37  Default Volume : TEM_bc2_r33_ext_new Skid: 85.
2026-05-13 04:17:39  Vol : TEM_bc2_r33_ext_new Skid: 85 Calcul Vol : 650 Color: 18.
2026-05-13 04:17:39  ---------------------------
2026-05-13 04:20:49  Default Volume : URUS_PA2_BC2_R33_EXT_2026 Skid: 210.
2026-05-13 04:20:51  Vol : URUS_PA2_BC2_R33_EXT_2026 Skid: 210 Calcul Vol : 650 Color: 34.
2026-05-13 04:20:51  ---------------------------
2026-05-13 04:21:41 --- Trajectory --- 
2026-05-13 04:21:41 Prog : TEM_bc2_int Skid: 63 Paint : 0.
2026-05-13 04:21:41 ------------------ 
