2026-05-15 12:11:39 --- Trajectory --- 
2026-05-15 12:11:39 Prog : TEM_bc2_r32_ext_new Skid: 86 Paint : 0.
2026-05-15 12:11:39 ------------------ 
2026-05-15 12:28:40 --- Trajectory --- 
2026-05-15 12:28:40 Prog : HURACAN_BC2_R32_Plastic Skid: 194 Paint : 168.
2026-05-15 12:28:40 ------------------ 
2026-05-15 12:32:23 --- Trajectory INT --- 
2026-05-15 12:32:23  HURACAN_BC2_R31_INT " Skid: 195 Paint : 0.
2026-05-15 12:32:23 --- --- 
2026-05-15 12:32:26 --- Trajectory --- 
2026-05-15 12:32:26 Prog : TEM_bc2_r32_int Skid: 195 Paint : 21.
2026-05-15 12:32:26 ------------------ 
2026-05-15 12:34:56 --- Trajectory --- 
2026-05-15 12:34:56 Prog : TEM_bc2_r32_ext_new Skid: 195 Paint : 296.
2026-05-15 12:34:56 ------------------ 
2026-05-18 04:09:31 --- Trajectory --- 
2026-05-18 04:09:31 Prog : TEM_bc2_r32_ext_new Skid: 15653 Paint : 307.
2026-05-18 04:09:31 ------------------ 
2026-05-18 04:14:19 --- Trajectory --- 
2026-05-18 04:14:19 Prog : TEM_bc2_r32_ext_new Skid: 15653 Paint : 0.
2026-05-18 04:14:19 ------------------ 
2026-05-18 05:58:36  Default Volume : URUS_PA2_BC2_R32_EXT_2026 Skid: 37.
2026-05-18 05:58:37  Vol : URUS_PA2_BC2_R32_EXT_2026 Skid: 37 Calcul Vol : 650 Color: 20.
2026-05-18 05:58:37  ---------------------------
2026-05-18 06:19:57  Default Volume : URUS_PA2_BC2_R32_EXT_2026 Skid: 105.
2026-05-18 06:19:58  Vol : URUS_PA2_BC2_R32_EXT_2026 Skid: 105 Calcul Vol : 650 Color: 27.
2026-05-18 06:19:58  ---------------------------
2026-05-18 06:34:50 --- Trajectory --- 
2026-05-18 06:34:50 Prog : TEM_bc2_r32_ext_new Skid: 15653 Paint : 0.
2026-05-18 06:34:50 ------------------ 
2026-05-18 06:36:41  Vol : URUS_PA2_R32_Plastic Skid: 113 Calcul Vol : 10 Color: 105.
2026-05-18 06:36:41  ---------------------------
2026-05-18 06:43:37 --- Trajectory --- 
2026-05-18 06:43:37 Prog : TEM_bc2_r32_ext_new Skid: 15653 Paint : 0.
2026-05-18 06:43:37 ------------------ 
2026-05-18 07:00:47  Default Volume : URUS_PA2_BC2_R32_EXT_2026 Skid: 153.
2026-05-18 07:00:48  Vol : URUS_PA2_BC2_R32_EXT_2026 Skid: 153 Calcul Vol : 650 Color: 102.
2026-05-18 07:00:48  ---------------------------
2026-05-18 07:11:55  Default Volume : URUS_PA2_BC2_R32_EXT_2026 Skid: 244.
2026-05-18 07:11:57  Vol : URUS_PA2_BC2_R32_EXT_2026 Skid: 244 Calcul Vol : 650 Color: 96.
2026-05-18 07:11:57  ---------------------------
2026-05-18 07:29:51  Default Volume : URUS_PA2_BC2_R32_EXT_2026 Skid: 144.
2026-05-18 07:29:53  Vol : URUS_PA2_BC2_R32_EXT_2026 Skid: 144 Calcul Vol : 650 Color: 145.
2026-05-18 07:29:53  ---------------------------
2026-05-18 07:40:29 --- Trajectory --- 
2026-05-18 07:40:29 Prog : TEM_bc2_r32_ext_new Skid: 15653 Paint : 0.
2026-05-18 07:40:29 ------------------ 
2026-05-18 09:05:55 --- Trajectory --- 
2026-05-18 09:05:55 Prog : TEM_bc2_r32_ext_new Skid: 15653 Paint : 0.
2026-05-18 09:05:55 ------------------ 
2026-05-18 09:10:48 --- Trajectory --- 
2026-05-18 09:10:48 Prog : TEM_bc2_r32_ext_new Skid: 15653 Paint : 0.
2026-05-18 09:10:48 ------------------ 
2026-05-18 09:20:33 --- Trajectory --- 
2026-05-18 09:20:33 Prog : TEM_bc2_r32_ext_new Skid: 15653 Paint : 0.
2026-05-18 09:20:33 ------------------ 
2026-05-18 09:42:03  Default Volume : TEM_bc2_r32_int Skid: 24.
2026-05-18 09:42:04  Vol : TEM_bc2_r32_int Skid: 24 Calcul Vol : 650 Color: 16.
2026-05-18 09:42:04  ---------------------------
2026-05-18 09:42:09  Default Volume : TEM_bc2_r32_ext_new Skid: 24.
2026-05-18 09:42:11  Vol : TEM_bc2_r32_ext_new Skid: 24 Calcul Vol : 650 Color: 16.
2026-05-18 09:42:11  ---------------------------
2026-05-18 10:12:31  Vol : URUS_PA2_R32_Plastic Skid: 240 Calcul Vol : 10 Color: 9.
2026-05-18 10:12:31  ---------------------------
2026-05-18 10:20:07  Default Volume : TEM_bc2_r32_int Skid: 33.
2026-05-18 10:20:08  Vol : TEM_bc2_r32_int Skid: 33 Calcul Vol : 650 Color: 97.
2026-05-18 10:20:08  ---------------------------
2026-05-18 10:20:13  Default Volume : TEM_bc2_r32_ext_new Skid: 33.
2026-05-18 10:20:15  Vol : TEM_bc2_r32_ext_new Skid: 33 Calcul Vol : 650 Color: 97.
2026-05-18 10:20:15  ---------------------------
2026-05-18 10:23:10 --- Trajectory INT --- 
2026-05-18 10:23:10  HURACAN_BC2_R31_INT " Skid: 24 Paint : 0.
2026-05-18 10:23:10 --- --- 
2026-05-18 10:23:13 --- Trajectory --- 
2026-05-18 10:23:13 Prog : TEM_bc2_r32_int Skid: 24 Paint : 29.
2026-05-18 10:23:13 ------------------ 
2026-05-18 10:25:23 --- Trajectory --- 
2026-05-18 10:25:23 Prog : TEM_bc2_r32_ext_new Skid: 24 Paint : 190.
2026-05-18 10:25:23 ------------------ 
2026-05-18 10:41:07 --- Trajectory --- 
2026-05-18 10:41:07 Prog : TEM_bc2_r32_ext_new Skid: 24 Paint : 0.
2026-05-18 10:41:07 ------------------ 
2026-05-18 10:47:07 --- Trajectory INT --- 
2026-05-18 10:47:07  HURACAN_BC2_R31_INT " Skid: 33 Paint : 0.
2026-05-18 10:47:07 --- --- 
2026-05-18 10:47:10 --- Trajectory --- 
2026-05-18 10:47:10 Prog : TEM_bc2_r32_int Skid: 33 Paint : 27.
2026-05-18 10:47:10 ------------------ 
2026-05-18 10:49:40 --- Trajectory --- 
2026-05-18 10:49:40 Prog : TEM_bc2_r32_ext_new Skid: 33 Paint : 306.
2026-05-18 10:49:40 ------------------ 
2026-05-18 11:17:11  Default Volume : URUS_PA2_BC2_R32_EXT_2026 Skid: 57.
2026-05-18 11:17:13  Vol : URUS_PA2_BC2_R32_EXT_2026 Skid: 57 Calcul Vol : 650 Color: 12.
2026-05-18 11:17:13  ---------------------------
2026-05-18 11:26:07  Default Volume : URUS_PA2_BC2_R32_EXT_2026 Skid: 149.
2026-05-18 11:26:09  Vol : URUS_PA2_BC2_R32_EXT_2026 Skid: 149 Calcul Vol : 650 Color: 105.
2026-05-18 11:26:09  ---------------------------
2026-05-18 11:36:46  Vol : URUS_PA2_R32_Plastic Skid: 22 Calcul Vol : 10 Color: 159.
2026-05-18 11:36:46  ---------------------------
2026-05-18 11:40:38  Default Volume : URUS_PA2_BC2_R32_EXT_2026 Skid: 51.
2026-05-18 11:40:39  Vol : URUS_PA2_BC2_R32_EXT_2026 Skid: 51 Calcul Vol : 650 Color: 159.
2026-05-18 11:40:39  ---------------------------
2026-05-18 11:41:22 --- Trajectory --- 
2026-05-18 11:41:22 Prog : TEM_bc2_r32_ext_new Skid: 33 Paint : 0.
2026-05-18 11:41:22 ------------------ 
2026-05-18 11:52:04 --- Trajectory --- 
2026-05-18 11:52:04 Prog : TEM_bc2_r32_ext_new Skid: 33 Paint : 0.
2026-05-18 11:52:04 ------------------ 
2026-05-18 12:10:28  Default Volume : URUS_PA2_BC2_R32_EXT_2026 Skid: 144.
2026-05-18 12:10:30  Vol : URUS_PA2_BC2_R32_EXT_2026 Skid: 144 Calcul Vol : 650 Color: 146.
2026-05-18 12:10:30  ---------------------------
2026-05-18 12:20:04  Vol : URUS_PA2_R32_Plastic Skid: 180 Calcul Vol : 10 Color: 102.
2026-05-18 12:20:04  ---------------------------
2026-05-18 12:34:59 --- Trajectory --- 
2026-05-18 12:34:59 Prog : TEM_bc2_r32_ext_new Skid: 33 Paint : 0.
2026-05-18 12:34:59 ------------------ 
2026-05-18 12:43:14 --- Trajectory --- 
2026-05-18 12:43:14 Prog : TEM_bc2_r32_ext_new Skid: 33 Paint : 0.
2026-05-18 12:43:14 ------------------ 
2026-05-18 13:20:20  Vol : URUS_PA2_R32_Plastic Skid: 67 Calcul Vol : 10 Color: 20.
2026-05-18 13:20:20  ---------------------------
2026-05-18 13:25:34  Vol : URUS_PA2_R32_Plastic Skid: 2 Calcul Vol : 10 Color: 99.
2026-05-18 13:25:34  ---------------------------
2026-05-18 13:28:41  Default Volume : URUS_PA2_BC2_R32_EXT_2026 Skid: 232.
2026-05-18 13:28:42  Vol : URUS_PA2_BC2_R32_EXT_2026 Skid: 232 Calcul Vol : 650 Color: 99.
2026-05-18 13:28:42  ---------------------------
2026-05-18 13:45:26  Vol : URUS_PA2_R32_Plastic Skid: 101 Calcul Vol : 10 Color: 34.
2026-05-18 13:45:26  ---------------------------
2026-05-18 14:08:23 --- Trajectory --- 
2026-05-18 14:08:23 Prog : TEM_bc2_r32_ext_new Skid: 33 Paint : 0.
2026-05-18 14:08:23 ------------------ 
2026-05-18 14:11:44 --- Trajectory --- 
2026-05-18 14:11:44 Prog : TEM_bc2_r32_ext_new Skid: 33 Paint : 0.
2026-05-18 14:11:44 ------------------ 
2026-05-18 14:18:04  Vol : URUS_PA2_R32_Plastic Skid: 22 Calcul Vol : 10 Color: 159.
2026-05-18 14:18:04  ---------------------------
2026-05-18 14:18:12 --- Trajectory --- 
2026-05-18 14:18:12 Prog : TEM_bc2_r32_ext_new Skid: 33 Paint : 0.
2026-05-18 14:18:12 ------------------ 
2026-05-18 14:22:06 --- Trajectory --- 
2026-05-18 14:22:06 Prog : TEM_bc2_r32_ext_new Skid: 33 Paint : 0.
2026-05-18 14:22:06 ------------------ 
2026-05-18 14:22:53  Default Volume : URUS_PA2_BC2_R32_EXT_2026 Skid: 51.
2026-05-18 14:22:55  Vol : URUS_PA2_BC2_R32_EXT_2026 Skid: 51 Calcul Vol : 650 Color: 159.
2026-05-18 14:22:55  ---------------------------
2026-05-18 15:09:03 --- Trajectory --- 
2026-05-18 15:09:03 Prog : TEM_bc2_r32_ext_new Skid: 33 Paint : 0.
2026-05-18 15:09:03 ------------------ 
2026-05-18 15:14:55 --- Trajectory --- 
2026-05-18 15:14:55 Prog : TEM_bc2_r32_ext_new Skid: 33 Paint : 0.
2026-05-18 15:14:55 ------------------ 
2026-05-18 15:23:51  Default Volume : URUS_PA2_BC2_R32_EXT_2026 Skid: 219.
2026-05-18 15:23:52  Vol : URUS_PA2_BC2_R32_EXT_2026 Skid: 219 Calcul Vol : 650 Color: 9.
2026-05-18 15:23:52  ---------------------------
2026-05-18 15:27:57  Vol : URUS_PA2_R32_Plastic Skid: 169 Calcul Vol : 10 Color: 158.
2026-05-18 15:27:57  ---------------------------
2026-05-18 15:54:05 --- Trajectory --- 
2026-05-18 15:54:05 Prog : TEM_bc2_r32_ext_new Skid: 33 Paint : 0.
2026-05-18 15:54:05 ------------------ 
2026-05-18 15:56:35 --- Trajectory --- 
2026-05-18 15:56:35 Prog : TEM_bc2_r32_ext_new Skid: 33 Paint : 0.
2026-05-18 15:56:35 ------------------ 
2026-05-18 16:30:24  Vol : HURACAN_BC2_R32_Plastic Skid: 46 Calcul Vol : 64 Color: 34.
2026-05-18 16:30:24  ---------------------------
2026-05-18 16:36:14  Default Volume : TEM_bc2_r32_int Skid: 139.
2026-05-18 16:36:16  Vol : TEM_bc2_r32_int Skid: 139 Calcul Vol : 650 Color: 34.
2026-05-18 16:36:16  ---------------------------
2026-05-18 16:36:21  Default Volume : TEM_bc2_r32_ext_new Skid: 139.
2026-05-18 16:36:22  Vol : TEM_bc2_r32_ext_new Skid: 139 Calcul Vol : 650 Color: 34.
2026-05-18 16:36:22  ---------------------------
2026-05-18 16:57:57  Default Volume : TEM_bc2_r32_int Skid: 33.
2026-05-18 16:57:59  Vol : TEM_bc2_r32_int Skid: 33 Calcul Vol : 650 Color: 97.
2026-05-18 16:57:59  ---------------------------
2026-05-18 16:58:04  Default Volume : TEM_bc2_r32_ext_new Skid: 33.
2026-05-18 16:58:06  Vol : TEM_bc2_r32_ext_new Skid: 33 Calcul Vol : 650 Color: 97.
2026-05-18 16:58:06  ---------------------------
2026-05-18 17:29:04  Default Volume : URUS_PA2_BC2_R32_EXT_2026 Skid: 163.
2026-05-18 17:29:06  Vol : URUS_PA2_BC2_R32_EXT_2026 Skid: 163 Calcul Vol : 650 Color: 20.
2026-05-18 17:29:06  ---------------------------
2026-05-18 17:31:49 --- Trajectory --- 
2026-05-18 17:31:49 Prog : HURACAN_BC2_R32_Plastic Skid: 46 Paint : 107.
2026-05-18 17:31:49 ------------------ 
2026-05-18 17:36:56  Default Volume : URUS_PA2_BC2_R32_EXT_2026 Skid: 29.
2026-05-18 17:36:58  Vol : URUS_PA2_BC2_R32_EXT_2026 Skid: 29 Calcul Vol : 650 Color: 34.
2026-05-18 17:36:58  ---------------------------
2026-05-18 17:42:08 --- Trajectory INT --- 
2026-05-18 17:42:08  HURACAN_BC2_R31_INT " Skid: 139 Paint : 0.
2026-05-18 17:42:08 --- --- 
2026-05-18 17:42:11 --- Trajectory --- 
2026-05-18 17:42:11 Prog : TEM_bc2_r32_int Skid: 139 Paint : 16.
2026-05-18 17:42:11 ------------------ 
2026-05-18 17:44:41 --- Trajectory --- 
2026-05-18 17:44:41 Prog : TEM_bc2_r32_ext_new Skid: 139 Paint : 201.
2026-05-18 17:44:41 ------------------ 
2026-05-18 17:54:40  Default Volume : URUS_PA2_BC2_R32_EXT_2026 Skid: 218.
2026-05-18 17:54:42  Vol : URUS_PA2_BC2_R32_EXT_2026 Skid: 218 Calcul Vol : 650 Color: 102.
2026-05-18 17:54:42  ---------------------------
2026-05-18 17:57:59 --- Trajectory --- 
2026-05-18 17:57:59 Prog : TEM_bc2_r32_int Skid: 33 Paint : 0.
2026-05-18 17:57:59 ------------------ 
2026-05-18 17:59:44 --- Trajectory --- 
2026-05-18 17:59:44 Prog : TEM_bc2_r32_ext_new Skid: 33 Paint : 61.
2026-05-18 17:59:44 ------------------ 
2026-05-18 18:10:47 --- Trajectory --- 
2026-05-18 18:10:47 Prog : TEM_bc2_r32_ext_new Skid: 33 Paint : 0.
2026-05-18 18:10:47 ------------------ 
2026-05-18 18:17:56 --- Trajectory --- 
2026-05-18 18:17:56 Prog : TEM_bc2_r32_ext_new Skid: 33 Paint : 0.
2026-05-18 18:17:56 ------------------ 
2026-05-18 18:26:43 --- Trajectory --- 
2026-05-18 18:26:43 Prog : TEM_bc2_r32_ext_new Skid: 33 Paint : 0.
2026-05-18 18:26:43 ------------------ 
2026-05-18 18:58:00  Vol : URUS_PA2_R32_Plastic Skid: 169 Calcul Vol : 10 Color: 159.
2026-05-18 18:58:00  ---------------------------
2026-05-18 19:05:36  Default Volume : TEM_bc2_r32_int Skid: 12.
2026-05-18 19:05:37  Vol : TEM_bc2_r32_int Skid: 12 Calcul Vol : 650 Color: 27.
2026-05-18 19:05:37  ---------------------------
2026-05-18 19:05:42  Default Volume : TEM_bc2_r32_ext_new Skid: 12.
2026-05-18 19:05:44  Vol : TEM_bc2_r32_ext_new Skid: 12 Calcul Vol : 650 Color: 27.
2026-05-18 19:05:44  ---------------------------
2026-05-18 19:16:40 --- Trajectory --- 
2026-05-18 19:16:40 Prog : TEM_bc2_r32_ext_new Skid: 33 Paint : 0.
2026-05-18 19:16:40 ------------------ 
2026-05-18 19:20:59  Vol : URUS_PA2_R32_Plastic Skid: 101 Calcul Vol : 10 Color: 35.
2026-05-18 19:20:59  ---------------------------
2026-05-18 19:29:41  Default Volume : URUS_PA2_BC2_R32_EXT_2026 Skid: 37.
2026-05-18 19:29:43  Vol : URUS_PA2_BC2_R32_EXT_2026 Skid: 37 Calcul Vol : 650 Color: 20.
2026-05-18 19:29:43  ---------------------------
2026-05-18 19:30:09 --- Trajectory --- 
2026-05-18 19:30:09 Prog : TEM_bc2_r32_int Skid: 12 Paint : 0.
2026-05-18 19:30:09 ------------------ 
2026-05-18 19:31:07 --- Trajectory --- 
2026-05-18 19:31:07 Prog : TEM_bc2_r32_ext_new Skid: 12 Paint : 52.
2026-05-18 19:31:07 ------------------ 
2026-05-18 19:40:39  Vol : URUS_PA2_R32_Plastic Skid: 106 Calcul Vol : 10 Color: 41.
2026-05-18 19:40:39  ---------------------------
2026-05-18 19:49:30  Default Volume : URUS_PA2_BC2_R32_EXT_2026 Skid: 171.
2026-05-18 19:49:32  Vol : URUS_PA2_BC2_R32_EXT_2026 Skid: 171 Calcul Vol : 650 Color: 41.
2026-05-18 19:49:32  ---------------------------
2026-05-18 19:54:03 --- Trajectory --- 
2026-05-18 19:54:03 Prog : TEM_bc2_r32_ext_new Skid: 12 Paint : 0.
2026-05-18 19:54:03 ------------------ 
2026-05-18 20:11:52 --- Trajectory --- 
2026-05-18 20:11:52 Prog : TEM_bc2_r32_ext_new Skid: 12 Paint : 0.
2026-05-18 20:11:52 ------------------ 
2026-05-18 20:15:15 --- Trajectory --- 
2026-05-18 20:15:15 Prog : TEM_bc2_r32_ext_new Skid: 12 Paint : 0.
2026-05-18 20:15:15 ------------------ 
2026-05-18 20:17:53  Vol : URUS_PA2_R32_Plastic Skid: 102 Calcul Vol : 10 Color: 20.
2026-05-18 20:17:53  ---------------------------
2026-05-18 20:21:33 --- Trajectory --- 
2026-05-18 20:21:33 Prog : TEM_bc2_r32_ext_new Skid: 12 Paint : 0.
2026-05-18 20:21:33 ------------------ 
2026-05-18 20:22:43  Vol : URUS_PA2_R32_Plastic Skid: 175 Calcul Vol : 10 Color: 55.
2026-05-18 20:22:43  ---------------------------
2026-05-18 20:26:23  Default Volume : URUS_PA2_BC2_R32_EXT_2026 Skid: 133.
2026-05-18 20:26:24  Vol : URUS_PA2_BC2_R32_EXT_2026 Skid: 133 Calcul Vol : 650 Color: 55.
2026-05-18 20:26:24  ---------------------------
2026-05-18 20:50:08 --- Trajectory --- 
2026-05-18 20:50:08 Prog : TEM_bc2_r32_ext_new Skid: 12 Paint : 0.
2026-05-18 20:50:08 ------------------ 
2026-05-18 20:53:37 --- Trajectory --- 
2026-05-18 20:53:37 Prog : TEM_bc2_r32_ext_new Skid: 12 Paint : 0.
2026-05-18 20:53:37 ------------------ 
2026-05-18 20:59:36 --- Trajectory --- 
2026-05-18 20:59:36 Prog : TEM_bc2_r32_ext_new Skid: 12 Paint : 0.
2026-05-18 20:59:36 ------------------ 
2026-05-18 21:09:29  Vol : URUS_PA2_R32_Plastic Skid: 186 Calcul Vol : 10 Color: 112.
2026-05-18 21:09:29  ---------------------------
2026-05-18 21:15:46  Default Volume : URUS_PA2_BC2_R32_EXT_2026 Skid: 103.
2026-05-18 21:15:48  Vol : URUS_PA2_BC2_R32_EXT_2026 Skid: 103 Calcul Vol : 650 Color: 112.
2026-05-18 21:15:48  ---------------------------
2026-05-18 21:42:52 --- Trajectory --- 
2026-05-18 21:42:52 Prog : TEM_bc2_r32_ext_new Skid: 12 Paint : 0.
2026-05-18 21:42:52 ------------------ 
2026-05-18 21:50:16 --- Trajectory --- 
2026-05-18 21:50:16 Prog : TEM_bc2_r32_ext_new Skid: 12 Paint : 0.
2026-05-18 21:50:16 ------------------ 
2026-05-18 21:55:43  Vol : HURACAN_BC2_R32_Plastic Skid: 46 Calcul Vol : 109 Color: 35.
2026-05-18 21:55:43  ---------------------------
2026-05-18 21:59:37  Default Volume : TEM_bc2_r32_int Skid: 139.
2026-05-18 21:59:39  Vol : TEM_bc2_r32_int Skid: 139 Calcul Vol : 650 Color: 35.
2026-05-18 21:59:39  ---------------------------
2026-05-18 21:59:44  Default Volume : TEM_bc2_r32_ext_new Skid: 139.
2026-05-18 21:59:46  Vol : TEM_bc2_r32_ext_new Skid: 139 Calcul Vol : 650 Color: 35.
2026-05-18 21:59:46  ---------------------------
2026-05-18 22:22:06 --- Trajectory --- 
2026-05-18 22:22:06 Prog : HURACAN_BC2_R32_Plastic Skid: 46 Paint : 168.
2026-05-18 22:22:06 ------------------ 
2026-05-18 22:49:31  Vol : URUS_PA2_R32_Plastic Skid: 201 Calcul Vol : 10 Color: 137.
2026-05-18 22:49:31  ---------------------------
2026-05-18 22:54:57 --- Trajectory INT --- 
2026-05-18 22:54:57  HURACAN_BC2_R31_INT " Skid: 139 Paint : 0.
2026-05-18 22:54:57 --- --- 
2026-05-18 22:55:00 --- Trajectory --- 
2026-05-18 22:55:00 Prog : TEM_bc2_r32_int Skid: 139 Paint : 21.
2026-05-18 22:55:00 ------------------ 
2026-05-18 22:57:29 --- Trajectory --- 
2026-05-18 22:57:29 Prog : TEM_bc2_r32_ext_new Skid: 139 Paint : 260.
2026-05-18 22:57:29 ------------------ 
2026-05-18 23:04:15  Default Volume : URUS_PA2_BC2_R32_EXT_2026 Skid: 29.
2026-05-18 23:04:16  Vol : URUS_PA2_BC2_R32_EXT_2026 Skid: 29 Calcul Vol : 650 Color: 35.
2026-05-18 23:04:16  ---------------------------
2026-05-18 23:16:25 --- Trajectory --- 
2026-05-18 23:16:25 Prog : TEM_bc2_r32_ext_new Skid: 139 Paint : 0.
2026-05-18 23:16:25 ------------------ 
2026-05-18 23:18:11  Vol : URUS_PA2_R32_Plastic Skid: 231 Calcul Vol : 10 Color: 112.
2026-05-18 23:18:11  ---------------------------
2026-05-18 23:25:29  Vol : HURACAN_BC2_R32_Plastic Skid: 111 Calcul Vol : 51 Color: 20.
2026-05-18 23:25:29  ---------------------------
2026-05-18 23:29:27  Default Volume : TEM_bc2_r32_int Skid: 152.
2026-05-18 23:29:28  Vol : TEM_bc2_r32_int Skid: 152 Calcul Vol : 650 Color: 20.
2026-05-18 23:29:28  ---------------------------
2026-05-18 23:29:33  Default Volume : TEM_bc2_r32_ext_new Skid: 152.
2026-05-18 23:29:35  Vol : TEM_bc2_r32_ext_new Skid: 152 Calcul Vol : 650 Color: 20.
2026-05-18 23:29:35  ---------------------------
2026-05-18 23:38:07 --- Trajectory --- 
2026-05-18 23:38:07 Prog : TEM_bc2_r32_ext_new Skid: 139 Paint : 0.
2026-05-18 23:38:07 ------------------ 
2026-05-18 23:42:34  Vol : HURACAN_BC2_R32_Plastic Skid: 157 Calcul Vol : 40 Color: 34.
2026-05-18 23:42:34  ---------------------------
2026-05-18 23:44:23 --- Trajectory --- 
2026-05-18 23:44:23 Prog : TEM_bc2_r32_ext_new Skid: 139 Paint : 0.
2026-05-18 23:44:23 ------------------ 
2026-05-18 23:48:18  Default Volume : TEM_bc2_r32_int Skid: 148.
2026-05-18 23:48:20  Vol : TEM_bc2_r32_int Skid: 148 Calcul Vol : 650 Color: 34.
2026-05-18 23:48:20  ---------------------------
2026-05-18 23:48:25  Default Volume : TEM_bc2_r32_ext_new Skid: 148.
2026-05-18 23:48:26  Vol : TEM_bc2_r32_ext_new Skid: 148 Calcul Vol : 650 Color: 34.
2026-05-18 23:48:26  ---------------------------
2026-05-18 23:51:35 --- Trajectory --- 
2026-05-18 23:51:35 Prog : HURACAN_BC2_R32_Plastic Skid: 111 Paint : 136.
2026-05-18 23:51:35 ------------------ 
2026-05-18 23:56:54 --- Trajectory INT --- 
2026-05-18 23:56:54  HURACAN_BC2_R31_INT " Skid: 152 Paint : 0.
2026-05-18 23:56:54 --- --- 
2026-05-18 23:56:57 --- Trajectory --- 
2026-05-18 23:56:57 Prog : TEM_bc2_r32_int Skid: 152 Paint : 16.
2026-05-18 23:56:57 ------------------ 
2026-05-18 23:59:27 --- Trajectory --- 
2026-05-18 23:59:27 Prog : TEM_bc2_r32_ext_new Skid: 152 Paint : 177.
2026-05-18 23:59:27 ------------------ 
