2026-05-18 23:32:37  ---------------------------
2026-05-18 23:33:07  URUS_PR_EXT1 " Skid: 168 Paint : 410.
2026-05-18 23:34:48  URUS_PR_EXT2 " Skid: 111 Paint : 425.
2026-05-18 23:38:24  Prog : TEM_BC0_R12_EXT Skid: 148 Calcul Vol : 305 Color: 34.
2026-05-18 23:38:24  ---------------------------
2026-05-18 23:38:30  Prog : TEM_BC0_R12_EXTII Skid: 148 Calcul Vol : 230 Color: 34.
2026-05-18 23:38:30  ---------------------------
2026-05-18 23:39:08  HURACAN_BC0_R22_PLA_2 " Skid: 152 Paint : 177.
2026-05-18 23:39:08 ---  --- 
2026-05-18 23:42:10  Prog : TEM_BC0_R12_EXT Skid: 207 Calcul Vol : 204 Color: 8.
2026-05-18 23:42:10  ---------------------------
2026-05-18 23:42:16  Prog : TEM_BC0_R12_EXTII Skid: 207 Calcul Vol : 169 Color: 8.
2026-05-18 23:42:16  ---------------------------
2026-05-18 23:43:28 --- Trajectory EXT --- 
2026-05-18 23:43:28  HURACAN_AP_BC0_EXT1 " Skid: 152 Paint : 251.
2026-05-18 23:45:50  HURACAN_AP_BC0_EXT2 " Skid: 152 Paint : 132.
2026-05-18 23:45:50 ---  --- 
2026-05-18 23:47:00  Prog : URUS_PA2_BC0_R12_EXT_2025 Skid: 66 Calcul Vol : 351 Color: 5.
2026-05-18 23:47:00  ---------------------------
2026-05-18 23:47:06  Prog : URUS_PA2_BC0_R12_EXT_2025II Skid: 66 Calcul Vol : 306 Color: 5.
2026-05-18 23:47:06  ---------------------------
2026-05-18 23:48:31  URUS_PR_EXT1 " Skid: 167 Paint : 410.
2026-05-18 23:50:12  URUS_PR_EXT2 " Skid: 4 Paint : 425.
2026-05-18 23:51:53  Prog : TEM_PRIM_R12_EXT Skid: 56 Calcul Vol : 494 Color: 3.
2026-05-18 23:51:53  ---------------------------
2026-05-18 23:53:23 --- Trajectory EXT --- 
2026-05-18 23:53:23  HURACAN_AP_BC0_EXT1 " Skid: 4 Paint : 298.
2026-05-18 23:55:13  HURACAN_AP_BC0_EXT2 " Skid: 4 Paint : 195.
2026-05-18 23:55:13 ---  --- 
2026-05-18 23:59:25  HURACAN_BC0_R22_PLA_2 " Skid: 157 Paint : 319.
