2026-05-14 14:02:50 Sequence: FillCart , Time: 16.483s
2026-05-14 14:03:40 POS DCU1 : 241.3, Target : 250.0.
2026-05-14 14:03:41 FillDCU (Cycle) time: 7.694s
2026-05-14 14:04:16 Sequence: FillCart , Time: 20.121s
2026-05-14 14:05:21 POS DCU1 : 237.7, Target : 250.0.
2026-05-14 14:05:25 FillDCU (Cycle) time: 10.478s
2026-05-14 14:10:19 Sequence: FillCart , Time: 17.469s
2026-05-14 14:10:37 POS DCU1 : 241.7, Target : 250.0.
2026-05-14 14:10:38 FillDCU (Cycle) time: 9.551s
2026-05-14 14:15:08 Sequence: FillCart , Time: 17.493s
2026-05-14 14:15:23 POS DCU1 : 241.9, Target : 250.0.
2026-05-14 14:15:24 FillDCU (Cycle) time: 7.203s
2026-05-14 14:19:08 ClnCart (Cleaning+Dumping) time: 30.86s
2026-05-14 14:19:08 --
2026-05-14 14:19:27 Sequence: FillCart , Time: 16.93s
2026-05-14 14:20:29 POS DCU1 : 237.8, Target : 250.0.
2026-05-14 14:20:30 FillDCU (Cycle) time: 7.012s
2026-05-14 14:24:55 Sequence: FillCart , Time: 17.432s
2026-05-14 14:25:11 POS DCU1 : 240.1, Target : 250.0.
2026-05-14 14:25:13 FillDCU (Cycle) time: 8.09s
2026-05-14 14:28:31 ClnCart (Cleaning+Dumping) time: 33.387s
2026-05-14 14:28:31 --
2026-05-14 14:28:48 Sequence: FillCart , Time: 16.251s
2026-05-14 14:29:50 POS DCU1 : 243.2, Target : 250.0.
2026-05-14 14:29:51 FillDCU (Cycle) time: 7.488s
2026-05-14 14:30:29 Sequence: FillCart , Time: 22.424s
2026-05-14 14:31:30 POS DCU1 : 241.7, Target : 250.0.
2026-05-14 14:31:33 FillDCU (Cycle) time: 9.399s
2026-05-14 14:33:37 ClnCart (Cleaning+Dumping) time: 31.105s
2026-05-14 14:33:37 --
2026-05-14 14:34:01 Sequence: FillCart , Time: 22.898s
2026-05-14 14:34:58 POS DCU1 : 241.6, Target : 250.0.
2026-05-14 14:34:59 FillDCU (Cycle) time: 10.294s
2026-05-14 14:51:25 Sequence: FillCart , Time: 16.01s
2026-05-14 14:51:43 POS DCU1 : 239.7, Target : 250.0.
2026-05-14 14:51:45 FillDCU (Cycle) time: 10.553s
2026-05-14 14:56:21 Sequence: FillCart , Time: 18.351s
2026-05-14 14:56:40 POS DCU1 : 241.8, Target : 250.0.
2026-05-14 14:56:40 FillDCU (Cycle) time: 9.798s
2026-05-14 15:01:53 ClnCart (Cleaning+Dumping) time: 31.182s
2026-05-14 15:01:53 --
2026-05-14 15:02:17 Sequence: FillCart , Time: 22.47s
2026-05-14 15:03:14 POS DCU1 : 238.2, Target : 250.0.
2026-05-14 15:03:16 FillDCU (Cycle) time: 10.34s
2026-05-14 15:08:36 Sequence: FillCart , Time: 19.624s
2026-05-14 15:08:55 POS DCU1 : 241.2, Target : 250.0.
2026-05-14 15:08:55 FillDCU (Cycle) time: 9.541s
2026-05-14 15:17:35 Sequence: FillCart , Time: 23.981s
2026-05-14 15:17:51 POS DCU1 : 239.5, Target : 250.0.
2026-05-14 15:17:57 FillDCU (Cycle) time: 13.086s
2026-05-14 15:22:51 ClnCart (Cleaning+Dumping) time: 46.658s
2026-05-14 15:22:51 --
2026-05-14 15:23:16 Sequence: FillCart , Time: 23.143s
2026-05-14 15:24:34 POS DCU1 : 243.4, Target : 250.0.
2026-05-14 15:24:39 FillDCU (Cycle) time: 13.105s
2026-05-14 15:26:20 Sequence: FillCart , Time: 17.122s
2026-05-14 15:26:35 POS DCU1 : 240.2, Target : 250.0.
2026-05-14 15:26:37 FillDCU (Cycle) time: 7.296s
2026-05-14 15:31:24 Sequence: FillCart , Time: 15.589s
2026-05-14 15:31:39 POS DCU1 : 242.0, Target : 250.0.
2026-05-14 15:31:40 FillDCU (Cycle) time: 6.566s
2026-05-14 15:32:44 ClnCart (Cleaning+Dumping) time: 33.447s
2026-05-14 15:32:44 --
2026-05-14 15:33:02 Sequence: FillCart , Time: 16.06s
2026-05-14 15:34:00 POS DCU1 : 237.8, Target : 250.0.
2026-05-14 15:34:02 FillDCU (Cycle) time: 7.106s
2026-05-14 15:34:43 ClnCart (Cleaning+Dumping) time: 26.691s
2026-05-14 15:34:43 --
2026-05-14 15:35:07 Sequence: FillCart , Time: 22.137s
2026-05-14 15:35:42 POS DCU1 : 238.5, Target : 250.0.
2026-05-14 15:35:49 FillDCU (Cycle) time: 12.792s
2026-05-14 15:38:48 Sequence: FillCart , Time: 12.181s
2026-05-14 15:39:07 POS DCU1 : 239.6, Target : 250.0.
2026-05-14 15:39:08 FillDCU (Cycle) time: 9.646s
2026-05-14 15:42:14 ClnCart (Cleaning+Dumping) time: 25.058s
2026-05-14 15:42:14 --
2026-05-14 15:42:49 ClnCart (Cleaning+Dumping) time: 33.011s
2026-05-14 15:42:49 --
2026-05-14 15:43:06 Sequence: FillCart , Time: 15.409s
2026-05-14 15:43:18 POS DCU1 : 241.0, Target : 250.0.
2026-05-14 15:43:22 FillDCU (Cycle) time: 6.583s
2026-05-14 15:44:42 ClnCart (Cleaning+Dumping) time: 31.98s
2026-05-14 15:44:42 --
2026-05-14 15:45:01 Sequence: FillCart , Time: 17.287s
2026-05-14 15:45:15 POS DCU1 : 239.8, Target : 250.0.
2026-05-14 15:45:18 FillDCU (Cycle) time: 8.044s
2026-05-14 15:49:53 ClnCart (Cleaning+Dumping) time: 30.776s
2026-05-14 15:49:53 --
2026-05-14 15:50:10 Sequence: FillCart , Time: 15.892s
2026-05-14 15:51:07 POS DCU1 : 243.0, Target : 250.0.
2026-05-14 15:51:07 FillDCU (Cycle) time: 7.35s
2026-05-14 15:51:54 ClnCart (Cleaning+Dumping) time: 32.712s
2026-05-14 15:51:54 --
2026-05-14 15:52:09 Sequence: FillCart , Time: 14.005s
2026-05-14 15:52:47 POS DCU1 : 240.4, Target : 250.0.
2026-05-14 15:52:48 FillDCU (Cycle) time: 6.611s
2026-05-14 15:57:21 Sequence: FillCart , Time: 25.173s
2026-05-14 15:57:34 POS DCU1 : 241.0, Target : 250.0.
2026-05-14 15:57:42 FillDCU (Cycle) time: 12.265s
2026-05-14 16:03:08 Sequence: FillCart , Time: 25.786s
2026-05-14 16:03:26 POS DCU1 : 240.4, Target : 250.0.
2026-05-14 16:03:30 FillDCU (Cycle) time: 12.985s
2026-05-14 16:07:41 ClnCart (Cleaning+Dumping) time: 51.372s
2026-05-14 16:07:41 --
2026-05-14 16:08:06 Sequence: FillCart , Time: 23.923s
2026-05-14 16:09:23 POS DCU1 : 239.8, Target : 250.0.
2026-05-14 16:09:26 FillDCU (Cycle) time: 13.154s
2026-05-14 16:10:48 Sequence: FillCart , Time: 23.979s
2026-05-14 16:11:17 POS DCU1 : 239.9, Target : 250.0.
2026-05-14 16:11:24 FillDCU (Cycle) time: 13.062s
2026-05-14 16:14:18 ClnCart (Cleaning+Dumping) time: 72.298s
2026-05-14 16:14:18 --
2026-05-14 16:14:42 Sequence: FillCart , Time: 23.57s
2026-05-14 16:14:56 POS DCU1 : 237.7, Target : 250.0.
2026-05-14 16:15:05 FillDCU (Cycle) time: 13.12s
2026-05-14 16:16:04 ClnCart (Cleaning+Dumping) time: 51.625s
2026-05-14 16:16:04 --
2026-05-14 16:16:29 Sequence: FillCart , Time: 23.548s
2026-05-14 16:16:42 POS DCU1 : 240.9, Target : 250.0.
2026-05-14 16:16:48 FillDCU (Cycle) time: 9.568s
2026-05-14 16:18:57 ClnCart (Cleaning+Dumping) time: 31.021s
2026-05-14 16:18:57 --
2026-05-14 16:19:21 Sequence: FillCart , Time: 22.471s
2026-05-14 16:20:18 POS DCU1 : 243.3, Target : 250.0.
2026-05-14 16:20:19 FillDCU (Cycle) time: 10.236s
2026-05-14 16:21:58 ClnCart (Cleaning+Dumping) time: 88.751s
2026-05-14 16:21:58 --
2026-05-14 16:22:16 Sequence: FillCart , Time: 17.289s
2026-05-14 16:22:35 POS DCU1 : 239.7, Target : 250.0.
2026-05-14 16:22:35 FillDCU (Cycle) time: 9.455s
2026-05-14 16:26:39 ClnCart (Cleaning+Dumping) time: 97.288s
2026-05-14 16:26:39 --
2026-05-14 16:26:56 Sequence: FillCart , Time: 16.279s
2026-05-14 16:27:12 POS DCU1 : 238.3, Target : 250.0.
2026-05-14 16:27:13 FillDCU (Cycle) time: 7.449s
2026-05-14 16:27:52 ClnCart (Cleaning+Dumping) time: 26.818s
2026-05-14 16:27:52 --
2026-05-14 16:28:12 Sequence: FillCart , Time: 18.577s
2026-05-14 16:28:51 POS DCU1 : 241.8, Target : 250.0.
2026-05-14 16:28:54 FillDCU (Cycle) time: 9.286s
2026-05-14 16:33:12 ClnCart (Cleaning+Dumping) time: 30.773s
2026-05-14 16:33:12 --
2026-05-14 16:33:35 Sequence: FillCart , Time: 22.095s
2026-05-14 16:34:32 POS DCU1 : 242.7, Target : 250.0.
2026-05-14 16:34:34 FillDCU (Cycle) time: 10.272s
2026-05-14 16:35:16 ClnCart (Cleaning+Dumping) time: 32.043s
2026-05-14 16:35:16 --
2026-05-14 16:35:34 Sequence: FillCart , Time: 16.237s
2026-05-14 16:36:19 POS DCU1 : 239.8, Target : 250.0.
2026-05-14 16:36:19 FillDCU (Cycle) time: 9.48s
2026-05-14 16:39:36 ClnCart (Cleaning+Dumping) time: 26.704s
2026-05-14 16:39:36 --
2026-05-14 16:39:56 Sequence: FillCart , Time: 18.154s
2026-05-14 16:40:12 POS DCU1 : 239.7, Target : 250.0.
2026-05-14 16:40:15 FillDCU (Cycle) time: 9.268s
2026-05-14 16:45:12 ClnCart (Cleaning+Dumping) time: 30.988s
2026-05-14 16:45:12 --
2026-05-14 16:45:36 Sequence: FillCart , Time: 22.326s
2026-05-14 16:46:32 POS DCU1 : 243.1, Target : 250.0.
2026-05-14 16:46:33 FillDCU (Cycle) time: 10.402s
2026-05-14 16:49:18 Sequence: FillCart , Time: 17.138s
2026-05-14 16:49:36 POS DCU1 : 238.2, Target : 250.0.
2026-05-14 16:49:36 FillDCU (Cycle) time: 9.463s
2026-05-14 16:53:36 ClnCart (Cleaning+Dumping) time: 31.191s
2026-05-14 16:53:36 --
2026-05-14 16:53:54 Sequence: FillCart , Time: 16.234s
2026-05-14 16:54:50 POS DCU1 : 242.4, Target : 250.0.
2026-05-14 16:54:51 FillDCU (Cycle) time: 7.489s
2026-05-14 16:55:32 ClnCart (Cleaning+Dumping) time: 26.554s
2026-05-14 16:55:32 --
2026-05-14 16:55:56 Sequence: FillCart , Time: 22.594s
2026-05-14 16:56:31 POS DCU1 : 240.1, Target : 250.0.
2026-05-14 16:56:37 FillDCU (Cycle) time: 12.774s
2026-05-14 17:15:58 Sequence: FillCart , Time: 13.588s
2026-05-14 17:16:17 POS DCU1 : 240.2, Target : 250.0.
2026-05-14 17:16:17 FillDCU (Cycle) time: 9.628s
2026-05-14 17:18:20 ClnCart (Cleaning+Dumping) time: 33.291s
2026-05-14 17:18:20 --
2026-05-14 17:18:32 Sequence: FillCart , Time: 11.161s
2026-05-14 17:18:46 POS DCU1 : 241.2, Target : 250.0.
2026-05-14 17:18:47 FillDCU (Cycle) time: 4.365s
2026-05-14 17:24:42 Sequence: FillCart , Time: 22.48s
2026-05-14 17:24:54 POS DCU1 : 233.4, Target : 250.0.
2026-05-14 17:25:01 FillDCU (Cycle) time: 9.558s
2026-05-14 17:30:23 ClnCart (Cleaning+Dumping) time: 51.627s
2026-05-14 17:30:23 --
2026-05-14 17:30:46 Sequence: FillCart , Time: 22.124s
2026-05-14 17:31:31 POS DCU1 : 242.6, Target : 250.0.
2026-05-14 17:31:33 FillDCU (Cycle) time: 10.379s
2026-05-14 17:55:33 Sequence: FillCart , Time: 17.618s
2026-05-14 17:55:51 POS DCU1 : 237.9, Target : 250.0.
2026-05-14 17:55:52 FillDCU (Cycle) time: 9.441s
2026-05-14 17:58:26 ClnCart (Cleaning+Dumping) time: 27.802s
2026-05-14 17:58:26 --
2026-05-14 17:58:50 Sequence: FillCart , Time: 23.65s
2026-05-14 17:59:07 POS DCU1 : 237.8, Target : 250.0.
2026-05-14 17:59:10 FillDCU (Cycle) time: 10.332s
2026-05-14 18:02:13 ClnCart (Cleaning+Dumping) time: 31.129s
2026-05-14 18:02:13 --
2026-05-14 18:02:37 Sequence: FillCart , Time: 22.089s
2026-05-14 18:03:07 POS DCU1 : 239.7, Target : 250.0.
2026-05-14 18:03:10 FillDCU (Cycle) time: 10.315s
2026-05-14 18:05:50 Sequence: FillCart , Time: 18.53s
2026-05-14 18:06:08 POS DCU1 : 242.6, Target : 250.0.
2026-05-14 18:06:08 FillDCU (Cycle) time: 9.338s
2026-05-14 18:12:29 Sequence: FillCart , Time: 24.489s
2026-05-14 18:12:44 POS DCU1 : 241.8, Target : 250.0.
2026-05-14 18:12:51 FillDCU (Cycle) time: 13.082s
2026-05-14 18:17:56 ClnCart (Cleaning+Dumping) time: 43.17s
2026-05-14 18:17:56 --
2026-05-14 18:18:21 Sequence: FillCart , Time: 23.931s
2026-05-14 18:19:45 POS DCU1 : 238.0, Target : 250.0.
2026-05-14 18:19:50 FillDCU (Cycle) time: 13.13s
2026-05-14 18:21:05 ClnCart (Cleaning+Dumping) time: 65.894s
2026-05-14 18:21:05 --
2026-05-14 18:21:23 Sequence: FillCart , Time: 17.682s
2026-05-14 18:21:40 POS DCU1 : 240.3, Target : 250.0.
2026-05-14 18:21:44 FillDCU (Cycle) time: 8.253s
2026-05-14 18:25:37 ClnCart (Cleaning+Dumping) time: 87.272s
2026-05-14 18:25:37 --
2026-05-14 18:25:54 Sequence: FillCart , Time: 16.243s
2026-05-14 18:26:10 POS DCU1 : 239.9, Target : 250.0.
2026-05-14 18:26:11 FillDCU (Cycle) time: 7.472s
2026-05-14 18:27:13 Sequence: FillCart , Time: 16.254s
2026-05-14 18:27:49 POS DCU1 : 237.7, Target : 250.0.
2026-05-14 18:27:50 FillDCU (Cycle) time: 7.383s
2026-05-14 18:31:12 ClnCart (Cleaning+Dumping) time: 31.116s
2026-05-14 18:31:12 --
2026-05-14 18:31:29 Sequence: FillCart , Time: 15.959s
2026-05-14 18:32:30 POS DCU1 : 239.7, Target : 250.0.
2026-05-14 18:32:32 FillDCU (Cycle) time: 7.41s
2026-05-14 18:33:42 Sequence: FillCart , Time: 18.06s
2026-05-14 18:34:12 POS DCU1 : 242.6, Target : 250.0.
2026-05-14 18:34:14 FillDCU (Cycle) time: 8.594s
2026-05-14 18:39:59 ClnCart (Cleaning+Dumping) time: 33.251s
2026-05-14 18:39:59 --
2026-05-14 18:40:17 Sequence: FillCart , Time: 16.601s
2026-05-14 18:42:23 POS DCU1 : 225.9, Target : 250.0.
2026-05-14 18:42:23 FillDCU (Cycle) time: 7.96s
2026-05-14 18:45:56 ClnCart (Cleaning+Dumping) time: 33.032s
2026-05-14 18:45:56 --
2026-05-14 18:46:15 Sequence: FillCart , Time: 17.758s
2026-05-14 18:47:14 POS DCU1 : 237.8, Target : 250.0.
2026-05-14 18:47:16 FillDCU (Cycle) time: 7.965s
2026-05-14 18:48:45 Sequence: FillCart , Time: 22.993s
2026-05-14 18:49:01 POS DCU1 : 242.5, Target : 250.0.
2026-05-14 18:49:04 FillDCU (Cycle) time: 9.519s
2026-05-14 18:51:07 ClnCart (Cleaning+Dumping) time: 45.464s
2026-05-14 18:51:07 --
2026-05-14 18:51:31 Sequence: FillCart , Time: 22.382s
2026-05-14 18:52:22 POS DCU1 : 240.2, Target : 250.0.
2026-05-14 18:52:24 FillDCU (Cycle) time: 10.354s
2026-05-14 18:53:22 Sequence: FillCart , Time: 13.266s
2026-05-14 18:54:09 POS DCU1 : 237.5, Target : 250.0.
2026-05-14 18:54:09 FillDCU (Cycle) time: 9.526s
2026-05-14 18:55:07 ClnCart (Cleaning+Dumping) time: 26.375s
2026-05-14 18:55:07 --
2026-05-14 18:55:31 Sequence: FillCart , Time: 22.64s
2026-05-14 18:57:24 POS DCU1 : 240.4, Target : 250.0.
2026-05-14 18:57:33 FillDCU (Cycle) time: 12.876s
2026-05-14 18:59:00 ClnCart (Cleaning+Dumping) time: 30.934s
2026-05-14 18:59:00 --
2026-05-14 18:59:14 Sequence: FillCart , Time: 12.919s
2026-05-14 19:00:16 POS DCU1 : 240.5, Target : 250.0.
2026-05-14 19:00:16 FillDCU (Cycle) time: 9.733s
2026-05-14 19:02:48 ClnCart (Cleaning+Dumping) time: 31.191s
2026-05-14 19:02:48 --
2026-05-14 19:03:02 Sequence: FillCart , Time: 13.013s
2026-05-14 19:03:15 POS DCU1 : 239.0, Target : 250.0.
2026-05-14 19:03:16 FillDCU (Cycle) time: 4.635s
2026-05-14 19:05:58 Sequence: FillCart , Time: 17.135s
2026-05-14 19:06:11 POS DCU1 : 239.2, Target : 250.0.
2026-05-14 19:06:15 FillDCU (Cycle) time: 8.15s
2026-05-14 19:11:57 ClnCart (Cleaning+Dumping) time: 31.273s
2026-05-14 19:11:57 --
2026-05-14 19:12:15 Sequence: FillCart , Time: 16.067s
2026-05-14 19:13:18 POS DCU1 : 243.0, Target : 250.0.
2026-05-14 19:13:19 FillDCU (Cycle) time: 7.422s
2026-05-14 19:14:50 Sequence: FillCart , Time: 21.961s
2026-05-14 19:15:05 POS DCU1 : 241.3, Target : 250.0.
2026-05-14 19:15:09 FillDCU (Cycle) time: 9.583s
2026-05-14 19:17:07 ClnCart (Cleaning+Dumping) time: 31.158s
2026-05-14 19:17:07 --
2026-05-14 19:17:30 Sequence: FillCart , Time: 22.47s
2026-05-14 19:18:27 POS DCU1 : 240.1, Target : 250.0.
2026-05-14 19:18:29 FillDCU (Cycle) time: 10.384s
2026-05-14 19:19:52 Sequence: FillCart , Time: 16.674s
2026-05-14 19:20:13 POS DCU1 : 242.8, Target : 250.0.
2026-05-14 19:20:14 FillDCU (Cycle) time: 9.479s
2026-05-14 19:29:20 Sequence: FillCart , Time: 11.891s
2026-05-14 19:29:37 POS DCU1 : 238.1, Target : 250.0.
2026-05-14 19:29:37 FillDCU (Cycle) time: 7.418s
2026-05-14 19:34:05 Sequence: FillCart , Time: 15.205s
2026-05-14 19:34:21 POS DCU1 : 242.4, Target : 250.0.
2026-05-14 19:34:21 FillDCU (Cycle) time: 6.662s
2026-05-14 19:40:25 ClnCart (Cleaning+Dumping) time: 33.148s
2026-05-14 19:40:25 --
2026-05-14 19:40:42 Sequence: FillCart , Time: 15.875s
2026-05-14 19:41:41 POS DCU1 : 241.6, Target : 250.0.
2026-05-14 19:41:43 FillDCU (Cycle) time: 7.147s
2026-05-14 19:42:17 Sequence: FillCart , Time: 17.832s
2026-05-14 19:43:23 POS DCU1 : 242.7, Target : 250.0.
2026-05-14 19:43:27 FillDCU (Cycle) time: 9.763s
2026-05-14 19:45:18 ClnCart (Cleaning+Dumping) time: 30.758s
2026-05-14 19:45:18 --
2026-05-14 19:45:42 Sequence: FillCart , Time: 22.199s
2026-05-14 19:46:39 POS DCU1 : 243.0, Target : 250.0.
2026-05-14 19:46:41 FillDCU (Cycle) time: 10.416s
2026-05-14 19:47:47 Sequence: FillCart , Time: 16.608s
2026-05-14 19:48:26 POS DCU1 : 239.7, Target : 250.0.
2026-05-14 19:48:26 FillDCU (Cycle) time: 9.513s
2026-05-14 19:51:18 ClnCart (Cleaning+Dumping) time: 33.293s
2026-05-14 19:51:18 --
2026-05-14 19:51:36 Sequence: FillCart , Time: 15.999s
2026-05-14 19:52:28 POS DCU1 : 237.7, Target : 250.0.
2026-05-14 19:52:29 FillDCU (Cycle) time: 7.215s
2026-05-14 19:53:14 ClnCart (Cleaning+Dumping) time: 31.402s
2026-05-14 19:53:14 --
2026-05-14 19:53:34 Sequence: FillCart , Time: 18.716s
2026-05-14 19:54:09 POS DCU1 : 242.7, Target : 250.0.
2026-05-14 19:54:12 FillDCU (Cycle) time: 8.665s
2026-05-14 19:58:02 ClnCart (Cleaning+Dumping) time: 31.563s
2026-05-14 19:58:02 --
2026-05-14 19:58:28 Sequence: FillCart , Time: 24.093s
2026-05-14 19:58:43 POS DCU1 : 241.4, Target : 250.0.
2026-05-14 19:58:50 FillDCU (Cycle) time: 13.082s
2026-05-14 20:02:29 ClnCart (Cleaning+Dumping) time: 43.317s
2026-05-14 20:02:29 --
2026-05-14 20:02:54 Sequence: FillCart , Time: 23.507s
2026-05-14 20:04:18 POS DCU1 : 237.7, Target : 250.0.
2026-05-14 20:04:24 FillDCU (Cycle) time: 13.2s
2026-05-14 20:05:00 ClnCart (Cleaning+Dumping) time: 27.757s
2026-05-14 20:05:00 --
2026-05-14 20:05:28 Sequence: FillCart , Time: 26.536s
2026-05-14 20:06:13 POS DCU1 : 243.3, Target : 250.0.
2026-05-14 20:06:22 FillDCU (Cycle) time: 13.183s
2026-05-14 20:13:25 Sequence: FillCart , Time: 19.5s
2026-05-14 20:13:44 POS DCU1 : 242.0, Target : 250.0.
2026-05-14 20:13:44 FillDCU (Cycle) time: 9.627s
2026-05-14 20:14:43 ClnCart (Cleaning+Dumping) time: 33.56s
2026-05-14 20:14:43 --
2026-05-14 20:15:09 Sequence: FillCart , Time: 24.436s
2026-05-14 20:17:35 POS DCU1 : 240.6, Target : 250.0.
2026-05-14 20:17:42 FillDCU (Cycle) time: 13.201s
2026-05-14 20:19:12 ClnCart (Cleaning+Dumping) time: 46.529s
2026-05-14 20:19:12 --
2026-05-14 20:19:37 Sequence: FillCart , Time: 23.187s
2026-05-14 20:20:56 POS DCU1 : 238.0, Target : 250.0.
2026-05-14 20:21:03 FillDCU (Cycle) time: 13.093s
2026-05-14 20:22:03 ClnCart (Cleaning+Dumping) time: 51.642s
2026-05-14 20:22:03 --
2026-05-14 20:22:28 Sequence: FillCart , Time: 22.717s
2026-05-14 20:22:52 POS DCU1 : 240.9, Target : 250.0.
2026-05-14 20:22:57 FillDCU (Cycle) time: 9.631s
2026-05-14 20:24:09 ClnCart (Cleaning+Dumping) time: 30.736s
2026-05-14 20:24:09 --
2026-05-14 20:24:33 Sequence: FillCart , Time: 22.524s
2026-05-14 20:25:30 POS DCU1 : 242.0, Target : 250.0.
2026-05-14 20:25:32 FillDCU (Cycle) time: 10.292s
2026-05-14 20:30:53 Sequence: FillCart , Time: 11.312s
2026-05-14 20:31:12 POS DCU1 : 241.5, Target : 250.0.
2026-05-14 20:31:12 FillDCU (Cycle) time: 9.37s
2026-05-14 20:37:30 ClnCart (Cleaning+Dumping) time: 89.134s
2026-05-14 20:37:30 --
2026-05-14 20:37:49 Sequence: FillCart , Time: 17.999s
2026-05-14 20:38:05 POS DCU1 : 238.9, Target : 250.0.
2026-05-14 20:38:08 FillDCU (Cycle) time: 9.008s
2026-05-14 20:38:46 Sequence: FillCart , Time: 20.716s
2026-05-14 20:39:47 POS DCU1 : 242.2, Target : 250.0.
2026-05-14 20:39:48 FillDCU (Cycle) time: 9.138s
2026-05-14 20:44:14 ClnCart (Cleaning+Dumping) time: 30.737s
2026-05-14 20:44:14 --
2026-05-14 20:44:36 Sequence: FillCart , Time: 20.251s
2026-05-14 20:45:34 POS DCU1 : 238.9, Target : 250.0.
2026-05-14 20:45:35 FillDCU (Cycle) time: 9.688s
2026-05-14 20:47:00 Sequence: FillCart , Time: 17.646s
2026-05-14 20:47:20 POS DCU1 : 237.8, Target : 250.0.
2026-05-14 20:47:20 FillDCU (Cycle) time: 8.948s
2026-05-14 20:49:32 ClnCart (Cleaning+Dumping) time: 33.342s
2026-05-14 20:49:32 --
2026-05-14 20:49:50 Sequence: FillCart , Time: 16.489s
2026-05-14 20:50:51 POS DCU1 : 238.7, Target : 250.0.
2026-05-14 20:50:52 FillDCU (Cycle) time: 7.332s
2026-05-14 20:53:27 ClnCart (Cleaning+Dumping) time: 66.007s
2026-05-14 20:53:27 --
2026-05-14 20:53:53 Sequence: FillCart , Time: 24.087s
2026-05-14 20:54:08 POS DCU1 : 238.6, Target : 250.0.
2026-05-14 20:54:15 FillDCU (Cycle) time: 13.066s
2026-05-14 20:58:06 ClnCart (Cleaning+Dumping) time: 87.135s
2026-05-14 20:58:06 --
2026-05-14 20:58:30 Sequence: FillCart , Time: 23.185s
2026-05-14 20:58:44 POS DCU1 : 242.2, Target : 250.0.
2026-05-14 20:58:53 FillDCU (Cycle) time: 12.983s
2026-05-14 20:59:53 Sequence: FillCart , Time: 15.935s
2026-05-14 21:00:07 POS DCU1 : 238.9, Target : 250.0.
2026-05-14 21:00:10 FillDCU (Cycle) time: 7.285s
2026-05-14 21:05:48 Sequence: FillCart , Time: 25.549s
2026-05-14 21:06:03 POS DCU1 : 238.6, Target : 250.0.
2026-05-14 21:06:10 FillDCU (Cycle) time: 13.131s
2026-05-14 21:11:13 Sequence: FillCart , Time: 16.535s
2026-05-14 21:11:31 POS DCU1 : 238.8, Target : 250.0.
2026-05-14 21:11:32 FillDCU (Cycle) time: 9.595s
2026-05-14 21:14:12 ClnCart (Cleaning+Dumping) time: 97.385s
2026-05-14 21:14:12 --
2026-05-14 21:14:30 Sequence: FillCart , Time: 17.086s
2026-05-14 21:14:45 POS DCU1 : 242.5, Target : 250.0.
2026-05-14 21:14:47 FillDCU (Cycle) time: 7.275s
2026-05-14 21:18:20 ClnCart (Cleaning+Dumping) time: 31.991s
2026-05-14 21:18:20 --
2026-05-14 21:18:38 Sequence: FillCart , Time: 16.436s
2026-05-14 21:19:39 POS DCU1 : 243.4, Target : 250.0.
2026-05-14 21:19:40 FillDCU (Cycle) time: 7.076s
2026-05-14 21:30:57 Sequence: FillCart , Time: 24.058s
2026-05-14 21:31:12 POS DCU1 : 239.5, Target : 250.0.
2026-05-14 21:31:19 FillDCU (Cycle) time: 13.039s
2026-05-14 21:41:46 ClnCart (Cleaning+Dumping) time: 31.631s
2026-05-14 21:41:46 --
2026-05-14 21:42:10 Sequence: FillCart , Time: 23.374s
2026-05-14 21:43:46 POS DCU1 : 240.9, Target : 250.0.
2026-05-14 21:43:52 FillDCU (Cycle) time: 13.233s
2026-05-14 21:44:25 Sequence: FillCart , Time: 22.034s
2026-05-14 21:45:42 POS DCU1 : 240.6, Target : 250.0.
2026-05-14 21:45:46 FillDCU (Cycle) time: 9.457s
2026-05-14 21:46:58 ClnCart (Cleaning+Dumping) time: 30.903s
2026-05-14 21:46:58 --
2026-05-14 21:47:21 Sequence: FillCart , Time: 21.921s
2026-05-14 21:48:18 POS DCU1 : 241.0, Target : 250.0.
2026-05-14 21:48:20 FillDCU (Cycle) time: 10.43s
2026-05-14 21:57:21 Sequence: FillCart , Time: 19.517s
2026-05-14 21:57:39 POS DCU1 : 240.5, Target : 250.0.
2026-05-14 21:57:40 FillDCU (Cycle) time: 9.596s
2026-05-14 22:02:46 ClnCart (Cleaning+Dumping) time: 31.617s
2026-05-14 22:02:46 --
2026-05-14 22:03:08 Sequence: FillCart , Time: 19.999s
2026-05-14 22:04:14 POS DCU1 : 237.8, Target : 250.0.
2026-05-14 22:04:15 FillDCU (Cycle) time: 9.745s
2026-05-14 22:04:41 Sequence: FillCart , Time: 13.134s
2026-05-14 22:06:00 POS DCU1 : 232.5, Target : 250.0.
2026-05-14 22:06:00 FillDCU (Cycle) time: 9.089s
2026-05-14 22:08:06 ClnCart (Cleaning+Dumping) time: 87.375s
2026-05-14 22:08:06 --
2026-05-14 22:08:24 Sequence: FillCart , Time: 16.163s
2026-05-14 22:09:48 POS DCU1 : 239.5, Target : 250.0.
2026-05-14 22:09:50 FillDCU (Cycle) time: 7.467s
2026-05-14 22:11:47 ClnCart (Cleaning+Dumping) time: 43.401s
2026-05-14 22:11:47 --
2026-05-14 22:12:03 Sequence: FillCart , Time: 15.102s
2026-05-14 22:12:51 POS DCU1 : 239.9, Target : 250.0.
2026-05-14 22:12:51 FillDCU (Cycle) time: 7.068s
2026-05-14 22:16:13 POS DCU1 : 240.3, Target : 250.0.
2026-05-14 22:16:13 FillDCU (Cycle) time: 3.876s
2026-05-14 22:38:34 Sequence: FillCart , Time: 10.386s
2026-05-14 22:38:50 FillDCU (Cycle) time: 5.857s
2026-05-14 22:40:01 Sequence: FillCart , Time: 26.879s
2026-05-14 22:41:55 POS DCU1 : 241.0, Target : 250.0.
2026-05-14 22:42:03 FillDCU (Cycle) time: 12.955s
2026-05-14 22:44:54 Sequence: FillCart , Time: 18.61s
2026-05-14 22:45:39 POS DCU1 : 239.0, Target : 250.0.
2026-05-14 22:45:40 FillDCU (Cycle) time: 9.756s
2026-05-14 22:48:55 ClnCart (Cleaning+Dumping) time: 26.172s
2026-05-14 22:48:55 --
2026-05-14 22:49:08 Sequence: FillCart , Time: 12.597s
2026-05-14 22:50:22 POS DCU1 : 241.1, Target : 250.0.
2026-05-14 22:50:22 FillDCU (Cycle) time: 7.387s
2026-05-14 22:51:07 ClnCart (Cleaning+Dumping) time: 31.736s
2026-05-14 22:51:07 --
2026-05-14 22:51:26 Sequence: FillCart , Time: 18.015s
2026-05-14 22:52:02 POS DCU1 : 237.8, Target : 250.0.
2026-05-14 22:52:04 FillDCU (Cycle) time: 8.25s
2026-05-14 22:55:14 ClnCart (Cleaning+Dumping) time: 30.616s
2026-05-14 22:55:14 --
2026-05-14 22:55:32 Sequence: FillCart , Time: 16.83s
2026-05-14 22:56:36 POS DCU1 : 241.4, Target : 250.0.
2026-05-14 22:56:37 FillDCU (Cycle) time: 7.354s
2026-05-14 22:58:08 Sequence: FillCart , Time: 22.289s
2026-05-14 22:58:24 POS DCU1 : 242.0, Target : 250.0.
2026-05-14 22:58:27 FillDCU (Cycle) time: 9.519s
2026-05-14 23:00:22 ClnCart (Cleaning+Dumping) time: 31.091s
2026-05-14 23:00:22 --
2026-05-14 23:00:45 Sequence: FillCart , Time: 22.01s
2026-05-14 23:01:42 POS DCU1 : 237.9, Target : 250.0.
2026-05-14 23:01:43 FillDCU (Cycle) time: 10.269s
2026-05-14 23:02:48 Sequence: FillCart , Time: 20.036s
2026-05-14 23:03:28 POS DCU1 : 241.2, Target : 250.0.
2026-05-14 23:03:29 FillDCU (Cycle) time: 10.171s
2026-05-14 23:05:17 ClnCart (Cleaning+Dumping) time: 30.93s
2026-05-14 23:05:17 --
2026-05-14 23:05:36 Sequence: FillCart , Time: 17.794s
2026-05-14 23:06:33 POS DCU1 : 237.4, Target : 250.0.
2026-05-14 23:06:34 FillDCU (Cycle) time: 9.346s
2026-05-14 23:07:40 Sequence: FillCart , Time: 20.574s
2026-05-14 23:08:13 POS DCU1 : 243.3, Target : 250.0.
2026-05-14 23:08:16 FillDCU (Cycle) time: 10.876s
2026-05-14 23:13:54 Sequence: FillCart , Time: 26.123s
2026-05-14 23:14:11 POS DCU1 : 240.2, Target : 250.0.
2026-05-14 23:14:17 FillDCU (Cycle) time: 13.228s
2026-05-14 23:19:58 ClnCart (Cleaning+Dumping) time: 51.713s
2026-05-14 23:19:58 --
2026-05-14 23:20:24 Sequence: FillCart , Time: 24.637s
2026-05-14 23:21:40 CheckA1Fluid Restart 270.4
2026-05-14 23:21:41 POS DCU1 : 240.4, Target : 250.0.
2026-05-14 23:21:44 FillDCU (Cycle) time: 13.034s
2026-05-14 23:22:41 Sequence: FillCart , Time: 18.165s
2026-05-14 23:23:36 POS DCU1 : 243.0, Target : 250.0.
2026-05-14 23:23:38 FillDCU (Cycle) time: 9.3s
2026-05-14 23:24:52 ClnCart (Cleaning+Dumping) time: 31.337s
2026-05-14 23:24:52 --
2026-05-14 23:25:15 Sequence: FillCart , Time: 22.276s
2026-05-14 23:26:12 POS DCU1 : 240.7, Target : 250.0.
2026-05-14 23:26:14 FillDCU (Cycle) time: 10.424s
2026-05-14 23:31:22 Sequence: FillCart , Time: 14.279s
2026-05-14 23:31:41 POS DCU1 : 240.2, Target : 250.0.
2026-05-14 23:31:41 FillDCU (Cycle) time: 9.381s
2026-05-14 23:36:38 ClnCart (Cleaning+Dumping) time: 33.498s
2026-05-14 23:36:38 --
2026-05-14 23:36:58 Sequence: FillCart , Time: 18.465s
2026-05-14 23:37:46 POS DCU1 : 239.9, Target : 250.0.
2026-05-14 23:37:47 FillDCU (Cycle) time: 7.383s
2026-05-14 23:38:56 Sequence: FillCart , Time: 17.782s
2026-05-14 23:39:27 POS DCU1 : 241.1, Target : 250.0.
2026-05-14 23:39:29 FillDCU (Cycle) time: 8.472s
2026-05-14 23:41:25 ClnCart (Cleaning+Dumping) time: 32.757s
2026-05-14 23:41:25 --
2026-05-14 23:41:44 Sequence: FillCart , Time: 17.457s
2026-05-14 23:42:44 POS DCU1 : 240.2, Target : 250.0.
2026-05-14 23:42:45 FillDCU (Cycle) time: 8.175s
2026-05-14 23:43:25 Sequence: FillCart , Time: 25.784s
2026-05-14 23:44:24 POS DCU1 : 242.9, Target : 250.0.
2026-05-14 23:44:30 FillDCU (Cycle) time: 12.997s
2026-05-14 23:58:23 Sequence: FillCart , Time: 15.4s
2026-05-14 23:58:42 POS DCU1 : 237.7, Target : 250.0.
2026-05-14 23:58:42 FillDCU (Cycle) time: 9.689s
2026-05-15 00:05:49 ClnCart (Cleaning+Dumping) time: 72.796s
2026-05-15 00:05:49 --
2026-05-15 00:06:05 Sequence: FillCart , Time: 14.383s
2026-05-15 00:06:20 POS DCU1 : 239.5, Target : 250.0.
2026-05-15 00:06:20 FillDCU (Cycle) time: 5.861s
2026-05-15 00:07:13 Sequence: FillCart , Time: 18.166s
2026-05-15 00:08:00 POS DCU1 : 242.5, Target : 250.0.
2026-05-15 00:08:05 FillDCU (Cycle) time: 9.814s
2026-05-15 00:10:09 ClnCart (Cleaning+Dumping) time: 52.016s
2026-05-15 00:10:09 --
2026-05-15 00:10:32 Sequence: FillCart , Time: 22.204s
2026-05-15 00:11:17 POS DCU1 : 240.0, Target : 250.0.
2026-05-15 00:11:19 FillDCU (Cycle) time: 10.434s
2026-05-15 00:11:49 Sequence: FillCart , Time: 17.993s
2026-05-15 00:13:04 POS DCU1 : 243.2, Target : 250.0.
2026-05-15 00:13:07 FillDCU (Cycle) time: 12.571s
2026-05-15 00:14:44 Sequence: FillCart , Time: 16.701s
2026-05-15 00:18:09 POS DCU1 : 240.7, Target : 250.0.
2026-05-15 00:18:09 FillDCU (Cycle) time: 11.48s
2026-05-15 00:19:08 ClnCart (Cleaning+Dumping) time: 31.096s
2026-05-15 00:19:08 --
2026-05-15 00:19:26 Sequence: FillCart , Time: 16.604s
2026-05-15 00:20:29 POS DCU1 : 240.5, Target : 250.0.
2026-05-15 00:20:30 FillDCU (Cycle) time: 7.29s
2026-05-15 00:22:03 Sequence: FillCart , Time: 25.146s
2026-05-15 00:22:19 POS DCU1 : 241.8, Target : 250.0.
2026-05-15 00:22:26 FillDCU (Cycle) time: 13.247s
2026-05-15 00:24:10 Sequence: FillCart , Time: 21.694s
2026-05-15 00:25:19 POS DCU1 : 242.5, Target : 250.0.
2026-05-15 00:25:19 FillDCU (Cycle) time: 9.774s
2026-05-15 00:28:33 ClnCart (Cleaning+Dumping) time: 33.322s
2026-05-15 00:28:34 --
2026-05-15 00:28:54 Sequence: FillCart , Time: 19.671s
2026-05-15 00:29:44 POS DCU1 : 242.6, Target : 250.0.
2026-05-15 00:29:44 FillDCU (Cycle) time: 7.254s
2026-05-15 00:30:57 Sequence: FillCart , Time: 24.249s
2026-05-15 00:31:24 POS DCU1 : 242.4, Target : 250.0.
2026-05-15 00:31:31 FillDCU (Cycle) time: 13.415s
2026-05-15 00:33:05 ClnCart (Cleaning+Dumping) time: 31.387s
2026-05-15 00:33:05 --
2026-05-15 00:33:29 Sequence: FillCart , Time: 23.285s
2026-05-15 00:34:58 POS DCU1 : 241.2, Target : 250.0.
2026-05-15 00:35:03 FillDCU (Cycle) time: 13.129s
2026-05-15 00:36:39 Sequence: FillCart , Time: 19.786s
2026-05-15 00:36:53 POS DCU1 : 240.2, Target : 250.0.
2026-05-15 00:36:58 FillDCU (Cycle) time: 10.074s
2026-05-15 00:39:49 Sequence: FillCart , Time: 23.062s
2026-05-15 00:40:26 POS DCU1 : 242.8, Target : 250.0.
2026-05-15 00:40:29 FillDCU (Cycle) time: 9.675s
2026-05-15 00:43:56 ClnCart (Cleaning+Dumping) time: 26.748s
2026-05-15 00:43:56 --
2026-05-15 00:44:15 Sequence: FillCart , Time: 17.872s
2026-05-15 00:45:30 POS DCU1 : 241.3, Target : 250.0.
2026-05-15 00:45:31 FillDCU (Cycle) time: 10.069s
2026-05-15 00:47:36 Sequence: FillCart , Time: 17.988s
2026-05-15 00:47:54 POS DCU1 : 239.0, Target : 250.0.
2026-05-15 00:47:55 FillDCU (Cycle) time: 9.446s
2026-05-15 00:52:31 ClnCart (Cleaning+Dumping) time: 33.162s
2026-05-15 00:52:31 --
2026-05-15 00:52:48 Sequence: FillCart , Time: 15.8s
2026-05-15 00:53:42 POS DCU1 : 238.4, Target : 250.0.
2026-05-15 00:53:42 FillDCU (Cycle) time: 7.5s
2026-05-15 00:57:57 Sequence: FillCart , Time: 17.299s
2026-05-15 00:58:12 POS DCU1 : 240.8, Target : 250.0.
2026-05-15 00:58:15 FillDCU (Cycle) time: 8.106s
2026-05-15 01:04:23 Sequence: FillCart , Time: 16.209s
2026-05-15 01:04:39 POS DCU1 : 241.4, Target : 250.0.
2026-05-15 01:04:40 FillDCU (Cycle) time: 7.301s
2026-05-15 01:09:54 ClnCart (Cleaning+Dumping) time: 31.016s
2026-05-15 01:09:54 --
2026-05-15 01:10:12 Sequence: FillCart , Time: 16.904s
2026-05-15 01:11:15 POS DCU1 : 241.9, Target : 250.0.
2026-05-15 01:11:17 FillDCU (Cycle) time: 8.005s
2026-05-15 01:12:32 Sequence: FillCart , Time: 24.743s
2026-05-15 01:12:56 POS DCU1 : 238.0, Target : 250.0.
2026-05-15 01:13:03 FillDCU (Cycle) time: 13.119s
2026-05-15 01:14:15 ClnCart (Cleaning+Dumping) time: 33.123s
2026-05-15 01:14:15 --
2026-05-15 01:14:40 Sequence: FillCart , Time: 23.809s
2026-05-15 01:14:54 POS DCU1 : 241.0, Target : 250.0.
2026-05-15 01:15:03 FillDCU (Cycle) time: 13.064s
2026-05-15 01:17:07 Sequence: FillCart , Time: 14.593s
2026-05-15 01:17:20 POS DCU1 : 242.5, Target : 250.0.
2026-05-15 01:17:23 FillDCU (Cycle) time: 6.064s
2026-05-15 01:22:12 Sequence: FillCart , Time: 17.459s
2026-05-15 01:22:27 POS DCU1 : 242.1, Target : 250.0.
2026-05-15 01:22:30 FillDCU (Cycle) time: 8.034s
2026-05-15 01:23:22 ClnCart (Cleaning+Dumping) time: 32.893s
2026-05-15 01:23:22 --
2026-05-15 01:23:40 Sequence: FillCart , Time: 16.251s
2026-05-15 01:24:41 POS DCU1 : 242.4, Target : 250.0.
2026-05-15 01:24:42 FillDCU (Cycle) time: 7.457s
2026-05-15 01:25:50 Sequence: FillCart , Time: 17.256s
2026-05-15 01:26:22 POS DCU1 : 240.1, Target : 250.0.
2026-05-15 01:26:24 FillDCU (Cycle) time: 8.102s
2026-05-15 01:27:22 ClnCart (Cleaning+Dumping) time: 26.345s
2026-05-15 01:27:22 --
2026-05-15 01:27:46 Sequence: FillCart , Time: 22.287s
2026-05-15 01:30:13 POS DCU1 : 237.7, Target : 250.0.
2026-05-15 01:30:20 FillDCU (Cycle) time: 12.901s
2026-05-15 01:44:58 ClnCart (Cleaning+Dumping) time: 36.298s
2026-05-15 01:44:58 --
2026-05-15 01:45:25 Sequence: FillCart , Time: 26.68s
2026-05-15 01:46:13 POS DCU1 : 241.1, Target : 250.0.
2026-05-15 01:46:17 FillDCU (Cycle) time: 13.106s
2026-05-15 01:48:36 ClnCart (Cleaning+Dumping) time: 33.142s
2026-05-15 01:48:36 --
2026-05-15 01:49:00 Sequence: FillCart , Time: 23.597s
2026-05-15 01:50:34 POS DCU1 : 239.5, Target : 250.0.
2026-05-15 01:50:40 FillDCU (Cycle) time: 13.1s
2026-05-15 01:51:40 Sequence: FillCart , Time: 17.323s
2026-05-15 01:52:30 POS DCU1 : 238.7, Target : 250.0.
2026-05-15 01:52:33 FillDCU (Cycle) time: 8.421s
2026-05-15 01:53:59 ClnCart (Cleaning+Dumping) time: 51.827s
2026-05-15 01:53:59 --
2026-05-15 01:54:23 Sequence: FillCart , Time: 22.682s
2026-05-15 01:56:14 POS DCU1 : 243.3, Target : 250.0.
2026-05-15 01:56:16 FillDCU (Cycle) time: 9.749s
2026-05-15 01:58:34 ClnCart (Cleaning+Dumping) time: 31.036s
2026-05-15 01:58:34 --
2026-05-15 01:58:57 Sequence: FillCart , Time: 22.234s
2026-05-15 01:59:54 POS DCU1 : 238.4, Target : 250.0.
2026-05-15 01:59:56 FillDCU (Cycle) time: 10.281s
2026-05-15 02:04:36 Sequence: FillCart , Time: 20.368s
2026-05-15 02:04:54 POS DCU1 : 239.2, Target : 250.0.
2026-05-15 02:04:58 FillDCU (Cycle) time: 12.709s
2026-05-15 02:39:18 Sequence: FillCart , Time: 22.988s
2026-05-15 02:39:37 POS DCU1 : 239.2, Target : 250.0.
2026-05-15 02:39:37 FillDCU (Cycle) time: 9.814s
2026-05-15 02:45:03 ClnCart (Cleaning+Dumping) time: 52.237s
2026-05-15 02:45:03 --
2026-05-15 02:45:26 Sequence: FillCart , Time: 22.003s
2026-05-15 02:46:11 POS DCU1 : 242.0, Target : 250.0.
2026-05-15 02:46:13 FillDCU (Cycle) time: 10.538s
2026-05-15 02:46:43 Sequence: FillCart , Time: 17.086s
2026-05-15 02:47:58 POS DCU1 : 241.0, Target : 250.0.
2026-05-15 02:47:58 FillDCU (Cycle) time: 9.568s
2026-05-15 02:58:06 Sequence: FillCart , Time: 22.049s
2026-05-15 02:58:21 POS DCU1 : 239.8, Target : 250.0.
2026-05-15 02:58:24 FillDCU (Cycle) time: 8.027s
2026-05-15 03:00:51 ClnCart (Cleaning+Dumping) time: 47.159s
2026-05-15 03:00:51 --
2026-05-15 03:01:09 Sequence: FillCart , Time: 16.668s
2026-05-15 03:01:56 POS DCU1 : 242.8, Target : 250.0.
2026-05-15 03:01:57 FillDCU (Cycle) time: 7.432s
2026-05-15 03:02:40 Sequence: FillCart , Time: 27.282s
2026-05-15 03:03:37 POS DCU1 : 238.8, Target : 250.0.
2026-05-15 03:03:43 FillDCU (Cycle) time: 12.915s
2026-05-15 03:16:51 Sequence: FillCart , Time: 17.142s
2026-05-15 03:17:10 POS DCU1 : 239.6, Target : 250.0.
2026-05-15 03:17:10 FillDCU (Cycle) time: 9.581s
2026-05-15 03:33:34 Sequence: FillCart , Time: 28.406s
2026-05-15 03:33:49 POS DCU1 : 240.9, Target : 250.0.
2026-05-15 03:33:57 FillDCU (Cycle) time: 13.085s
2026-05-15 03:36:18 ClnCart (Cleaning+Dumping) time: 43.385s
2026-05-15 03:36:18 --
2026-05-15 03:36:44 Sequence: FillCart , Time: 25.017s
2026-05-15 03:38:04 POS DCU1 : 241.8, Target : 250.0.
2026-05-15 03:38:11 FillDCU (Cycle) time: 13.113s
2026-05-15 03:39:59 Sequence: FillCart , Time: 16.011s
2026-05-15 03:40:14 POS DCU1 : 239.1, Target : 250.0.
2026-05-15 03:40:16 FillDCU (Cycle) time: 7.471s
2026-05-15 03:46:45 Sequence: FillCart , Time: 25.136s
2026-05-15 03:46:59 POS DCU1 : 242.2, Target : 250.0.
2026-05-15 03:47:07 FillDCU (Cycle) time: 13.028s
2026-05-15 03:56:44 Sequence: FillCart , Time: 24.956s
2026-05-15 03:57:03 POS DCU1 : 240.1, Target : 250.0.
2026-05-15 03:57:07 FillDCU (Cycle) time: 13.222s
2026-05-15 04:03:25 ClnCart (Cleaning+Dumping) time: 46.114s
2026-05-15 04:03:25 --
2026-05-15 04:03:50 Sequence: FillCart , Time: 23.877s
2026-05-15 04:05:01 POS DCU1 : 237.4, Target : 250.0.
2026-05-15 04:05:08 FillDCU (Cycle) time: 13.132s
2026-05-15 04:05:42 Sequence: FillCart , Time: 24.072s
2026-05-15 04:06:58 POS DCU1 : 239.8, Target : 250.0.
2026-05-15 04:07:06 FillDCU (Cycle) time: 12.867s
2026-05-15 04:08:16 ClnCart (Cleaning+Dumping) time: 31.43s
2026-05-15 04:08:16 --
2026-05-15 04:08:40 Sequence: FillCart , Time: 23.31s
2026-05-15 04:08:58 POS DCU1 : 237.7, Target : 250.0.
2026-05-15 04:09:06 FillDCU (Cycle) time: 13.2s
2026-05-15 04:10:55 Sequence: FillCart , Time: 17.749s
2026-05-15 04:11:09 POS DCU1 : 241.4, Target : 250.0.
2026-05-15 04:11:13 FillDCU (Cycle) time: 7.929s
2026-05-15 04:13:55 ClnCart (Cleaning+Dumping) time: 89.322s
2026-05-15 04:13:55 --
2026-05-15 04:14:13 Sequence: FillCart , Time: 16.772s
2026-05-15 04:14:30 POS DCU1 : 240.8, Target : 250.0.
2026-05-15 04:14:31 FillDCU (Cycle) time: 7.588s
2026-05-15 04:17:25 POS DCU1 : 241.6, Target : 250.0.
2026-05-15 04:17:25 FillDCU (Cycle) time: 6.554s
2026-05-15 04:18:17 ClnCart (Cleaning+Dumping) time: 25.541s
2026-05-15 04:18:17 --
2026-05-15 04:22:13 ClnCart (Cleaning+Dumping) time: 33.077s
2026-05-15 04:22:13 --
2026-05-15 04:24:29 ClnCart (Cleaning+Dumping) time: 92.484s
2026-05-15 04:24:29 --
2026-05-15 04:25:46 ClnCart (Cleaning+Dumping) time: 51.573s
2026-05-15 04:25:46 --
2026-05-15 05:28:19 Sequence: FillCart , Time: 23.874s
2026-05-15 05:28:41 FillDCU (Cycle) time: 13.062s
2026-05-15 05:29:24 Sequence: FillCart , Time: 18.627s
2026-05-15 05:30:44 POS DCU1 : 242.6, Target : 250.0.
2026-05-15 05:30:56 FillDCU (Cycle) time: 13.317s
2026-05-15 05:38:29 FillDCU (Cycle) time: 2.206s
2026-05-15 05:42:19 ClnCart (Cleaning+Dumping) time: 113.958s
2026-05-15 05:42:19 --
2026-05-15 05:47:42 Sequence: FillCart , Time: 18.562s
2026-05-15 05:48:01 FillDCU (Cycle) time: 8.957s
2026-05-15 05:53:11 Sequence: FillCart , Time: 12.35s
2026-05-15 05:54:42 POS DCU1 : 239.7, Target : 250.0.
2026-05-15 05:54:42 FillDCU (Cycle) time: 8.525s
2026-05-15 05:55:50 Sequence: FillCart , Time: 17.558s
2026-05-15 05:56:21 POS DCU1 : 238.0, Target : 250.0.
2026-05-15 05:56:23 FillDCU (Cycle) time: 8.488s
2026-05-15 05:57:19 Sequence: FillCart , Time: 22.671s
2026-05-15 06:00:42 POS DCU1 : 238.3, Target : 250.0.
2026-05-15 06:00:44 FillDCU (Cycle) time: 9.506s
2026-05-15 06:02:41 Sequence: FillCart , Time: 22.248s
2026-05-15 06:04:09 POS DCU1 : 237.7, Target : 250.0.
2026-05-15 06:04:11 FillDCU (Cycle) time: 10.087s
2026-05-15 06:08:29 Sequence: FillCart , Time: 12.68s
2026-05-15 06:08:48 POS DCU1 : 240.6, Target : 250.0.
2026-05-15 06:08:48 FillDCU (Cycle) time: 9.326s
2026-05-15 06:10:51 Sequence: FillCart , Time: 11.207s
2026-05-15 06:11:10 POS DCU1 : 238.5, Target : 250.0.
2026-05-15 06:11:10 FillDCU (Cycle) time: 3.408s
2026-05-15 06:15:07 Sequence: FillCart , Time: 10.649s
2026-05-15 06:15:19 FillDCU (Cycle) time: 2.762s
2026-05-15 06:17:22 ClnCart (Cleaning+Dumping) time: 30.716s
2026-05-15 06:17:22 --
2026-05-15 06:17:37 Sequence: FillCart , Time: 13.808s
2026-05-15 06:17:52 FillDCU (Cycle) time: 5.364s
2026-05-15 06:42:25 Sequence: FillCart , Time: 19.541s
2026-05-15 06:42:39 POS DCU1 : 243.5, Target : 250.0.
2026-05-15 06:42:48 FillDCU (Cycle) time: 13.015s
2026-05-15 06:44:24 ClnCart (Cleaning+Dumping) time: 30.852s
2026-05-15 06:44:24 --
2026-05-15 06:44:49 Sequence: FillCart , Time: 23.389s
2026-05-15 06:45:03 POS DCU1 : 240.8, Target : 250.0.
2026-05-15 06:45:11 FillDCU (Cycle) time: 13.055s
2026-05-15 06:45:55 Sequence: FillCart , Time: 22.683s
2026-05-15 06:46:15 POS DCU1 : 243.1, Target : 250.0.
2026-05-15 06:46:21 FillDCU (Cycle) time: 9.336s
2026-05-15 06:51:27 ClnCart (Cleaning+Dumping) time: 31.065s
2026-05-15 06:51:27 --
2026-05-15 06:51:50 Sequence: FillCart , Time: 22.037s
2026-05-15 06:52:48 POS DCU1 : 240.1, Target : 250.0.
2026-05-15 06:52:49 FillDCU (Cycle) time: 10.242s
2026-05-15 07:10:53 Sequence: FillCart , Time: 24.55s
2026-05-15 07:11:11 POS DCU1 : 240.2, Target : 250.0.
2026-05-15 07:11:15 FillDCU (Cycle) time: 13.027s
2026-05-15 07:15:36 ClnCart (Cleaning+Dumping) time: 35.712s
2026-05-15 07:15:36 --
2026-05-15 07:16:01 Sequence: FillCart , Time: 23.69s
2026-05-15 07:17:24 POS DCU1 : 240.2, Target : 250.0.
2026-05-15 07:17:29 FillDCU (Cycle) time: 13.184s
2026-05-15 07:19:02 Sequence: FillCart , Time: 16.89s
2026-05-15 07:19:19 POS DCU1 : 239.4, Target : 250.0.
2026-05-15 07:19:22 FillDCU (Cycle) time: 8.185s
2026-05-15 07:21:57 ClnCart (Cleaning+Dumping) time: 87.469s
2026-05-15 07:21:57 --
2026-05-15 07:22:15 Sequence: FillCart , Time: 16.132s
2026-05-15 07:22:31 POS DCU1 : 242.2, Target : 250.0.
2026-05-15 07:22:32 FillDCU (Cycle) time: 7.393s
2026-05-15 07:23:13 ClnCart (Cleaning+Dumping) time: 27.732s
2026-05-15 07:23:13 --
2026-05-15 07:23:41 Sequence: FillCart , Time: 27.238s
2026-05-15 07:24:11 POS DCU1 : 240.5, Target : 250.0.
2026-05-15 07:24:18 FillDCU (Cycle) time: 13.145s
2026-05-15 07:34:49 Sequence: FillCart , Time: 17.176s
2026-05-15 07:35:08 POS DCU1 : 240.6, Target : 250.0.
2026-05-15 07:35:09 FillDCU (Cycle) time: 9.63s
2026-05-15 07:36:08 ClnCart (Cleaning+Dumping) time: 33.458s
2026-05-15 07:36:08 --
2026-05-15 07:36:40 Sequence: FillCart , Time: 30.547s
2026-05-15 07:38:35 POS DCU1 : 243.4, Target : 250.0.
2026-05-15 07:38:44 FillDCU (Cycle) time: 13.189s
2026-05-15 07:46:36 ClnCart (Cleaning+Dumping) time: 41.055s
2026-05-15 07:46:36 --
2026-05-15 07:47:06 Sequence: FillCart , Time: 28.84s
2026-05-15 07:48:21 POS DCU1 : 240.6, Target : 250.0.
2026-05-15 07:48:29 FillDCU (Cycle) time: 13.087s
2026-05-15 07:49:53 Sequence: FillCart , Time: 22.919s
2026-05-15 07:50:18 POS DCU1 : 239.9, Target : 250.0.
2026-05-15 07:50:24 FillDCU (Cycle) time: 9.584s
2026-05-15 07:51:48 ClnCart (Cleaning+Dumping) time: 51.566s
2026-05-15 07:51:48 --
2026-05-15 07:52:12 Sequence: FillCart , Time: 22.064s
2026-05-15 07:52:57 POS DCU1 : 241.8, Target : 250.0.
2026-05-15 07:52:59 FillDCU (Cycle) time: 10.323s
2026-05-15 07:56:45 Sequence: FillCart , Time: 14.961s
2026-05-15 07:57:04 POS DCU1 : 243.0, Target : 250.0.
2026-05-15 07:57:04 FillDCU (Cycle) time: 9.361s
2026-05-15 08:02:36 Sequence: FillCart , Time: 16.494s
2026-05-15 08:02:50 POS DCU1 : 238.3, Target : 250.0.
2026-05-15 08:02:52 FillDCU (Cycle) time: 7.175s
2026-05-15 08:07:43 ClnCart (Cleaning+Dumping) time: 96.823s
2026-05-15 08:07:43 --
2026-05-15 08:08:00 Sequence: FillCart , Time: 16.186s
2026-05-15 08:08:15 POS DCU1 : 238.0, Target : 250.0.
2026-05-15 08:08:17 FillDCU (Cycle) time: 7.42s
2026-05-15 08:09:22 Sequence: FillCart , Time: 21.818s
2026-05-15 08:09:56 POS DCU1 : 240.1, Target : 250.0.
2026-05-15 08:10:02 FillDCU (Cycle) time: 12.897s
2026-05-15 08:16:20 Sequence: FillCart , Time: 14.609s
2026-05-15 08:16:39 POS DCU1 : 240.8, Target : 250.0.
2026-05-15 08:16:39 FillDCU (Cycle) time: 9.576s
2026-05-15 08:25:13 Sequence: FillCart , Time: 18.526s
2026-05-15 08:25:27 POS DCU1 : 241.7, Target : 250.0.
2026-05-15 08:25:30 FillDCU (Cycle) time: 7.631s
2026-05-15 08:33:29 Sequence: FillCart , Time: 21.964s
2026-05-15 08:33:44 POS DCU1 : 242.3, Target : 250.0.
2026-05-15 08:33:47 FillDCU (Cycle) time: 9.293s
2026-05-15 08:38:45 ClnCart (Cleaning+Dumping) time: 30.854s
2026-05-15 08:38:45 --
2026-05-15 08:39:09 Sequence: FillCart , Time: 22.265s
2026-05-15 08:40:06 POS DCU1 : 237.7, Target : 250.0.
2026-05-15 08:40:07 FillDCU (Cycle) time: 10.241s
2026-05-15 08:40:37 Sequence: FillCart , Time: 17.649s
2026-05-15 08:41:52 POS DCU1 : 242.5, Target : 250.0.
2026-05-15 08:41:52 FillDCU (Cycle) time: 9.417s
2026-05-15 08:43:03 ClnCart (Cleaning+Dumping) time: 31.378s
2026-05-15 08:43:03 --
2026-05-15 08:43:25 Sequence: FillCart , Time: 20.242s
2026-05-15 08:44:33 POS DCU1 : 238.6, Target : 250.0.
2026-05-15 08:44:37 FillDCU (Cycle) time: 9.742s
2026-05-15 08:47:38 ClnCart (Cleaning+Dumping) time: 31.598s
2026-05-15 08:47:38 --
2026-05-15 08:47:59 Sequence: FillCart , Time: 19.602s
2026-05-15 08:49:00 POS DCU1 : 239.6, Target : 250.0.
2026-05-15 08:49:01 FillDCU (Cycle) time: 9.76s
2026-05-15 08:54:43 Sequence: FillCart , Time: 15.717s
2026-05-15 08:55:00 POS DCU1 : 238.7, Target : 250.0.
2026-05-15 08:55:02 FillDCU (Cycle) time: 10.143s
2026-05-15 08:58:29 ClnCart (Cleaning+Dumping) time: 31.205s
2026-05-15 08:58:29 --
2026-05-15 08:58:49 Sequence: FillCart , Time: 19.382s
2026-05-15 08:59:53 POS DCU1 : 240.3, Target : 250.0.
2026-05-15 08:59:54 FillDCU (Cycle) time: 9.836s
2026-05-15 09:00:25 Sequence: FillCart , Time: 18.296s
2026-05-15 09:01:34 POS DCU1 : 242.8, Target : 250.0.
2026-05-15 09:01:35 FillDCU (Cycle) time: 9.959s
2026-05-15 09:03:40 ClnCart (Cleaning+Dumping) time: 30.865s
2026-05-15 09:03:40 --
2026-05-15 09:04:03 Sequence: FillCart , Time: 22.227s
2026-05-15 09:05:01 POS DCU1 : 238.7, Target : 250.0.
2026-05-15 09:05:02 FillDCU (Cycle) time: 10.261s
2026-05-15 09:06:27 Sequence: FillCart , Time: 24.134s
2026-05-15 09:06:47 POS DCU1 : 243.4, Target : 250.0.
2026-05-15 09:06:51 FillDCU (Cycle) time: 13.142s
2026-05-15 09:09:09 ClnCart (Cleaning+Dumping) time: 31.823s
2026-05-15 09:09:09 --
2026-05-15 09:09:33 Sequence: FillCart , Time: 23.07s
2026-05-15 09:10:50 POS DCU1 : 239.4, Target : 250.0.
2026-05-15 09:10:57 FillDCU (Cycle) time: 13.142s
2026-05-15 09:12:49 Sequence: FillCart , Time: 20.842s
2026-05-15 09:13:01 POS DCU1 : 241.3, Target : 250.0.
2026-05-15 09:13:09 FillDCU (Cycle) time: 10.952s
2026-05-15 09:26:06 Sequence: FillCart , Time: 12.657s
2026-05-15 09:26:23 POS DCU1 : 242.8, Target : 250.0.
2026-05-15 09:26:23 FillDCU (Cycle) time: 7.76s
2026-05-15 09:29:46 ClnCart (Cleaning+Dumping) time: 33.112s
2026-05-15 09:29:46 --
2026-05-15 09:29:58 Sequence: FillCart , Time: 11.056s
2026-05-15 09:30:11 POS DCU1 : 239.4, Target : 250.0.
2026-05-15 09:30:11 FillDCU (Cycle) time: 3.729s
2026-05-15 09:31:14 Sequence: FillCart , Time: 15.404s
2026-05-15 09:31:25 POS DCU1 : 232.8, Target : 250.0.
2026-05-15 09:31:32 FillDCU (Cycle) time: 9.008s
2026-05-15 09:34:46 ClnCart (Cleaning+Dumping) time: 31.001s
2026-05-15 09:34:46 --
2026-05-15 09:35:07 Sequence: FillCart , Time: 19.721s
2026-05-15 09:36:06 POS DCU1 : 237.8, Target : 250.0.
2026-05-15 09:36:07 FillDCU (Cycle) time: 9.771s
2026-05-15 09:59:48 Sequence: FillCart , Time: 26.681s
2026-05-15 10:00:06 POS DCU1 : 238.8, Target : 250.0.
2026-05-15 10:00:10 FillDCU (Cycle) time: 12.952s
2026-05-15 10:04:22 Sequence: FillCart , Time: 17.566s
2026-05-15 10:06:12 POS DCU1 : 240.9, Target : 250.0.
2026-05-15 10:06:12 FillDCU (Cycle) time: 9.671s
2026-05-15 10:07:41 ClnCart (Cleaning+Dumping) time: 50.947s
2026-05-15 10:07:41 --
2026-05-15 10:07:58 Sequence: FillCart , Time: 16.014s
2026-05-15 10:08:33 POS DCU1 : 242.2, Target : 250.0.
2026-05-15 10:08:33 FillDCU (Cycle) time: 7.748s
2026-05-15 10:16:36 Sequence: FillCart , Time: 17.755s
2026-05-15 10:16:52 POS DCU1 : 240.2, Target : 250.0.
2026-05-15 10:16:54 FillDCU (Cycle) time: 8.143s
2026-05-15 10:22:04 ClnCart (Cleaning+Dumping) time: 33.217s
2026-05-15 10:22:04 --
2026-05-15 10:22:21 Sequence: FillCart , Time: 15.753s
2026-05-15 10:23:19 POS DCU1 : 240.2, Target : 250.0.
2026-05-15 10:23:20 FillDCU (Cycle) time: 7.488s
2026-05-15 10:45:36 Sequence: FillCart , Time: 17.427s
2026-05-15 10:45:52 POS DCU1 : 238.3, Target : 250.0.
2026-05-15 10:45:54 FillDCU (Cycle) time: 8.154s
2026-05-15 10:51:05 ClnCart (Cleaning+Dumping) time: 33.277s
2026-05-15 10:51:05 --
2026-05-15 10:51:23 Sequence: FillCart , Time: 16.717s
2026-05-15 10:52:24 POS DCU1 : 238.3, Target : 250.0.
2026-05-15 10:52:25 FillDCU (Cycle) time: 7.352s
2026-05-15 10:53:32 Sequence: FillCart , Time: 16.1s
2026-05-15 10:54:04 POS DCU1 : 241.8, Target : 250.0.
2026-05-15 10:54:06 FillDCU (Cycle) time: 7.443s
2026-05-15 10:58:15 Sequence: FillCart , Time: 17.631s
2026-05-15 10:58:31 POS DCU1 : 241.1, Target : 250.0.
2026-05-15 10:58:33 FillDCU (Cycle) time: 8.233s
2026-05-15 10:59:55 Sequence: FillCart , Time: 10.649s
2026-05-15 11:02:54 POS DCU1 : 242.8, Target : 250.0.
2026-05-15 11:02:54 FillDCU (Cycle) time: 7.325s
2026-05-15 11:06:31 ClnCart (Cleaning+Dumping) time: 51.502s
2026-05-15 11:06:31 --
2026-05-15 11:06:56 Sequence: FillCart , Time: 23.052s
2026-05-15 11:07:29 POS DCU1 : 238.7, Target : 250.0.
2026-05-15 11:07:33 FillDCU (Cycle) time: 9.558s
2026-05-15 11:10:40 ClnCart (Cleaning+Dumping) time: 31.238s
2026-05-15 11:10:40 --
2026-05-15 11:11:03 Sequence: FillCart , Time: 22.205s
2026-05-15 11:12:09 POS DCU1 : 242.8, Target : 250.0.
2026-05-15 11:12:10 FillDCU (Cycle) time: 10.356s
2026-05-15 11:20:44 Sequence: FillCart , Time: 21.027s
2026-05-15 11:21:02 POS DCU1 : 228.4, Target : 250.0.
2026-05-15 11:21:03 FillDCU (Cycle) time: 9.619s
2026-05-15 11:21:55 ClnCart (Cleaning+Dumping) time: 31.225s
2026-05-15 11:21:55 --
2026-05-15 11:22:21 Sequence: FillCart , Time: 24.576s
2026-05-15 11:23:23 POS DCU1 : 243.6, Target : 250.0.
2026-05-15 11:23:25 FillDCU (Cycle) time: 10.518s
2026-05-15 11:24:33 Sequence: FillCart , Time: 17.584s
2026-05-15 11:25:10 POS DCU1 : 240.5, Target : 250.0.
2026-05-15 11:25:10 FillDCU (Cycle) time: 9.555s
2026-05-15 11:26:23 ClnCart (Cleaning+Dumping) time: 33.557s
2026-05-15 11:26:23 --
2026-05-15 11:26:41 Sequence: FillCart , Time: 16.964s
2026-05-15 11:27:32 POS DCU1 : 240.4, Target : 250.0.
2026-05-15 11:27:33 FillDCU (Cycle) time: 7.163s
2026-05-15 11:30:23 Sequence: FillCart , Time: 25.033s
2026-05-15 11:30:38 POS DCU1 : 238.2, Target : 250.0.
2026-05-15 11:30:45 FillDCU (Cycle) time: 12.935s
2026-05-15 11:34:46 ClnCart (Cleaning+Dumping) time: 31.989s
2026-05-15 11:34:46 --
2026-05-15 11:35:12 Sequence: FillCart , Time: 24.005s
2026-05-15 11:36:40 CheckA1Fluid Restart 253.0
2026-05-15 11:36:41 POS DCU1 : 240.0, Target : 250.0.
2026-05-15 11:36:44 FillDCU (Cycle) time: 13.396s
2026-05-15 11:37:19 ClnCart (Cleaning+Dumping) time: 26.579s
2026-05-15 11:37:19 --
2026-05-15 11:37:43 Sequence: FillCart , Time: 22.366s
2026-05-15 11:38:36 POS DCU1 : 239.1, Target : 250.0.
2026-05-15 11:38:41 FillDCU (Cycle) time: 12.804s
2026-05-15 11:50:20 POS DCU1 : 241.1, Target : 250.0.
2026-05-15 11:50:20 FillDCU (Cycle) time: 9.578s
2026-05-15 11:53:47 Sequence: FillCart , Time: 24.587s
2026-05-15 11:54:10 FillDCU (Cycle) time: 12.794s
2026-05-15 11:56:08 ClnCart (Cleaning+Dumping) time: 32.7s
2026-05-15 11:56:08 --
2026-05-15 11:56:33 Sequence: FillCart , Time: 23.794s
2026-05-15 11:56:46 POS DCU1 : 243.0, Target : 250.0.
2026-05-15 11:56:56 FillDCU (Cycle) time: 13.134s
2026-05-15 11:57:25 Sequence: FillCart , Time: 18.101s
2026-05-15 11:57:44 FillDCU (Cycle) time: 9.367s
2026-05-15 12:01:54 ClnCart (Cleaning+Dumping) time: 30.994s
2026-05-15 12:01:54 --
2026-05-15 12:02:17 Sequence: FillCart , Time: 22.047s
2026-05-15 12:03:14 POS DCU1 : 241.3, Target : 250.0.
2026-05-15 12:03:16 FillDCU (Cycle) time: 10.321s
2026-05-15 12:09:56 Sequence: FillCart , Time: 26.2s
2026-05-15 12:10:15 POS DCU1 : 241.9, Target : 250.0.
2026-05-15 12:10:16 FillDCU (Cycle) time: 10.1s
2026-05-15 12:12:37 ClnCart (Cleaning+Dumping) time: 114.002s
2026-05-15 12:12:37 --
2026-05-15 12:13:09 Sequence: FillCart , Time: 30.562s
2026-05-15 12:14:09 POS DCU1 : 240.2, Target : 250.0.
2026-05-15 12:14:15 FillDCU (Cycle) time: 13.152s
2026-05-15 12:17:57 ClnCart (Cleaning+Dumping) time: 48.919s
2026-05-15 12:17:57 --
2026-05-15 12:18:27 Sequence: FillCart , Time: 28.055s
2026-05-15 12:19:40 POS DCU1 : 242.3, Target : 250.0.
2026-05-15 12:19:46 FillDCU (Cycle) time: 13.117s
2026-05-15 12:30:28 Sequence: FillCart , Time: 12.652s
2026-05-15 12:30:43 POS DCU1 : 240.7, Target : 250.0.
2026-05-15 12:30:46 FillDCU (Cycle) time: 8.244s
2026-05-15 12:34:33 Sequence: FillCart , Time: 18.378s
2026-05-15 12:34:48 POS DCU1 : 238.7, Target : 250.0.
2026-05-15 12:34:52 FillDCU (Cycle) time: 9.687s
2026-05-15 12:40:09 ClnCart (Cleaning+Dumping) time: 30.76s
2026-05-15 12:40:09 --
2026-05-15 12:40:33 Sequence: FillCart , Time: 22.428s
2026-05-15 12:41:30 POS DCU1 : 240.2, Target : 250.0.
2026-05-15 12:41:32 FillDCU (Cycle) time: 10.243s
2026-05-15 12:44:54 Sequence: FillCart , Time: 25.461s
2026-05-15 12:45:13 POS DCU1 : 240.2, Target : 250.0.
2026-05-15 12:45:16 FillDCU (Cycle) time: 12.841s
2026-05-15 13:02:46 Sequence: FillCart , Time: 22.537s
2026-05-15 13:03:05 POS DCU1 : 242.4, Target : 250.0.
2026-05-15 13:03:05 FillDCU (Cycle) time: 9.808s
2026-05-15 13:08:30 ClnCart (Cleaning+Dumping) time: 52.386s
2026-05-15 13:08:30 --
2026-05-15 13:08:53 Sequence: FillCart , Time: 21.941s
2026-05-15 13:09:37 POS DCU1 : 240.4, Target : 250.0.
2026-05-15 13:09:38 FillDCU (Cycle) time: 10.316s
2026-05-15 13:13:10 POS DCU1 : 242.8, Target : 250.0.
2026-05-15 13:13:10 FillDCU (Cycle) time: 9.644s
2026-05-15 13:20:14 ClnCart (Cleaning+Dumping) time: 71.882s
2026-05-15 13:20:14 --
2026-05-15 13:21:08 ClnCart (Cleaning+Dumping) time: 43.144s
2026-05-15 13:21:08 --
2026-05-15 13:21:44 ClnCart (Cleaning+Dumping) time: 26.671s
2026-05-15 13:21:44 --
2026-05-18 00:59:09 Sequence: FillCart , Time: 21.236s
2026-05-18 00:59:31 FillDCU (Cycle) time: 13.095s
2026-05-18 03:50:49 Sequence: FillCart , Time: 25.283s
2026-05-18 03:51:01 POS DCU1 : 238.2, Target : 250.0.
2026-05-18 03:51:12 FillDCU (Cycle) time: 12.952s
2026-05-18 03:53:20 ClnCart (Cleaning+Dumping) time: 112.638s
2026-05-18 03:53:20 --
2026-05-18 03:53:44 Sequence: FillCart , Time: 22.564s
2026-05-18 03:54:01 POS DCU1 : 242.9, Target : 250.0.
2026-05-18 03:54:07 FillDCU (Cycle) time: 13.282s
2026-05-18 04:07:53 POS DCU1 : 237.7, Target : 250.0.
2026-05-18 04:07:54 FillDCU (Cycle) time: 2.59s
2026-05-18 04:10:24 ClnCart (Cleaning+Dumping) time: 23.869s
2026-05-18 04:10:24 --
2026-05-18 04:11:30 ClnCart (Cleaning+Dumping) time: 23.08s
2026-05-18 04:11:30 --
2026-05-18 04:14:06 ClnCart (Cleaning+Dumping) time: 112.951s
2026-05-18 04:14:06 --
2026-05-18 04:14:56 ClnCart (Cleaning+Dumping) time: 23.079s
2026-05-18 04:14:56 --
2026-05-18 04:15:28 ClnCart (Cleaning+Dumping) time: 23.265s
2026-05-18 04:15:28 --
2026-05-18 06:13:02 Sequence: FillCart , Time: 14.429s
2026-05-18 06:13:17 FillDCU (Cycle) time: 5.765s
2026-05-18 06:18:12 Sequence: FillCart , Time: 9.104s
2026-05-18 06:19:44 POS DCU1 : 240.8, Target : 250.0.
2026-05-18 06:19:45 FillDCU (Cycle) time: 5.594s
2026-05-18 06:23:43 Sequence: FillCart , Time: 24.688s
2026-05-18 06:23:57 POS DCU1 : 240.3, Target : 250.0.
2026-05-18 06:24:02 FillDCU (Cycle) time: 9.96s
2026-05-18 06:27:14 ClnCart (Cleaning+Dumping) time: 33.217s
2026-05-18 06:27:14 --
2026-05-18 06:27:40 Sequence: FillCart , Time: 23.795s
2026-05-18 06:28:36 POS DCU1 : 238.1, Target : 250.0.
2026-05-18 06:28:37 FillDCU (Cycle) time: 10.198s
2026-05-18 06:29:44 Sequence: FillCart , Time: 17.868s
2026-05-18 06:30:18 POS DCU1 : 240.6, Target : 250.0.
2026-05-18 06:30:18 FillDCU (Cycle) time: 9.346s
2026-05-18 06:32:31 ClnCart (Cleaning+Dumping) time: 32.834s
2026-05-18 06:32:31 --
2026-05-18 06:32:49 Sequence: FillCart , Time: 16.811s
2026-05-18 06:33:51 POS DCU1 : 241.9, Target : 250.0.
2026-05-18 06:33:52 FillDCU (Cycle) time: 7.427s
2026-05-18 06:34:26 Sequence: FillCart , Time: 18.631s
2026-05-18 06:35:31 POS DCU1 : 238.2, Target : 250.0.
2026-05-18 06:35:35 FillDCU (Cycle) time: 9.766s
2026-05-18 06:42:55 Sequence: FillCart , Time: 22.364s
2026-05-18 06:44:23 POS DCU1 : 239.3, Target : 250.0.
2026-05-18 06:44:24 FillDCU (Cycle) time: 10.098s
2026-05-18 06:44:50 Sequence: FillCart , Time: 12.884s
2026-05-18 06:46:09 POS DCU1 : 242.0, Target : 250.0.
2026-05-18 06:46:10 FillDCU (Cycle) time: 9.464s
2026-05-18 06:48:57 Sequence: FillCart , Time: 11.765s
2026-05-18 06:50:29 POS DCU1 : 240.7, Target : 250.0.
2026-05-18 06:50:30 FillDCU (Cycle) time: 7.54s
2026-05-18 06:51:38 Sequence: FillCart , Time: 17.395s
2026-05-18 06:52:10 POS DCU1 : 238.6, Target : 250.0.
2026-05-18 06:52:12 FillDCU (Cycle) time: 8.243s
2026-05-18 07:19:22 Sequence: FillCart , Time: 24.98s
2026-05-18 07:21:12 POS DCU1 : 237.9, Target : 250.0.
2026-05-18 07:21:18 FillDCU (Cycle) time: 13.185s
2026-05-18 07:46:35 ClnCart (Cleaning+Dumping) time: 31.299s
2026-05-18 07:46:35 --
2026-05-18 07:47:01 Sequence: FillCart , Time: 24.413s
2026-05-18 07:48:14 POS DCU1 : 242.6, Target : 250.0.
2026-05-18 07:48:18 FillDCU (Cycle) time: 13.154s
2026-05-18 07:53:24 ClnCart (Cleaning+Dumping) time: 30.877s
2026-05-18 07:53:24 --
2026-05-18 07:53:49 Sequence: FillCart , Time: 24.244s
2026-05-18 07:54:03 POS DCU1 : 238.7, Target : 250.0.
2026-05-18 07:54:11 FillDCU (Cycle) time: 13.08s
2026-05-18 08:44:27 Sequence: FillCart , Time: 18.807s
2026-05-18 08:44:40 POS DCU1 : 239.9, Target : 250.0.
2026-05-18 08:44:46 FillDCU (Cycle) time: 8.878s
2026-05-18 08:49:41 ClnCart (Cleaning+Dumping) time: 33.09s
2026-05-18 08:49:41 --
2026-05-18 08:49:59 Sequence: FillCart , Time: 16.991s
2026-05-18 08:50:53 POS DCU1 : 234.4, Target : 250.0.
2026-05-18 08:50:53 FillDCU (Cycle) time: 8.092s
2026-05-18 08:51:59 Sequence: FillCart , Time: 15.719s
2026-05-18 08:52:32 POS DCU1 : 241.7, Target : 250.0.
2026-05-18 08:52:33 FillDCU (Cycle) time: 6.924s
2026-05-18 08:54:25 ClnCart (Cleaning+Dumping) time: 32.846s
2026-05-18 08:54:25 --
2026-05-18 08:54:41 Sequence: FillCart , Time: 14.767s
2026-05-18 08:55:44 POS DCU1 : 239.7, Target : 250.0.
2026-05-18 08:55:44 FillDCU (Cycle) time: 6.245s
2026-05-18 09:01:54 Sequence: FillCart , Time: 10.834s
2026-05-18 09:02:08 POS DCU1 : 238.6, Target : 250.0.
2026-05-18 09:02:09 FillDCU (Cycle) time: 5.398s
2026-05-18 09:06:20 ClnCart (Cleaning+Dumping) time: 32.727s
2026-05-18 09:06:20 --
2026-05-18 09:06:37 Sequence: FillCart , Time: 15.926s
2026-05-18 09:06:53 FillDCU (Cycle) time: 6.94s
2026-05-18 09:07:32 Sequence: FillCart , Time: 23.033s
2026-05-18 09:08:31 POS DCU1 : 240.2, Target : 250.0.
2026-05-18 09:08:35 FillDCU (Cycle) time: 9.388s
2026-05-18 09:11:50 ClnCart (Cleaning+Dumping) time: 51.849s
2026-05-18 09:11:50 --
2026-05-18 09:12:13 Sequence: FillCart , Time: 21.94s
2026-05-18 09:12:49 POS DCU1 : 239.6, Target : 250.0.
2026-05-18 09:12:51 FillDCU (Cycle) time: 10.399s
2026-05-18 09:13:23 Sequence: FillCart , Time: 19.639s
2026-05-18 09:14:36 POS DCU1 : 243.1, Target : 250.0.
2026-05-18 09:14:40 FillDCU (Cycle) time: 13.326s
2026-05-18 09:17:38 ClnCart (Cleaning+Dumping) time: 97.074s
2026-05-18 09:17:38 --
2026-05-18 09:18:02 Sequence: FillCart , Time: 23.345s
2026-05-18 09:18:15 POS DCU1 : 239.8, Target : 250.0.
2026-05-18 09:18:24 FillDCU (Cycle) time: 13.061s
2026-05-18 09:20:20 Sequence: FillCart , Time: 15.807s
2026-05-18 09:20:32 POS DCU1 : 242.6, Target : 250.0.
2026-05-18 09:20:35 FillDCU (Cycle) time: 6.255s
2026-05-18 09:22:39 ClnCart (Cleaning+Dumping) time: 104.106s
2026-05-18 09:22:39 --
2026-05-18 09:22:57 Sequence: FillCart , Time: 16.525s
2026-05-18 09:23:11 POS DCU1 : 238.1, Target : 250.0.
2026-05-18 09:23:13 FillDCU (Cycle) time: 6.985s
2026-05-18 09:24:44 Sequence: FillCart , Time: 23.894s
2026-05-18 09:25:00 POS DCU1 : 241.1, Target : 250.0.
2026-05-18 09:25:03 FillDCU (Cycle) time: 9.515s
2026-05-18 09:25:57 ClnCart (Cleaning+Dumping) time: 26.904s
2026-05-18 09:25:57 --
2026-05-18 09:26:16 Sequence: FillCart , Time: 17.618s
2026-05-18 09:27:30 POS DCU1 : 241.1, Target : 250.0.
2026-05-18 09:27:31 FillDCU (Cycle) time: 9.892s
2026-05-18 09:37:41 Sequence: FillCart , Time: 20.86s
2026-05-18 09:38:00 POS DCU1 : 227.9, Target : 250.0.
2026-05-18 09:38:00 FillDCU (Cycle) time: 9.586s
2026-05-18 09:44:06 ClnCart (Cleaning+Dumping) time: 31.069s
2026-05-18 09:44:06 --
2026-05-18 09:44:28 Sequence: FillCart , Time: 20.423s
2026-05-18 09:45:34 POS DCU1 : 239.0, Target : 250.0.
2026-05-18 09:45:36 FillDCU (Cycle) time: 9.624s
2026-05-18 09:46:05 Sequence: FillCart , Time: 16.527s
2026-05-18 09:47:20 POS DCU1 : 237.6, Target : 250.0.
2026-05-18 09:47:20 FillDCU (Cycle) time: 8.88s
2026-05-18 10:02:25 Sequence: FillCart , Time: 25.502s
2026-05-18 10:02:41 POS DCU1 : 243.2, Target : 250.0.
2026-05-18 10:02:48 FillDCU (Cycle) time: 13.191s
2026-05-18 10:05:58 Sequence: FillCart , Time: 21.135s
2026-05-18 10:07:45 POS DCU1 : 241.4, Target : 250.0.
2026-05-18 10:07:49 FillDCU (Cycle) time: 13.307s
2026-05-18 10:10:17 ClnCart (Cleaning+Dumping) time: 33.117s
2026-05-18 10:10:17 --
2026-05-18 10:10:42 Sequence: FillCart , Time: 24.104s
2026-05-18 10:10:57 POS DCU1 : 243.2, Target : 250.0.
2026-05-18 10:11:05 FillDCU (Cycle) time: 13.112s
2026-05-18 10:21:54 Sequence: FillCart , Time: 22.223s
2026-05-18 10:22:07 POS DCU1 : 240.1, Target : 250.0.
2026-05-18 10:22:14 FillDCU (Cycle) time: 10.569s
2026-05-18 10:25:22 Sequence: FillCart , Time: 13.848s
2026-05-18 10:27:15 POS DCU1 : 239.0, Target : 250.0.
2026-05-18 10:27:15 FillDCU (Cycle) time: 9.731s
2026-05-18 10:29:58 Sequence: FillCart , Time: 18.533s
2026-05-18 10:30:11 POS DCU1 : 238.7, Target : 250.0.
2026-05-18 10:30:16 FillDCU (Cycle) time: 9.043s
2026-05-18 10:32:17 ClnCart (Cleaning+Dumping) time: 33.402s
2026-05-18 10:32:17 --
2026-05-18 10:32:35 Sequence: FillCart , Time: 16.612s
2026-05-18 10:34:16 POS DCU1 : 238.9, Target : 250.0.
2026-05-18 10:34:16 FillDCU (Cycle) time: 8.499s
2026-05-18 10:39:19 Sequence: FillCart , Time: 21.414s
2026-05-18 10:39:34 POS DCU1 : 241.6, Target : 250.0.
2026-05-18 10:39:39 FillDCU (Cycle) time: 11.595s
2026-05-18 11:00:29 Sequence: FillCart , Time: 17.68s
2026-05-18 11:00:49 POS DCU1 : 241.4, Target : 250.0.
2026-05-18 11:00:49 FillDCU (Cycle) time: 10.65s
2026-05-18 11:05:47 ClnCart (Cleaning+Dumping) time: 30.817s
2026-05-18 11:05:47 --
2026-05-18 11:06:10 Sequence: FillCart , Time: 22.171s
2026-05-18 11:07:07 POS DCU1 : 239.7, Target : 250.0.
2026-05-18 11:07:09 FillDCU (Cycle) time: 10.335s
2026-05-18 11:07:42 Sequence: FillCart , Time: 21.195s
2026-05-18 11:08:54 POS DCU1 : 242.4, Target : 250.0.
2026-05-18 11:08:56 FillDCU (Cycle) time: 11.049s
2026-05-18 11:21:00 Sequence: FillCart , Time: 17.326s
2026-05-18 11:21:17 POS DCU1 : 238.0, Target : 250.0.
2026-05-18 11:21:18 FillDCU (Cycle) time: 8.235s
2026-05-18 11:25:20 ClnCart (Cleaning+Dumping) time: 52.53s
2026-05-18 11:25:20 --
2026-05-18 11:25:38 Sequence: FillCart , Time: 17.294s
2026-05-18 11:26:20 POS DCU1 : 238.2, Target : 250.0.
2026-05-18 11:26:21 FillDCU (Cycle) time: 8.238s
2026-05-18 11:26:59 Sequence: FillCart , Time: 23.858s
2026-05-18 11:28:01 POS DCU1 : 240.5, Target : 250.0.
2026-05-18 11:28:07 FillDCU (Cycle) time: 13.105s
2026-05-18 11:29:15 ClnCart (Cleaning+Dumping) time: 30.838s
2026-05-18 11:29:15 --
2026-05-18 11:29:31 Sequence: FillCart , Time: 14.431s
2026-05-18 11:31:09 POS DCU1 : 243.3, Target : 250.0.
2026-05-18 11:31:09 FillDCU (Cycle) time: 7.801s
2026-05-18 11:32:15 Sequence: FillCart , Time: 16.748s
2026-05-18 11:33:02 POS DCU1 : 243.2, Target : 250.0.
2026-05-18 11:33:04 FillDCU (Cycle) time: 7.523s
2026-05-18 11:35:51 ClnCart (Cleaning+Dumping) time: 33.434s
2026-05-18 11:35:51 --
2026-05-18 11:36:09 Sequence: FillCart , Time: 17.193s
2026-05-18 11:37:01 POS DCU1 : 239.4, Target : 250.0.
2026-05-18 11:37:03 FillDCU (Cycle) time: 8.076s
2026-05-18 11:37:44 ClnCart (Cleaning+Dumping) time: 27.831s
2026-05-18 11:37:44 --
2026-05-18 11:38:08 Sequence: FillCart , Time: 22.249s
2026-05-18 11:38:43 POS DCU1 : 237.8, Target : 250.0.
2026-05-18 11:38:47 FillDCU (Cycle) time: 10.741s
2026-05-18 11:48:17 Sequence: FillCart , Time: 19.957s
2026-05-18 11:48:36 POS DCU1 : 231.1, Target : 250.0.
2026-05-18 11:48:36 FillDCU (Cycle) time: 9.731s
2026-05-18 11:53:06 ClnCart (Cleaning+Dumping) time: 31.677s
2026-05-18 11:53:06 --
2026-05-18 11:53:27 Sequence: FillCart , Time: 19.724s
2026-05-18 11:54:10 POS DCU1 : 241.0, Target : 250.0.
2026-05-18 11:54:13 FillDCU (Cycle) time: 9.805s
2026-05-18 12:09:59 Sequence: FillCart , Time: 24.248s
2026-05-18 12:10:17 POS DCU1 : 237.9, Target : 250.0.
2026-05-18 12:10:18 FillDCU (Cycle) time: 10.114s
2026-05-18 12:15:01 ClnCart (Cleaning+Dumping) time: 30.978s
2026-05-18 12:15:01 --
2026-05-18 12:15:24 Sequence: FillCart , Time: 21.783s
2026-05-18 12:16:28 POS DCU1 : 242.5, Target : 250.0.
2026-05-18 12:16:29 FillDCU (Cycle) time: 10.256s
2026-05-18 12:17:35 Sequence: FillCart , Time: 10.884s
2026-05-18 12:18:14 POS DCU1 : 241.4, Target : 250.0.
2026-05-18 12:18:14 FillDCU (Cycle) time: 9.482s
2026-05-18 12:20:45 ClnCart (Cleaning+Dumping) time: 33.082s
2026-05-18 12:20:45 --
2026-05-18 12:21:02 Sequence: FillCart , Time: 15.88s
2026-05-18 12:21:19 FillDCU (Cycle) time: 6.865s
2026-05-18 12:24:46 Sequence: FillCart , Time: 19.423s
2026-05-18 12:25:01 POS DCU1 : 242.0, Target : 250.0.
2026-05-18 12:25:05 FillDCU (Cycle) time: 10.11s
2026-05-18 12:30:53 Sequence: FillCart , Time: 18.31s
2026-05-18 12:31:11 POS DCU1 : 241.5, Target : 250.0.
2026-05-18 12:31:13 FillDCU (Cycle) time: 10.192s
2026-05-18 12:49:52 Sequence: FillCart , Time: 22.981s
2026-05-18 12:50:11 POS DCU1 : 239.5, Target : 250.0.
2026-05-18 12:50:11 FillDCU (Cycle) time: 9.823s
2026-05-18 12:55:26 ClnCart (Cleaning+Dumping) time: 31.662s
2026-05-18 12:55:26 --
2026-05-18 12:55:49 Sequence: FillCart , Time: 22.04s
2026-05-18 12:56:53 POS DCU1 : 238.5, Target : 250.0.
2026-05-18 12:56:54 FillDCU (Cycle) time: 10.348s
2026-05-18 12:57:27 Sequence: FillCart , Time: 20.506s
2026-05-18 12:58:39 POS DCU1 : 241.6, Target : 250.0.
2026-05-18 12:58:40 FillDCU (Cycle) time: 10.012s
2026-05-18 13:00:13 ClnCart (Cleaning+Dumping) time: 30.945s
2026-05-18 13:00:13 --
2026-05-18 13:00:33 Sequence: FillCart , Time: 19.402s
2026-05-18 13:01:29 POS DCU1 : 237.2, Target : 250.0.
2026-05-18 13:01:30 FillDCU (Cycle) time: 9.866s
2026-05-18 13:11:41 Sequence: FillCart , Time: 22.482s
2026-05-18 13:11:58 POS DCU1 : 241.0, Target : 250.0.
2026-05-18 13:11:59 FillDCU (Cycle) time: 9.534s
2026-05-18 13:16:38 ClnCart (Cleaning+Dumping) time: 31.015s
2026-05-18 13:16:38 --
2026-05-18 13:17:01 Sequence: FillCart , Time: 22.329s
2026-05-18 13:17:58 POS DCU1 : 240.3, Target : 250.0.
2026-05-18 13:17:59 FillDCU (Cycle) time: 10.416s
2026-05-18 13:20:38 POS DCU1 : 239.0, Target : 250.0.
2026-05-18 13:20:38 FillDCU (Cycle) time: 9.386s
2026-05-18 13:51:50 Sequence: FillCart , Time: 14.013s
2026-05-18 13:52:06 FillDCU (Cycle) time: 5.476s
2026-05-18 13:53:51 Sequence: FillCart , Time: 16.37s
2026-05-18 13:56:05 POS DCU1 : 242.0, Target : 250.0.
2026-05-18 13:56:07 FillDCU (Cycle) time: 7.125s
2026-05-18 13:57:16 ClnCart (Cleaning+Dumping) time: 33.805s
2026-05-18 13:57:16 --
2026-05-18 13:57:33 Sequence: FillCart , Time: 15.629s
2026-05-18 13:58:56 POS DCU1 : 238.1, Target : 250.0.
2026-05-18 13:58:57 FillDCU (Cycle) time: 6.661s
2026-05-18 14:02:00 ClnCart (Cleaning+Dumping) time: 33.194s
2026-05-18 14:02:00 --
2026-05-18 14:02:18 Sequence: FillCart , Time: 17.073s
2026-05-18 14:03:16 POS DCU1 : 241.5, Target : 250.0.
2026-05-18 14:03:19 FillDCU (Cycle) time: 7.94s
2026-05-18 14:04:27 Sequence: FillCart , Time: 17.492s
2026-05-18 14:04:58 POS DCU1 : 239.4, Target : 250.0.
2026-05-18 14:05:00 FillDCU (Cycle) time: 8.403s
2026-05-18 14:06:28 ClnCart (Cleaning+Dumping) time: 26.785s
2026-05-18 14:06:28 --
2026-05-18 14:06:47 Sequence: FillCart , Time: 17.906s
2026-05-18 14:09:08 POS DCU1 : 239.6, Target : 250.0.
2026-05-18 14:09:11 FillDCU (Cycle) time: 10.351s
2026-05-18 14:24:29 Sequence: FillCart , Time: 18.241s
2026-05-18 14:24:47 POS DCU1 : 240.0, Target : 250.0.
2026-05-18 14:24:47 FillDCU (Cycle) time: 9.611s
2026-05-18 14:25:45 ClnCart (Cleaning+Dumping) time: 31.654s
2026-05-18 14:25:45 --
2026-05-18 14:26:03 Sequence: FillCart , Time: 16.51s
2026-05-18 14:27:05 POS DCU1 : 228.1, Target : 250.0.
2026-05-18 14:27:05 FillDCU (Cycle) time: 7.73s
2026-05-18 14:27:49 ClnCart (Cleaning+Dumping) time: 31.393s
2026-05-18 14:27:49 --
2026-05-18 14:28:05 Sequence: FillCart , Time: 14.485s
2026-05-18 14:28:45 POS DCU1 : 231.7, Target : 250.0.
2026-05-18 14:28:45 FillDCU (Cycle) time: 6.507s
2026-05-18 14:30:12 ClnCart (Cleaning+Dumping) time: 30.814s
2026-05-18 14:30:12 --
2026-05-18 14:30:26 Sequence: FillCart , Time: 13.288s
2026-05-18 14:30:46 POS DCU1 : 239.7, Target : 250.0.
2026-05-18 14:30:47 FillDCU (Cycle) time: 5.239s
2026-05-18 14:33:56 ClnCart (Cleaning+Dumping) time: 31.643s
2026-05-18 14:33:56 --
2026-05-18 14:34:19 Sequence: FillCart , Time: 22.347s
2026-05-18 14:34:32 POS DCU1 : 243.0, Target : 250.0.
2026-05-18 14:34:38 FillDCU (Cycle) time: 9.535s
2026-05-18 14:35:36 ClnCart (Cleaning+Dumping) time: 30.986s
2026-05-18 14:35:36 --
2026-05-18 14:36:00 Sequence: FillCart , Time: 22.331s
2026-05-18 14:36:56 POS DCU1 : 237.8, Target : 250.0.
2026-05-18 14:36:57 FillDCU (Cycle) time: 10.36s
2026-05-18 14:52:54 Sequence: FillCart , Time: 16.612s
2026-05-18 14:53:13 POS DCU1 : 243.2, Target : 250.0.
2026-05-18 14:53:13 FillDCU (Cycle) time: 9.276s
2026-05-18 14:54:13 ClnCart (Cleaning+Dumping) time: 32.46s
2026-05-18 14:54:13 --
2026-05-18 14:54:30 Sequence: FillCart , Time: 16.438s
2026-05-18 14:55:40 POS DCU1 : 238.8, Target : 250.0.
2026-05-18 14:55:42 FillDCU (Cycle) time: 7.477s
2026-05-18 14:58:42 ClnCart (Cleaning+Dumping) time: 33.769s
2026-05-18 14:58:42 --
2026-05-18 14:58:59 Sequence: FillCart , Time: 15.77s
2026-05-18 15:00:00 POS DCU1 : 242.0, Target : 250.0.
2026-05-18 15:00:01 FillDCU (Cycle) time: 7.311s
2026-05-18 15:01:02 Sequence: FillCart , Time: 18.289s
2026-05-18 15:01:40 POS DCU1 : 242.6, Target : 250.0.
2026-05-18 15:01:43 FillDCU (Cycle) time: 9.351s
2026-05-18 15:03:46 ClnCart (Cleaning+Dumping) time: 30.932s
2026-05-18 15:03:46 --
2026-05-18 15:04:09 Sequence: FillCart , Time: 22.009s
2026-05-18 15:05:07 POS DCU1 : 241.2, Target : 250.0.
2026-05-18 15:05:08 FillDCU (Cycle) time: 10.311s
2026-05-18 15:07:53 Sequence: FillCart , Time: 17.905s
2026-05-18 15:08:11 POS DCU1 : 238.3, Target : 250.0.
2026-05-18 15:08:12 FillDCU (Cycle) time: 9.427s
2026-05-18 15:12:44 ClnCart (Cleaning+Dumping) time: 31.194s
2026-05-18 15:12:44 --
2026-05-18 15:13:01 Sequence: FillCart , Time: 16.435s
2026-05-18 15:13:56 POS DCU1 : 241.2, Target : 250.0.
2026-05-18 15:13:56 FillDCU (Cycle) time: 7.808s
2026-05-18 15:14:38 ClnCart (Cleaning+Dumping) time: 27.817s
2026-05-18 15:14:38 --
2026-05-18 15:15:02 Sequence: FillCart , Time: 22.701s
2026-05-18 15:15:36 POS DCU1 : 240.7, Target : 250.0.
2026-05-18 15:15:40 FillDCU (Cycle) time: 10.666s
2026-05-18 15:17:30 Sequence: FillCart , Time: 26.534s
2026-05-18 15:18:18 POS DCU1 : 241.3, Target : 250.0.
2026-05-18 15:18:22 FillDCU (Cycle) time: 13.391s
2026-05-18 15:20:43 ClnCart (Cleaning+Dumping) time: 33.894s
2026-05-18 15:20:43 --
2026-05-18 15:20:59 Sequence: FillCart , Time: 15.327s
2026-05-18 15:22:39 POS DCU1 : 238.7, Target : 250.0.
2026-05-18 15:22:39 FillDCU (Cycle) time: 7.286s
2026-05-18 15:23:45 Sequence: FillCart , Time: 20.24s
2026-05-18 15:24:32 POS DCU1 : 237.7, Target : 250.0.
2026-05-18 15:24:37 FillDCU (Cycle) time: 10.246s
2026-05-18 15:25:48 ClnCart (Cleaning+Dumping) time: 31.128s
2026-05-18 15:25:48 --
2026-05-18 15:26:08 Sequence: FillCart , Time: 19.241s
2026-05-18 15:27:04 POS DCU1 : 243.1, Target : 250.0.
2026-05-18 15:27:05 FillDCU (Cycle) time: 9.789s
2026-05-18 15:28:14 Sequence: FillCart , Time: 22.118s
2026-05-18 15:28:45 POS DCU1 : 240.2, Target : 250.0.
2026-05-18 15:28:46 FillDCU (Cycle) time: 9.638s
2026-05-18 15:30:35 ClnCart (Cleaning+Dumping) time: 30.766s
2026-05-18 15:30:35 --
2026-05-18 15:30:59 Sequence: FillCart , Time: 22.309s
2026-05-18 15:31:56 POS DCU1 : 241.1, Target : 250.0.
2026-05-18 15:31:57 FillDCU (Cycle) time: 10.275s
2026-05-18 15:33:43 Sequence: FillCart , Time: 15.867s
2026-05-18 15:34:02 POS DCU1 : 243.1, Target : 250.0.
2026-05-18 15:34:02 FillDCU (Cycle) time: 9.367s
2026-05-18 15:37:52 ClnCart (Cleaning+Dumping) time: 33.21s
2026-05-18 15:37:52 --
2026-05-18 15:38:10 Sequence: FillCart , Time: 16.134s
2026-05-18 15:39:00 POS DCU1 : 241.0, Target : 250.0.
2026-05-18 15:39:02 FillDCU (Cycle) time: 7.152s
2026-05-18 15:40:00 Sequence: FillCart , Time: 10.69s
2026-05-18 15:40:42 POS DCU1 : 238.9, Target : 250.0.
2026-05-18 15:40:42 FillDCU (Cycle) time: 6.356s
2026-05-18 15:42:07 Sequence: FillCart , Time: 18.801s
2026-05-18 15:42:33 FillDCU (Cycle) time: 10.17s
2026-05-18 15:46:25 Sequence: FillCart , Time: 24.177s
2026-05-18 15:46:38 POS DCU1 : 241.2, Target : 250.0.
2026-05-18 15:46:47 FillDCU (Cycle) time: 13.307s
2026-05-18 15:49:03 ClnCart (Cleaning+Dumping) time: 30.689s
2026-05-18 15:49:03 --
2026-05-18 15:49:19 Sequence: FillCart , Time: 14.619s
2026-05-18 15:49:40 POS DCU1 : 240.7, Target : 250.0.
2026-05-18 15:49:42 FillDCU (Cycle) time: 6.002s
2026-05-18 15:53:01 Sequence: FillCart , Time: 21.865s
2026-05-18 15:53:19 FillDCU (Cycle) time: 9.306s
2026-05-18 15:58:17 ClnCart (Cleaning+Dumping) time: 30.898s
2026-05-18 15:58:17 --
2026-05-18 15:58:40 Sequence: FillCart , Time: 22.417s
2026-05-18 15:59:36 POS DCU1 : 240.3, Target : 250.0.
2026-05-18 15:59:37 FillDCU (Cycle) time: 10.246s
2026-05-18 16:01:47 Sequence: FillCart , Time: 16.513s
2026-05-18 16:02:05 POS DCU1 : 242.5, Target : 250.0.
2026-05-18 16:02:05 FillDCU (Cycle) time: 9.359s
2026-05-18 16:03:23 Sequence: FillCart , Time: 20.879s
2026-05-18 16:05:32 POS DCU1 : 238.8, Target : 250.0.
2026-05-18 16:05:36 FillDCU (Cycle) time: 11.366s
2026-05-18 16:16:46 Sequence: FillCart , Time: 22.344s
2026-05-18 16:17:03 POS DCU1 : 239.2, Target : 250.0.
2026-05-18 16:17:05 FillDCU (Cycle) time: 9.623s
2026-05-18 16:21:58 ClnCart (Cleaning+Dumping) time: 30.887s
2026-05-18 16:21:58 --
2026-05-18 16:22:22 Sequence: FillCart , Time: 22.137s
2026-05-18 16:23:19 POS DCU1 : 237.6, Target : 250.0.
2026-05-18 16:23:21 FillDCU (Cycle) time: 10.27s
2026-05-18 16:24:08 Sequence: FillCart , Time: 17.731s
2026-05-18 16:25:06 POS DCU1 : 240.4, Target : 250.0.
2026-05-18 16:25:06 FillDCU (Cycle) time: 9.425s
2026-05-18 16:27:06 ClnCart (Cleaning+Dumping) time: 51.988s
2026-05-18 16:27:06 --
2026-05-18 16:27:23 Sequence: FillCart , Time: 16.249s
2026-05-18 16:28:06 POS DCU1 : 241.4, Target : 250.0.
2026-05-18 16:28:07 FillDCU (Cycle) time: 7.659s
2026-05-18 16:39:29 Sequence: FillCart , Time: 11.408s
2026-05-18 16:39:44 POS DCU1 : 242.5, Target : 250.0.
2026-05-18 16:39:45 FillDCU (Cycle) time: 6.979s
2026-05-18 16:42:09 Sequence: FillCart , Time: 20.687s
2026-05-18 16:43:55 POS DCU1 : 242.4, Target : 250.0.
2026-05-18 16:44:00 FillDCU (Cycle) time: 10.617s
2026-05-18 16:51:51 Sequence: FillCart , Time: 23.003s
2026-05-18 16:54:59 POS DCU1 : 241.4, Target : 250.0.
2026-05-18 16:55:00 FillDCU (Cycle) time: 10.398s
2026-05-18 17:15:14 Sequence: FillCart , Time: 22.882s
2026-05-18 17:15:33 POS DCU1 : 241.6, Target : 250.0.
2026-05-18 17:15:35 FillDCU (Cycle) time: 11.29s
2026-05-18 17:23:21 Sequence: FillCart , Time: 24.808s
2026-05-18 17:23:39 POS DCU1 : 240.5, Target : 250.0.
2026-05-18 17:23:44 FillDCU (Cycle) time: 13.22s
2026-05-18 17:27:46 ClnCart (Cleaning+Dumping) time: 51.278s
2026-05-18 17:27:46 --
2026-05-18 17:28:01 Sequence: FillCart , Time: 14.61s
2026-05-18 17:29:24 POS DCU1 : 241.6, Target : 250.0.
2026-05-18 17:29:25 FillDCU (Cycle) time: 7.29s
2026-05-18 17:40:35 Sequence: FillCart , Time: 18.489s
2026-05-18 17:40:49 POS DCU1 : 243.4, Target : 250.0.
2026-05-18 17:40:54 FillDCU (Cycle) time: 9.082s
2026-05-18 17:44:46 ClnCart (Cleaning+Dumping) time: 33.013s
2026-05-18 17:44:46 --
2026-05-18 17:45:04 Sequence: FillCart , Time: 16.442s
2026-05-18 17:46:45 POS DCU1 : 238.9, Target : 250.0.
2026-05-18 17:46:45 FillDCU (Cycle) time: 8.144s
2026-05-18 17:47:21 Sequence: FillCart , Time: 22.734s
2026-05-18 17:47:33 POS DCU1 : 240.2, Target : 250.0.
2026-05-18 17:47:40 FillDCU (Cycle) time: 9.316s
2026-05-18 17:49:38 ClnCart (Cleaning+Dumping) time: 31.017s
2026-05-18 17:49:38 --
2026-05-18 17:50:02 Sequence: FillCart , Time: 22.24s
2026-05-18 17:50:59 POS DCU1 : 237.9, Target : 250.0.
2026-05-18 17:51:00 FillDCU (Cycle) time: 10.432s
2026-05-18 17:52:05 Sequence: FillCart , Time: 14.525s
2026-05-18 17:52:45 POS DCU1 : 239.1, Target : 250.0.
2026-05-18 17:52:46 FillDCU (Cycle) time: 9.451s
2026-05-18 17:55:07 ClnCart (Cleaning+Dumping) time: 66.821s
2026-05-18 17:55:07 --
2026-05-18 17:55:22 Sequence: FillCart , Time: 13.651s
2026-05-18 17:55:42 POS DCU1 : 241.3, Target : 250.0.
2026-05-18 17:55:43 FillDCU (Cycle) time: 5.513s
2026-05-18 17:57:05 Sequence: FillCart , Time: 16.496s
2026-05-18 17:57:22 POS DCU1 : 240.9, Target : 250.0.
2026-05-18 17:57:25 FillDCU (Cycle) time: 7.446s
2026-05-18 18:01:34 ClnCart (Cleaning+Dumping) time: 33.372s
2026-05-18 18:01:34 --
2026-05-18 18:01:51 Sequence: FillCart , Time: 15.941s
2026-05-18 18:02:53 POS DCU1 : 238.2, Target : 250.0.
2026-05-18 18:02:54 FillDCU (Cycle) time: 7.202s
2026-05-18 18:03:55 Sequence: FillCart , Time: 18.354s
2026-05-18 18:04:33 POS DCU1 : 241.4, Target : 250.0.
2026-05-18 18:04:37 FillDCU (Cycle) time: 10.34s
2026-05-18 18:06:00 Sequence: FillCart , Time: 18.273s
2026-05-18 18:07:14 POS DCU1 : 242.8, Target : 250.0.
2026-05-18 18:07:15 FillDCU (Cycle) time: 9.717s
2026-05-18 18:10:30 ClnCart (Cleaning+Dumping) time: 33.753s
2026-05-18 18:10:30 --
2026-05-18 18:10:48 Sequence: FillCart , Time: 16.504s
2026-05-18 18:11:41 POS DCU1 : 236.9, Target : 250.0.
2026-05-18 18:11:42 FillDCU (Cycle) time: 8.102s
2026-05-18 18:12:49 Sequence: FillCart , Time: 20.1s
2026-05-18 18:13:21 POS DCU1 : 240.0, Target : 250.0.
2026-05-18 18:13:24 FillDCU (Cycle) time: 9.354s
2026-05-18 18:15:27 ClnCart (Cleaning+Dumping) time: 30.908s
2026-05-18 18:15:27 --
2026-05-18 18:15:48 Sequence: FillCart , Time: 19.652s
2026-05-18 18:16:48 POS DCU1 : 239.4, Target : 250.0.
2026-05-18 18:16:49 FillDCU (Cycle) time: 10.129s
2026-05-18 18:17:57 Sequence: FillCart , Time: 22.852s
2026-05-18 18:18:33 POS DCU1 : 242.0, Target : 250.0.
2026-05-18 18:18:36 FillDCU (Cycle) time: 11.368s
2026-05-18 18:20:13 ClnCart (Cleaning+Dumping) time: 55.742s
2026-05-18 18:20:13 --
2026-05-18 18:20:32 Sequence: FillCart , Time: 17.971s
2026-05-18 18:22:23 POS DCU1 : 240.1, Target : 250.0.
2026-05-18 18:22:24 FillDCU (Cycle) time: 8.632s
2026-05-18 18:23:58 ClnCart (Cleaning+Dumping) time: 50.988s
2026-05-18 18:23:58 --
2026-05-18 18:24:17 Sequence: FillCart , Time: 17.483s
2026-05-18 18:27:25 POS DCU1 : 241.0, Target : 250.0.
2026-05-18 18:27:26 FillDCU (Cycle) time: 9.053s
2026-05-18 18:34:25 ClnCart (Cleaning+Dumping) time: 23.673s
2026-05-18 18:34:25 --
2026-05-18 18:34:47 Sequence: FillCart , Time: 20.731s
2026-05-18 18:35:03 POS DCU1 : 242.2, Target : 250.0.
2026-05-18 18:35:09 FillDCU (Cycle) time: 13.078s
2026-05-18 18:36:01 ClnCart (Cleaning+Dumping) time: 31.048s
2026-05-18 18:36:01 --
2026-05-18 18:36:26 Sequence: FillCart , Time: 23.592s
2026-05-18 18:40:04 Sequence: FillCart , Time: 13.901s
2026-05-18 18:40:19 POS DCU1 : 240.9, Target : 250.0.
2026-05-18 18:40:20 FillDCU (Cycle) time: 5.68s
2026-05-18 18:45:14 ClnCart (Cleaning+Dumping) time: 33.601s
2026-05-18 18:45:14 --
2026-05-18 18:45:28 Sequence: FillCart , Time: 13.242s
2026-05-18 18:45:42 POS DCU1 : 243.1, Target : 250.0.
2026-05-18 18:45:43 FillDCU (Cycle) time: 4.975s
2026-05-18 18:46:46 Sequence: FillCart , Time: 18.153s
2026-05-18 18:47:00 POS DCU1 : 242.5, Target : 250.0.
2026-05-18 18:47:05 FillDCU (Cycle) time: 9.286s
2026-05-18 18:50:43 ClnCart (Cleaning+Dumping) time: 31.265s
2026-05-18 18:50:43 --
2026-05-18 18:51:06 Sequence: FillCart , Time: 22.557s
2026-05-18 18:52:03 POS DCU1 : 241.5, Target : 250.0.
2026-05-18 18:52:04 FillDCU (Cycle) time: 10.413s
2026-05-18 18:54:28 Sequence: FillCart , Time: 16.418s
2026-05-18 18:54:46 POS DCU1 : 243.1, Target : 250.0.
2026-05-18 18:54:47 FillDCU (Cycle) time: 9.349s
2026-05-18 18:56:47 ClnCart (Cleaning+Dumping) time: 86.313s
2026-05-18 18:56:47 --
2026-05-18 18:57:05 Sequence: FillCart , Time: 16.249s
2026-05-18 18:57:20 POS DCU1 : 241.3, Target : 250.0.
2026-05-18 18:57:21 FillDCU (Cycle) time: 7.431s
2026-05-18 18:58:33 Sequence: FillCart , Time: 18.018s
2026-05-18 18:59:00 POS DCU1 : 241.1, Target : 250.0.
2026-05-18 18:59:04 FillDCU (Cycle) time: 10.269s
2026-05-18 19:00:30 Sequence: FillCart , Time: 12.31s
2026-05-18 19:01:52 POS DCU1 : 243.2, Target : 250.0.
2026-05-18 19:01:53 FillDCU (Cycle) time: 9.701s
2026-05-18 19:03:20 Sequence: FillCart , Time: 10.85s
2026-05-18 19:03:33 POS DCU1 : 235.6, Target : 250.0.
2026-05-18 19:03:33 FillDCU (Cycle) time: 3.426s
2026-05-18 19:05:05 Sequence: FillCart , Time: 19.962s
2026-05-18 19:05:23 FillDCU (Cycle) time: 9.064s
2026-05-18 19:09:43 ClnCart (Cleaning+Dumping) time: 30.97s
2026-05-18 19:09:43 --
2026-05-18 19:10:04 Sequence: FillCart , Time: 19.923s
2026-05-18 19:11:01 POS DCU1 : 240.9, Target : 250.0.
2026-05-18 19:11:02 FillDCU (Cycle) time: 9.781s
2026-05-18 19:12:23 Sequence: FillCart , Time: 31.374s
2026-05-18 19:12:47 POS DCU1 : 240.1, Target : 250.0.
2026-05-18 19:12:51 FillDCU (Cycle) time: 13.238s
2026-05-18 19:14:05 ClnCart (Cleaning+Dumping) time: 33.494s
2026-05-18 19:14:05 --
2026-05-18 19:14:23 Sequence: FillCart , Time: 17.438s
2026-05-18 19:14:47 POS DCU1 : 239.8, Target : 250.0.
2026-05-18 19:14:51 FillDCU (Cycle) time: 6.955s
2026-05-18 19:34:31 Sequence: FillCart , Time: 10.793s
2026-05-18 19:34:47 FillDCU (Cycle) time: 6.463s
2026-05-18 19:37:34 Sequence: FillCart , Time: 15.319s
2026-05-18 19:37:49 POS DCU1 : 241.9, Target : 250.0.
2026-05-18 19:37:50 FillDCU (Cycle) time: 6.571s
2026-05-18 19:43:21 Sequence: FillCart , Time: 22.911s
2026-05-18 19:43:36 POS DCU1 : 237.7, Target : 250.0.
2026-05-18 19:43:40 FillDCU (Cycle) time: 10.055s
2026-05-18 19:47:40 ClnCart (Cleaning+Dumping) time: 30.997s
2026-05-18 19:47:40 --
2026-05-18 19:48:03 Sequence: FillCart , Time: 21.749s
2026-05-18 19:48:58 POS DCU1 : 242.8, Target : 250.0.
2026-05-18 19:48:59 FillDCU (Cycle) time: 10.223s
2026-05-18 19:50:38 Sequence: FillCart , Time: 14.404s
2026-05-18 19:50:57 POS DCU1 : 241.6, Target : 250.0.
2026-05-18 19:50:58 FillDCU (Cycle) time: 9.419s
2026-05-18 19:55:27 ClnCart (Cleaning+Dumping) time: 30.499s
2026-05-18 19:55:27 --
2026-05-18 19:55:42 Sequence: FillCart , Time: 13.473s
2026-05-18 19:56:47 POS DCU1 : 242.4, Target : 250.0.
2026-05-18 19:56:47 FillDCU (Cycle) time: 5.449s
2026-05-18 19:58:10 Sequence: FillCart , Time: 17.395s
2026-05-18 19:58:27 POS DCU1 : 238.7, Target : 250.0.
2026-05-18 19:58:30 FillDCU (Cycle) time: 6.663s
2026-05-18 20:03:03 Sequence: FillCart , Time: 19.546s
2026-05-18 20:03:18 POS DCU1 : 240.0, Target : 250.0.
2026-05-18 20:03:21 FillDCU (Cycle) time: 8.302s
2026-05-18 20:05:20 ClnCart (Cleaning+Dumping) time: 32.494s
2026-05-18 20:05:20 --
2026-05-18 20:05:42 Sequence: FillCart , Time: 20.585s
2026-05-18 20:06:38 POS DCU1 : 240.1, Target : 250.0.
2026-05-18 20:06:40 FillDCU (Cycle) time: 9.254s
2026-05-18 20:09:18 Sequence: FillCart , Time: 17.928s
2026-05-18 20:09:36 POS DCU1 : 238.8, Target : 250.0.
2026-05-18 20:09:38 FillDCU (Cycle) time: 10.208s
2026-05-18 20:12:34 ClnCart (Cleaning+Dumping) time: 31.247s
2026-05-18 20:12:34 --
2026-05-18 20:12:55 Sequence: FillCart , Time: 20.09s
2026-05-18 20:14:12 POS DCU1 : 243.0, Target : 250.0.
2026-05-18 20:14:14 FillDCU (Cycle) time: 10.666s
2026-05-18 20:15:47 Sequence: FillCart , Time: 17.755s
2026-05-18 20:19:15 POS DCU1 : 239.9, Target : 250.0.
2026-05-18 20:19:15 FillDCU (Cycle) time: 9.719s
2026-05-18 20:20:28 ClnCart (Cleaning+Dumping) time: 32.936s
2026-05-18 20:20:28 --
2026-05-18 20:20:46 Sequence: FillCart , Time: 16.745s
2026-05-18 20:21:39 POS DCU1 : 240.8, Target : 250.0.
2026-05-18 20:21:39 FillDCU (Cycle) time: 7.356s
2026-05-18 20:25:32 Sequence: FillCart , Time: 22.168s
2026-05-18 20:25:47 POS DCU1 : 239.7, Target : 250.0.
2026-05-18 20:25:52 FillDCU (Cycle) time: 10.845s
2026-05-18 20:32:00 Sequence: FillCart , Time: 14.626s
2026-05-18 20:33:53 POS DCU1 : 237.8, Target : 250.0.
2026-05-18 20:33:53 FillDCU (Cycle) time: 9.734s
2026-05-18 20:35:37 Sequence: FillCart , Time: 17.473s
2026-05-18 20:37:31 POS DCU1 : 242.5, Target : 250.0.
2026-05-18 20:37:34 FillDCU (Cycle) time: 8.173s
2026-05-18 20:41:26 Sequence: FillCart , Time: 15.872s
2026-05-18 20:41:42 POS DCU1 : 240.1, Target : 250.0.
2026-05-18 20:41:43 FillDCU (Cycle) time: 7.298s
2026-05-18 20:43:23 ClnCart (Cleaning+Dumping) time: 33.278s
2026-05-18 20:43:23 --
2026-05-18 20:43:42 Sequence: FillCart , Time: 18.256s
2026-05-18 20:44:40 POS DCU1 : 241.0, Target : 250.0.
2026-05-18 20:44:43 FillDCU (Cycle) time: 8.932s
2026-05-18 20:45:26 ClnCart (Cleaning+Dumping) time: 31.353s
2026-05-18 20:45:26 --
2026-05-18 20:45:51 Sequence: FillCart , Time: 23.032s
2026-05-18 20:46:22 POS DCU1 : 240.0, Target : 250.0.
2026-05-18 20:46:24 FillDCU (Cycle) time: 9.669s
2026-05-18 20:48:28 ClnCart (Cleaning+Dumping) time: 31.07s
2026-05-18 20:48:28 --
2026-05-18 20:48:52 Sequence: FillCart , Time: 22.525s
2026-05-18 20:49:48 POS DCU1 : 238.9, Target : 250.0.
2026-05-18 20:49:50 FillDCU (Cycle) time: 10.382s
2026-05-18 20:50:32 ClnCart (Cleaning+Dumping) time: 32.04s
2026-05-18 20:50:32 --
2026-05-18 20:50:52 Sequence: FillCart , Time: 18.305s
2026-05-18 20:51:35 POS DCU1 : 242.6, Target : 250.0.
2026-05-18 20:51:35 FillDCU (Cycle) time: 9.408s
2026-05-18 20:52:45 ClnCart (Cleaning+Dumping) time: 31.135s
2026-05-18 20:52:45 --
2026-05-18 20:53:10 Sequence: FillCart , Time: 23.792s
2026-05-18 20:55:40 POS DCU1 : 241.5, Target : 250.0.
2026-05-18 20:55:48 FillDCU (Cycle) time: 13.604s
2026-05-18 20:57:03 ClnCart (Cleaning+Dumping) time: 43.797s
2026-05-18 20:57:03 --
2026-05-18 20:57:18 Sequence: FillCart , Time: 14.37s
2026-05-18 20:58:51 POS DCU1 : 240.2, Target : 250.0.
2026-05-18 20:58:51 FillDCU (Cycle) time: 7.981s
2026-05-18 21:00:27 Sequence: FillCart , Time: 15.866s
2026-05-18 21:00:42 POS DCU1 : 240.0, Target : 250.0.
2026-05-18 21:00:44 FillDCU (Cycle) time: 6.574s
2026-05-18 21:07:59 Sequence: FillCart , Time: 22.841s
2026-05-18 21:08:14 POS DCU1 : 239.5, Target : 250.0.
2026-05-18 21:08:18 FillDCU (Cycle) time: 9.801s
2026-05-18 21:13:32 ClnCart (Cleaning+Dumping) time: 30.686s
2026-05-18 21:13:32 --
2026-05-18 21:13:55 Sequence: FillCart , Time: 22.187s
2026-05-18 21:14:52 POS DCU1 : 240.0, Target : 250.0.
2026-05-18 21:14:54 FillDCU (Cycle) time: 10.272s
2026-05-18 21:27:32 Sequence: FillCart , Time: 16.809s
2026-05-18 21:27:51 POS DCU1 : 241.0, Target : 250.0.
2026-05-18 21:27:51 FillDCU (Cycle) time: 9.346s
2026-05-18 21:28:52 ClnCart (Cleaning+Dumping) time: 33.194s
2026-05-18 21:28:52 --
2026-05-18 21:29:12 Sequence: FillCart , Time: 18.804s
2026-05-18 21:30:18 POS DCU1 : 242.2, Target : 250.0.
2026-05-18 21:30:20 FillDCU (Cycle) time: 7.43s
2026-05-18 21:34:01 ClnCart (Cleaning+Dumping) time: 32.727s
2026-05-18 21:34:01 --
2026-05-18 21:34:19 Sequence: FillCart , Time: 16.612s
2026-05-18 21:35:20 POS DCU1 : 239.7, Target : 250.0.
2026-05-18 21:35:21 FillDCU (Cycle) time: 6.697s
2026-05-18 21:36:35 ClnCart (Cleaning+Dumping) time: 31.017s
2026-05-18 21:36:35 --
2026-05-18 21:36:52 Sequence: FillCart , Time: 16.064s
2026-05-18 21:37:07 POS DCU1 : 239.8, Target : 250.0.
2026-05-18 21:37:08 FillDCU (Cycle) time: 6.453s
2026-05-18 21:41:08 ClnCart (Cleaning+Dumping) time: 31.089s
2026-05-18 21:41:08 --
2026-05-18 21:41:26 Sequence: FillCart , Time: 16.506s
2026-05-18 21:42:26 POS DCU1 : 237.7, Target : 250.0.
2026-05-18 21:42:28 FillDCU (Cycle) time: 7.006s
2026-05-18 21:43:36 Sequence: FillCart , Time: 22.243s
2026-05-18 21:44:09 POS DCU1 : 239.0, Target : 250.0.
2026-05-18 21:44:12 FillDCU (Cycle) time: 9.659s
2026-05-18 21:46:17 ClnCart (Cleaning+Dumping) time: 31.185s
2026-05-18 21:46:17 --
2026-05-18 21:46:40 Sequence: FillCart , Time: 22.167s
2026-05-18 21:47:36 POS DCU1 : 243.2, Target : 250.0.
2026-05-18 21:47:38 FillDCU (Cycle) time: 10.379s
2026-05-18 21:48:55 Sequence: FillCart , Time: 15.85s
2026-05-18 21:49:23 POS DCU1 : 240.3, Target : 250.0.
2026-05-18 21:49:23 FillDCU (Cycle) time: 9.556s
2026-05-18 21:50:57 Sequence: FillCart , Time: 25.106s
2026-05-18 21:52:06 POS DCU1 : 243.5, Target : 250.0.
2026-05-18 21:52:12 FillDCU (Cycle) time: 12.167s
2026-05-18 21:53:12 ClnCart (Cleaning+Dumping) time: 31.307s
2026-05-18 21:53:12 --
2026-05-18 21:53:39 Sequence: FillCart , Time: 25.549s
2026-05-18 21:56:28 POS DCU1 : 242.2, Target : 250.0.
2026-05-18 21:56:33 FillDCU (Cycle) time: 13.527s
2026-05-18 21:57:55 ClnCart (Cleaning+Dumping) time: 52.496s
2026-05-18 21:57:55 --
2026-05-18 21:58:14 Sequence: FillCart , Time: 17.307s
2026-05-18 21:59:37 CheckA1Fluid Restart 291.9
2026-05-18 21:59:39 POS DCU1 : 238.6, Target : 250.0.
2026-05-18 21:59:39 FillDCU (Cycle) time: 11.66s
2026-05-18 22:00:24 Sequence: FillCart , Time: 6.637s
2026-05-18 22:01:31 POS DCU1 : 240.1, Target : 250.0.
2026-05-18 22:01:31 FillDCU (Cycle) time: 6.943s
2026-05-18 22:02:47 ClnCart (Cleaning+Dumping) time: 30.939s
2026-05-18 22:02:47 --
2026-05-18 22:03:15 Sequence: FillCart , Time: 27.319s
2026-05-18 22:03:38 FillDCU (Cycle) time: 13.099s
2026-05-18 22:05:01 Sequence: FillCart , Time: 20.328s
2026-05-18 22:05:22 POS DCU1 : 239.6, Target : 250.0.
2026-05-18 22:05:23 FillDCU (Cycle) time: 9.814s
2026-05-18 22:10:32 POS DCU1 : 241.8, Target : 250.0.
2026-05-18 22:10:32 FillDCU (Cycle) time: 7.09s
2026-05-18 22:35:50 Sequence: FillCart , Time: 23.864s
2026-05-18 22:36:13 FillDCU (Cycle) time: 13.09s
2026-05-18 22:40:37 ClnCart (Cleaning+Dumping) time: 46.759s
2026-05-18 22:40:37 --
2026-05-18 22:40:53 Sequence: FillCart , Time: 14.963s
2026-05-18 22:42:12 POS DCU1 : 235.9, Target : 250.0.
2026-05-18 22:42:13 FillDCU (Cycle) time: 7.017s
2026-05-18 22:42:36 Sequence: FillCart , Time: 9.923s
2026-05-18 22:44:06 POS DCU1 : 240.3, Target : 250.0.
2026-05-18 22:44:07 FillDCU (Cycle) time: 6.162s
2026-05-18 22:46:48 ClnCart (Cleaning+Dumping) time: 31.149s
2026-05-18 22:46:48 --
2026-05-18 22:47:03 Sequence: FillCart , Time: 13.049s
2026-05-18 22:47:17 POS DCU1 : 243.3, Target : 250.0.
2026-05-18 22:47:17 FillDCU (Cycle) time: 5.347s
2026-05-18 22:47:53 Sequence: FillCart , Time: 18.066s
2026-05-18 22:48:25 POS DCU1 : 239.8, Target : 250.0.
2026-05-18 22:48:31 FillDCU (Cycle) time: 10.559s
2026-05-18 22:50:36 Sequence: FillCart , Time: 20.312s
2026-05-18 22:51:50 POS DCU1 : 239.3, Target : 250.0.
2026-05-18 22:51:51 FillDCU (Cycle) time: 10.137s
2026-05-18 22:55:19 ClnCart (Cleaning+Dumping) time: 31.415s
2026-05-18 22:55:19 --
2026-05-18 22:55:39 Sequence: FillCart , Time: 19.291s
2026-05-18 22:56:34 POS DCU1 : 240.7, Target : 250.0.
2026-05-18 22:56:35 FillDCU (Cycle) time: 9.703s
2026-05-18 23:02:56 Sequence: FillCart , Time: 12.574s
2026-05-18 23:03:15 POS DCU1 : 242.2, Target : 250.0.
2026-05-18 23:03:15 FillDCU (Cycle) time: 8.849s
2026-05-18 23:04:19 Sequence: FillCart , Time: 22.999s
2026-05-18 23:04:39 POS DCU1 : 243.0, Target : 250.0.
2026-05-18 23:04:45 FillDCU (Cycle) time: 9.402s
2026-05-18 23:10:11 ClnCart (Cleaning+Dumping) time: 54.908s
2026-05-18 23:10:11 --
2026-05-18 23:10:35 Sequence: FillCart , Time: 22.101s
2026-05-18 23:11:08 POS DCU1 : 240.5, Target : 250.0.
2026-05-18 23:11:10 FillDCU (Cycle) time: 10.424s
2026-05-18 23:12:12 Sequence: FillCart , Time: 18.336s
2026-05-18 23:12:54 POS DCU1 : 238.3, Target : 250.0.
2026-05-18 23:12:55 FillDCU (Cycle) time: 9.455s
2026-05-18 23:14:40 ClnCart (Cleaning+Dumping) time: 31.043s
2026-05-18 23:14:40 --
2026-05-18 23:14:58 Sequence: FillCart , Time: 16.692s
2026-05-18 23:15:53 POS DCU1 : 226.2, Target : 250.0.
2026-05-18 23:15:53 FillDCU (Cycle) time: 7.748s
2026-05-18 23:17:34 Sequence: FillCart , Time: 17.633s
2026-05-18 23:17:50 POS DCU1 : 241.8, Target : 250.0.
2026-05-18 23:17:52 FillDCU (Cycle) time: 8.231s
2026-05-18 23:21:45 ClnCart (Cleaning+Dumping) time: 33.043s
2026-05-18 23:21:45 --
2026-05-18 23:22:03 Sequence: FillCart , Time: 16.97s
2026-05-18 23:23:04 POS DCU1 : 238.6, Target : 250.0.
2026-05-18 23:23:05 FillDCU (Cycle) time: 8.301s
2026-05-18 23:24:28 Sequence: FillCart , Time: 20.087s
2026-05-18 23:24:45 POS DCU1 : 241.2, Target : 250.0.
2026-05-18 23:24:48 FillDCU (Cycle) time: 9.748s
2026-05-18 23:28:37 ClnCart (Cleaning+Dumping) time: 26.52s
2026-05-18 23:28:37 --
2026-05-18 23:28:57 Sequence: FillCart , Time: 18.578s
2026-05-18 23:30:44 POS DCU1 : 242.5, Target : 250.0.
2026-05-18 23:30:45 FillDCU (Cycle) time: 9.318s
2026-05-18 23:31:56 ClnCart (Cleaning+Dumping) time: 30.749s
2026-05-18 23:31:56 --
2026-05-18 23:32:20 Sequence: FillCart , Time: 22.506s
2026-05-18 23:33:16 POS DCU1 : 240.8, Target : 250.0.
2026-05-18 23:33:18 FillDCU (Cycle) time: 10.286s
2026-05-18 23:34:40 Sequence: FillCart , Time: 15.905s
2026-05-18 23:35:02 POS DCU1 : 238.6, Target : 250.0.
2026-05-18 23:35:03 FillDCU (Cycle) time: 9.445s
2026-05-18 23:36:40 ClnCart (Cleaning+Dumping) time: 33.132s
2026-05-18 23:36:40 --
2026-05-18 23:36:55 Sequence: FillCart , Time: 14.225s
2026-05-18 23:39:17 POS DCU1 : 238.9, Target : 250.0.
2026-05-18 23:39:18 FillDCU (Cycle) time: 6.016s
2026-05-18 23:40:47 ClnCart (Cleaning+Dumping) time: 43s
2026-05-18 23:40:47 --
2026-05-18 23:41:01 Sequence: FillCart , Time: 13.442s
2026-05-18 23:43:59 POS DCU1 : 237.9, Target : 250.0.
2026-05-18 23:44:00 FillDCU (Cycle) time: 6.223s
2026-05-18 23:45:29 ClnCart (Cleaning+Dumping) time: 26.564s
2026-05-18 23:45:29 --
2026-05-18 23:45:49 Sequence: FillCart , Time: 18.467s
2026-05-18 23:46:03 POS DCU1 : 240.5, Target : 250.0.
2026-05-18 23:46:08 FillDCU (Cycle) time: 9.226s
2026-05-18 23:47:20 ClnCart (Cleaning+Dumping) time: 30.538s
2026-05-18 23:47:20 --
2026-05-18 23:47:43 Sequence: FillCart , Time: 22.202s
2026-05-18 23:48:40 POS DCU1 : 238.3, Target : 250.0.
2026-05-18 23:48:41 FillDCU (Cycle) time: 10.286s
2026-05-18 23:50:12 Sequence: FillCart , Time: 24.741s
2026-05-18 23:50:31 POS DCU1 : 241.9, Target : 250.0.
2026-05-18 23:50:35 FillDCU (Cycle) time: 13.286s
2026-05-18 23:51:26 ClnCart (Cleaning+Dumping) time: 25.345s
2026-05-18 23:51:26 --
