2026-05-14 06:11:52 --- Trajectory --- 
2026-05-14 06:11:52 Prog : URUS_PA2_R34_Plastic Skid: 67 Paint : 170.
2026-05-14 06:11:52 ------------------ 
2026-05-14 06:30:07  Default Volume : TEM_bc2_int Skid: 96.
2026-05-14 06:30:09  Vol : TEM_bc2_int Skid: 96 Calcul Vol : 700 Color: 11.
2026-05-14 06:30:09  ---------------------------
2026-05-14 06:30:15  Default Volume : TEM_BC2_R34_EXT_new Skid: 96.
2026-05-14 06:30:16  Vol : TEM_BC2_R34_EXT_new Skid: 96 Calcul Vol : 700 Color: 11.
2026-05-14 06:30:16  ---------------------------
2026-05-14 06:34:55  Vol : URUS_PA2_BC2_R34_EXT_2026 Skid: 153 Calcul Vol : 512 Color: 12.
2026-05-14 06:34:55  ---------------------------
2026-05-14 06:51:41 --- Trajectory --- 
2026-05-14 06:51:41 Prog : TEM_bc2_int Skid: 96 Paint : 0.
2026-05-14 06:51:41 ------------------ 
2026-05-14 06:53:45 --- Trajectory --- 
2026-05-14 06:53:45 Prog : TEM_BC2_R34_EXT_new Skid: 96 Paint : 151.
2026-05-14 06:53:45 ------------------ 
2026-05-14 06:58:58  Vol : URUS_PA2_BC2_R34_EXT_2026 Skid: 126 Calcul Vol : 382 Color: 20.
2026-05-14 06:58:58  ---------------------------
2026-05-14 07:03:43  Vol : URUS_PA2_BC2_R34_EXT_2026 Skid: 119 Calcul Vol : 512 Color: 12.
2026-05-14 07:03:43  ---------------------------
2026-05-14 07:19:30 --- Trajectory --- 
2026-05-14 07:19:30 Prog : URUS_PA2_BC2_R34_EXT_2026 Skid: 153 Paint : 480.
2026-05-14 07:19:30 ------------------ 
2026-05-14 07:28:59 --- Trajectory --- 
2026-05-14 07:28:59 Prog : URUS_PA2_BC2_R34_EXT_2026 Skid: 126 Paint : 347.
2026-05-14 07:28:59 ------------------ 
2026-05-14 07:39:09  Vol : URUS_PA2_BC2_R34_EXT_2026 Skid: 103 Calcul Vol : 16181 Color: 67.
2026-05-14 07:39:09  ---------------------------
2026-05-14 07:42:42  Vol : URUS_PA2_BC2_R34_EXT_2026 Skid: 138 Calcul Vol : 700 Color: 27.
2026-05-14 07:42:42  ---------------------------
2026-05-14 07:46:44 --- Trajectory --- 
2026-05-14 07:46:44 Prog : URUS_PA2_BC2_R34_EXT_2026 Skid: 119 Paint : 480.
2026-05-14 07:46:44 ------------------ 
2026-05-14 08:08:12  Vol : URUS_PA2_BC2_R34_EXT_2026 Skid: 133 Calcul Vol : 382 Color: 20.
2026-05-14 08:08:12  ---------------------------
2026-05-14 08:14:07 --- Trajectory --- 
2026-05-14 08:14:07 Prog : URUS_PA2_BC2_R34_EXT_2026 Skid: 103 Paint : 331.
2026-05-14 08:14:07 ------------------ 
2026-05-14 08:20:39 --- Trajectory --- 
2026-05-14 08:20:39 Prog : URUS_PA2_BC2_R34_EXT_2026 Skid: 138 Paint : 671.
2026-05-14 08:20:39 ------------------ 
2026-05-14 08:28:20  Vol : HURACAN_BC2_R34_Plastic Skid: 91 Calcul Vol : 224 Color: 35.
2026-05-14 08:28:20  ---------------------------
2026-05-14 08:32:41  Default Volume : TEM_bc2_int Skid: 52.
2026-05-14 08:32:42  Vol : TEM_bc2_int Skid: 52 Calcul Vol : 700 Color: 35.
2026-05-14 08:32:42  ---------------------------
2026-05-14 08:32:48  Default Volume : TEM_BC2_R34_EXT_new Skid: 52.
2026-05-14 08:32:50  Vol : TEM_BC2_R34_EXT_new Skid: 52 Calcul Vol : 700 Color: 35.
2026-05-14 08:32:50  ---------------------------
2026-05-14 08:37:12 --- Trajectory --- 
2026-05-14 08:37:12 Prog : URUS_PA2_BC2_R34_EXT_2026 Skid: 133 Paint : 347.
2026-05-14 08:37:12 ------------------ 
2026-05-14 08:37:19  Vol : URUS_PA2_R34_Plastic Skid: 106 Calcul Vol : 75 Color: 99.
2026-05-14 08:37:19  ---------------------------
2026-05-14 08:41:49  Vol : URUS_PA2_BC2_R34_EXT_2026 Skid: 37 Calcul Vol : 487 Color: 99.
2026-05-14 08:41:49  ---------------------------
2026-05-14 08:48:18 --- Trajectory --- 
2026-05-14 08:48:18 Prog : HURACAN_BC2_R34_Plastic Skid: 91 Paint : 52.
2026-05-14 08:48:18 ------------------ 
2026-05-14 08:52:58 --- Trajectory --- 
2026-05-14 08:52:58 Prog : TEM_bc2_int Skid: 52 Paint : 0.
2026-05-14 08:52:58 ------------------ 
2026-05-14 08:55:27 --- Trajectory --- 
2026-05-14 08:55:27 Prog : TEM_BC2_R34_EXT_new Skid: 52 Paint : 184.
2026-05-14 08:55:27 ------------------ 
2026-05-14 08:56:25  Vol : URUS_PA2SPORT_R34_EXT Skid: 78 Calcul Vol : 271 Color: 150.
2026-05-14 08:56:25  ---------------------------
2026-05-14 09:10:23  Default Volume : TEM_bc2_int Skid: 233.
2026-05-14 09:10:25  Vol : TEM_bc2_int Skid: 233 Calcul Vol : 700 Color: 20.
2026-05-14 09:10:25  ---------------------------
2026-05-14 09:10:31  Default Volume : TEM_BC2_R34_EXT_new Skid: 233.
2026-05-14 09:10:33  Vol : TEM_BC2_R34_EXT_new Skid: 233 Calcul Vol : 700 Color: 20.
2026-05-14 09:10:33  ---------------------------
2026-05-14 09:15:00 --- Trajectory --- 
2026-05-14 09:15:00 Prog : URUS_PA2_R34_Plastic Skid: 106 Paint : 109.
2026-05-14 09:15:00 ------------------ 
2026-05-14 09:26:20 --- Trajectory --- 
2026-05-14 09:26:20 Prog : URUS_PA2_BC2_R34_EXT_2026 Skid: 37 Paint : 454.
2026-05-14 09:26:20 ------------------ 
2026-05-14 09:35:26  Vol : URUS_PA2_R34_Plastic Skid: 102 Calcul Vol : 104 Color: 77.
2026-05-14 09:35:26  ---------------------------
2026-05-14 09:38:29 --- Trajectory --- 
2026-05-14 09:38:29 Prog : URUS_PA2SPORT_R34_EXT Skid: 78 Paint : 252.
2026-05-14 09:38:29 ------------------ 
2026-05-14 09:41:44  Vol : URUS_PA2_BC2_R34_EXT_2026 Skid: 148 Calcul Vol : 487 Color: 77.
2026-05-14 09:41:44  ---------------------------
2026-05-14 09:46:24 --- Trajectory --- 
2026-05-14 09:46:24 Prog : TEM_bc2_int Skid: 233 Paint : 0.
2026-05-14 09:46:24 ------------------ 
2026-05-14 09:48:52 --- Trajectory --- 
2026-05-14 09:48:52 Prog : TEM_BC2_R34_EXT_new Skid: 233 Paint : 119.
2026-05-14 09:48:52 ------------------ 
2026-05-14 09:53:59  Vol : HURACAN_BC2_R34_Plastic Skid: 110 Calcul Vol : 208 Color: 53.
2026-05-14 09:53:59  ---------------------------
2026-05-14 09:59:20  Default Volume : TEM_bc2_int Skid: 105.
2026-05-14 09:59:21  Vol : TEM_bc2_int Skid: 105 Calcul Vol : 700 Color: 53.
2026-05-14 09:59:21  ---------------------------
2026-05-14 09:59:28  Default Volume : TEM_BC2_R34_EXT_new Skid: 105.
2026-05-14 09:59:29  Vol : TEM_BC2_R34_EXT_new Skid: 105 Calcul Vol : 700 Color: 53.
2026-05-14 09:59:29  ---------------------------
2026-05-14 10:08:54 --- Trajectory --- 
2026-05-14 10:08:55 Prog : URUS_PA2_R34_Plastic Skid: 102 Paint : 168.
2026-05-14 10:08:55 ------------------ 
2026-05-14 10:16:37 --- Trajectory --- 
2026-05-14 10:16:37 Prog : URUS_PA2_BC2_R34_EXT_2026 Skid: 148 Paint : 454.
2026-05-14 10:16:37 ------------------ 
2026-05-14 10:22:55 --- Trajectory --- 
2026-05-14 10:22:55 Prog : HURACAN_BC2_R34_Plastic Skid: 110 Paint : 46.
2026-05-14 10:22:55 ------------------ 
2026-05-14 10:30:49 --- Trajectory --- 
2026-05-14 10:30:49 Prog : TEM_bc2_int Skid: 105 Paint : 0.
2026-05-14 10:30:49 ------------------ 
2026-05-14 10:33:17 --- Trajectory --- 
2026-05-14 10:33:17 Prog : TEM_BC2_R34_EXT_new Skid: 105 Paint : 195.
2026-05-14 10:33:17 ------------------ 
2026-05-14 12:21:33  Default Volume : TEM_bc2_int Skid: 160.
2026-05-14 12:21:35  Vol : TEM_bc2_int Skid: 160 Calcul Vol : 700 Color: 9.
2026-05-14 12:21:35  ---------------------------
2026-05-14 12:21:41  Default Volume : HURACAN_SP_BC2_R34_EXT Skid: 160.
2026-05-14 12:21:42  Vol : HURACAN_SP_BC2_R34_EXT Skid: 160 Calcul Vol : 700 Color: 9.
2026-05-14 12:21:42  ---------------------------
2026-05-14 12:43:47 --- Trajectory --- 
2026-05-14 12:43:47 Prog : TEM_bc2_int Skid: 160 Paint : 0.
2026-05-14 12:43:47 ------------------ 
2026-05-14 12:43:51  Vol : HURACAN_BC2_R34_Plastic Skid: 45 Calcul Vol : 229 Color: 146.
2026-05-14 12:43:51  ---------------------------
2026-05-14 12:46:47 --- Trajectory --- 
2026-05-14 12:46:47 Prog : HURACAN_SP_BC2_R34_EXT Skid: 160 Paint : 213.
2026-05-14 12:46:47 ------------------ 
2026-05-14 12:52:43  Default Volume : TEM_bc2_int Skid: 204.
2026-05-14 12:52:44  Vol : TEM_bc2_int Skid: 204 Calcul Vol : 700 Color: 146.
2026-05-14 12:52:44  ---------------------------
2026-05-14 12:52:50  Default Volume : TEM_BC2_R34_EXT_new Skid: 204.
2026-05-14 12:52:52  Vol : TEM_BC2_R34_EXT_new Skid: 204 Calcul Vol : 700 Color: 146.
2026-05-14 12:52:52  ---------------------------
2026-05-14 13:09:43 --- Trajectory --- 
2026-05-14 13:09:43 Prog : HURACAN_BC2_R34_Plastic Skid: 45 Paint : 57.
2026-05-14 13:09:43 ------------------ 
2026-05-14 13:14:24 --- Trajectory --- 
2026-05-14 13:14:24 Prog : TEM_bc2_int Skid: 204 Paint : 0.
2026-05-14 13:14:24 ------------------ 
2026-05-14 13:16:53 --- Trajectory --- 
2026-05-14 13:16:53 Prog : TEM_BC2_R34_EXT_new Skid: 204 Paint : 206.
2026-05-14 13:16:53 ------------------ 
2026-05-14 13:47:30  Vol : URUS_PA2_BC2_R34_EXT_2026 Skid: 35 Calcul Vol : 21776 Color: 97.
2026-05-14 13:47:30  ---------------------------
2026-05-14 14:14:33  Vol : URUS_PA2_BC2_R34_EXT_2026 Skid: 50 Calcul Vol : 508 Color: 11.
2026-05-14 14:14:33  ---------------------------
2026-05-14 14:18:11 --- Trajectory --- 
2026-05-14 14:18:11 Prog : URUS_PA2_BC2_R34_EXT_2026 Skid: 35 Paint : 454.
2026-05-14 14:18:11 ------------------ 
2026-05-14 14:44:20 --- Trajectory --- 
2026-05-14 14:44:20 Prog : URUS_PA2_BC2_R34_EXT_2026 Skid: 50 Paint : 476.
2026-05-14 14:44:20 ------------------ 
2026-05-14 14:58:38  Default Volume : ADP_BC2_15_PLATE_SKID_R34 Skid: 76.
2026-05-14 14:58:39  Vol : ADP_BC2_15_PLATE_SKID_R34 Skid: 76 Calcul Vol : 700 Color: 99.
2026-05-14 14:58:39  ---------------------------
2026-05-14 15:04:58  Vol : HURACAN_BC2_R34_Plastic Skid: 164 Calcul Vol : 153 Color: 29.
2026-05-14 15:04:58  ---------------------------
2026-05-14 15:08:48  Default Volume : TEM_bc2_int Skid: 171.
2026-05-14 15:08:50  Vol : TEM_bc2_int Skid: 171 Calcul Vol : 700 Color: 29.
2026-05-14 15:08:50  ---------------------------
2026-05-14 15:08:56  Default Volume : TEM_BC2_R34_EXT_new Skid: 171.
2026-05-14 15:08:57  Vol : TEM_BC2_R34_EXT_new Skid: 171 Calcul Vol : 700 Color: 29.
2026-05-14 15:08:57  ---------------------------
2026-05-14 15:13:46  Vol : URUS_PA2_R34_Plastic Skid: 36 Calcul Vol : 104 Color: 145.
2026-05-14 15:13:46  ---------------------------
2026-05-14 15:18:52 --- Trajectory --- 
2026-05-14 15:18:52 Prog : ADP_BC2_15_PLATE_SKID_R34 Skid: 76 Paint : 252.
2026-05-14 15:18:52 ------------------ 
2026-05-14 15:22:59  Vol : URUS_PA2_BC2_R34_EXT_2026 Skid: 206 Calcul Vol : 20654 Color: 145.
2026-05-14 15:22:59  ---------------------------
2026-05-14 15:24:00 --- Trajectory --- 
2026-05-14 15:24:00 Prog : HURACAN_BC2_R34_Plastic Skid: 164 Paint : 36.
2026-05-14 15:24:00 ------------------ 
2026-05-14 15:33:47  Vol : URUS_PA2_BC2_R34_EXT_2026 Skid: 49 Calcul Vol : 409 Color: 55.
2026-05-14 15:33:47  ---------------------------
2026-05-14 15:36:51 --- Trajectory --- 
2026-05-14 15:36:51 Prog : TEM_bc2_int Skid: 171 Paint : 0.
2026-05-14 15:36:52 ------------------ 
2026-05-14 15:39:21 --- Trajectory --- 
2026-05-14 15:39:21 Prog : TEM_BC2_R34_EXT_new Skid: 171 Paint : 139.
2026-05-14 15:39:21 ------------------ 
2026-05-14 15:42:18 --- Trajectory --- 
2026-05-14 15:42:18 Prog : URUS_PA2_R34_Plastic Skid: 36 Paint : 139.
2026-05-14 15:42:18 ------------------ 
2026-05-14 15:44:39  Vol : URUS_PA2_R34_Plastic Skid: 240 Calcul Vol : 87 Color: 55.
2026-05-14 15:44:39  ---------------------------
2026-05-14 15:48:24 --- Trajectory --- 
2026-05-14 15:48:24 Prog : URUS_PA2_BC2_R34_EXT_2026 Skid: 206 Paint : 421.
2026-05-14 15:48:24 ------------------ 
2026-05-14 15:56:50 --- Trajectory --- 
2026-05-14 15:56:50 Prog : URUS_PA2_BC2_R34_EXT_2026 Skid: 49 Paint : 267.
2026-05-14 15:56:50 ------------------ 
2026-05-14 16:07:24 --- Trajectory --- 
2026-05-14 16:07:24 Prog : URUS_PA2_R34_Plastic Skid: 240 Paint : 98.
2026-05-14 16:07:24 ------------------ 
2026-05-14 17:13:48  Vol : URUS_PA2_BC2_R34_EXT_2026 Skid: 212 Calcul Vol : 19343 Color: 26.
2026-05-14 17:13:49  ---------------------------
2026-05-14 17:31:24 --- Trajectory --- 
2026-05-14 17:31:24 Prog : URUS_PA2_BC2_R34_EXT_2026 Skid: 212 Paint : 93.
2026-05-14 17:31:24 ------------------ 
2026-05-14 18:25:26  Vol : URUS_PA2_R34_Plastic Skid: 169 Calcul Vol : 75 Color: 99.
2026-05-14 18:25:26  ---------------------------
2026-05-14 18:31:00  Vol : URUS_PA2_BC2_R34_EXT_2026 Skid: 98 Calcul Vol : 487 Color: 99.
2026-05-14 18:31:00  ---------------------------
2026-05-14 18:47:21  Vol : URUS_PA2_R34_Plastic Skid: 240 Calcul Vol : 120 Color: 56.
2026-05-14 18:47:21  ---------------------------
2026-05-14 18:54:32 --- Trajectory --- 
2026-05-14 18:54:32 Prog : URUS_PA2_R34_Plastic Skid: 169 Paint : 146.
2026-05-14 18:54:32 ------------------ 
2026-05-14 18:55:07  Vol : URUS_PA2_BC2_R34_EXT_2026 Skid: 49 Calcul Vol : 456 Color: 56.
2026-05-14 18:55:07  ---------------------------
2026-05-14 19:01:37 --- Trajectory --- 
2026-05-14 19:01:37 Prog : URUS_PA2_BC2_R34_EXT_2026 Skid: 98 Paint : 454.
2026-05-14 19:01:37 ------------------ 
2026-05-14 19:08:50 --- Trajectory --- 
2026-05-14 19:08:50 Prog : URUS_PA2_R34_Plastic Skid: 240 Paint : 58.
2026-05-14 19:08:50 ------------------ 
2026-05-14 19:12:29  Vol : URUS_PA2_R34_Plastic Skid: 192 Calcul Vol : 147 Color: 34.
2026-05-14 19:12:29  ---------------------------
2026-05-14 19:16:41 --- Trajectory --- 
2026-05-14 19:16:41 Prog : URUS_PA2_BC2_R34_EXT_2026 Skid: 49 Paint : 256.
2026-05-14 19:16:41 ------------------ 
2026-05-14 19:25:51  Vol : URUS_PA2_R34_Plastic Skid: 36 Calcul Vol : 104 Color: 146.
2026-05-14 19:25:51  ---------------------------
2026-05-14 19:29:42  Vol : URUS_PA2_BC2_R34_EXT_2026 Skid: 206 Calcul Vol : 20654 Color: 146.
2026-05-14 19:29:42  ---------------------------
2026-05-14 19:35:15 --- Trajectory --- 
2026-05-14 19:35:15 Prog : URUS_PA2_R34_Plastic Skid: 192 Paint : 132.
2026-05-14 19:35:15 ------------------ 
2026-05-14 19:40:41  Vol : URUS_PA2_BC2_R34_EXT_2026 Skid: 168 Calcul Vol : 442 Color: 34.
2026-05-14 19:40:41  ---------------------------
2026-05-14 19:43:50 --- Trajectory --- 
2026-05-14 19:43:50 Prog : URUS_PA2_R34_Plastic Skid: 36 Paint : 139.
2026-05-14 19:43:50 ------------------ 
2026-05-14 19:56:05 --- Trajectory --- 
2026-05-14 19:56:05 Prog : URUS_PA2_BC2_R34_EXT_2026 Skid: 206 Paint : 423.
2026-05-14 19:56:05 ------------------ 
2026-05-14 20:04:22  Vol : HURACAN_BC2_R34_Plastic Skid: 111 Calcul Vol : 208 Color: 53.
2026-05-14 20:04:22  ---------------------------
2026-05-14 20:06:59 --- Trajectory --- 
2026-05-14 20:06:59 Prog : URUS_PA2_BC2_R34_EXT_2026 Skid: 168 Paint : 408.
2026-05-14 20:06:59 ------------------ 
2026-05-14 20:08:38  Default Volume : TEM_bc2_int Skid: 131.
2026-05-14 20:08:39  Vol : TEM_bc2_int Skid: 131 Calcul Vol : 700 Color: 53.
2026-05-14 20:08:39  ---------------------------
2026-05-14 20:08:45  Default Volume : TEM_BC2_R34_EXT_new Skid: 131.
2026-05-14 20:08:47  Vol : TEM_BC2_R34_EXT_new Skid: 131 Calcul Vol : 700 Color: 53.
2026-05-14 20:08:47  ---------------------------
2026-05-14 20:18:01  Vol : URUS_PA2_BC2_R34_EXT_2026 Skid: 144 Calcul Vol : 12094 Color: 55.
2026-05-14 20:18:01  ---------------------------
2026-05-14 20:28:35 --- Trajectory --- 
2026-05-14 20:28:35 Prog : HURACAN_BC2_R34_Plastic Skid: 111 Paint : 46.
2026-05-14 20:28:35 ------------------ 
2026-05-14 20:33:15 --- Trajectory --- 
2026-05-14 20:33:15 Prog : TEM_bc2_int Skid: 131 Paint : 0.
2026-05-14 20:33:15 ------------------ 
2026-05-14 20:35:44 --- Trajectory --- 
2026-05-14 20:35:44 Prog : TEM_BC2_R34_EXT_new Skid: 131 Paint : 195.
2026-05-14 20:35:44 ------------------ 
2026-05-14 20:52:36 --- Trajectory --- 
2026-05-14 20:52:36 Prog : URUS_PA2_BC2_R34_EXT_2026 Skid: 144 Paint : 352.
2026-05-14 20:52:36 ------------------ 
2026-05-14 20:53:51  Vol : URUS_PA2_R34_Plastic Skid: 67 Calcul Vol : 168 Color: 32.
2026-05-14 20:53:51  ---------------------------
2026-05-14 21:14:32 --- Trajectory --- 
2026-05-14 21:14:32 Prog : URUS_PA2_R34_Plastic Skid: 67 Paint : 138.
2026-05-14 21:14:32 ------------------ 
2026-05-14 22:08:46  Vol : URUS_PA2_R34_Plastic Skid: 192 Calcul Vol : 94 Color: 35.
2026-05-14 22:08:46  ---------------------------
2026-05-14 22:53:48 --- Trajectory --- 
2026-05-14 22:53:48 Prog : URUS_PA2_R34_Plastic Skid: 192 Paint : 138.
2026-05-14 22:53:48 ------------------ 
2026-05-14 23:18:11  Vol : URUS_PA2_BC2_R34_EXT_2026 Skid: 57 Calcul Vol : 22194 Color: 11.
2026-05-14 23:18:11  ---------------------------
2026-05-14 23:22:41  Vol : URUS_PA2_BC2_R34_EXT_2026 Skid: 168 Calcul Vol : 485 Color: 35.
2026-05-14 23:22:41  ---------------------------
2026-05-14 23:52:17 --- Trajectory --- 
2026-05-14 23:52:17 Prog : URUS_PA2_BC2_R34_EXT_2026 Skid: 57 Paint : 437.
2026-05-14 23:52:17 ------------------ 
2026-05-14 23:55:17  Vol : URUS_PA2_BC2_R34_EXT_2026 Skid: 144 Calcul Vol : 18827 Color: 56.
2026-05-14 23:55:17  ---------------------------
2026-05-14 23:57:14 --- Trajectory --- 
2026-05-14 23:57:14 Prog : URUS_PA2_BC2_R34_EXT_2026 Skid: 168 Paint : 452.
2026-05-14 23:57:14 ------------------ 
2026-05-15 00:04:39  Vol : URUS_PA2_R34_Plastic Skid: 102 Calcul Vol : 7301 Color: 26.
2026-05-15 00:04:39  ---------------------------
2026-05-15 00:18:02  Vol : URUS_PA2_BC2_R34_EXT_2026 Skid: 138 Calcul Vol : 525 Color: 16.
2026-05-15 00:18:02  ---------------------------
2026-05-15 00:20:53 --- Trajectory --- 
2026-05-15 00:20:53 Prog : URUS_PA2_BC2_R34_EXT_2026 Skid: 144 Paint : 402.
2026-05-15 00:20:53 ------------------ 
2026-05-15 00:30:53 --- Trajectory --- 
2026-05-15 00:30:53 Prog : URUS_PA2_R34_Plastic Skid: 102 Paint : 297.
2026-05-15 00:30:53 ------------------ 
2026-05-15 00:42:09  Vol : URUS_PA2_BC2_R34_EXT_2026 Skid: 119 Calcul Vol : 437 Color: 32.
2026-05-15 00:42:09  ---------------------------
2026-05-15 00:44:15 --- Trajectory --- 
2026-05-15 00:44:15 Prog : URUS_PA2_BC2_R34_EXT_2026 Skid: 138 Paint : 493.
2026-05-15 00:44:15 ------------------ 
2026-05-15 00:52:38  Vol : URUS_PA2_R34_Plastic Skid: 113 Calcul Vol : 75 Color: 85.
2026-05-15 00:52:38  ---------------------------
2026-05-15 00:55:19  Vol : URUS_PA2_BC2_R34_EXT_2026 Skid: 68 Calcul Vol : 487 Color: 85.
2026-05-15 00:55:19  ---------------------------
2026-05-15 00:59:24  Default Volume : TEM_bc2_int Skid: 60.
2026-05-15 00:59:26  Vol : TEM_bc2_int Skid: 60 Calcul Vol : 700 Color: 13.
2026-05-15 00:59:26  ---------------------------
2026-05-15 00:59:32  Default Volume : TEM_BC2_R34_EXT_new Skid: 60.
2026-05-15 00:59:33  Vol : TEM_BC2_R34_EXT_new Skid: 60 Calcul Vol : 700 Color: 13.
2026-05-15 00:59:33  ---------------------------
2026-05-15 01:03:51  Vol : URUS_PA2_R34_Plastic Skid: 67 Calcul Vol : 117 Color: 33.
2026-05-15 01:03:51  ---------------------------
2026-05-15 01:07:29  Vol : URUS_PA2_BC2_R34_EXT_2026 Skid: 133 Calcul Vol : 508 Color: 11.
2026-05-15 01:07:29  ---------------------------
2026-05-15 01:08:12 --- Trajectory --- 
2026-05-15 01:08:12 Prog : URUS_PA2_BC2_R34_EXT_2026 Skid: 119 Paint : 402.
2026-05-15 01:08:12 ------------------ 
2026-05-15 01:12:05  Vol : HURACAN_BC2_R34_Plastic Skid: 155 Calcul Vol : 350 Color: 62.
2026-05-15 01:12:05  ---------------------------
2026-05-15 01:14:31 --- Trajectory --- 
2026-05-15 01:14:31 Prog : URUS_PA2_R34_Plastic Skid: 113 Paint : 117.
2026-05-15 01:14:31 ------------------ 
2026-05-15 01:22:48  Default Volume : TEM_bc2_int Skid: 86.
2026-05-15 01:22:50  Vol : TEM_bc2_int Skid: 86 Calcul Vol : 700 Color: 62.
2026-05-15 01:22:50  ---------------------------
2026-05-15 01:22:56  Default Volume : TEM_BC2_R34_EXT_new Skid: 86.
2026-05-15 01:22:57  Vol : TEM_BC2_R34_EXT_new Skid: 86 Calcul Vol : 700 Color: 62.
2026-05-15 01:22:57  ---------------------------
2026-05-15 01:25:38 --- Trajectory --- 
2026-05-15 01:25:38 Prog : URUS_PA2_BC2_R34_EXT_2026 Skid: 68 Paint : 477.
2026-05-15 01:25:38 ------------------ 
2026-05-15 01:27:50 --- Trajectory --- 
2026-05-15 01:27:50 Prog : TEM_bc2_int Skid: 60 Paint : 0.
2026-05-15 01:27:50 ------------------ 
2026-05-15 01:29:58 --- Trajectory --- 
2026-05-15 01:29:58 Prog : TEM_BC2_R34_EXT_new Skid: 60 Paint : 141.
2026-05-15 01:29:58 ------------------ 
2026-05-15 01:33:20 --- Trajectory --- 
2026-05-15 01:33:20 Prog : URUS_PA2_R34_Plastic Skid: 67 Paint : 150.
2026-05-15 01:33:20 ------------------ 
2026-05-15 01:39:12 --- Trajectory --- 
2026-05-15 01:39:12 Prog : URUS_PA2_BC2_R34_EXT_2026 Skid: 133 Paint : 476.
2026-05-15 01:39:12 ------------------ 
2026-05-15 01:54:28 --- Trajectory --- 
2026-05-15 01:54:28 Prog : HURACAN_BC2_R34_Plastic Skid: 155 Paint : 74.
2026-05-15 01:54:28 ------------------ 
2026-05-15 02:02:51 --- Trajectory --- 
2026-05-15 02:02:51 Prog : TEM_bc2_int Skid: 86 Paint : 0.
2026-05-15 02:02:51 ------------------ 
2026-05-15 02:05:20 --- Trajectory --- 
2026-05-15 02:05:20 Prog : TEM_BC2_R34_EXT_new Skid: 86 Paint : 268.
2026-05-15 02:05:20 ------------------ 
2026-05-15 02:42:35  Vol : HURACAN_BC2_R34_Plastic Skid: 110 Calcul Vol : 159 Color: 53.
2026-05-15 02:42:35  ---------------------------
2026-05-15 02:46:11  Vol : URUS_PA2_BC2_R34_EXT_2026 Skid: 103 Calcul Vol : 508 Color: 11.
2026-05-15 02:46:11  ---------------------------
2026-05-15 03:02:10 --- Trajectory --- 
2026-05-15 03:02:10 Prog : HURACAN_BC2_R34_Plastic Skid: 110 Paint : 33.
2026-05-15 03:02:10 ------------------ 
2026-05-15 03:13:13  Vol : HURACAN_BC2_R34_Plastic Skid: 45 Calcul Vol : 212 Color: 112.
2026-05-15 03:13:13  ---------------------------
2026-05-15 03:16:27 --- Trajectory --- 
2026-05-15 03:16:27 Prog : URUS_PA2_BC2_R34_EXT_2026 Skid: 103 Paint : 476.
2026-05-15 03:16:27 ------------------ 
2026-05-15 03:23:56  Default Volume : TEM_bc2_int Skid: 237.
2026-05-15 03:23:57  Vol : TEM_bc2_int Skid: 237 Calcul Vol : 700 Color: 112.
2026-05-15 03:23:57  ---------------------------
2026-05-15 03:24:03  Default Volume : TEM_BC2_R34_EXT_new Skid: 237.
2026-05-15 03:24:05  Vol : TEM_BC2_R34_EXT_new Skid: 237 Calcul Vol : 700 Color: 112.
2026-05-15 03:24:05  ---------------------------
2026-05-15 03:32:21 --- Trajectory --- 
2026-05-15 03:32:21 Prog : HURACAN_BC2_R34_Plastic Skid: 45 Paint : 61.
2026-05-15 03:32:21 ------------------ 
2026-05-15 03:33:15  Vol : HURACAN_BC2_R34_Plastic Skid: 111 Calcul Vol : 143 Color: 53.
2026-05-15 03:33:15  ---------------------------
2026-05-15 03:50:45  Default Volume : TEM_bc2_int Skid: 207.
2026-05-15 03:50:46  Vol : TEM_bc2_int Skid: 207 Calcul Vol : 700 Color: 53.
2026-05-15 03:50:46  ---------------------------
2026-05-15 03:50:52  Default Volume : TEM_BC2_R34_EXT_new Skid: 207.
2026-05-15 03:50:54  Vol : TEM_BC2_R34_EXT_new Skid: 207 Calcul Vol : 700 Color: 53.
2026-05-15 03:50:54  ---------------------------
2026-05-15 03:51:15 --- Trajectory --- 
2026-05-15 03:51:15 Prog : TEM_bc2_int Skid: 237 Paint : 0.
2026-05-15 03:51:15 ------------------ 
2026-05-15 03:53:44 --- Trajectory --- 
2026-05-15 03:53:44 Prog : TEM_BC2_R34_EXT_new Skid: 237 Paint : 237.
2026-05-15 03:53:44 ------------------ 
2026-05-15 03:55:45 --- Trajectory --- 
2026-05-15 03:55:45 Prog : HURACAN_BC2_R34_Plastic Skid: 111 Paint : 46.
2026-05-15 03:55:45 ------------------ 
2026-05-15 04:01:59  Vol : URUS_PA2_BC2_R34_EXT_2026 Skid: 119 Calcul Vol : 557 Color: 33.
2026-05-15 04:01:59  ---------------------------
2026-05-15 04:05:38  Vol : URUS_PA2_BC2_R34_EXT_2026 Skid: 50 Calcul Vol : 421 Color: 26.
2026-05-15 04:05:38  ---------------------------
2026-05-15 04:11:33  Vol : HURACAN_BC2_R34_Plastic Skid: 46 Calcul Vol : 232 Color: 106.
2026-05-15 04:11:33  ---------------------------
2026-05-15 04:17:20 --- Trajectory --- 
2026-05-15 04:17:20 Prog : TEM_bc2_int Skid: 207 Paint : 0.
2026-05-15 04:17:20 ------------------ 
2026-05-15 04:19:49 --- Trajectory --- 
2026-05-15 04:19:49 Prog : TEM_BC2_R34_EXT_new Skid: 207 Paint : 195.
2026-05-15 04:19:49 ------------------ 
2026-05-15 04:29:01 --- Trajectory --- 
2026-05-15 04:29:01 Prog : URUS_PA2_BC2_R34_EXT_2026 Skid: 119 Paint : 526.
2026-05-15 04:29:01 ------------------ 
2026-05-15 05:40:23 --- Trajectory --- 
2026-05-15 05:40:23 Prog : HURACAN_BC2_R34_Plastic Skid: 15652 Paint : 59.
2026-05-15 05:40:23 ------------------ 
2026-05-15 06:09:12 --- Trajectory --- 
2026-05-15 06:09:12 Prog : URUS_PA2_BC2_R34_EXT_2026 Skid: 50 Paint : 386.
2026-05-15 06:09:12 ------------------ 
2026-05-15 06:12:23 --- Trajectory --- 
2026-05-15 06:12:23 Prog : HURACAN_BC2_R34_Plastic Skid: 46 Paint : 53.
2026-05-15 06:12:23 ------------------ 
2026-05-15 07:07:04  Default Volume : TEM_bc2_int Skid: 230.
2026-05-15 07:07:05  Vol : TEM_bc2_int Skid: 230 Calcul Vol : 700 Color: 106.
2026-05-15 07:07:05  ---------------------------
2026-05-15 07:07:11  Default Volume : TEM_BC2_R34_EXT_new Skid: 230.
2026-05-15 07:07:13  Vol : TEM_BC2_R34_EXT_new Skid: 230 Calcul Vol : 700 Color: 106.
2026-05-15 07:07:13  ---------------------------
2026-05-15 07:22:40  Vol : HURACAN_BC2_R34_Plastic Skid: 45 Calcul Vol : 293 Color: 113.
2026-05-15 07:22:40  ---------------------------
2026-05-15 07:26:11  Default Volume : TEM_bc2_int Skid: 237.
2026-05-15 07:26:13  Vol : TEM_bc2_int Skid: 237 Calcul Vol : 700 Color: 113.
2026-05-15 07:26:13  ---------------------------
2026-05-15 07:26:19  Default Volume : TEM_BC2_R34_EXT_new Skid: 237.
2026-05-15 07:26:20  Vol : TEM_BC2_R34_EXT_new Skid: 237 Calcul Vol : 700 Color: 113.
2026-05-15 07:26:20  ---------------------------
2026-05-15 07:29:49 --- Trajectory --- 
2026-05-15 07:29:49 Prog : TEM_bc2_int Skid: 230 Paint : 0.
2026-05-15 07:29:49 ------------------ 
2026-05-15 07:32:18 --- Trajectory --- 
2026-05-15 07:32:18 Prog : TEM_BC2_R34_EXT_new Skid: 230 Paint : 231.
2026-05-15 07:32:18 ------------------ 
2026-05-15 07:55:31  Vol : URUS_PA2_R34_Plastic Skid: 175 Calcul Vol : 82 Color: 9.
2026-05-15 07:55:31  ---------------------------
2026-05-15 07:56:01 --- Trajectory --- 
2026-05-15 07:56:01 Prog : HURACAN_BC2_R34_Plastic Skid: 45 Paint : 84.
2026-05-15 07:56:01 ------------------ 
2026-05-15 08:00:42 --- Trajectory --- 
2026-05-15 08:00:42 Prog : TEM_bc2_int Skid: 237 Paint : 0.
2026-05-15 08:00:42 ------------------ 
2026-05-15 08:03:11 --- Trajectory --- 
2026-05-15 08:03:11 Prog : TEM_BC2_R34_EXT_new Skid: 237 Paint : 318.
2026-05-15 08:03:11 ------------------ 
2026-05-15 08:10:23  Vol : URUS_PA2_R34_Plastic Skid: 101 Calcul Vol : 68 Color: 20.
2026-05-15 08:10:23  ---------------------------
2026-05-15 08:12:16 --- Trajectory --- 
2026-05-15 08:12:16 Prog : URUS_PA2_R34_Plastic Skid: 175 Paint : 165.
2026-05-15 08:12:16 ------------------ 
2026-05-15 08:23:06  Vol : URUS_PA2_R34_Plastic Skid: 180 Calcul Vol : 89 Color: 27.
2026-05-15 08:23:06  ---------------------------
2026-05-15 08:30:34  Vol : URUS_PA2_R34_Plastic Skid: 22 Calcul Vol : 130 Color: 158.
2026-05-15 08:30:34  ---------------------------
2026-05-15 08:31:57 --- Trajectory --- 
2026-05-15 08:31:57 Prog : URUS_PA2_R34_Plastic Skid: 101 Paint : 134.
2026-05-15 08:31:57 ------------------ 
2026-05-15 08:35:31  Vol : URUS_PA2_BC2_R34_EXT_2026 Skid: 51 Calcul Vol : 618 Color: 158.
2026-05-15 08:35:31  ---------------------------
2026-05-15 08:40:49 --- Trajectory --- 
2026-05-15 08:40:49 Prog : URUS_PA2_R34_Plastic Skid: 180 Paint : 154.
2026-05-15 08:40:49 ------------------ 
2026-05-15 08:56:18 --- Trajectory --- 
2026-05-15 08:56:18 Prog : URUS_PA2_R34_Plastic Skid: 22 Paint : 181.
2026-05-15 08:56:18 ------------------ 
2026-05-15 09:03:22 --- Trajectory --- 
2026-05-15 09:03:22 Prog : URUS_PA2_BC2_R34_EXT_2026 Skid: 51 Paint : 616.
2026-05-15 09:03:22 ------------------ 
2026-05-15 09:15:22  Vol : URUS_PA2_BC2_R34_EXT_2026 Skid: 99 Calcul Vol : 487 Color: 99.
2026-05-15 09:15:22  ---------------------------
2026-05-15 09:42:49 --- Trajectory --- 
2026-05-15 09:42:49 Prog : URUS_PA2_BC2_R34_EXT_2026 Skid: 99 Paint : 130.
2026-05-15 09:42:49 ------------------ 
2026-05-15 10:47:40  Vol : HURACAN_BC2_R34_Plastic Skid: 157 Calcul Vol : 150 Color: 97.
2026-05-15 10:47:40  ---------------------------
2026-05-15 10:51:43  Vol : URUS_PA2_R34_Plastic Skid: 192 Calcul Vol : 8725 Color: 102.
2026-05-15 10:51:43  ---------------------------
2026-05-15 11:07:30 --- Trajectory --- 
2026-05-15 11:07:30 Prog : HURACAN_BC2_R34_Plastic Skid: 157 Paint : 34.
2026-05-15 11:07:30 ------------------ 
2026-05-15 11:17:39 --- Trajectory --- 
2026-05-15 11:17:39 Prog : URUS_PA2_R34_Plastic Skid: 192 Paint : 282.
2026-05-15 11:17:39 ------------------ 
2026-05-15 11:18:39  Vol : URUS_PA2_BC2_R34_EXT_2026 Skid: 134 Calcul Vol : 452 Color: 9.
2026-05-15 11:18:39  ---------------------------
2026-05-15 11:42:05 --- Trajectory --- 
2026-05-15 11:42:05 Prog : URUS_PA2_BC2_R34_EXT_2026 Skid: 134 Paint : 419.
2026-05-15 11:42:05 ------------------ 
2026-05-15 11:47:16  Default Volume : TEM_bc2_int Skid: 86.
2026-05-15 11:47:17  Vol : TEM_bc2_int Skid: 86 Calcul Vol : 700 Color: 62.
2026-05-15 11:47:17  ---------------------------
2026-05-15 11:47:23  Default Volume : TEM_BC2_R34_EXT_new Skid: 86.
2026-05-15 11:47:25  Vol : TEM_BC2_R34_EXT_new Skid: 86 Calcul Vol : 700 Color: 62.
2026-05-15 11:47:25  ---------------------------
2026-05-15 12:06:29  Vol : HURACAN_BC2_R34_Plastic Skid: 194 Calcul Vol : 229 Color: 154.
2026-05-15 12:06:29  ---------------------------
2026-05-15 12:09:39  Default Volume : TEM_bc2_int Skid: 195.
2026-05-15 12:09:41  Vol : TEM_bc2_int Skid: 195 Calcul Vol : 700 Color: 154.
2026-05-15 12:09:41  ---------------------------
2026-05-15 12:09:47  Default Volume : TEM_BC2_R34_EXT_new Skid: 195.
2026-05-15 12:09:49  Vol : TEM_BC2_R34_EXT_new Skid: 195 Calcul Vol : 700 Color: 154.
2026-05-15 12:09:49  ---------------------------
2026-05-15 12:10:30 --- Trajectory --- 
2026-05-15 12:10:30 Prog : TEM_bc2_int Skid: 86 Paint : 0.
2026-05-15 12:10:30 ------------------ 
2026-05-15 12:11:19 --- Trajectory --- 
2026-05-15 12:11:19 Prog : TEM_BC2_R34_EXT_new Skid: 86 Paint : 79.
2026-05-15 12:11:19 ------------------ 
2026-05-15 12:27:17 --- Trajectory --- 
2026-05-15 12:27:17 Prog : HURACAN_BC2_R34_Plastic Skid: 194 Paint : 57.
2026-05-15 12:27:17 ------------------ 
2026-05-15 12:31:58 --- Trajectory --- 
2026-05-15 12:31:58 Prog : TEM_bc2_int Skid: 195 Paint : 0.
2026-05-15 12:31:58 ------------------ 
2026-05-15 12:34:27 --- Trajectory --- 
2026-05-15 12:34:27 Prog : TEM_BC2_R34_EXT_new Skid: 195 Paint : 206.
2026-05-15 12:34:27 ------------------ 
2026-05-18 04:09:01 --- Trajectory --- 
2026-05-18 04:09:01 Prog : TEM_BC2_R34_EXT_new Skid: 15653 Paint : 231.
2026-05-18 04:09:01 ------------------ 
2026-05-18 04:13:49 --- Trajectory --- 
2026-05-18 04:13:49 Prog : URUS_PA2_R34_Plastic Skid: 15654 Paint : 287.
2026-05-18 04:13:49 ------------------ 
2026-05-18 05:58:08  Vol : URUS_PA2_BC2_R34_EXT_2026 Skid: 37 Calcul Vol : 383 Color: 20.
2026-05-18 05:58:08  ---------------------------
2026-05-18 06:19:28  Vol : URUS_PA2_BC2_R34_EXT_2026 Skid: 105 Calcul Vol : 664 Color: 27.
2026-05-18 06:19:28  ---------------------------
2026-05-18 06:34:21 --- Trajectory --- 
2026-05-18 06:34:21 Prog : URUS_PA2_BC2_R34_EXT_2026 Skid: 37 Paint : 347.
2026-05-18 06:34:21 ------------------ 
2026-05-18 06:36:12  Vol : URUS_PA2_R34_Plastic Skid: 113 Calcul Vol : 72 Color: 105.
2026-05-18 06:36:12  ---------------------------
2026-05-18 06:43:08 --- Trajectory --- 
2026-05-18 06:43:08 Prog : URUS_PA2_BC2_R34_EXT_2026 Skid: 105 Paint : 636.
2026-05-18 06:43:08 ------------------ 
2026-05-18 07:00:20  Vol : URUS_PA2_BC2_R34_EXT_2026 Skid: 153 Calcul Vol : 527 Color: 102.
2026-05-18 07:00:20  ---------------------------
2026-05-18 07:11:26  Vol : URUS_PA2_BC2_R34_EXT_2026 Skid: 244 Calcul Vol : 494 Color: 96.
2026-05-18 07:11:26  ---------------------------
2026-05-18 07:29:22  Vol : URUS_PA2_BC2_R34_EXT_2026 Skid: 144 Calcul Vol : 20654 Color: 145.
2026-05-18 07:29:22  ---------------------------
2026-05-18 07:39:59 --- Trajectory --- 
2026-05-18 07:39:59 Prog : URUS_PA2_R34_Plastic Skid: 113 Paint : 130.
2026-05-18 07:39:59 ------------------ 
2026-05-18 09:05:26 --- Trajectory --- 
2026-05-18 09:05:26 Prog : URUS_PA2_BC2_R34_EXT_2026 Skid: 153 Paint : 495.
2026-05-18 09:05:26 ------------------ 
2026-05-18 09:10:19 --- Trajectory --- 
2026-05-18 09:10:19 Prog : URUS_PA2_BC2_R34_EXT_2026 Skid: 244 Paint : 461.
2026-05-18 09:10:19 ------------------ 
2026-05-18 09:20:04 --- Trajectory --- 
2026-05-18 09:20:04 Prog : URUS_PA2_BC2_R34_EXT_2026 Skid: 144 Paint : 216.
2026-05-18 09:20:04 ------------------ 
2026-05-18 09:41:33  Default Volume : TEM_bc2_int Skid: 24.
2026-05-18 09:41:34  Vol : TEM_bc2_int Skid: 24 Calcul Vol : 700 Color: 16.
2026-05-18 09:41:34  ---------------------------
2026-05-18 09:41:40  Default Volume : TEM_BC2_R34_EXT_new Skid: 24.
2026-05-18 09:41:42  Vol : TEM_BC2_R34_EXT_new Skid: 24 Calcul Vol : 700 Color: 16.
2026-05-18 09:41:42  ---------------------------
2026-05-18 10:12:01  Vol : URUS_PA2_R34_Plastic Skid: 240 Calcul Vol : 82 Color: 9.
2026-05-18 10:12:01  ---------------------------
2026-05-18 10:19:38  Default Volume : TEM_bc2_int Skid: 33.
2026-05-18 10:19:39  Vol : TEM_bc2_int Skid: 33 Calcul Vol : 700 Color: 97.
2026-05-18 10:19:39  ---------------------------
2026-05-18 10:19:45  Default Volume : TEM_BC2_R34_EXT_new Skid: 33.
2026-05-18 10:19:47  Vol : TEM_BC2_R34_EXT_new Skid: 33 Calcul Vol : 700 Color: 97.
2026-05-18 10:19:47  ---------------------------
2026-05-18 10:22:44 --- Trajectory --- 
2026-05-18 10:22:45 Prog : TEM_bc2_int Skid: 24 Paint : 0.
2026-05-18 10:22:45 ------------------ 
2026-05-18 10:24:53 --- Trajectory --- 
2026-05-18 10:24:53 Prog : TEM_BC2_R34_EXT_new Skid: 24 Paint : 124.
2026-05-18 10:24:53 ------------------ 
2026-05-18 10:40:37 --- Trajectory --- 
2026-05-18 10:40:37 Prog : URUS_PA2_R34_Plastic Skid: 240 Paint : 93.
2026-05-18 10:40:37 ------------------ 
2026-05-18 10:46:41 --- Trajectory --- 
2026-05-18 10:46:41 Prog : TEM_bc2_int Skid: 33 Paint : 0.
2026-05-18 10:46:41 ------------------ 
2026-05-18 10:49:10 --- Trajectory --- 
2026-05-18 10:49:10 Prog : TEM_BC2_R34_EXT_new Skid: 33 Paint : 232.
2026-05-18 10:49:10 ------------------ 
2026-05-18 11:16:43  Vol : URUS_PA2_BC2_R34_EXT_2026 Skid: 57 Calcul Vol : 512 Color: 12.
2026-05-18 11:16:43  ---------------------------
2026-05-18 11:25:37  Vol : URUS_PA2_BC2_R34_EXT_2026 Skid: 149 Calcul Vol : 487 Color: 105.
2026-05-18 11:25:37  ---------------------------
2026-05-18 11:36:19  Vol : URUS_PA2_R34_Plastic Skid: 22 Calcul Vol : 650 Color: 159.
2026-05-18 11:36:19  ---------------------------
2026-05-18 11:40:12  Vol : URUS_PA2_BC2_R34_EXT_2026 Skid: 51 Calcul Vol : 650 Color: 159.
2026-05-18 11:40:12  ---------------------------
2026-05-18 11:40:53 --- Trajectory --- 
2026-05-18 11:40:53 Prog : URUS_PA2_BC2_R34_EXT_2026 Skid: 57 Paint : 480.
2026-05-18 11:40:53 ------------------ 
2026-05-18 11:51:35 --- Trajectory --- 
2026-05-18 11:51:35 Prog : URUS_PA2_BC2_R34_EXT_2026 Skid: 149 Paint : 454.
2026-05-18 11:51:35 ------------------ 
2026-05-18 12:10:02  Vol : URUS_PA2_BC2_R34_EXT_2026 Skid: 144 Calcul Vol : 20663 Color: 146.
2026-05-18 12:10:02  ---------------------------
2026-05-18 12:19:34  Vol : URUS_PA2_R34_Plastic Skid: 180 Calcul Vol : 8725 Color: 102.
2026-05-18 12:19:34  ---------------------------
2026-05-18 12:34:30 --- Trajectory --- 
2026-05-18 12:34:30 Prog : URUS_PA2_BC2_R34_EXT_2026 Skid: 144 Paint : 216.
2026-05-18 12:34:30 ------------------ 
2026-05-18 12:42:44 --- Trajectory --- 
2026-05-18 12:42:44 Prog : URUS_PA2_R34_Plastic Skid: 180 Paint : 328.
2026-05-18 12:42:44 ------------------ 
2026-05-18 13:19:51  Vol : URUS_PA2_R34_Plastic Skid: 67 Calcul Vol : 68 Color: 20.
2026-05-18 13:19:51  ---------------------------
2026-05-18 13:25:06  Vol : URUS_PA2_R34_Plastic Skid: 2 Calcul Vol : 75 Color: 99.
2026-05-18 13:25:06  ---------------------------
2026-05-18 13:28:11  Vol : URUS_PA2_BC2_R34_EXT_2026 Skid: 232 Calcul Vol : 20054 Color: 99.
2026-05-18 13:28:11  ---------------------------
2026-05-18 13:44:55  Vol : URUS_PA2_R34_Plastic Skid: 101 Calcul Vol : 147 Color: 34.
2026-05-18 13:44:55  ---------------------------
2026-05-18 14:07:53 --- Trajectory --- 
2026-05-18 14:07:53 Prog : URUS_PA2_R34_Plastic Skid: 67 Paint : 118.
2026-05-18 14:07:53 ------------------ 
2026-05-18 14:11:13 --- Trajectory --- 
2026-05-18 14:11:13 Prog : URUS_PA2_R34_Plastic Skid: 2 Paint : 89.
2026-05-18 14:11:13 ------------------ 
2026-05-18 14:17:36  Vol : URUS_PA2_R34_Plastic Skid: 22 Calcul Vol : 104 Color: 159.
2026-05-18 14:17:36  ---------------------------
2026-05-18 14:17:42 --- Trajectory --- 
2026-05-18 14:17:42 Prog : URUS_PA2_BC2_R34_EXT_2026 Skid: 232 Paint : 412.
2026-05-18 14:17:42 ------------------ 
2026-05-18 14:21:35 --- Trajectory --- 
2026-05-18 14:21:35 Prog : URUS_PA2_R34_Plastic Skid: 101 Paint : 168.
2026-05-18 14:21:35 ------------------ 
2026-05-18 14:22:26  Vol : URUS_PA2_BC2_R34_EXT_2026 Skid: 51 Calcul Vol : 496 Color: 159.
2026-05-18 14:22:26  ---------------------------
2026-05-18 15:08:32 --- Trajectory --- 
2026-05-18 15:08:32 Prog : URUS_PA2_R34_Plastic Skid: 22 Paint : 139.
2026-05-18 15:08:32 ------------------ 
2026-05-18 15:14:25 --- Trajectory --- 
2026-05-18 15:14:25 Prog : URUS_PA2_BC2_R34_EXT_2026 Skid: 51 Paint : 465.
2026-05-18 15:14:25 ------------------ 
2026-05-18 15:23:22  Vol : URUS_PA2_BC2_R34_EXT_2026 Skid: 219 Calcul Vol : 19478 Color: 9.
2026-05-18 15:23:22  ---------------------------
2026-05-18 15:27:28  Vol : URUS_PA2_R34_Plastic Skid: 169 Calcul Vol : 130 Color: 158.
2026-05-18 15:27:28  ---------------------------
2026-05-18 15:53:36 --- Trajectory --- 
2026-05-18 15:53:36 Prog : URUS_PA2_BC2_R34_EXT_2026 Skid: 219 Paint : 384.
2026-05-18 15:53:36 ------------------ 
2026-05-18 15:56:05 --- Trajectory --- 
2026-05-18 15:56:05 Prog : URUS_PA2_R34_Plastic Skid: 169 Paint : 0.
2026-05-18 15:56:05 ------------------ 
2026-05-18 16:29:55  Vol : HURACAN_BC2_R34_Plastic Skid: 46 Calcul Vol : 154 Color: 34.
2026-05-18 16:29:55  ---------------------------
2026-05-18 16:35:43  Default Volume : TEM_bc2_int Skid: 139.
2026-05-18 16:35:45  Vol : TEM_bc2_int Skid: 139 Calcul Vol : 700 Color: 34.
2026-05-18 16:35:45  ---------------------------
2026-05-18 16:35:51  Default Volume : TEM_BC2_R34_EXT_new Skid: 139.
2026-05-18 16:35:52  Vol : TEM_BC2_R34_EXT_new Skid: 139 Calcul Vol : 700 Color: 34.
2026-05-18 16:35:52  ---------------------------
2026-05-18 16:57:27  Default Volume : TEM_bc2_int Skid: 33.
2026-05-18 16:57:29  Vol : TEM_bc2_int Skid: 33 Calcul Vol : 700 Color: 97.
2026-05-18 16:57:29  ---------------------------
2026-05-18 16:57:35  Default Volume : TEM_BC2_R34_EXT_new Skid: 33.
2026-05-18 16:57:36  Vol : TEM_BC2_R34_EXT_new Skid: 33 Calcul Vol : 700 Color: 97.
2026-05-18 16:57:36  ---------------------------
2026-05-18 17:28:35  Vol : URUS_PA2_BC2_R34_EXT_2026 Skid: 163 Calcul Vol : 382 Color: 20.
2026-05-18 17:28:35  ---------------------------
2026-05-18 17:30:26 --- Trajectory --- 
2026-05-18 17:30:26 Prog : HURACAN_BC2_R34_Plastic Skid: 46 Paint : 36.
2026-05-18 17:30:26 ------------------ 
2026-05-18 17:36:27  Vol : URUS_PA2_BC2_R34_EXT_2026 Skid: 29 Calcul Vol : 442 Color: 34.
2026-05-18 17:36:27  ---------------------------
2026-05-18 17:41:42 --- Trajectory --- 
2026-05-18 17:41:42 Prog : TEM_bc2_int Skid: 139 Paint : 0.
2026-05-18 17:41:42 ------------------ 
2026-05-18 17:44:11 --- Trajectory --- 
2026-05-18 17:44:11 Prog : TEM_BC2_R34_EXT_new Skid: 139 Paint : 140.
2026-05-18 17:44:11 ------------------ 
2026-05-18 17:54:12  Vol : URUS_PA2_BC2_R34_EXT_2026 Skid: 218 Calcul Vol : 527 Color: 102.
2026-05-18 17:54:12  ---------------------------
2026-05-18 17:57:31 --- Trajectory --- 
2026-05-18 17:57:31 Prog : TEM_bc2_int Skid: 33 Paint : 0.
2026-05-18 17:57:31 ------------------ 
2026-05-18 17:59:24 --- Trajectory --- 
2026-05-18 17:59:24 Prog : TEM_BC2_R34_EXT_new Skid: 33 Paint : 207.
2026-05-18 17:59:24 ------------------ 
2026-05-18 18:10:18 --- Trajectory --- 
2026-05-18 18:10:18 Prog : URUS_PA2_BC2_R34_EXT_2026 Skid: 163 Paint : 347.
2026-05-18 18:10:18 ------------------ 
2026-05-18 18:17:27 --- Trajectory --- 
2026-05-18 18:17:27 Prog : URUS_PA2_BC2_R34_EXT_2026 Skid: 29 Paint : 408.
2026-05-18 18:17:27 ------------------ 
2026-05-18 18:26:14 --- Trajectory --- 
2026-05-18 18:26:14 Prog : URUS_PA2_BC2_R34_EXT_2026 Skid: 218 Paint : 495.
2026-05-18 18:26:14 ------------------ 
2026-05-18 18:57:31  Vol : URUS_PA2_R34_Plastic Skid: 169 Calcul Vol : 104 Color: 159.
2026-05-18 18:57:31  ---------------------------
2026-05-18 19:05:05  Default Volume : TEM_bc2_int Skid: 12.
2026-05-18 19:05:07  Vol : TEM_bc2_int Skid: 12 Calcul Vol : 700 Color: 27.
2026-05-18 19:05:07  ---------------------------
2026-05-18 19:05:13  Default Volume : TEM_BC2_R34_EXT_new Skid: 12.
2026-05-18 19:05:14  Vol : TEM_BC2_R34_EXT_new Skid: 12 Calcul Vol : 700 Color: 27.
2026-05-18 19:05:14  ---------------------------
2026-05-18 19:16:09 --- Trajectory --- 
2026-05-18 19:16:09 Prog : URUS_PA2_R34_Plastic Skid: 169 Paint : 0.
2026-05-18 19:16:09 ------------------ 
2026-05-18 19:20:31  Vol : URUS_PA2_R34_Plastic Skid: 101 Calcul Vol : 94 Color: 35.
2026-05-18 19:20:31  ---------------------------
2026-05-18 19:29:12  Vol : URUS_PA2_BC2_R34_EXT_2026 Skid: 37 Calcul Vol : 382 Color: 20.
2026-05-18 19:29:12  ---------------------------
2026-05-18 19:29:40 --- Trajectory --- 
2026-05-18 19:29:40 Prog : TEM_bc2_int Skid: 12 Paint : 0.
2026-05-18 19:29:40 ------------------ 
2026-05-18 19:30:03 --- Trajectory --- 
2026-05-18 19:30:03 Prog : TEM_BC2_R34_EXT_new Skid: 12 Paint : 0.
2026-05-18 19:30:03 ------------------ 
2026-05-18 19:40:09  Vol : URUS_PA2_R34_Plastic Skid: 106 Calcul Vol : 108 Color: 41.
2026-05-18 19:40:09  ---------------------------
2026-05-18 19:48:59  Vol : URUS_PA2_BC2_R34_EXT_2026 Skid: 171 Calcul Vol : 23447 Color: 41.
2026-05-18 19:48:59  ---------------------------
2026-05-18 19:53:33 --- Trajectory --- 
2026-05-18 19:53:33 Prog : URUS_PA2_R34_Plastic Skid: 101 Paint : 176.
2026-05-18 19:53:33 ------------------ 
2026-05-18 20:11:23 --- Trajectory --- 
2026-05-18 20:11:23 Prog : URUS_PA2_BC2_R34_EXT_2026 Skid: 37 Paint : 347.
2026-05-18 20:11:23 ------------------ 
2026-05-18 20:14:45 --- Trajectory --- 
2026-05-18 20:14:45 Prog : URUS_PA2_R34_Plastic Skid: 106 Paint : 149.
2026-05-18 20:14:45 ------------------ 
2026-05-18 20:17:21  Vol : URUS_PA2_R34_Plastic Skid: 102 Calcul Vol : 68 Color: 20.
2026-05-18 20:17:21  ---------------------------
2026-05-18 20:21:03 --- Trajectory --- 
2026-05-18 20:21:03 Prog : URUS_PA2_BC2_R34_EXT_2026 Skid: 171 Paint : 474.
2026-05-18 20:21:03 ------------------ 
2026-05-18 20:22:14  Vol : URUS_PA2_R34_Plastic Skid: 175 Calcul Vol : 87 Color: 55.
2026-05-18 20:22:15  ---------------------------
2026-05-18 20:25:53  Vol : URUS_PA2_BC2_R34_EXT_2026 Skid: 133 Calcul Vol : 12101 Color: 55.
2026-05-18 20:25:53  ---------------------------
2026-05-18 20:49:38 --- Trajectory --- 
2026-05-18 20:49:38 Prog : URUS_PA2_R34_Plastic Skid: 102 Paint : 155.
2026-05-18 20:49:38 ------------------ 
2026-05-18 20:53:07 --- Trajectory --- 
2026-05-18 20:53:07 Prog : URUS_PA2_R34_Plastic Skid: 175 Paint : 165.
2026-05-18 20:53:07 ------------------ 
2026-05-18 20:59:07 --- Trajectory --- 
2026-05-18 20:59:07 Prog : URUS_PA2_BC2_R34_EXT_2026 Skid: 133 Paint : 352.
2026-05-18 20:59:07 ------------------ 
2026-05-18 21:08:59  Vol : URUS_PA2_R34_Plastic Skid: 186 Calcul Vol : 112 Color: 112.
2026-05-18 21:08:59  ---------------------------
2026-05-18 21:15:18  Vol : URUS_PA2_BC2_R34_EXT_2026 Skid: 103 Calcul Vol : 553 Color: 112.
2026-05-18 21:15:18  ---------------------------
2026-05-18 21:42:22 --- Trajectory --- 
2026-05-18 21:42:22 Prog : URUS_PA2_R34_Plastic Skid: 186 Paint : 174.
2026-05-18 21:42:22 ------------------ 
2026-05-18 21:49:47 --- Trajectory --- 
2026-05-18 21:49:47 Prog : URUS_PA2_BC2_R34_EXT_2026 Skid: 103 Paint : 522.
2026-05-18 21:49:47 ------------------ 
2026-05-18 21:55:13  Vol : HURACAN_BC2_R34_Plastic Skid: 46 Calcul Vol : 224 Color: 35.
2026-05-18 21:55:13  ---------------------------
2026-05-18 21:59:06  Default Volume : TEM_bc2_int Skid: 139.
2026-05-18 21:59:08  Vol : TEM_bc2_int Skid: 139 Calcul Vol : 700 Color: 35.
2026-05-18 21:59:08  ---------------------------
2026-05-18 21:59:14  Default Volume : TEM_BC2_R34_EXT_new Skid: 139.
2026-05-18 21:59:15  Vol : TEM_BC2_R34_EXT_new Skid: 139 Calcul Vol : 700 Color: 35.
2026-05-18 21:59:15  ---------------------------
2026-05-18 22:20:25 --- Trajectory --- 
2026-05-18 22:20:25 Prog : HURACAN_BC2_R34_Plastic Skid: 46 Paint : 52.
2026-05-18 22:20:25 ------------------ 
2026-05-18 22:49:01  Vol : URUS_PA2_R34_Plastic Skid: 201 Calcul Vol : 0 Color: 137.
2026-05-18 22:49:01  ---------------------------
2026-05-18 22:54:31 --- Trajectory --- 
2026-05-18 22:54:31 Prog : TEM_bc2_int Skid: 139 Paint : 0.
2026-05-18 22:54:31 ------------------ 
2026-05-18 22:56:59 --- Trajectory --- 
2026-05-18 22:56:59 Prog : TEM_BC2_R34_EXT_new Skid: 139 Paint : 184.
2026-05-18 22:56:59 ------------------ 
2026-05-18 23:03:47  Vol : URUS_PA2_BC2_R34_EXT_2026 Skid: 29 Calcul Vol : 485 Color: 35.
2026-05-18 23:03:47  ---------------------------
2026-05-18 23:15:55 --- Trajectory --- 
2026-05-18 23:15:55 Prog : URUS_PA2_R34_Plastic Skid: 201 Paint : 51.
2026-05-18 23:15:55 ------------------ 
2026-05-18 23:17:39  Vol : URUS_PA2_R34_Plastic Skid: 231 Calcul Vol : 7370 Color: 112.
2026-05-18 23:17:39  ---------------------------
2026-05-18 23:25:01  Vol : HURACAN_BC2_R34_Plastic Skid: 111 Calcul Vol : 184 Color: 20.
2026-05-18 23:25:01  ---------------------------
2026-05-18 23:28:57  Default Volume : TEM_bc2_int Skid: 152.
2026-05-18 23:28:59  Vol : TEM_bc2_int Skid: 152 Calcul Vol : 700 Color: 20.
2026-05-18 23:28:59  ---------------------------
2026-05-18 23:29:05  Default Volume : TEM_BC2_R34_EXT_new Skid: 152.
2026-05-18 23:29:07  Vol : TEM_BC2_R34_EXT_new Skid: 152 Calcul Vol : 700 Color: 20.
2026-05-18 23:29:07  ---------------------------
2026-05-18 23:37:38 --- Trajectory --- 
2026-05-18 23:37:38 Prog : URUS_PA2_BC2_R34_EXT_2026 Skid: 29 Paint : 452.
2026-05-18 23:37:38 ------------------ 
2026-05-18 23:42:03  Vol : HURACAN_BC2_R34_Plastic Skid: 157 Calcul Vol : 158 Color: 34.
2026-05-18 23:42:03  ---------------------------
2026-05-18 23:43:52 --- Trajectory --- 
2026-05-18 23:43:52 Prog : URUS_PA2_R34_Plastic Skid: 231 Paint : 360.
2026-05-18 23:43:52 ------------------ 
2026-05-18 23:47:47  Default Volume : TEM_bc2_int Skid: 148.
2026-05-18 23:47:49  Vol : TEM_bc2_int Skid: 148 Calcul Vol : 700 Color: 34.
2026-05-18 23:47:49  ---------------------------
2026-05-18 23:47:55  Default Volume : TEM_BC2_R34_EXT_new Skid: 148.
2026-05-18 23:47:57  Vol : TEM_BC2_R34_EXT_new Skid: 148 Calcul Vol : 700 Color: 34.
2026-05-18 23:47:57  ---------------------------
2026-05-18 23:50:08 --- Trajectory --- 
2026-05-18 23:50:08 Prog : HURACAN_BC2_R34_Plastic Skid: 111 Paint : 39.
2026-05-18 23:50:08 ------------------ 
2026-05-18 23:56:28 --- Trajectory --- 
2026-05-18 23:56:28 Prog : TEM_bc2_int Skid: 152 Paint : 0.
2026-05-18 23:56:28 ------------------ 
2026-05-18 23:58:57 --- Trajectory --- 
2026-05-18 23:58:57 Prog : TEM_BC2_R34_EXT_new Skid: 152 Paint : 119.
