2024-08-05 18:52:32;StartPos = [90,0.000297349,55.001,89.9994,0.00069388,0.000693105]
2024-08-05 18:52:34;Axis 1 Start
2024-08-05 18:52:34;Axis 1 Iteration 1 Move Angle = 1.5
2024-08-05 18:52:35;Axis 1 Engage Brake
2024-08-05 18:52:38;Axis 1 Delta Move = -0.199615
2024-08-05 18:52:47;Axis 1 = 0.23 degrees
2024-08-05 18:52:48;Axis 1 Iteration 2 Move Angle = -1.5
2024-08-05 18:52:48;Axis 1 Engage Brake
2024-08-05 18:52:51;Axis 1 Delta Move = -0.199615
2024-08-05 18:53:01;Axis 1 = 0.25 degrees
2024-08-05 18:53:01;Axis 1 Iteration 3 Move Angle = 1.5
2024-08-05 18:53:02;Axis 1 Engage Brake
2024-08-05 18:53:04;Axis 1 Delta Move = -0.199615
2024-08-05 18:53:14;Axis 1 = 0.23 degrees
2024-08-05 18:53:15;Axis 1 Iteration 4 Move Angle = -1.5
2024-08-05 18:53:15;Axis 1 Engage Brake
2024-08-05 18:53:18;Axis 1 Delta Move = -0.199615
2024-08-05 18:53:27;Axis 1 = 0.23 degrees
2024-08-05 18:53:28;Axis 1 Average = 0.235 degrees
2024-08-05 18:53:28;Axis 2 Start
2024-08-05 18:53:28;Axis 2 Iteration 1 Move Angle = 1.5
2024-08-05 18:53:29;Axis 2 Engage Brake
2024-08-05 18:53:31;Axis 2 Delta Move = -0.159692
2024-08-05 18:53:41;Axis 2 = 0.18 degrees
2024-08-05 18:53:42;Axis 2 Iteration 2 Move Angle = -1.5
2024-08-05 18:53:43;Axis 2 Engage Brake
2024-08-05 18:53:45;Axis 2 Delta Move = -0.159692
2024-08-05 18:53:55;Axis 2 = 0.18 degrees
2024-08-05 18:53:55;Axis 2 Iteration 3 Move Angle = 1.5
2024-08-05 18:53:56;Axis 2 Engage Brake
2024-08-05 18:53:59;Axis 2 Delta Move = -0.159692
2024-08-05 18:54:09;Axis 2 = 0.18 degrees
2024-08-05 18:54:09;Axis 2 Iteration 4 Move Angle = -1.5
2024-08-05 18:54:10;Axis 2 Engage Brake
2024-08-05 18:54:13;Axis 2 Delta Move = -0.159692
2024-08-05 18:54:22;Axis 2 = 0.17 degrees
2024-08-05 18:54:23;Axis 2 Average = 0.1775 degrees
2024-08-05 18:54:23;Axis 3 Start
2024-08-05 18:54:23;Axis 3 Iteration 1 Move Angle = 1.5
2024-08-05 18:54:24;Axis 3 Engage Brake
2024-08-05 18:54:26;Axis 3 Delta Move = 0.0601895
2024-08-05 18:54:36;Axis 3 = 0.11 degrees
2024-08-05 18:54:36;Axis 3 Iteration 2 Move Angle = -1.5
2024-08-05 18:54:37;Axis 3 Engage Brake
2024-08-05 18:54:40;Axis 3 Delta Move = 0.0601895
2024-08-05 18:54:49;Axis 3 = 0.12 degrees
2024-08-05 18:54:50;Axis 3 Iteration 3 Move Angle = 1.5
2024-08-05 18:54:51;Axis 3 Engage Brake
2024-08-05 18:54:53;Axis 3 Delta Move = 0.0601895
2024-08-05 18:55:02;Axis 3 = 0.12 degrees
2024-08-05 18:55:03;Axis 3 Iteration 4 Move Angle = -1.5
2024-08-05 18:55:04;Axis 3 Engage Brake
2024-08-05 18:55:06;Axis 3 Delta Move = 0.0601895
2024-08-05 18:55:16;Axis 3 = 0.12 degrees
2024-08-05 18:55:16;Axis 3 Average = 0.1175 degrees
2024-08-05 18:55:16;Finished.
2025-12-30 18:23:28;StartPos = [90.0005,0.000354762,55.0029,89.9987,0.00176997,0.00097425]
2025-12-30 18:23:30;Axis 1 Start
2025-12-30 18:23:30;Axis 1 Iteration 1 Move Angle = 1.5
2025-12-30 18:23:31;Axis 1 Engage Brake
2025-12-30 18:23:33;Axis 1 Delta Move = -0.199615
2025-12-30 18:23:43;Axis 1 = 0.21 degrees
2025-12-30 18:23:43;Axis 1 Iteration 2 Move Angle = -1.5
2025-12-30 18:23:44;Axis 1 Engage Brake
2025-12-30 18:23:47;Axis 1 Delta Move = -0.199615
2025-12-30 18:23:56;Axis 1 = 0.21 degrees
2025-12-30 18:23:57;Axis 1 Iteration 3 Move Angle = 1.5
2025-12-30 18:23:58;Axis 1 Engage Brake
2025-12-30 18:24:00;Axis 1 Delta Move = -0.199615
2025-12-30 18:24:10;Axis 1 = 0.21 degrees
2025-12-30 18:24:10;Axis 1 Iteration 4 Move Angle = -1.5
2025-12-30 18:24:11;Axis 1 Engage Brake
2025-12-30 18:24:14;Axis 1 Delta Move = -0.199615
2025-12-30 18:24:23;Axis 1 = 0.2 degrees
2025-12-30 18:24:24;Axis 1 Average = 0.2075 degrees
2025-12-30 18:24:24;Axis 2 Start
2025-12-30 18:24:24;Axis 2 Iteration 1 Move Angle = 1.5
2025-12-30 18:24:25;Axis 2 Engage Brake
2025-12-30 18:24:27;Axis 2 Delta Move = -0.159692
2025-12-30 18:24:37;Axis 2 = 0.15 degrees
2025-12-30 18:24:37;Axis 2 Iteration 2 Move Angle = -1.5
2025-12-30 18:24:38;Axis 2 Engage Brake
2025-12-30 18:24:41;Axis 2 Delta Move = -0.159692
2025-12-30 18:24:50;Axis 2 = 0.15 degrees
2025-12-30 18:24:51;Axis 2 Iteration 3 Move Angle = 1.5
2025-12-30 18:24:52;Axis 2 Engage Brake
2025-12-30 18:24:54;Axis 2 Delta Move = -0.159692
2025-12-30 18:25:04;Axis 2 = 0.15 degrees
2025-12-30 18:25:04;Axis 2 Iteration 4 Move Angle = -1.5
2025-12-30 18:25:05;Axis 2 Engage Brake
2025-12-30 18:25:08;Axis 2 Delta Move = -0.159692
2025-12-30 18:25:17;Axis 2 = 0.15 degrees
2025-12-30 18:25:18;Axis 2 Average = 0.15 degrees
2025-12-30 18:25:18;Axis 3 Start
2025-12-30 18:25:18;Axis 3 Iteration 1 Move Angle = 1.5
2025-12-30 18:25:28;Axis 3 Engage Brake
2025-12-30 18:25:29;Measurements aborted due to unexpected stop
2026-01-02 08:11:55;StartPos = [62.2524,24.5194,30.8399,-128.836,-62.9621,207.791]
2026-01-02 08:11:56;Axis 1 Start
2026-01-02 08:11:56;Axis 1 Iteration 1 Move Angle = 1.5
2026-01-02 08:11:57;Axis 1 Engage Brake
2026-01-02 08:12:00;Axis 1 Delta Move = -0.199615
2026-01-02 08:12:10;Axis 1 = 0.21 degrees
2026-01-02 08:12:10;Axis 1 Iteration 2 Move Angle = -1.5
2026-01-02 08:12:11;Axis 1 Engage Brake
2026-01-02 08:12:14;Axis 1 Delta Move = -0.199615
2026-01-02 08:12:23;Axis 1 = 0.21 degrees
2026-01-02 08:12:24;Axis 1 Iteration 3 Move Angle = 1.5
2026-01-02 08:12:25;Axis 1 Engage Brake
2026-01-02 08:12:27;Axis 1 Delta Move = -0.199615
2026-01-02 08:12:37;Axis 1 = 0.2 degrees
2026-01-02 08:12:38;Axis 1 Iteration 4 Move Angle = -1.5
2026-01-02 08:12:38;Axis 1 Engage Brake
2026-01-02 08:12:41;Axis 1 Delta Move = -0.199615
2026-01-02 08:12:51;Axis 1 = 0.21 degrees
2026-01-02 08:12:51;Axis 1 Average = 0.2075 degrees
2026-01-02 08:12:51;Axis 2 Start
2026-01-02 08:12:51;Axis 2 Iteration 1 Move Angle = 1.5
2026-01-02 08:12:52;Axis 2 Engage Brake
2026-01-02 08:12:55;Axis 2 Delta Move = -0.159692
2026-01-02 08:13:04;Axis 2 = 0.15 degrees
2026-01-02 08:13:05;Axis 2 Iteration 2 Move Angle = -1.5
2026-01-02 08:13:06;Axis 2 Engage Brake
2026-01-02 08:13:08;Axis 2 Delta Move = -0.159692
2026-01-02 08:13:18;Axis 2 = 0.15 degrees
2026-01-02 08:13:19;Axis 2 Iteration 3 Move Angle = 1.5
2026-01-02 08:13:20;Axis 2 Engage Brake
2026-01-02 08:13:22;Axis 2 Delta Move = -0.159692
2026-01-02 08:13:32;Axis 2 = 0.15 degrees
2026-01-02 08:13:33;Axis 2 Iteration 4 Move Angle = -1.5
2026-01-02 08:13:33;Axis 2 Engage Brake
2026-01-02 08:13:36;Axis 2 Delta Move = -0.159692
2026-01-02 08:13:46;Axis 2 = 0.15 degrees
2026-01-02 08:13:46;Axis 2 Average = 0.15 degrees
2026-01-02 08:13:46;Axis 3 Start
2026-01-02 08:13:46;Axis 3 Iteration 1 Move Angle = 1.5
2026-01-02 08:13:47;Axis 3 Engage Brake
2026-01-02 08:13:50;Axis 3 Delta Move = 0.0601895
2026-01-02 08:13:59;Axis 3 = 0.12 degrees
2026-01-02 08:14:00;Axis 3 Iteration 2 Move Angle = -1.5
2026-01-02 08:14:01;Axis 3 Engage Brake
2026-01-02 08:14:03;Axis 3 Delta Move = 0.0601895
2026-01-02 08:14:12;Axis 3 = 0.13 degrees
2026-01-02 08:14:13;Axis 3 Iteration 3 Move Angle = 1.5
2026-01-02 08:14:14;Axis 3 Engage Brake
2026-01-02 08:14:17;Axis 3 Delta Move = 0.0601895
2026-01-02 08:14:26;Axis 3 = 0.12 degrees
2026-01-02 08:14:27;Axis 3 Iteration 4 Move Angle = -1.5
2026-01-02 08:14:27;Axis 3 Engage Brake
2026-01-02 08:14:30;Axis 3 Delta Move = 0.0601895
2026-01-02 08:14:39;Axis 3 = 0.12 degrees
2026-01-02 08:14:40;Axis 3 Average = 0.1225 degrees
2026-01-02 08:14:40;Finished.
